
◆  Rendering r13-counterproof → /home/user/r13-counterproof/closing-r13.mp4
   24fps · high · 1 workers
   GPU: browser GPU (auto-detect)

[?25l│
◇  Browser: cache
[?25h[INFO] [Render] Pipeline started {"renderJobId":"4e34bd8c-4ce1-4cbc-93e3-a49ccbcfaa9c","platform":"linux","arch":"x64","nodeVersion":"v22.23.2","fps":{"num":24,"den":1},"format":"mp4","quality":"high","browserGpuMode":"auto","forceScreenshot":false,"protocolTimeout":300000,"browserTimeout":120000,"pageNavigationTimeout":60000,"playerReadyTimeout":45000}
[INFO] [Render:trace] {"renderJobId":"4e34bd8c-4ce1-4cbc-93e3-a49ccbcfaa9c","phase":"pipeline","status":"checkpoint","elapsedMs":3,"message":"started","format":"mp4","quality":"high","browserGpuMode":"auto","forceScreenshot":false,"protocolTimeoutMs":300000,"pageNavigationTimeoutMs":60000,"playerReadyTimeoutMs":45000,"requestedWorkers":1}
[INFO] [Render:trace] {"renderJobId":"4e34bd8c-4ce1-4cbc-93e3-a49ccbcfaa9c","phase":"compile","status":"start","elapsedMs":5,"needsAlpha":false}
  █░░░░░░░░░░░░░░░░░░░░░░░░  5%  Compiling composition
[INFO] [Compiler] Embedded local font file: assets/Archivo-variable.ttf (643 KB → data URI)
[INFO] [Compiler] Embedded local font file: assets/AtkinsonHyperlegibleNext-variable.ttf (112 KB → data URI)
[INFO] Compiled composition metadata {"renderJobId":"4e34bd8c-4ce1-4cbc-93e3-a49ccbcfaa9c","entryFile":"index.html","staticDuration":6,"width":720,"height":1280,"videoCount":0,"audioCount":0,"renderModeHints":{"recommendScreenshot":false,"reasons":[]}}
[INFO] [Render:trace] {"renderJobId":"4e34bd8c-4ce1-4cbc-93e3-a49ccbcfaa9c","phase":"compile","status":"end","elapsedMs":661,"durationMs":656,"needsAlpha":false}
[INFO] [Render:trace] {"renderJobId":"4e34bd8c-4ce1-4cbc-93e3-a49ccbcfaa9c","phase":"compile","status":"checkpoint","elapsedMs":662,"message":"composition metadata resolved","width":720,"height":1280,"videoCount":0,"audioCount":0,"imageCount":0,"deviceScaleFactor":1,"forceScreenshot":false,"compositionHash":"bb0af88606ee74f7"}
[INFO] [Render] Low-memory render profile active — screenshot capture, auto-worker calibration skipped. Override with --no-low-memory-mode or PRODUCER_LOW_MEMORY_MODE=false. {"renderJobId":"4e34bd8c-4ce1-4cbc-93e3-a49ccbcfaa9c","totalMemMb":7955,"thresholdMb":8192}
[INFO] [Render:trace] {"renderJobId":"4e34bd8c-4ce1-4cbc-93e3-a49ccbcfaa9c","phase":"browser_probe","status":"start","elapsedMs":663,"forceScreenshot":true,"stagePhase":"calibrating"}
[INFO] [Render:trace] {"renderJobId":"4e34bd8c-4ce1-4cbc-93e3-a49ccbcfaa9c","phase":"browser_probe","status":"end","elapsedMs":668,"durationMs":5,"forceScreenshot":true,"stagePhase":"calibrating"}
[INFO] [Render:trace] {"renderJobId":"4e34bd8c-4ce1-4cbc-93e3-a49ccbcfaa9c","phase":"browser_probe","status":"checkpoint","elapsedMs":669,"message":"duration resolved","durationSeconds":6,"totalFrames":144,"compositionHash":"bb0af88606ee74f7","beginFrameStalled":false}
[INFO] [Render:trace] {"renderJobId":"4e34bd8c-4ce1-4cbc-93e3-a49ccbcfaa9c","phase":"video_extract","status":"start","elapsedMs":670,"videoCount":0}
  ██░░░░░░░░░░░░░░░░░░░░░░░  10%  Extracting video frames
[INFO] [Render:trace] {"renderJobId":"4e34bd8c-4ce1-4cbc-93e3-a49ccbcfaa9c","phase":"video_extract","status":"end","elapsedMs":670,"durationMs":0,"videoCount":0}
[INFO] [Render:trace] {"renderJobId":"4e34bd8c-4ce1-4cbc-93e3-a49ccbcfaa9c","phase":"video_extract","status":"checkpoint","elapsedMs":672,"message":"frames resolved","videoCount":0,"extractedVideoCount":0,"totalFramesExtracted":0,"maxFramesPerVideo":0,"avgFramesPerExtractedVideo":null,"vfrPreflightCount":null,"vfrPreflightMs":null,"cacheHits":null,"cacheMisses":null,"transientRetries":null,"minVideoFrameCoverageRatio":null,"authoredTimedClipCount":1}
[INFO] [Render] No HDR sources detected — rendering SDR {"renderJobId":"4e34bd8c-4ce1-4cbc-93e3-a49ccbcfaa9c"}
[INFO] [Render:trace] {"renderJobId":"4e34bd8c-4ce1-4cbc-93e3-a49ccbcfaa9c","phase":"hdr_detection","status":"checkpoint","elapsedMs":673,"message":"resolved","requestedHdrMode":"auto","effectiveHdr":"sdr","nativeHdrVideoCount":0,"nativeHdrImageCount":0}
[INFO] [Render:trace] {"renderJobId":"4e34bd8c-4ce1-4cbc-93e3-a49ccbcfaa9c","phase":"audio_process","status":"start","elapsedMs":673,"audioCount":0}
[INFO] [Render:trace] {"renderJobId":"4e34bd8c-4ce1-4cbc-93e3-a49ccbcfaa9c","phase":"audio_process","status":"end","elapsedMs":673,"durationMs":0,"audioCount":0}
  █████░░░░░░░░░░░░░░░░░░░░  20%  Processing audio tracks
[INFO] [Render:trace] {"renderJobId":"4e34bd8c-4ce1-4cbc-93e3-a49ccbcfaa9c","phase":"file_server","status":"start","elapsedMs":673,"reused":false}
  ██████░░░░░░░░░░░░░░░░░░░  25%  Starting frame capture
[INFO] [Render:trace] {"renderJobId":"4e34bd8c-4ce1-4cbc-93e3-a49ccbcfaa9c","phase":"file_server","status":"end","elapsedMs":681,"durationMs":8}
[hyperframes] browserGpuMode probe → software (WebGL renderer vendor="Google Inc. (Mesa/X.org)" renderer="ANGLE (Mesa/X.org, llvmpipe (LLVM 15.0.6 256 bits), OpenGL ES 3.2)")
[INFO] [Render:trace] {"renderJobId":"4e34bd8c-4ce1-4cbc-93e3-a49ccbcfaa9c","phase":"capture_calibration","status":"checkpoint","elapsedMs":888,"message":"skipped","requestedWorkers":1,"totalFrames":144,"htmlInCanvasDetected":false,"lowMemoryMode":true,"deInversionEligible":false,"deParallelRouterEligible":false}
[INFO] [Render:trace] {"renderJobId":"4e34bd8c-4ce1-4cbc-93e3-a49ccbcfaa9c","phase":"worker_resolution","status":"checkpoint","elapsedMs":889,"message":"resolved","workerCount":1}
[INFO] streaming-encode gate {"renderJobId":"4e34bd8c-4ce1-4cbc-93e3-a49ccbcfaa9c","enabled":true,"configFlag":true,"outputFormat":"mp4","workerCount":1,"durationSeconds":6,"maxDurationSeconds":240}
[INFO] [Render:trace] {"renderJobId":"4e34bd8c-4ce1-4cbc-93e3-a49ccbcfaa9c","phase":"capture_strategy","status":"checkpoint","elapsedMs":890,"message":"resolved","workerCount":1,"forceScreenshot":true,"captureBeyondViewport":null,"useStreamingEncode":true,"useLayeredComposite":false,"usePageSideCompositing":false,"hasHdrContent":false,"hasShaderTransitions":false,"isPngSequence":false}
[INFO] [Render:trace] {"renderJobId":"4e34bd8c-4ce1-4cbc-93e3-a49ccbcfaa9c","phase":"capture_streaming","status":"start","elapsedMs":890,"stagePhase":"capturing","workerCount":1,"forceScreenshot":true,"totalFrames":144,"framesCompleted":0,"captureMode":"screenshot","captureOperation":"captureScreenshot"}
[BrowserManager] Browser launched (HeadlessChrome/152.0.7977.30, screenshot, gl=--use-gl=angle --use-angle=swiftshader, headlessShell=true, platform=linux)
[initSession:screenshot] page.goto start (1ms)
[HyperFrames] render runtime fps [object Object]
[initSession:screenshot] page.goto complete (128ms)
[initSession:screenshot] GSAP proxy flush complete (141ms)
[initSession:screenshot] pollHfReady complete (142ms)
[initSession:screenshot] pollSubCompositionTimelines complete (ready) (145ms)
[initSession:screenshot] applyVideoMetadataHints complete (145ms)
[initSession:screenshot] media + fonts + tailwind ready (148ms)
[initSession:screenshot] static-frame dedup: 105/105 predicted frame(s) reusable (outcome=verified, runs=1/1, screenshots=25, seeks=26, elapsedMs=1255) (1671ms)
  ██████░░░░░░░░░░░░░░░░░░░  25%  Streaming frame 1/144
  ██████░░░░░░░░░░░░░░░░░░░  26%  Streaming frame 2/144
  ██████░░░░░░░░░░░░░░░░░░░  26%  Streaming frame 3/144
  ██████░░░░░░░░░░░░░░░░░░░  27%  Streaming frame 4/144
  ██████░░░░░░░░░░░░░░░░░░░  27%  Streaming frame 5/144
  ██████░░░░░░░░░░░░░░░░░░░  27%  Streaming frame 6/144
  ███████░░░░░░░░░░░░░░░░░░  28%  Streaming frame 7/144
  ███████░░░░░░░░░░░░░░░░░░  28%  Streaming frame 8/144
  ███████░░░░░░░░░░░░░░░░░░  28%  Streaming frame 9/144
  ███████░░░░░░░░░░░░░░░░░░  29%  Streaming frame 10/144
  ███████░░░░░░░░░░░░░░░░░░  29%  Streaming frame 11/144
  ███████░░░░░░░░░░░░░░░░░░  30%  Streaming frame 12/144
  ███████░░░░░░░░░░░░░░░░░░  30%  Streaming frame 13/144
  ███████░░░░░░░░░░░░░░░░░░  30%  Streaming frame 14/144
  ███████░░░░░░░░░░░░░░░░░░  31%  Streaming frame 15/144
  ███████░░░░░░░░░░░░░░░░░░  31%  Streaming frame 16/144
  ███████░░░░░░░░░░░░░░░░░░  31%  Streaming frame 17/144
  ████████░░░░░░░░░░░░░░░░░  32%  Streaming frame 18/144
  ████████░░░░░░░░░░░░░░░░░  32%  Streaming frame 19/144
  ████████░░░░░░░░░░░░░░░░░  33%  Streaming frame 20/144
  ████████░░░░░░░░░░░░░░░░░  33%  Streaming frame 21/144
  ████████░░░░░░░░░░░░░░░░░  33%  Streaming frame 22/144
  ████████░░░░░░░░░░░░░░░░░  34%  Streaming frame 23/144
  ████████░░░░░░░░░░░░░░░░░  34%  Streaming frame 24/144
  ████████░░░░░░░░░░░░░░░░░  35%  Streaming frame 25/144
  ████████░░░░░░░░░░░░░░░░░  35%  Streaming frame 26/144
  ████████░░░░░░░░░░░░░░░░░  35%  Streaming frame 27/144
  █████████░░░░░░░░░░░░░░░░  36%  Streaming frame 28/144
  █████████░░░░░░░░░░░░░░░░  36%  Streaming frame 29/144
  █████████░░░░░░░░░░░░░░░░  36%  Streaming frame 30/144
  █████████░░░░░░░░░░░░░░░░  37%  Streaming frame 31/144
  █████████░░░░░░░░░░░░░░░░  37%  Streaming frame 32/144
  █████████░░░░░░░░░░░░░░░░  38%  Streaming frame 33/144
  █████████░░░░░░░░░░░░░░░░  38%  Streaming frame 34/144
  █████████░░░░░░░░░░░░░░░░  38%  Streaming frame 35/144
  █████████░░░░░░░░░░░░░░░░  39%  Streaming frame 36/144
  █████████░░░░░░░░░░░░░░░░  39%  Streaming frame 37/144
  ██████████░░░░░░░░░░░░░░░  40%  Streaming frame 38/144
  ██████████░░░░░░░░░░░░░░░  40%  Streaming frame 39/144
  ██████████░░░░░░░░░░░░░░░  40%  Streaming frame 40/144
  ██████████░░░░░░░░░░░░░░░  41%  Streaming frame 41/144
  ██████████░░░░░░░░░░░░░░░  41%  Streaming frame 42/144
  ██████████░░░░░░░░░░░░░░░  41%  Streaming frame 43/144
  ██████████░░░░░░░░░░░░░░░  42%  Streaming frame 44/144
  ██████████░░░░░░░░░░░░░░░  42%  Streaming frame 45/144
  ██████████░░░░░░░░░░░░░░░  43%  Streaming frame 46/144
  ██████████░░░░░░░░░░░░░░░  43%  Streaming frame 47/144
  ██████████░░░░░░░░░░░░░░░  43%  Streaming frame 48/144
  ███████████░░░░░░░░░░░░░░  44%  Streaming frame 49/144
  ███████████░░░░░░░░░░░░░░  44%  Streaming frame 50/144
  ███████████░░░░░░░░░░░░░░  44%  Streaming frame 51/144
  ███████████░░░░░░░░░░░░░░  45%  Streaming frame 52/144
  ███████████░░░░░░░░░░░░░░  45%  Streaming frame 53/144
  ███████████░░░░░░░░░░░░░░  46%  Streaming frame 54/144
  ███████████░░░░░░░░░░░░░░  46%  Streaming frame 55/144
  ███████████░░░░░░░░░░░░░░  46%  Streaming frame 56/144
  ███████████░░░░░░░░░░░░░░  47%  Streaming frame 57/144
  ███████████░░░░░░░░░░░░░░  47%  Streaming frame 58/144
  ████████████░░░░░░░░░░░░░  48%  Streaming frame 59/144
  ████████████░░░░░░░░░░░░░  48%  Streaming frame 60/144
  ████████████░░░░░░░░░░░░░  48%  Streaming frame 61/144
  ████████████░░░░░░░░░░░░░  49%  Streaming frame 62/144
  ████████████░░░░░░░░░░░░░  49%  Streaming frame 63/144
  ████████████░░░░░░░░░░░░░  49%  Streaming frame 64/144
  ████████████░░░░░░░░░░░░░  50%  Streaming frame 65/144
  ████████████░░░░░░░░░░░░░  50%  Streaming frame 66/144
  ████████████░░░░░░░░░░░░░  51%  Streaming frame 67/144
  ████████████░░░░░░░░░░░░░  51%  Streaming frame 68/144
  ████████████░░░░░░░░░░░░░  51%  Streaming frame 69/144
  █████████████░░░░░░░░░░░░  52%  Streaming frame 70/144
  █████████████░░░░░░░░░░░░  52%  Streaming frame 71/144
  █████████████░░░░░░░░░░░░  53%  Streaming frame 72/144
  █████████████░░░░░░░░░░░░  53%  Streaming frame 73/144
  █████████████░░░░░░░░░░░░  53%  Streaming frame 74/144
  █████████████░░░░░░░░░░░░  54%  Streaming frame 75/144
  █████████████░░░░░░░░░░░░  54%  Streaming frame 76/144
  █████████████░░░░░░░░░░░░  54%  Streaming frame 77/144
  █████████████░░░░░░░░░░░░  55%  Streaming frame 78/144
  █████████████░░░░░░░░░░░░  55%  Streaming frame 79/144
  ██████████████░░░░░░░░░░░  56%  Streaming frame 80/144
  ██████████████░░░░░░░░░░░  56%  Streaming frame 81/144
  ██████████████░░░░░░░░░░░  56%  Streaming frame 82/144
  ██████████████░░░░░░░░░░░  57%  Streaming frame 83/144
  ██████████████░░░░░░░░░░░  57%  Streaming frame 84/144
  ██████████████░░░░░░░░░░░  57%  Streaming frame 85/144
  ██████████████░░░░░░░░░░░  58%  Streaming frame 86/144
  ██████████████░░░░░░░░░░░  58%  Streaming frame 87/144
  ██████████████░░░░░░░░░░░  59%  Streaming frame 88/144
  ██████████████░░░░░░░░░░░  59%  Streaming frame 89/144
  ██████████████░░░░░░░░░░░  59%  Streaming frame 90/144
  ███████████████░░░░░░░░░░  60%  Streaming frame 91/144
  ███████████████░░░░░░░░░░  60%  Streaming frame 92/144
  ███████████████░░░░░░░░░░  61%  Streaming frame 93/144
  ███████████████░░░░░░░░░░  61%  Streaming frame 94/144
  ███████████████░░░░░░░░░░  61%  Streaming frame 95/144
  ███████████████░░░░░░░░░░  62%  Streaming frame 96/144
  ███████████████░░░░░░░░░░  62%  Streaming frame 97/144
  ███████████████░░░░░░░░░░  62%  Streaming frame 98/144
  ███████████████░░░░░░░░░░  63%  Streaming frame 99/144
  ███████████████░░░░░░░░░░  63%  Streaming frame 100/144
  ████████████████░░░░░░░░░  64%  Streaming frame 101/144
  ████████████████░░░░░░░░░  64%  Streaming frame 102/144
  ████████████████░░░░░░░░░  64%  Streaming frame 103/144
  ████████████████░░░░░░░░░  65%  Streaming frame 104/144
  ████████████████░░░░░░░░░  65%  Streaming frame 105/144
  ████████████████░░░░░░░░░  65%  Streaming frame 106/144
  ████████████████░░░░░░░░░  66%  Streaming frame 107/144
  ████████████████░░░░░░░░░  66%  Streaming frame 108/144
  ████████████████░░░░░░░░░  67%  Streaming frame 109/144
  ████████████████░░░░░░░░░  67%  Streaming frame 110/144
  ████████████████░░░░░░░░░  67%  Streaming frame 111/144
  █████████████████░░░░░░░░  68%  Streaming frame 112/144
  █████████████████░░░░░░░░  68%  Streaming frame 113/144
  █████████████████░░░░░░░░  69%  Streaming frame 114/144
  █████████████████░░░░░░░░  69%  Streaming frame 115/144
  █████████████████░░░░░░░░  69%  Streaming frame 116/144
  █████████████████░░░░░░░░  70%  Streaming frame 117/144
  █████████████████░░░░░░░░  70%  Streaming frame 118/144
  █████████████████░░░░░░░░  70%  Streaming frame 119/144
  █████████████████░░░░░░░░  71%  Streaming frame 120/144
  █████████████████░░░░░░░░  71%  Streaming frame 121/144
  ██████████████████░░░░░░░  72%  Streaming frame 122/144
  ██████████████████░░░░░░░  72%  Streaming frame 123/144
  ██████████████████░░░░░░░  72%  Streaming frame 124/144
  ██████████████████░░░░░░░  73%  Streaming frame 125/144
  ██████████████████░░░░░░░  73%  Streaming frame 126/144
  ██████████████████░░░░░░░  74%  Streaming frame 127/144
  ██████████████████░░░░░░░  74%  Streaming frame 128/144
  ██████████████████░░░░░░░  74%  Streaming frame 129/144
  ██████████████████░░░░░░░  75%  Streaming frame 130/144
  ██████████████████░░░░░░░  75%  Streaming frame 131/144
  ██████████████████░░░░░░░  75%  Streaming frame 132/144
  ███████████████████░░░░░░  76%  Streaming frame 133/144
  ███████████████████░░░░░░  76%  Streaming frame 134/144
  ███████████████████░░░░░░  77%  Streaming frame 135/144
  ███████████████████░░░░░░  77%  Streaming frame 136/144
  ███████████████████░░░░░░  77%  Streaming frame 137/144
  ███████████████████░░░░░░  78%  Streaming frame 138/144
  ███████████████████░░░░░░  78%  Streaming frame 139/144
  ███████████████████░░░░░░  78%  Streaming frame 140/144
  ███████████████████░░░░░░  79%  Streaming frame 141/144
  ███████████████████░░░░░░  79%  Streaming frame 142/144
  ████████████████████░░░░░  80%  Streaming frame 143/144
[static-dedup] reused 105/144 frame(s) (73%), est. ~5145ms saved (avg 49ms/frame)
  ████████████████████░░░░░  80%  Streaming frame 144/144
[INFO] [Render:trace] {"renderJobId":"4e34bd8c-4ce1-4cbc-93e3-a49ccbcfaa9c","phase":"capture_streaming","status":"end","elapsedMs":5529,"durationMs":4639,"stagePhase":"capturing","workerCount":1,"forceScreenshot":true,"totalFrames":144,"framesCompleted":144,"captureMode":"screenshot","captureOperation":"encode"}
[INFO] [Render:trace] {"renderJobId":"4e34bd8c-4ce1-4cbc-93e3-a49ccbcfaa9c","phase":"assemble","status":"start","elapsedMs":5530,"stagePhase":"capturing","hasAudio":false,"workerCount":1,"forceScreenshot":true,"totalFrames":144,"framesCompleted":144,"captureMode":"screenshot","captureOperation":"encode"}
  ██████████████████████░░░  90%  Assembling final video
[INFO] [Render:trace] {"renderJobId":"4e34bd8c-4ce1-4cbc-93e3-a49ccbcfaa9c","phase":"assemble","status":"end","elapsedMs":5612,"durationMs":82,"stagePhase":"capturing","hasAudio":false,"workerCount":1,"forceScreenshot":true,"totalFrames":144,"framesCompleted":144,"captureMode":"screenshot","captureOperation":"encode"}
[INFO] [Render:trace] {"renderJobId":"4e34bd8c-4ce1-4cbc-93e3-a49ccbcfaa9c","phase":"pipeline","status":"checkpoint","elapsedMs":5686,"message":"artifact validated","totalElapsedMs":5685}
  █████████████████████████  100%  Render complete

◇  /home/user/r13-counterproof/closing-r13.mp4
   196.1 KB · 6.0s video · rendered in 5.7s
