
◆  Rendering r53-s10-evidence → /Users/brownmanbrain/GitHub/operator-economy/blueprint-cinema/experiments/EP007-NET-NEW-UNFINISHED-ANSWER-003/hyperframes/reviews/r53-s10-evidence/qa/r53-s10-evidence.mp4
   24fps · high · auto workers (10 cores detected)
   GPU: browser GPU (auto-detect)

[?25l│
◇  Browser: cache
[?25h[INFO] [Render] Pipeline started {"renderJobId":"011c009e-305c-48f3-ad47-bac6f040a021","platform":"darwin","arch":"arm64","nodeVersion":"v25.6.1","fps":{"num":24,"den":1},"format":"mp4","quality":"high","browserGpuMode":"auto","forceScreenshot":false,"protocolTimeout":300000,"browserTimeout":120000,"pageNavigationTimeout":60000,"playerReadyTimeout":45000}
[INFO] [Render:trace] {"renderJobId":"011c009e-305c-48f3-ad47-bac6f040a021","phase":"pipeline","status":"checkpoint","elapsedMs":1,"message":"started","format":"mp4","quality":"high","browserGpuMode":"auto","forceScreenshot":false,"protocolTimeoutMs":300000,"pageNavigationTimeoutMs":60000,"playerReadyTimeoutMs":45000,"requestedWorkers":"auto"}
[INFO] [Render:trace] {"renderJobId":"011c009e-305c-48f3-ad47-bac6f040a021","phase":"compile","status":"start","elapsedMs":2,"needsAlpha":false}
  █░░░░░░░░░░░░░░░░░░░░░░░░  5%  Compiling composition
[INFO] [Compiler] Embedded local font file: public/fonts/boska-700.woff2 (30 KB → data URI)
[INFO] [Compiler] Embedded local font file: public/fonts/supreme-400.woff2 (18 KB → data URI)
[INFO] [Compiler] Embedded local font file: public/fonts/supreme-500.woff2 (18 KB → data URI)
[INFO] Compiled composition metadata {"renderJobId":"011c009e-305c-48f3-ad47-bac6f040a021","entryFile":"index.html","staticDuration":22.75,"width":1280,"height":720,"videoCount":0,"audioCount":1,"renderModeHints":{"recommendScreenshot":false,"reasons":[]}}
[INFO] [Render:trace] {"renderJobId":"011c009e-305c-48f3-ad47-bac6f040a021","phase":"compile","status":"end","elapsedMs":60,"durationMs":58,"needsAlpha":false}
[INFO] [Render:trace] {"renderJobId":"011c009e-305c-48f3-ad47-bac6f040a021","phase":"compile","status":"checkpoint","elapsedMs":60,"message":"composition metadata resolved","width":1280,"height":720,"videoCount":0,"audioCount":1,"imageCount":0,"deviceScaleFactor":1,"forceScreenshot":false,"compositionHash":"875c74cee7a7ed08"}
[INFO] [Render:trace] {"renderJobId":"011c009e-305c-48f3-ad47-bac6f040a021","phase":"browser_probe","status":"start","elapsedMs":60,"forceScreenshot":false,"stagePhase":"calibrating"}
[INFO] [Render:trace] {"renderJobId":"011c009e-305c-48f3-ad47-bac6f040a021","phase":"browser_probe","status":"end","elapsedMs":62,"durationMs":2,"forceScreenshot":false,"stagePhase":"calibrating"}
[INFO] [Render:trace] {"renderJobId":"011c009e-305c-48f3-ad47-bac6f040a021","phase":"browser_probe","status":"checkpoint","elapsedMs":62,"message":"duration resolved","durationSeconds":22.75,"totalFrames":546,"compositionHash":"875c74cee7a7ed08","beginFrameStalled":false}
[INFO] [Render:trace] {"renderJobId":"011c009e-305c-48f3-ad47-bac6f040a021","phase":"video_extract","status":"start","elapsedMs":62,"videoCount":0}
  ██░░░░░░░░░░░░░░░░░░░░░░░  10%  Extracting video frames
[INFO] [Render:trace] {"renderJobId":"011c009e-305c-48f3-ad47-bac6f040a021","phase":"video_extract","status":"end","elapsedMs":63,"durationMs":0,"videoCount":0}
[INFO] [Render:trace] {"renderJobId":"011c009e-305c-48f3-ad47-bac6f040a021","phase":"video_extract","status":"checkpoint","elapsedMs":63,"message":"frames resolved","videoCount":0,"extractedVideoCount":0,"totalFramesExtracted":0,"maxFramesPerVideo":0,"avgFramesPerExtractedVideo":null,"vfrPreflightCount":null,"vfrPreflightMs":null,"cacheHits":null,"cacheMisses":null,"transientRetries":null,"minVideoFrameCoverageRatio":null,"authoredTimedClipCount":2}
[INFO] [Render] No HDR sources detected — rendering SDR {"renderJobId":"011c009e-305c-48f3-ad47-bac6f040a021"}
[INFO] [Render:trace] {"renderJobId":"011c009e-305c-48f3-ad47-bac6f040a021","phase":"hdr_detection","status":"checkpoint","elapsedMs":63,"message":"resolved","requestedHdrMode":"auto","effectiveHdr":"sdr","nativeHdrVideoCount":0,"nativeHdrImageCount":0}
[INFO] [Render:trace] {"renderJobId":"011c009e-305c-48f3-ad47-bac6f040a021","phase":"audio_process","status":"start","elapsedMs":63,"audioCount":1}
  █████░░░░░░░░░░░░░░░░░░░░  20%  Processing audio tracks
[INFO] [Render:trace] {"renderJobId":"011c009e-305c-48f3-ad47-bac6f040a021","phase":"audio_process","status":"end","elapsedMs":690,"durationMs":627,"audioCount":1}
[INFO] [Render:trace] {"renderJobId":"011c009e-305c-48f3-ad47-bac6f040a021","phase":"file_server","status":"start","elapsedMs":690,"reused":false}
  ██████░░░░░░░░░░░░░░░░░░░  25%  Starting frame capture
[INFO] [Render:trace] {"renderJobId":"011c009e-305c-48f3-ad47-bac6f040a021","phase":"file_server","status":"end","elapsedMs":697,"durationMs":7}
[hyperframes] browserGpuMode probe → hardware (WebGL renderer vendor="Google Inc. (Apple)" renderer="ANGLE (Apple, ANGLE Metal Renderer: Apple M4, Unspecified Version)")
[INFO] [Render:trace] {"renderJobId":"011c009e-305c-48f3-ad47-bac6f040a021","phase":"capture_calibration","status":"start","elapsedMs":929,"stagePhase":"calibrating","forceScreenshot":false,"totalFrames":546,"framesCompleted":0,"captureMode":"drawelement","captureOperation":"drawElement"}
[INFO] [Render] Calibration config {"renderJobId":"011c009e-305c-48f3-ad47-bac6f040a021","protocolTimeout":30000,"parentProtocolTimeout":300000,"forceScreenshot":false,"totalFrames":546}
[INFO] Launching browser for capture calibration... {"renderJobId":"011c009e-305c-48f3-ad47-bac6f040a021"}
[BrowserManager] Browser launched (HeadlessChrome/152.0.7977.30, screenshot, gl=--use-gl=angle --use-angle=metal, headlessShell=true, platform=darwin)
[INFO] Initializing calibration session... {"renderJobId":"011c009e-305c-48f3-ad47-bac6f040a021"}
[initSession:screenshot] page.goto start (0ms)
[HyperFrames] render runtime fps [object Object]
[initSession:screenshot] page.goto complete (123ms)
[initSession:screenshot] GSAP proxy flush complete (127ms)
[initSession:screenshot] pollHfReady complete (127ms)
[initSession:screenshot] pollSubCompositionTimelines complete (ready) (128ms)
[initSession:screenshot] applyVideoMetadataHints complete (128ms)
[initSession:screenshot] media + fonts + tailwind ready (130ms)
[initSession:screenshot] timeline at-risk predictor: 0/546 frames (0%) (169ms)
[initSession:screenshot] static-frame dedup: 427/427 predicted frame(s) reusable (outcome=verified, runs=11/11, screenshots=35, seeks=36, elapsedMs=1419) (1816ms)
[initSession:screenshot] drawElement self-verify armed: 4 ground-truth frame(s) @ [137, 273, 410, 519] of 546 (2190ms)
[initSession:drawelement] drawElement canvas injected (2193ms)
[initSession:drawelement] screenshot fallback: 5 clip-boundary frame(s) (2193ms)
[initSession:drawelement] drawElement worker encode initialized (2198ms)
[INFO] Calibration session ready, capturing test frames... {"renderJobId":"011c009e-305c-48f3-ad47-bac6f040a021"}
[INFO] Calibration: capturing test frame 1/5... {"renderJobId":"011c009e-305c-48f3-ad47-bac6f040a021"}
[INFO] Calibration: capturing test frame 2/5... {"renderJobId":"011c009e-305c-48f3-ad47-bac6f040a021"}
[INFO] Calibration: capturing test frame 3/5... {"renderJobId":"011c009e-305c-48f3-ad47-bac6f040a021"}
[INFO] Calibration: capturing test frame 4/5... {"renderJobId":"011c009e-305c-48f3-ad47-bac6f040a021"}
[INFO] Calibration: capturing test frame 5/5... {"renderJobId":"011c009e-305c-48f3-ad47-bac6f040a021"}
[INFO] Calibration complete, estimated cost: 27ms/frame (p95) {"renderJobId":"011c009e-305c-48f3-ad47-bac6f040a021"}
[INFO] [Render:trace] {"renderJobId":"011c009e-305c-48f3-ad47-bac6f040a021","phase":"capture_calibration","status":"end","elapsedMs":3423,"durationMs":2494,"stagePhase":"calibrating","forceScreenshot":false,"totalFrames":546,"framesCompleted":0,"captureMode":"drawelement","captureOperation":"drawElement"}
[INFO] [Render:trace] {"renderJobId":"011c009e-305c-48f3-ad47-bac6f040a021","phase":"capture_calibration","status":"checkpoint","elapsedMs":3425,"message":"resolved","forceScreenshot":false,"multiplier":1,"p95Ms":27}
[INFO] [Render:trace] {"renderJobId":"011c009e-305c-48f3-ad47-bac6f040a021","phase":"worker_resolution","status":"checkpoint","elapsedMs":3426,"message":"resolved","workerCount":4}
[INFO] [Render] Fast capture: default-on drawElement disabled for this render — parallel capture has no runtime self-verification. Set PRODUCER_EXPERIMENTAL_FAST_CAPTURE=true to override. {"renderJobId":"011c009e-305c-48f3-ad47-bac6f040a021"}
[INFO] streaming-encode gate {"renderJobId":"011c009e-305c-48f3-ad47-bac6f040a021","enabled":false,"configFlag":true,"outputFormat":"mp4","workerCount":4,"durationSeconds":22.75,"maxDurationSeconds":240}
[INFO] [Render:trace] {"renderJobId":"011c009e-305c-48f3-ad47-bac6f040a021","phase":"capture_strategy","status":"checkpoint","elapsedMs":3427,"message":"resolved","workerCount":4,"forceScreenshot":false,"captureBeyondViewport":null,"useStreamingEncode":false,"useLayeredComposite":false,"usePageSideCompositing":false,"hasHdrContent":false,"hasShaderTransitions":false,"isPngSequence":false}
[INFO] [Render:trace] {"renderJobId":"011c009e-305c-48f3-ad47-bac6f040a021","phase":"capture_disk","status":"start","elapsedMs":3427,"stagePhase":"capturing","needsAlpha":false,"workerCount":4,"forceScreenshot":false,"totalFrames":546,"framesCompleted":0,"captureMode":"beginframe","captureOperation":"beginFrame"}
  ██████░░░░░░░░░░░░░░░░░░░  25%  Capturing frame 0/546 (4 workers)
  ██████░░░░░░░░░░░░░░░░░░░  25%  Capturing frame 0/546 (4 workers)
  ██████░░░░░░░░░░░░░░░░░░░  25%  Capturing frame 0/546 (4 workers)
  ██████░░░░░░░░░░░░░░░░░░░  25%  Capturing frame 0/546 (4 workers)
[BrowserManager] Browser launched (HeadlessChrome/152.0.7977.30, screenshot, gl=--use-gl=angle --use-angle=metal, headlessShell=true, platform=darwin)
  ██████░░░░░░░░░░░░░░░░░░░  25%  Capturing frame 0/546 (4 workers)
[initSession:screenshot] page.goto start (0ms)
  ██████░░░░░░░░░░░░░░░░░░░  25%  Capturing frame 0/546 (4 workers)
  ██████░░░░░░░░░░░░░░░░░░░  25%  Capturing frame 0/546 (4 workers)
[initSession:screenshot] page.goto start (0ms)
  ██████░░░░░░░░░░░░░░░░░░░  25%  Capturing frame 0/546 (4 workers)
  ██████░░░░░░░░░░░░░░░░░░░  25%  Capturing frame 0/546 (4 workers)
[initSession:screenshot] page.goto start (1ms)
  ██████░░░░░░░░░░░░░░░░░░░  25%  Capturing frame 0/546 (4 workers)
  ██████░░░░░░░░░░░░░░░░░░░  25%  Capturing frame 0/546 (4 workers)
[initSession:screenshot] page.goto start (0ms)
  ██████░░░░░░░░░░░░░░░░░░░  25%  Capturing frame 0/546 (4 workers)
[HyperFrames] render runtime fps [object Object]
[HyperFrames] render runtime fps [object Object]
[HyperFrames] render runtime fps [object Object]
[initSession:screenshot] page.goto complete (161ms)
[initSession:screenshot] page.goto complete (171ms)
[initSession:screenshot] page.goto complete (186ms)
[HyperFrames] render runtime fps [object Object]
[initSession:screenshot] page.goto complete (205ms)
[initSession:screenshot] GSAP proxy flush complete (209ms)
[initSession:screenshot] GSAP proxy flush complete (215ms)
[initSession:screenshot] GSAP proxy flush complete (216ms)
[initSession:screenshot] GSAP proxy flush complete (209ms)
[initSession:screenshot] pollHfReady complete (212ms)
[initSession:screenshot] pollHfReady complete (218ms)
[initSession:screenshot] pollHfReady complete (218ms)
[initSession:screenshot] pollHfReady complete (209ms)
[initSession:screenshot] pollSubCompositionTimelines complete (ready) (213ms)
[initSession:screenshot] applyVideoMetadataHints complete (213ms)
[initSession:screenshot] pollSubCompositionTimelines complete (ready) (220ms)
[initSession:screenshot] applyVideoMetadataHints complete (220ms)
[initSession:screenshot] pollSubCompositionTimelines complete (ready) (220ms)
[initSession:screenshot] applyVideoMetadataHints complete (220ms)
[initSession:screenshot] pollSubCompositionTimelines complete (ready) (211ms)
[initSession:screenshot] applyVideoMetadataHints complete (211ms)
[initSession:screenshot] media + fonts + tailwind ready (216ms)
[initSession:screenshot] media + fonts + tailwind ready (222ms)
[initSession:screenshot] media + fonts + tailwind ready (222ms)
[initSession:screenshot] media + fonts + tailwind ready (214ms)
[initSession:screenshot] static-frame dedup: 427/427 predicted frame(s) reusable (outcome=verified, runs=11/11, screenshots=35, seeks=36, elapsedMs=1478) (1892ms)
[initSession:screenshot] static-frame dedup: 427/427 predicted frame(s) reusable (outcome=verified, runs=11/11, screenshots=35, seeks=36, elapsedMs=1479) (1906ms)
  ██████░░░░░░░░░░░░░░░░░░░  25%  Capturing frame 0/546 (4 workers)
  ██████░░░░░░░░░░░░░░░░░░░  25%  Capturing frame 0/546 (4 workers)
[initSession:screenshot] static-frame dedup: 427/427 predicted frame(s) reusable (outcome=verified, runs=11/11, screenshots=35, seeks=36, elapsedMs=1501) (1923ms)
  ██████░░░░░░░░░░░░░░░░░░░  25%  Capturing frame 0/546 (4 workers)
  ██████░░░░░░░░░░░░░░░░░░░  27%  Capturing frame 30/546 (4 workers)
  ███████░░░░░░░░░░░░░░░░░░  30%  Capturing frame 60/546 (4 workers)
  ████████░░░░░░░░░░░░░░░░░  32%  Capturing frame 90/546 (4 workers)
  ████████░░░░░░░░░░░░░░░░░  35%  Capturing frame 120/546 (4 workers)
  █████████░░░░░░░░░░░░░░░░  37%  Capturing frame 150/546 (4 workers)
  ██████████░░░░░░░░░░░░░░░  40%  Capturing frame 180/546 (4 workers)
[initSession:screenshot] static-frame dedup: 427/427 predicted frame(s) reusable (outcome=verified, runs=11/11, screenshots=35, seeks=36, elapsedMs=1451) (2003ms)
[static-dedup] reused 133/135 frame(s) (99%), est. ~5453ms saved (avg 41ms/frame)
  ██████████░░░░░░░░░░░░░░░  42%  Capturing frame 210/546 (4 workers)
  ███████████░░░░░░░░░░░░░░  45%  Capturing frame 240/546 (4 workers)
  ███████████░░░░░░░░░░░░░░  47%  Capturing frame 270/546 (4 workers)
  ████████████░░░░░░░░░░░░░  50%  Capturing frame 300/546 (4 workers)
  █████████████░░░░░░░░░░░░  52%  Capturing frame 330/546 (4 workers)
  █████████████░░░░░░░░░░░░  55%  Capturing frame 360/546 (4 workers)
  ██████████████░░░░░░░░░░░  57%  Capturing frame 390/546 (4 workers)
  ███████████████░░░░░░░░░░  60%  Capturing frame 420/546 (4 workers)
[static-dedup] reused 104/137 frame(s) (76%), est. ~4264ms saved (avg 41ms/frame)
  ███████████████░░░░░░░░░░  62%  Capturing frame 450/546 (4 workers)
  ████████████████░░░░░░░░░  65%  Capturing frame 480/546 (4 workers)
  ████████████████░░░░░░░░░  67%  Capturing frame 510/546 (4 workers)
[static-dedup] reused 101/137 frame(s) (74%), est. ~4141ms saved (avg 41ms/frame)
  █████████████████░░░░░░░░  70%  Capturing frame 540/546 (4 workers)
  █████████████████░░░░░░░░  70%  Capturing frame 546/546 (4 workers)
[static-dedup] reused 87/137 frame(s) (64%), est. ~3654ms saved (avg 42ms/frame)
[INFO] [Render:trace] {"renderJobId":"011c009e-305c-48f3-ad47-bac6f040a021","phase":"capture_disk","status":"end","elapsedMs":7729,"durationMs":4302,"stagePhase":"capturing","needsAlpha":false,"workerCount":4,"forceScreenshot":false,"totalFrames":546,"framesCompleted":546,"captureMode":"beginframe","captureOperation":"encode"}
[INFO] [Render:trace] {"renderJobId":"011c009e-305c-48f3-ad47-bac6f040a021","phase":"encode","status":"start","elapsedMs":7729,"stagePhase":"capturing","hasAudio":true,"isPngSequence":false,"isGif":false,"chunkedEncode":false,"workerCount":4,"forceScreenshot":false,"totalFrames":546,"framesCompleted":546,"captureMode":"beginframe","captureOperation":"encode"}
  ██████████████████░░░░░░░  75%  Encoding video
[INFO] [Render:trace] {"renderJobId":"011c009e-305c-48f3-ad47-bac6f040a021","phase":"encode","status":"end","elapsedMs":8536,"durationMs":807,"stagePhase":"capturing","hasAudio":true,"isPngSequence":false,"isGif":false,"chunkedEncode":false,"workerCount":4,"forceScreenshot":false,"totalFrames":546,"framesCompleted":546,"captureMode":"beginframe","captureOperation":"encode"}
[INFO] [Render:trace] {"renderJobId":"011c009e-305c-48f3-ad47-bac6f040a021","phase":"assemble","status":"start","elapsedMs":8536,"stagePhase":"capturing","hasAudio":true,"workerCount":4,"forceScreenshot":false,"totalFrames":546,"framesCompleted":546,"captureMode":"beginframe","captureOperation":"encode"}
  ██████████████████████░░░  90%  Assembling final video
[INFO] [Render:trace] {"renderJobId":"011c009e-305c-48f3-ad47-bac6f040a021","phase":"assemble","status":"end","elapsedMs":9094,"durationMs":558,"stagePhase":"capturing","hasAudio":true,"workerCount":4,"forceScreenshot":false,"totalFrames":546,"framesCompleted":546,"captureMode":"beginframe","captureOperation":"encode"}
[INFO] [Render:trace] {"renderJobId":"011c009e-305c-48f3-ad47-bac6f040a021","phase":"pipeline","status":"checkpoint","elapsedMs":9116,"message":"artifact validated","totalElapsedMs":9113}
  █████████████████████████  100%  Render complete

◇  /Users/brownmanbrain/GitHub/operator-economy/blueprint-cinema/experiments/EP007-NET-NEW-UNFINISHED-ANSWER-003/hyperframes/reviews/r53-s10-evidence/qa/r53-s10-evidence.mp4
   995.3 KB · 22.8s video · rendered in 9.1s
