
◆  Rendering r12-counterproof → /home/user/r12-counterproof/closing.mp4
   24fps · high · 1 workers
   GPU: browser GPU (auto-detect)

[?25l│
◇  Browser: cache
[?25h[INFO] [Render] Pipeline started {"renderJobId":"ca54ba5f-3872-4f38-8a6b-7a65ee9ebe2e","platform":"linux","arch":"x64","nodeVersion":"v22.23.2","fps":{"num":24,"den":1},"format":"mp4","quality":"high","browserGpuMode":"auto","forceScreenshot":false,"protocolTimeout":300000,"browserTimeout":120000,"pageNavigationTimeout":60000,"playerReadyTimeout":45000}
[INFO] [Render:trace] {"renderJobId":"ca54ba5f-3872-4f38-8a6b-7a65ee9ebe2e","phase":"pipeline","status":"checkpoint","elapsedMs":3,"message":"started","format":"mp4","quality":"high","browserGpuMode":"auto","forceScreenshot":false,"protocolTimeoutMs":300000,"pageNavigationTimeoutMs":60000,"playerReadyTimeoutMs":45000,"requestedWorkers":1}
[INFO] [Render:trace] {"renderJobId":"ca54ba5f-3872-4f38-8a6b-7a65ee9ebe2e","phase":"compile","status":"start","elapsedMs":5,"needsAlpha":false}
  █░░░░░░░░░░░░░░░░░░░░░░░░  5%  Compiling composition
[INFO] [Compiler] Embedded local font file: assets/Archivo-variable.ttf (643 KB → data URI)
[INFO] Compiled composition metadata {"renderJobId":"ca54ba5f-3872-4f38-8a6b-7a65ee9ebe2e","entryFile":"index.html","staticDuration":3.5,"width":720,"height":1280,"videoCount":0,"audioCount":0,"renderModeHints":{"recommendScreenshot":false,"reasons":[]}}
[INFO] [Render:trace] {"renderJobId":"ca54ba5f-3872-4f38-8a6b-7a65ee9ebe2e","phase":"compile","status":"end","elapsedMs":2729,"durationMs":2724,"needsAlpha":false}
[INFO] [Render:trace] {"renderJobId":"ca54ba5f-3872-4f38-8a6b-7a65ee9ebe2e","phase":"compile","status":"checkpoint","elapsedMs":2730,"message":"composition metadata resolved","width":720,"height":1280,"videoCount":0,"audioCount":0,"imageCount":0,"deviceScaleFactor":1,"forceScreenshot":false,"compositionHash":"e9832a5543172fdf"}
[INFO] [Render] Low-memory render profile active — screenshot capture, auto-worker calibration skipped. Override with --no-low-memory-mode or PRODUCER_LOW_MEMORY_MODE=false. {"renderJobId":"ca54ba5f-3872-4f38-8a6b-7a65ee9ebe2e","totalMemMb":7955,"thresholdMb":8192}
[INFO] [Render:trace] {"renderJobId":"ca54ba5f-3872-4f38-8a6b-7a65ee9ebe2e","phase":"browser_probe","status":"start","elapsedMs":2730,"forceScreenshot":true,"stagePhase":"calibrating"}
[INFO] [Render:trace] {"renderJobId":"ca54ba5f-3872-4f38-8a6b-7a65ee9ebe2e","phase":"browser_probe","status":"end","elapsedMs":2735,"durationMs":5,"forceScreenshot":true,"stagePhase":"calibrating"}
[INFO] [Render:trace] {"renderJobId":"ca54ba5f-3872-4f38-8a6b-7a65ee9ebe2e","phase":"browser_probe","status":"checkpoint","elapsedMs":2736,"message":"duration resolved","durationSeconds":3.5,"totalFrames":84,"compositionHash":"e9832a5543172fdf","beginFrameStalled":false}
[INFO] [Render:trace] {"renderJobId":"ca54ba5f-3872-4f38-8a6b-7a65ee9ebe2e","phase":"video_extract","status":"start","elapsedMs":2736,"videoCount":0}
  ██░░░░░░░░░░░░░░░░░░░░░░░  10%  Extracting video frames
[INFO] [Render:trace] {"renderJobId":"ca54ba5f-3872-4f38-8a6b-7a65ee9ebe2e","phase":"video_extract","status":"end","elapsedMs":2737,"durationMs":1,"videoCount":0}
[INFO] [Render:trace] {"renderJobId":"ca54ba5f-3872-4f38-8a6b-7a65ee9ebe2e","phase":"video_extract","status":"checkpoint","elapsedMs":2738,"message":"frames resolved","videoCount":0,"extractedVideoCount":0,"totalFramesExtracted":0,"maxFramesPerVideo":0,"avgFramesPerExtractedVideo":null,"vfrPreflightCount":null,"vfrPreflightMs":null,"cacheHits":null,"cacheMisses":null,"transientRetries":null,"minVideoFrameCoverageRatio":null,"authoredTimedClipCount":1}
[INFO] [Render] No HDR sources detected — rendering SDR {"renderJobId":"ca54ba5f-3872-4f38-8a6b-7a65ee9ebe2e"}
[INFO] [Render:trace] {"renderJobId":"ca54ba5f-3872-4f38-8a6b-7a65ee9ebe2e","phase":"hdr_detection","status":"checkpoint","elapsedMs":2739,"message":"resolved","requestedHdrMode":"auto","effectiveHdr":"sdr","nativeHdrVideoCount":0,"nativeHdrImageCount":0}
[INFO] [Render:trace] {"renderJobId":"ca54ba5f-3872-4f38-8a6b-7a65ee9ebe2e","phase":"audio_process","status":"start","elapsedMs":2739,"audioCount":0}
[INFO] [Render:trace] {"renderJobId":"ca54ba5f-3872-4f38-8a6b-7a65ee9ebe2e","phase":"audio_process","status":"end","elapsedMs":2739,"durationMs":0,"audioCount":0}
  █████░░░░░░░░░░░░░░░░░░░░  20%  Processing audio tracks
[INFO] [Render:trace] {"renderJobId":"ca54ba5f-3872-4f38-8a6b-7a65ee9ebe2e","phase":"file_server","status":"start","elapsedMs":2739,"reused":false}
  ██████░░░░░░░░░░░░░░░░░░░  25%  Starting frame capture
[INFO] [Render:trace] {"renderJobId":"ca54ba5f-3872-4f38-8a6b-7a65ee9ebe2e","phase":"file_server","status":"end","elapsedMs":2746,"durationMs":7}
[hyperframes] browserGpuMode probe → software (WebGL renderer vendor="Google Inc. (Mesa/X.org)" renderer="ANGLE (Mesa/X.org, llvmpipe (LLVM 15.0.6 256 bits), OpenGL ES 3.2)")
[INFO] [Render:trace] {"renderJobId":"ca54ba5f-3872-4f38-8a6b-7a65ee9ebe2e","phase":"capture_calibration","status":"checkpoint","elapsedMs":2960,"message":"skipped","requestedWorkers":1,"totalFrames":84,"htmlInCanvasDetected":false,"lowMemoryMode":true,"deInversionEligible":false,"deParallelRouterEligible":false}
[INFO] [Render:trace] {"renderJobId":"ca54ba5f-3872-4f38-8a6b-7a65ee9ebe2e","phase":"worker_resolution","status":"checkpoint","elapsedMs":2962,"message":"resolved","workerCount":1}
[INFO] streaming-encode gate {"renderJobId":"ca54ba5f-3872-4f38-8a6b-7a65ee9ebe2e","enabled":true,"configFlag":true,"outputFormat":"mp4","workerCount":1,"durationSeconds":3.5,"maxDurationSeconds":240}
[INFO] [Render:trace] {"renderJobId":"ca54ba5f-3872-4f38-8a6b-7a65ee9ebe2e","phase":"capture_strategy","status":"checkpoint","elapsedMs":2963,"message":"resolved","workerCount":1,"forceScreenshot":true,"captureBeyondViewport":null,"useStreamingEncode":true,"useLayeredComposite":false,"usePageSideCompositing":false,"hasHdrContent":false,"hasShaderTransitions":false,"isPngSequence":false}
[INFO] [Render:trace] {"renderJobId":"ca54ba5f-3872-4f38-8a6b-7a65ee9ebe2e","phase":"capture_streaming","status":"start","elapsedMs":2963,"stagePhase":"capturing","workerCount":1,"forceScreenshot":true,"totalFrames":84,"framesCompleted":0,"captureMode":"screenshot","captureOperation":"captureScreenshot"}
[BrowserManager] Browser launched (HeadlessChrome/152.0.7977.30, screenshot, gl=--use-gl=angle --use-angle=swiftshader, headlessShell=true, platform=linux)
[initSession:screenshot] page.goto start (0ms)
[HyperFrames] render runtime fps [object Object]
[initSession:screenshot] page.goto complete (117ms)
[initSession:screenshot] GSAP proxy flush complete (130ms)
[initSession:screenshot] pollHfReady complete (132ms)
[initSession:screenshot] pollSubCompositionTimelines complete (ready) (134ms)
[initSession:screenshot] applyVideoMetadataHints complete (134ms)
[initSession:screenshot] media + fonts + tailwind ready (137ms)
[initSession:screenshot] static-frame dedup: 53/53 predicted frame(s) reusable (outcome=verified, runs=1/1, screenshots=25, seeks=26, elapsedMs=1083) (1472ms)
  ██████░░░░░░░░░░░░░░░░░░░  26%  Streaming frame 1/84
  ██████░░░░░░░░░░░░░░░░░░░  26%  Streaming frame 2/84
  ██████░░░░░░░░░░░░░░░░░░░  27%  Streaming frame 3/84
  ███████░░░░░░░░░░░░░░░░░░  28%  Streaming frame 4/84
  ███████░░░░░░░░░░░░░░░░░░  28%  Streaming frame 5/84
  ███████░░░░░░░░░░░░░░░░░░  29%  Streaming frame 6/84
  ███████░░░░░░░░░░░░░░░░░░  30%  Streaming frame 7/84
  ███████░░░░░░░░░░░░░░░░░░  30%  Streaming frame 8/84
  ███████░░░░░░░░░░░░░░░░░░  31%  Streaming frame 9/84
  ████████░░░░░░░░░░░░░░░░░  32%  Streaming frame 10/84
  ████████░░░░░░░░░░░░░░░░░  32%  Streaming frame 11/84
  ████████░░░░░░░░░░░░░░░░░  33%  Streaming frame 12/84
  ████████░░░░░░░░░░░░░░░░░  34%  Streaming frame 13/84
  ████████░░░░░░░░░░░░░░░░░  34%  Streaming frame 14/84
  ████████░░░░░░░░░░░░░░░░░  35%  Streaming frame 15/84
  ████████░░░░░░░░░░░░░░░░░  35%  Streaming frame 16/84
  █████████░░░░░░░░░░░░░░░░  36%  Streaming frame 17/84
  █████████░░░░░░░░░░░░░░░░  37%  Streaming frame 18/84
  █████████░░░░░░░░░░░░░░░░  37%  Streaming frame 19/84
  █████████░░░░░░░░░░░░░░░░  38%  Streaming frame 20/84
  █████████░░░░░░░░░░░░░░░░  39%  Streaming frame 21/84
  █████████░░░░░░░░░░░░░░░░  39%  Streaming frame 22/84
  ██████████░░░░░░░░░░░░░░░  40%  Streaming frame 23/84
  ██████████░░░░░░░░░░░░░░░  41%  Streaming frame 24/84
  ██████████░░░░░░░░░░░░░░░  41%  Streaming frame 25/84
  ██████████░░░░░░░░░░░░░░░  42%  Streaming frame 26/84
  ██████████░░░░░░░░░░░░░░░  43%  Streaming frame 27/84
  ██████████░░░░░░░░░░░░░░░  43%  Streaming frame 28/84
  ███████████░░░░░░░░░░░░░░  44%  Streaming frame 29/84
  ███████████░░░░░░░░░░░░░░  45%  Streaming frame 30/84
  ███████████░░░░░░░░░░░░░░  45%  Streaming frame 31/84
  ███████████░░░░░░░░░░░░░░  46%  Streaming frame 32/84
  ███████████░░░░░░░░░░░░░░  47%  Streaming frame 33/84
  ███████████░░░░░░░░░░░░░░  47%  Streaming frame 34/84
  ████████████░░░░░░░░░░░░░  48%  Streaming frame 35/84
  ████████████░░░░░░░░░░░░░  49%  Streaming frame 36/84
  ████████████░░░░░░░░░░░░░  49%  Streaming frame 37/84
  ████████████░░░░░░░░░░░░░  50%  Streaming frame 38/84
  ████████████░░░░░░░░░░░░░  51%  Streaming frame 39/84
  ████████████░░░░░░░░░░░░░  51%  Streaming frame 40/84
  █████████████░░░░░░░░░░░░  52%  Streaming frame 41/84
  █████████████░░░░░░░░░░░░  53%  Streaming frame 42/84
  █████████████░░░░░░░░░░░░  53%  Streaming frame 43/84
  █████████████░░░░░░░░░░░░  54%  Streaming frame 44/84
  █████████████░░░░░░░░░░░░  54%  Streaming frame 45/84
  █████████████░░░░░░░░░░░░  55%  Streaming frame 46/84
  ██████████████░░░░░░░░░░░  56%  Streaming frame 47/84
  ██████████████░░░░░░░░░░░  56%  Streaming frame 48/84
  ██████████████░░░░░░░░░░░  57%  Streaming frame 49/84
  ██████████████░░░░░░░░░░░  58%  Streaming frame 50/84
  ██████████████░░░░░░░░░░░  58%  Streaming frame 51/84
  ██████████████░░░░░░░░░░░  59%  Streaming frame 52/84
  ███████████████░░░░░░░░░░  60%  Streaming frame 53/84
  ███████████████░░░░░░░░░░  60%  Streaming frame 54/84
  ███████████████░░░░░░░░░░  61%  Streaming frame 55/84
  ███████████████░░░░░░░░░░  62%  Streaming frame 56/84
  ███████████████░░░░░░░░░░  62%  Streaming frame 57/84
  ███████████████░░░░░░░░░░  63%  Streaming frame 58/84
  ████████████████░░░░░░░░░  64%  Streaming frame 59/84
  ████████████████░░░░░░░░░  64%  Streaming frame 60/84
  ████████████████░░░░░░░░░  65%  Streaming frame 61/84
  ████████████████░░░░░░░░░  66%  Streaming frame 62/84
  ████████████████░░░░░░░░░  66%  Streaming frame 63/84
  ████████████████░░░░░░░░░  67%  Streaming frame 64/84
  █████████████████░░░░░░░░  68%  Streaming frame 65/84
  █████████████████░░░░░░░░  68%  Streaming frame 66/84
  █████████████████░░░░░░░░  69%  Streaming frame 67/84
  █████████████████░░░░░░░░  70%  Streaming frame 68/84
  █████████████████░░░░░░░░  70%  Streaming frame 69/84
  █████████████████░░░░░░░░  71%  Streaming frame 70/84
  █████████████████░░░░░░░░  71%  Streaming frame 71/84
  ██████████████████░░░░░░░  72%  Streaming frame 72/84
  ██████████████████░░░░░░░  73%  Streaming frame 73/84
  ██████████████████░░░░░░░  73%  Streaming frame 74/84
  ██████████████████░░░░░░░  74%  Streaming frame 75/84
  ██████████████████░░░░░░░  75%  Streaming frame 76/84
  ██████████████████░░░░░░░  75%  Streaming frame 77/84
  ███████████████████░░░░░░  76%  Streaming frame 78/84
  ███████████████████░░░░░░  77%  Streaming frame 79/84
  ███████████████████░░░░░░  77%  Streaming frame 80/84
  ███████████████████░░░░░░  78%  Streaming frame 81/84
  ███████████████████░░░░░░  79%  Streaming frame 82/84
  ███████████████████░░░░░░  79%  Streaming frame 83/84
[static-dedup] reused 53/84 frame(s) (63%), est. ~2544ms saved (avg 48ms/frame)
  ████████████████████░░░░░  80%  Streaming frame 84/84
[INFO] [Render:trace] {"renderJobId":"ca54ba5f-3872-4f38-8a6b-7a65ee9ebe2e","phase":"capture_streaming","status":"end","elapsedMs":6592,"durationMs":3628,"stagePhase":"capturing","workerCount":1,"forceScreenshot":true,"totalFrames":84,"framesCompleted":84,"captureMode":"screenshot","captureOperation":"encode"}
[INFO] [Render:trace] {"renderJobId":"ca54ba5f-3872-4f38-8a6b-7a65ee9ebe2e","phase":"assemble","status":"start","elapsedMs":6593,"stagePhase":"capturing","hasAudio":false,"workerCount":1,"forceScreenshot":true,"totalFrames":84,"framesCompleted":84,"captureMode":"screenshot","captureOperation":"encode"}
  ██████████████████████░░░  90%  Assembling final video
[INFO] [Render:trace] {"renderJobId":"ca54ba5f-3872-4f38-8a6b-7a65ee9ebe2e","phase":"assemble","status":"end","elapsedMs":6680,"durationMs":87,"stagePhase":"capturing","hasAudio":false,"workerCount":1,"forceScreenshot":true,"totalFrames":84,"framesCompleted":84,"captureMode":"screenshot","captureOperation":"encode"}
[INFO] [Render:trace] {"renderJobId":"ca54ba5f-3872-4f38-8a6b-7a65ee9ebe2e","phase":"pipeline","status":"checkpoint","elapsedMs":6753,"message":"artifact validated","totalElapsedMs":6752}
  █████████████████████████  100%  Render complete

◇  /home/user/r12-counterproof/closing.mp4
   134.2 KB · 3.5s video · rendered in 6.8s
