{
 "timing": {
  "plan_total_frames": 29607,
  "encoded_video_frames": 29607,
  "frames_match_plan": true,
  "picture_seconds": 1233.625,
  "master_seconds": 1233.602,
  "picture_minus_master_seconds": 0.023,
  "within_one_frame": true,
  "segments_contiguous": true,
  "segment_count": 75
 }
}
uniform runs [{'output_frames_inclusive': [1427, 1431], 'count': 5, 'timecode': '0:59.458', 'segment': 'seg010', 'lane': 'sting', 'segment_local_frames_inclusive': [0, 4], 'mean_luma': 38.0, 'source_path': 'blueprint-cinema/experiments/EP009-FULL-BUILD-001/scenes/seg010__seg011/qa/seg010__seg011.mp4', 'source_frames_inclusive': [0, 4]}, {'output_frames_inclusive': [1704, 1704], 'count': 1, 'timecode': '1:11.000', 'segment': 'seg011', 'lane': 'sting', 'segment_local_frames_inclusive': [187, 187], 'mean_luma': 235.67, 'source_path': 'blueprint-cinema/experiments/EP009-FULL-BUILD-001/scenes/seg010__seg011/qa/seg010__seg011.mp4', 'source_frames_inclusive': [277, 277]}, {'output_frames_inclusive': [5671, 5777], 'count': 107, 'timecode': '3:56.292', 'segment': 'seg022', 'lane': 'evidence', 'segment_local_frames_inclusive': [0, 106], 'mean_luma': 235.43, 'source_path': 'blueprint-cinema/experiments/EP009-FULL-BUILD-001/scenes/seg022__seg024/qa/seg022__seg024.mp4', 'source_frames_inclusive': [0, 106]}, {'output_frames_inclusive': [8961, 8969], 'count': 9, 'timecode': '6:13.375', 'segment': 'seg029', 'lane': 'evidence', 'segment_local_frames_inclusive': [0, 8], 'mean_luma': 235.0, 'source_path': 'blueprint-cinema/experiments/EP009-FULL-BUILD-001/scenes/seg029__seg034/qa/seg029__seg034.mp4', 'source_frames_inclusive': [0, 8]}, {'output_frames_inclusive': [11521, 11543], 'count': 23, 'timecode': '8:00.042', 'segment': 'seg036', 'lane': 'model', 'segment_local_frames_inclusive': [0, 22], 'mean_luma': 235.67, 'source_path': 'blueprint-cinema/experiments/EP009-FULL-BUILD-001/scenes/seg036__seg039/qa/seg036__seg039.mp4', 'source_frames_inclusive': [0, 22]}, {'output_frames_inclusive': [15597, 15599], 'count': 3, 'timecode': '10:49.875', 'segment': 'seg043', 'lane': 'model', 'segment_local_frames_inclusive': [21, 23], 'mean_luma': 235.27, 'source_path': 'blueprint-cinema/experiments/EP009-FULL-BUILD-001/scenes/seg040__seg043/qa/seg040__seg043.mp4', 'source_frames_inclusive': [1440, 1442]}, {'output_frames_inclusive': [15601, 15604], 'count': 4, 'timecode': '10:50.042', 'segment': 'seg043', 'lane': 'model', 'segment_local_frames_inclusive': [25, 28], 'mean_luma': 235.28, 'source_path': 'blueprint-cinema/experiments/EP009-FULL-BUILD-001/scenes/seg040__seg043/qa/seg040__seg043.mp4', 'source_frames_inclusive': [1444, 1447]}, {'output_frames_inclusive': [15606, 15606], 'count': 1, 'timecode': '10:50.250', 'segment': 'seg043', 'lane': 'model', 'segment_local_frames_inclusive': [30, 30], 'mean_luma': 235.26, 'source_path': 'blueprint-cinema/experiments/EP009-FULL-BUILD-001/scenes/seg040__seg043/qa/seg040__seg043.mp4', 'source_frames_inclusive': [1449, 1449]}, {'output_frames_inclusive': [15609, 15609], 'count': 1, 'timecode': '10:50.375', 'segment': 'seg043', 'lane': 'model', 'segment_local_frames_inclusive': [33, 33], 'mean_luma': 235.3, 'source_path': 'blueprint-cinema/experiments/EP009-FULL-BUILD-001/scenes/seg040__seg043/qa/seg040__seg043.mp4', 'source_frames_inclusive': [1452, 1452]}, {'output_frames_inclusive': [16570, 16572], 'count': 3, 'timecode': '11:30.417', 'segment': 'seg045', 'lane': 'model', 'segment_local_frames_inclusive': [23, 25], 'mean_luma': 235.21, 'source_path': 'blueprint-cinema/experiments/EP009-FULL-BUILD-001/scenes/seg045__seg048/qa/seg045__seg048.mp4', 'source_frames_inclusive': [23, 25]}, {'output_frames_inclusive': [25563, 25565], 'count': 3, 'timecode': '17:45.125', 'segment': 'seg063', 'lane': 'model', 'segment_local_frames_inclusive': [19, 21], 'mean_luma': 235.36, 'source_path': 'blueprint-cinema/experiments/EP009-FULL-BUILD-001/scenes/seg063__seg065/qa/s19.mp4', 'source_frames_inclusive': [19, 21]}]
flagged seams [
 {
  "boundary": "09-seg009-seg010",
  "output_frame": 1427,
  "timecode": "0:59.458",
  "outgoing": "seg009",
  "incoming": "seg010",
  "lanes": [
   "presenter",
   "sting"
  ],
  "kind": "lane cut",
  "diff_mean_abs_rgb_255": 99.71,
  "pct_pixels_over_20": 87.92,
  "incoming_std_frame0": 0.01,
  "incoming_std_frame12": 22.72,
  "incoming_frame0_vs_frame12_diff": 2.88,
  "png_a": "assembly/qa/seams/09-seg009-seg010-a.png",
  "png_b": "assembly/qa/seams/09-seg009-seg010-b.png",
  "flags": [
   "incoming frame uniform (blank)"
  ]
 },
 {
  "boundary": "21-seg021-seg022",
  "output_frame": 5671,
  "timecode": "3:56.292",
  "outgoing": "seg021",
  "incoming": "seg022",
  "lanes": [
   "presenter",
   "evidence"
  ],
  "kind": "lane cut",
  "diff_mean_abs_rgb_255": 104.13,
  "pct_pixels_over_20": 87.13,
  "incoming_std_frame0": 4.27,
  "incoming_std_frame12": 4.27,
  "incoming_frame0_vs_frame12_diff": 0.0,
  "png_a": "assembly/qa/seams/21-seg021-seg022-a.png",
  "png_b": "assembly/qa/seams/21-seg021-seg022-b.png",
  "flags": [
   "incoming frame uniform (blank)"
  ]
 },
 {
  "boundary": "28-seg028-seg029",
  "output_frame": 8961,
  "timecode": "6:13.375",
  "outgoing": "seg028",
  "incoming": "seg029",
  "lanes": [
   "presenter",
   "evidence"
  ],
  "kind": "lane cut",
  "diff_mean_abs_rgb_255": 103.0,
  "pct_pixels_over_20": 86.88,
  "incoming_std_frame0": 9.37,
  "incoming_std_frame12": 16.72,
  "incoming_frame0_vs_frame12_diff": 1.31,
  "png_a": "assembly/qa/seams/28-seg028-seg029-a.png",
  "png_b": "assembly/qa/seams/28-seg028-seg029-b.png",
  "flags": [
   "incoming frame uniform (blank)"
  ]
 },
 {
  "boundary": "35-seg035-seg036",
  "output_frame": 11521,
  "timecode": "8:00.042",
  "outgoing": "seg035",
  "incoming": "seg036",
  "lanes": [
   "presenter",
   "model"
  ],
  "kind": "lane cut",
  "diff_mean_abs_rgb_255": 102.72,
  "pct_pixels_over_20": 86.84,
  "incoming_std_frame0": 0.0,
  "incoming_std_frame12": 0.0,
  "incoming_frame0_vs_frame12_diff": 0.0,
  "png_a": "assembly/qa/seams/35-seg035-seg036-a.png",
  "png_b": "assembly/qa/seams/35-seg035-seg036-b.png",
  "flags": [
   "incoming frame uniform (blank)"
  ]
 },
 {
  "boundary": "72-seg072-seg073",
  "output_frame": 28906,
  "timecode": "20:04.417",
  "outgoing": "seg072",
  "incoming": "seg073",
  "lanes": [
   "presenter",
   "presenter"
  ],
  "kind": "planned continuous (crop change)",
  "diff_mean_abs_rgb_255": 58.83,
  "pct_pixels_over_20": 74.73,
  "incoming_std_frame0": 52.03,
  "incoming_std_frame12": 51.88,
  "incoming_frame0_vs_frame12_diff": 3.34,
  "png_a": "assembly/qa/seams/72-seg072-seg073-a.png",
  "png_b": "assembly/qa/seams/72-seg072-seg073-b.png",
  "flags": [
   "planned continuous boundary differs by more than 20/255"
  ]
 },
 {
  "boundary": "74-seg074-seg075",
  "output_frame": 29421,
  "timecode": "20:25.875",
  "outgoing": "seg074",
  "incoming": "seg075",
  "lanes": [
   "presenter",
   "presenter"
  ],
  "kind": "planned continuous (crop change)",
  "diff_mean_abs_rgb_255": 59.52,
  "pct_pixels_over_20": 75.69,
  "incoming_std_frame0": 65.83,
  "incoming_std_frame12": 65.8,
  "incoming_frame0_vs_frame12_diff": 0.93,
  "png_a": "assembly/qa/seams/74-seg074-seg075-a.png",
  "png_b": "assembly/qa/seams/74-seg074-seg075-b.png",
  "flags": [
   "planned continuous boundary differs by more than 20/255"
  ]
 }
]
audio {
 "full_length": {
  "corr_L": 0.999988,
  "corr_R": 0.999988,
  "rms_L_minus_master_db": -0.006,
  "rms_R_minus_master_db": -0.006,
  "L_minus_R_max_abs": 0.001253463327884674
 },
 "min_window_corr": 0.999985,
 "max_abs_window_rms_diff_db": 0.008,
 "tail_after_master": {
  "samples": 1928,
  "max_abs": 3.332287779045373e-09
 },
 "program_samples": 59214848,
 "expected_program_samples": 59214000
}
loud {'method': 'ffmpeg ebur128 peak=true', 'program': {'integrated_lufs': -19.5, 'loudness_range_lu': 3.7, 'true_peak_dbtp': -5.6}, 'master_mono_reference': {'integrated_lufs': -22.5, 'loudness_range_lu': 3.7, 'true_peak_dbtp': -5.6}, 'note': 'Recorded only; no normalization applied. Mono master measures about 3 LU lower than its unity stereo upmix under BS.1770 channel summing.'}
