
◆  Rendering seg010__seg011 → /Users/brownmanbrain/GitHub/operator-economy/blueprint-cinema/experiments/EP009-FULL-BUILD-001/scenes/seg010__seg011/qa/seg010__seg011.mp4
   24fps · high · auto workers (10 cores detected)
   GPU: browser GPU (auto-detect)

[?25l│
◇  Browser: cache
[?25h  █░░░░░░░░░░░░░░░░░░░░░░░░  5%  Compiling composition
  ██░░░░░░░░░░░░░░░░░░░░░░░  10%  Extracting video frames
  █████░░░░░░░░░░░░░░░░░░░░  20%  Processing audio tracks
  ██████░░░░░░░░░░░░░░░░░░░  25%  Starting frame capture
[BrowserManager] Browser launched (HeadlessChrome/152.0.7977.30, screenshot, gl=--use-gl=angle --use-angle=metal, headlessShell=true, platform=darwin)
[initSession:screenshot] page.goto start (0ms)
[HyperFrames] render runtime fps [object Object]
[initSession:screenshot] page.goto complete (99ms)
[initSession:screenshot] GSAP proxy flush complete (130ms)
[initSession:screenshot] pollHfReady complete (131ms)
[initSession:screenshot] pollSubCompositionTimelines complete (ready) (132ms)
[initSession:screenshot] applyVideoMetadataHints complete (132ms)
[initSession:screenshot] media + fonts + tailwind ready (133ms)
[initSession:screenshot] timeline at-risk predictor: 0/338 frames (0%) (161ms)
[initSession:screenshot] static-frame dedup: disabled (verification mismatch at predicted-static frame 291) (1211ms)
[initSession:screenshot] drawElement self-verify armed: 4 ground-truth frame(s) @ [85, 169, 254, 321] of 338 (1575ms)
[initSession:drawelement] drawElement canvas injected (1578ms)
[initSession:drawelement] screenshot fallback: 8 clip-boundary frame(s) (1579ms)
[initSession:drawelement] drawElement worker encode initialized (1584ms)
[BrowserManager] Browser launched (HeadlessChrome/152.0.7977.30, screenshot, gl=--use-gl=angle --use-angle=metal, headlessShell=true, platform=darwin)
[initSession:screenshot] page.goto start (0ms)
[HyperFrames] render runtime fps [object Object]
[initSession:screenshot] page.goto complete (104ms)
[initSession:screenshot] GSAP proxy flush complete (110ms)
[initSession:screenshot] pollHfReady complete (111ms)
[initSession:screenshot] pollSubCompositionTimelines complete (ready) (113ms)
[initSession:screenshot] applyVideoMetadataHints complete (113ms)
[initSession:screenshot] media + fonts + tailwind ready (114ms)
[initSession:screenshot] timeline at-risk predictor: 0/338 frames (0%) (122ms)
[initSession:screenshot] static-frame dedup: disabled (verification mismatch at predicted-static frame 291) (1186ms)
[initSession:screenshot] drawElement self-verify armed: 4 ground-truth frame(s) @ [85, 169, 254, 321] of 338 (1555ms)
[initSession:drawelement] drawElement canvas injected (1556ms)
[initSession:drawelement] screenshot fallback: 8 clip-boundary frame(s) (1556ms)
[initSession:drawelement] drawElement worker encode initialized (1558ms)
  ██████░░░░░░░░░░░░░░░░░░░  25%  Streaming frame 1/338
  ██████░░░░░░░░░░░░░░░░░░░  25%  Streaming frame 2/338
  ██████░░░░░░░░░░░░░░░░░░░  25%  Streaming frame 3/338
  ██████░░░░░░░░░░░░░░░░░░░  26%  Streaming frame 4/338
  ██████░░░░░░░░░░░░░░░░░░░  26%  Streaming frame 5/338
  ██████░░░░░░░░░░░░░░░░░░░  26%  Streaming frame 6/338
  ██████░░░░░░░░░░░░░░░░░░░  26%  Streaming frame 7/338
  ██████░░░░░░░░░░░░░░░░░░░  26%  Streaming frame 8/338
  ██████░░░░░░░░░░░░░░░░░░░  26%  Streaming frame 9/338
  ██████░░░░░░░░░░░░░░░░░░░  27%  Streaming frame 10/338
  ██████░░░░░░░░░░░░░░░░░░░  27%  Streaming frame 11/338
  ██████░░░░░░░░░░░░░░░░░░░  27%  Streaming frame 12/338
  ██████░░░░░░░░░░░░░░░░░░░  27%  Streaming frame 13/338
  ██████░░░░░░░░░░░░░░░░░░░  27%  Streaming frame 14/338
  ██████░░░░░░░░░░░░░░░░░░░  27%  Streaming frame 15/338
  ███████░░░░░░░░░░░░░░░░░░  28%  Streaming frame 16/338
  ███████░░░░░░░░░░░░░░░░░░  28%  Streaming frame 17/338
  ███████░░░░░░░░░░░░░░░░░░  28%  Streaming frame 18/338
  ███████░░░░░░░░░░░░░░░░░░  28%  Streaming frame 19/338
  ███████░░░░░░░░░░░░░░░░░░  28%  Streaming frame 20/338
  ███████░░░░░░░░░░░░░░░░░░  28%  Streaming frame 21/338
  ███████░░░░░░░░░░░░░░░░░░  29%  Streaming frame 22/338
  ███████░░░░░░░░░░░░░░░░░░  29%  Streaming frame 23/338
  ███████░░░░░░░░░░░░░░░░░░  29%  Streaming frame 24/338
  ███████░░░░░░░░░░░░░░░░░░  29%  Streaming frame 25/338
  ███████░░░░░░░░░░░░░░░░░░  29%  Streaming frame 26/338
  ███████░░░░░░░░░░░░░░░░░░  29%  Streaming frame 27/338
  ███████░░░░░░░░░░░░░░░░░░  30%  Streaming frame 28/338
  ███████░░░░░░░░░░░░░░░░░░  30%  Streaming frame 29/338
  ███████░░░░░░░░░░░░░░░░░░  30%  Streaming frame 30/338
  ███████░░░░░░░░░░░░░░░░░░  30%  Streaming frame 31/338
  ███████░░░░░░░░░░░░░░░░░░  30%  Streaming frame 32/338
  ███████░░░░░░░░░░░░░░░░░░  30%  Streaming frame 33/338
  ███████░░░░░░░░░░░░░░░░░░  31%  Streaming frame 34/338
  ███████░░░░░░░░░░░░░░░░░░  31%  Streaming frame 35/338
  ███████░░░░░░░░░░░░░░░░░░  31%  Streaming frame 36/338
  ███████░░░░░░░░░░░░░░░░░░  31%  Streaming frame 37/338
  ███████░░░░░░░░░░░░░░░░░░  31%  Streaming frame 38/338
  ███████░░░░░░░░░░░░░░░░░░  31%  Streaming frame 39/338
  ████████░░░░░░░░░░░░░░░░░  32%  Streaming frame 40/338
  ████████░░░░░░░░░░░░░░░░░  32%  Streaming frame 41/338
  ████████░░░░░░░░░░░░░░░░░  32%  Streaming frame 42/338
  ████████░░░░░░░░░░░░░░░░░  32%  Streaming frame 43/338
  ████████░░░░░░░░░░░░░░░░░  32%  Streaming frame 44/338
  ████████░░░░░░░░░░░░░░░░░  32%  Streaming frame 45/338
  ████████░░░░░░░░░░░░░░░░░  32%  Streaming frame 46/338
  ████████░░░░░░░░░░░░░░░░░  33%  Streaming frame 47/338
  ████████░░░░░░░░░░░░░░░░░  33%  Streaming frame 48/338
  ████████░░░░░░░░░░░░░░░░░  33%  Streaming frame 49/338
  ████████░░░░░░░░░░░░░░░░░  33%  Streaming frame 50/338
  ████████░░░░░░░░░░░░░░░░░  33%  Streaming frame 51/338
  ████████░░░░░░░░░░░░░░░░░  33%  Streaming frame 52/338
  ████████░░░░░░░░░░░░░░░░░  34%  Streaming frame 53/338
  ████████░░░░░░░░░░░░░░░░░  34%  Streaming frame 54/338
  ████████░░░░░░░░░░░░░░░░░  34%  Streaming frame 55/338
  ████████░░░░░░░░░░░░░░░░░  34%  Streaming frame 56/338
  ████████░░░░░░░░░░░░░░░░░  34%  Streaming frame 57/338
  ████████░░░░░░░░░░░░░░░░░  34%  Streaming frame 58/338
  ████████░░░░░░░░░░░░░░░░░  35%  Streaming frame 59/338
  ████████░░░░░░░░░░░░░░░░░  35%  Streaming frame 60/338
  ████████░░░░░░░░░░░░░░░░░  35%  Streaming frame 61/338
  ████████░░░░░░░░░░░░░░░░░  35%  Streaming frame 62/338
  ████████░░░░░░░░░░░░░░░░░  35%  Streaming frame 63/338
  ████████░░░░░░░░░░░░░░░░░  35%  Streaming frame 64/338
  █████████░░░░░░░░░░░░░░░░  36%  Streaming frame 65/338
  █████████░░░░░░░░░░░░░░░░  36%  Streaming frame 66/338
  █████████░░░░░░░░░░░░░░░░  36%  Streaming frame 67/338
  █████████░░░░░░░░░░░░░░░░  36%  Streaming frame 68/338
  █████████░░░░░░░░░░░░░░░░  36%  Streaming frame 69/338
  █████████░░░░░░░░░░░░░░░░  36%  Streaming frame 70/338
  █████████░░░░░░░░░░░░░░░░  37%  Streaming frame 71/338
  █████████░░░░░░░░░░░░░░░░  37%  Streaming frame 72/338
  █████████░░░░░░░░░░░░░░░░  37%  Streaming frame 73/338
  █████████░░░░░░░░░░░░░░░░  37%  Streaming frame 74/338
  █████████░░░░░░░░░░░░░░░░  37%  Streaming frame 75/338
  █████████░░░░░░░░░░░░░░░░  37%  Streaming frame 76/338
  █████████░░░░░░░░░░░░░░░░  38%  Streaming frame 77/338
  █████████░░░░░░░░░░░░░░░░  38%  Streaming frame 78/338
  █████████░░░░░░░░░░░░░░░░  38%  Streaming frame 79/338
  █████████░░░░░░░░░░░░░░░░  38%  Streaming frame 80/338
  █████████░░░░░░░░░░░░░░░░  38%  Streaming frame 81/338
  █████████░░░░░░░░░░░░░░░░  38%  Streaming frame 82/338
  █████████░░░░░░░░░░░░░░░░  39%  Streaming frame 83/338
  █████████░░░░░░░░░░░░░░░░  39%  Streaming frame 84/338
  █████████░░░░░░░░░░░░░░░░  39%  Streaming frame 85/338
  █████████░░░░░░░░░░░░░░░░  39%  Streaming frame 86/338
  █████████░░░░░░░░░░░░░░░░  39%  Streaming frame 87/338
  █████████░░░░░░░░░░░░░░░░  39%  Streaming frame 88/338
  █████████░░░░░░░░░░░░░░░░  39%  Streaming frame 89/338
  ██████████░░░░░░░░░░░░░░░  40%  Streaming frame 90/338
  ██████████░░░░░░░░░░░░░░░  40%  Streaming frame 91/338
  ██████████░░░░░░░░░░░░░░░  40%  Streaming frame 92/338
  ██████████░░░░░░░░░░░░░░░  40%  Streaming frame 93/338
  ██████████░░░░░░░░░░░░░░░  40%  Streaming frame 94/338
  ██████████░░░░░░░░░░░░░░░  40%  Streaming frame 95/338
  ██████████░░░░░░░░░░░░░░░  41%  Streaming frame 96/338
  ██████████░░░░░░░░░░░░░░░  41%  Streaming frame 97/338
  ██████████░░░░░░░░░░░░░░░  41%  Streaming frame 98/338
  ██████████░░░░░░░░░░░░░░░  41%  Streaming frame 99/338
  ██████████░░░░░░░░░░░░░░░  41%  Streaming frame 100/338
  ██████████░░░░░░░░░░░░░░░  41%  Streaming frame 101/338
  ██████████░░░░░░░░░░░░░░░  42%  Streaming frame 102/338
  ██████████░░░░░░░░░░░░░░░  42%  Streaming frame 103/338
  ██████████░░░░░░░░░░░░░░░  42%  Streaming frame 104/338
  ██████████░░░░░░░░░░░░░░░  42%  Streaming frame 105/338
  ██████████░░░░░░░░░░░░░░░  42%  Streaming frame 106/338
  ██████████░░░░░░░░░░░░░░░  42%  Streaming frame 107/338
  ██████████░░░░░░░░░░░░░░░  43%  Streaming frame 108/338
  ██████████░░░░░░░░░░░░░░░  43%  Streaming frame 109/338
  ██████████░░░░░░░░░░░░░░░  43%  Streaming frame 110/338
  ██████████░░░░░░░░░░░░░░░  43%  Streaming frame 111/338
  ██████████░░░░░░░░░░░░░░░  43%  Streaming frame 112/338
  ██████████░░░░░░░░░░░░░░░  43%  Streaming frame 113/338
  ███████████░░░░░░░░░░░░░░  44%  Streaming frame 114/338
  ███████████░░░░░░░░░░░░░░  44%  Streaming frame 115/338
  ███████████░░░░░░░░░░░░░░  44%  Streaming frame 116/338
  ███████████░░░░░░░░░░░░░░  44%  Streaming frame 117/338
  ███████████░░░░░░░░░░░░░░  44%  Streaming frame 118/338
  ███████████░░░░░░░░░░░░░░  44%  Streaming frame 119/338
  ███████████░░░░░░░░░░░░░░  45%  Streaming frame 120/338
  ███████████░░░░░░░░░░░░░░  45%  Streaming frame 121/338
  ███████████░░░░░░░░░░░░░░  45%  Streaming frame 122/338
  ███████████░░░░░░░░░░░░░░  45%  Streaming frame 123/338
  ███████████░░░░░░░░░░░░░░  45%  Streaming frame 124/338
  ███████████░░░░░░░░░░░░░░  45%  Streaming frame 125/338
  ███████████░░░░░░░░░░░░░░  46%  Streaming frame 126/338
  ███████████░░░░░░░░░░░░░░  46%  Streaming frame 127/338
  ███████████░░░░░░░░░░░░░░  46%  Streaming frame 128/338
  ███████████░░░░░░░░░░░░░░  46%  Streaming frame 129/338
  ███████████░░░░░░░░░░░░░░  46%  Streaming frame 130/338
  ███████████░░░░░░░░░░░░░░  46%  Streaming frame 131/338
  ███████████░░░░░░░░░░░░░░  46%  Streaming frame 132/338
  ███████████░░░░░░░░░░░░░░  47%  Streaming frame 133/338
  ███████████░░░░░░░░░░░░░░  47%  Streaming frame 134/338
  ███████████░░░░░░░░░░░░░░  47%  Streaming frame 135/338
  ███████████░░░░░░░░░░░░░░  47%  Streaming frame 136/338
  ███████████░░░░░░░░░░░░░░  47%  Streaming frame 137/338
  ███████████░░░░░░░░░░░░░░  47%  Streaming frame 138/338
  ████████████░░░░░░░░░░░░░  48%  Streaming frame 139/338
  ████████████░░░░░░░░░░░░░  48%  Streaming frame 140/338
  ████████████░░░░░░░░░░░░░  48%  Streaming frame 141/338
  ████████████░░░░░░░░░░░░░  48%  Streaming frame 142/338
  ████████████░░░░░░░░░░░░░  48%  Streaming frame 143/338
  ████████████░░░░░░░░░░░░░  48%  Streaming frame 144/338
  ████████████░░░░░░░░░░░░░  49%  Streaming frame 145/338
  ████████████░░░░░░░░░░░░░  49%  Streaming frame 146/338
  ████████████░░░░░░░░░░░░░  49%  Streaming frame 147/338
  ████████████░░░░░░░░░░░░░  49%  Streaming frame 148/338
  ████████████░░░░░░░░░░░░░  49%  Streaming frame 149/338
  ████████████░░░░░░░░░░░░░  49%  Streaming frame 150/338
  ████████████░░░░░░░░░░░░░  50%  Streaming frame 151/338
  ████████████░░░░░░░░░░░░░  50%  Streaming frame 152/338
  ████████████░░░░░░░░░░░░░  50%  Streaming frame 153/338
  ████████████░░░░░░░░░░░░░  50%  Streaming frame 154/338
  ████████████░░░░░░░░░░░░░  50%  Streaming frame 155/338
  ████████████░░░░░░░░░░░░░  50%  Streaming frame 156/338
  ████████████░░░░░░░░░░░░░  51%  Streaming frame 157/338
  ████████████░░░░░░░░░░░░░  51%  Streaming frame 158/338
  ████████████░░░░░░░░░░░░░  51%  Streaming frame 159/338
  ████████████░░░░░░░░░░░░░  51%  Streaming frame 160/338
  ████████████░░░░░░░░░░░░░  51%  Streaming frame 161/338
  ████████████░░░░░░░░░░░░░  51%  Streaming frame 162/338
  █████████████░░░░░░░░░░░░  52%  Streaming frame 163/338
  █████████████░░░░░░░░░░░░  52%  Streaming frame 164/338
  █████████████░░░░░░░░░░░░  52%  Streaming frame 165/338
  █████████████░░░░░░░░░░░░  52%  Streaming frame 166/338
  █████████████░░░░░░░░░░░░  52%  Streaming frame 167/338
  █████████████░░░░░░░░░░░░  52%  Streaming frame 168/338
  █████████████░░░░░░░░░░░░  53%  Streaming frame 169/338
  █████████████░░░░░░░░░░░░  53%  Streaming frame 170/338
  █████████████░░░░░░░░░░░░  53%  Streaming frame 171/338
  █████████████░░░░░░░░░░░░  53%  Streaming frame 172/338
  █████████████░░░░░░░░░░░░  53%  Streaming frame 173/338
  █████████████░░░░░░░░░░░░  53%  Streaming frame 174/338
  █████████████░░░░░░░░░░░░  53%  Streaming frame 175/338
  █████████████░░░░░░░░░░░░  54%  Streaming frame 176/338
  █████████████░░░░░░░░░░░░  54%  Streaming frame 177/338
  █████████████░░░░░░░░░░░░  54%  Streaming frame 178/338
  █████████████░░░░░░░░░░░░  54%  Streaming frame 179/338
  █████████████░░░░░░░░░░░░  54%  Streaming frame 180/338
  █████████████░░░░░░░░░░░░  54%  Streaming frame 181/338
  █████████████░░░░░░░░░░░░  55%  Streaming frame 182/338
  █████████████░░░░░░░░░░░░  55%  Streaming frame 183/338
  █████████████░░░░░░░░░░░░  55%  Streaming frame 184/338
  █████████████░░░░░░░░░░░░  55%  Streaming frame 185/338
  █████████████░░░░░░░░░░░░  55%  Streaming frame 186/338
  █████████████░░░░░░░░░░░░  55%  Streaming frame 187/338
  ██████████████░░░░░░░░░░░  56%  Streaming frame 188/338
  ██████████████░░░░░░░░░░░  56%  Streaming frame 189/338
  ██████████████░░░░░░░░░░░  56%  Streaming frame 190/338
  ██████████████░░░░░░░░░░░  56%  Streaming frame 191/338
  ██████████████░░░░░░░░░░░  56%  Streaming frame 192/338
  ██████████████░░░░░░░░░░░  56%  Streaming frame 193/338
  ██████████████░░░░░░░░░░░  57%  Streaming frame 194/338
  ██████████████░░░░░░░░░░░  57%  Streaming frame 195/338
  ██████████████░░░░░░░░░░░  57%  Streaming frame 196/338
  ██████████████░░░░░░░░░░░  57%  Streaming frame 197/338
  ██████████████░░░░░░░░░░░  57%  Streaming frame 198/338
  ██████████████░░░░░░░░░░░  57%  Streaming frame 199/338
  ██████████████░░░░░░░░░░░  58%  Streaming frame 200/338
  ██████████████░░░░░░░░░░░  58%  Streaming frame 201/338
  ██████████████░░░░░░░░░░░  58%  Streaming frame 202/338
  ██████████████░░░░░░░░░░░  58%  Streaming frame 203/338
  ██████████████░░░░░░░░░░░  58%  Streaming frame 204/338
  ██████████████░░░░░░░░░░░  58%  Streaming frame 205/338
  ██████████████░░░░░░░░░░░  59%  Streaming frame 206/338
  ██████████████░░░░░░░░░░░  59%  Streaming frame 207/338
  ██████████████░░░░░░░░░░░  59%  Streaming frame 208/338
  ██████████████░░░░░░░░░░░  59%  Streaming frame 209/338
  ██████████████░░░░░░░░░░░  59%  Streaming frame 210/338
  ██████████████░░░░░░░░░░░  59%  Streaming frame 211/338
  ██████████████░░░░░░░░░░░  59%  Streaming frame 212/338
  ███████████████░░░░░░░░░░  60%  Streaming frame 213/338
  ███████████████░░░░░░░░░░  60%  Streaming frame 214/338
  ███████████████░░░░░░░░░░  60%  Streaming frame 215/338
  ███████████████░░░░░░░░░░  60%  Streaming frame 216/338
  ███████████████░░░░░░░░░░  60%  Streaming frame 217/338
  ███████████████░░░░░░░░░░  60%  Streaming frame 218/338
  ███████████████░░░░░░░░░░  61%  Streaming frame 219/338
  ███████████████░░░░░░░░░░  61%  Streaming frame 220/338
  ███████████████░░░░░░░░░░  61%  Streaming frame 221/338
  ███████████████░░░░░░░░░░  61%  Streaming frame 222/338
  ███████████████░░░░░░░░░░  61%  Streaming frame 223/338
  ███████████████░░░░░░░░░░  61%  Streaming frame 224/338
  ███████████████░░░░░░░░░░  62%  Streaming frame 225/338
  ███████████████░░░░░░░░░░  62%  Streaming frame 226/338
  ███████████████░░░░░░░░░░  62%  Streaming frame 227/338
  ███████████████░░░░░░░░░░  62%  Streaming frame 228/338
  ███████████████░░░░░░░░░░  62%  Streaming frame 229/338
  ███████████████░░░░░░░░░░  62%  Streaming frame 230/338
  ███████████████░░░░░░░░░░  63%  Streaming frame 231/338
  ███████████████░░░░░░░░░░  63%  Streaming frame 232/338
  ███████████████░░░░░░░░░░  63%  Streaming frame 233/338
  ███████████████░░░░░░░░░░  63%  Streaming frame 234/338
  ███████████████░░░░░░░░░░  63%  Streaming frame 235/338
  ███████████████░░░░░░░░░░  63%  Streaming frame 236/338
  ████████████████░░░░░░░░░  64%  Streaming frame 237/338
  ████████████████░░░░░░░░░  64%  Streaming frame 238/338
  ████████████████░░░░░░░░░  64%  Streaming frame 239/338
  ████████████████░░░░░░░░░  64%  Streaming frame 240/338
  ████████████████░░░░░░░░░  64%  Streaming frame 241/338
  ████████████████░░░░░░░░░  64%  Streaming frame 242/338
  ████████████████░░░░░░░░░  65%  Streaming frame 243/338
  ████████████████░░░░░░░░░  65%  Streaming frame 244/338
  ████████████████░░░░░░░░░  65%  Streaming frame 245/338
  ████████████████░░░░░░░░░  65%  Streaming frame 246/338
  ████████████████░░░░░░░░░  65%  Streaming frame 247/338
  ████████████████░░░░░░░░░  65%  Streaming frame 248/338
  ████████████████░░░░░░░░░  66%  Streaming frame 249/338
  ████████████████░░░░░░░░░  66%  Streaming frame 250/338
  ████████████████░░░░░░░░░  66%  Streaming frame 251/338
  ████████████████░░░░░░░░░  66%  Streaming frame 252/338
  ████████████████░░░░░░░░░  66%  Streaming frame 253/338
  ████████████████░░░░░░░░░  66%  Streaming frame 254/338
  ████████████████░░░░░░░░░  66%  Streaming frame 255/338
  ████████████████░░░░░░░░░  67%  Streaming frame 256/338
  ████████████████░░░░░░░░░  67%  Streaming frame 257/338
  ████████████████░░░░░░░░░  67%  Streaming frame 258/338
  ████████████████░░░░░░░░░  67%  Streaming frame 259/338
  ████████████████░░░░░░░░░  67%  Streaming frame 260/338
  ████████████████░░░░░░░░░  67%  Streaming frame 261/338
  █████████████████░░░░░░░░  68%  Streaming frame 262/338
  █████████████████░░░░░░░░  68%  Streaming frame 263/338
  █████████████████░░░░░░░░  68%  Streaming frame 264/338
  █████████████████░░░░░░░░  68%  Streaming frame 265/338
  █████████████████░░░░░░░░  68%  Streaming frame 266/338
  █████████████████░░░░░░░░  68%  Streaming frame 267/338
  █████████████████░░░░░░░░  69%  Streaming frame 268/338
  █████████████████░░░░░░░░  69%  Streaming frame 269/338
  █████████████████░░░░░░░░  69%  Streaming frame 270/338
  █████████████████░░░░░░░░  69%  Streaming frame 271/338
  █████████████████░░░░░░░░  69%  Streaming frame 272/338
  █████████████████░░░░░░░░  69%  Streaming frame 273/338
  █████████████████░░░░░░░░  70%  Streaming frame 274/338
  █████████████████░░░░░░░░  70%  Streaming frame 275/338
  █████████████████░░░░░░░░  70%  Streaming frame 276/338
  █████████████████░░░░░░░░  70%  Streaming frame 277/338
  █████████████████░░░░░░░░  70%  Streaming frame 278/338
  █████████████████░░░░░░░░  70%  Streaming frame 279/338
  █████████████████░░░░░░░░  71%  Streaming frame 280/338
  █████████████████░░░░░░░░  71%  Streaming frame 281/338
  █████████████████░░░░░░░░  71%  Streaming frame 282/338
  █████████████████░░░░░░░░  71%  Streaming frame 283/338
  █████████████████░░░░░░░░  71%  Streaming frame 284/338
  █████████████████░░░░░░░░  71%  Streaming frame 285/338
  ██████████████████░░░░░░░  72%  Streaming frame 286/338
  ██████████████████░░░░░░░  72%  Streaming frame 287/338
  ██████████████████░░░░░░░  72%  Streaming frame 288/338
  ██████████████████░░░░░░░  72%  Streaming frame 289/338
  ██████████████████░░░░░░░  72%  Streaming frame 290/338
  ██████████████████░░░░░░░  72%  Streaming frame 291/338
  ██████████████████░░░░░░░  73%  Streaming frame 292/338
  ██████████████████░░░░░░░  73%  Streaming frame 293/338
  ██████████████████░░░░░░░  73%  Streaming frame 294/338
  ██████████████████░░░░░░░  73%  Streaming frame 295/338
  ██████████████████░░░░░░░  73%  Streaming frame 296/338
  ██████████████████░░░░░░░  73%  Streaming frame 297/338
  ██████████████████░░░░░░░  73%  Streaming frame 298/338
  ██████████████████░░░░░░░  74%  Streaming frame 299/338
  ██████████████████░░░░░░░  74%  Streaming frame 300/338
  ██████████████████░░░░░░░  74%  Streaming frame 301/338
  ██████████████████░░░░░░░  74%  Streaming frame 302/338
  ██████████████████░░░░░░░  74%  Streaming frame 303/338
  ██████████████████░░░░░░░  74%  Streaming frame 304/338
  ██████████████████░░░░░░░  75%  Streaming frame 305/338
  ██████████████████░░░░░░░  75%  Streaming frame 306/338
  ██████████████████░░░░░░░  75%  Streaming frame 307/338
  ██████████████████░░░░░░░  75%  Streaming frame 308/338
  ██████████████████░░░░░░░  75%  Streaming frame 309/338
  ██████████████████░░░░░░░  75%  Streaming frame 310/338
  ███████████████████░░░░░░  76%  Streaming frame 311/338
  ███████████████████░░░░░░  76%  Streaming frame 312/338
  ███████████████████░░░░░░  76%  Streaming frame 313/338
  ███████████████████░░░░░░  76%  Streaming frame 314/338
  ███████████████████░░░░░░  76%  Streaming frame 315/338
  ███████████████████░░░░░░  76%  Streaming frame 316/338
  ███████████████████░░░░░░  77%  Streaming frame 317/338
  ███████████████████░░░░░░  77%  Streaming frame 318/338
  ███████████████████░░░░░░  77%  Streaming frame 319/338
  ███████████████████░░░░░░  77%  Streaming frame 320/338
  ███████████████████░░░░░░  77%  Streaming frame 321/338
  ███████████████████░░░░░░  77%  Streaming frame 322/338
  ███████████████████░░░░░░  78%  Streaming frame 323/338
  ███████████████████░░░░░░  78%  Streaming frame 324/338
  ███████████████████░░░░░░  78%  Streaming frame 325/338
  ███████████████████░░░░░░  78%  Streaming frame 326/338
  ███████████████████░░░░░░  78%  Streaming frame 327/338
  ███████████████████░░░░░░  78%  Streaming frame 328/338
  ███████████████████░░░░░░  79%  Streaming frame 329/338
  ███████████████████░░░░░░  79%  Streaming frame 330/338
  ███████████████████░░░░░░  79%  Streaming frame 331/338
  ███████████████████░░░░░░  79%  Streaming frame 332/338
  ███████████████████░░░░░░  79%  Streaming frame 333/338
  ███████████████████░░░░░░  79%  Streaming frame 334/338
  ████████████████████░░░░░  80%  Streaming frame 335/338
  ████████████████████░░░░░  80%  Streaming frame 336/338
  ████████████████████░░░░░  80%  Streaming frame 337/338
  ████████████████████░░░░░  80%  Streaming frame 338/338
  ██████████████████████░░░  90%  Assembling final video
  █████████████████████████  100%  Render complete

◇  /Users/brownmanbrain/GitHub/operator-economy/blueprint-cinema/experiments/EP009-FULL-BUILD-001/scenes/seg010__seg011/qa/seg010__seg011.mp4
   429.4 KB · 14.1s video · rendered in 11.0s
[INFO] [Render] Pipeline started {"renderJobId":"537f04e8-1c0a-4950-be5f-e5908842fc51","platform":"darwin","arch":"arm64","nodeVersion":"v25.6.1","fps":{"num":24,"den":1},"format":"mp4","quality":"high","browserGpuMode":"auto","forceScreenshot":false,"protocolTimeout":300000,"browserTimeout":120000,"pageNavigationTimeout":60000,"playerReadyTimeout":45000}
[INFO] [Render:trace] {"renderJobId":"537f04e8-1c0a-4950-be5f-e5908842fc51","phase":"pipeline","status":"checkpoint","elapsedMs":1,"message":"started","format":"mp4","quality":"high","browserGpuMode":"auto","forceScreenshot":false,"protocolTimeoutMs":300000,"pageNavigationTimeoutMs":60000,"playerReadyTimeoutMs":45000,"requestedWorkers":"auto"}
[INFO] [Render:trace] {"renderJobId":"537f04e8-1c0a-4950-be5f-e5908842fc51","phase":"compile","status":"start","elapsedMs":2,"needsAlpha":false}
[INFO] [Compiler] Fetched 7 font face(s) for "EB Garamond" from Google Fonts (cached to /Users/brownmanbrain/.cache/hyperframes/fonts/eb-garamond)
[INFO] [Compiler] Injected deterministic @font-face rules for 1 requested font families
[INFO] [Compiler] Embedded local font file: public/fonts/boska-700.woff2 (30 KB → data URI)
[INFO] [Compiler] Embedded local font file: public/fonts/zodiak-700.woff2 (21 KB → data URI)
[INFO] [Compiler] Embedded local font file: public/fonts/supreme-500.woff2 (18 KB → data URI)
[INFO] Compiled composition metadata {"renderJobId":"537f04e8-1c0a-4950-be5f-e5908842fc51","entryFile":"index.html","staticDuration":14.083333333333334,"width":1280,"height":720,"videoCount":0,"audioCount":1,"renderModeHints":{"recommendScreenshot":false,"reasons":[]}}
[INFO] [Render:trace] {"renderJobId":"537f04e8-1c0a-4950-be5f-e5908842fc51","phase":"compile","status":"end","elapsedMs":649,"durationMs":647,"needsAlpha":false}
[INFO] [Render:trace] {"renderJobId":"537f04e8-1c0a-4950-be5f-e5908842fc51","phase":"compile","status":"checkpoint","elapsedMs":650,"message":"composition metadata resolved","width":1280,"height":720,"videoCount":0,"audioCount":1,"imageCount":0,"deviceScaleFactor":1,"forceScreenshot":false,"compositionHash":"68d11bbb7a1e833c"}
[INFO] [Render:trace] {"renderJobId":"537f04e8-1c0a-4950-be5f-e5908842fc51","phase":"browser_probe","status":"start","elapsedMs":650,"forceScreenshot":false,"stagePhase":"calibrating"}
[INFO] [Render:trace] {"renderJobId":"537f04e8-1c0a-4950-be5f-e5908842fc51","phase":"browser_probe","status":"end","elapsedMs":661,"durationMs":11,"forceScreenshot":false,"stagePhase":"calibrating"}
[INFO] [Render:trace] {"renderJobId":"537f04e8-1c0a-4950-be5f-e5908842fc51","phase":"browser_probe","status":"checkpoint","elapsedMs":662,"message":"duration resolved","durationSeconds":14.083333333333334,"totalFrames":338,"compositionHash":"68d11bbb7a1e833c","beginFrameStalled":false}
[INFO] [Render:trace] {"renderJobId":"537f04e8-1c0a-4950-be5f-e5908842fc51","phase":"video_extract","status":"start","elapsedMs":662,"videoCount":0}
[INFO] [Render:trace] {"renderJobId":"537f04e8-1c0a-4950-be5f-e5908842fc51","phase":"video_extract","status":"end","elapsedMs":662,"durationMs":0,"videoCount":0}
[INFO] [Render:trace] {"renderJobId":"537f04e8-1c0a-4950-be5f-e5908842fc51","phase":"video_extract","status":"checkpoint","elapsedMs":663,"message":"frames resolved","videoCount":0,"extractedVideoCount":0,"totalFramesExtracted":0,"maxFramesPerVideo":0,"avgFramesPerExtractedVideo":null,"vfrPreflightCount":null,"vfrPreflightMs":null,"cacheHits":null,"cacheMisses":null,"transientRetries":null,"minVideoFrameCoverageRatio":null,"authoredTimedClipCount":4}
[INFO] [Render] No HDR sources detected — rendering SDR {"renderJobId":"537f04e8-1c0a-4950-be5f-e5908842fc51"}
[INFO] [Render:trace] {"renderJobId":"537f04e8-1c0a-4950-be5f-e5908842fc51","phase":"hdr_detection","status":"checkpoint","elapsedMs":663,"message":"resolved","requestedHdrMode":"auto","effectiveHdr":"sdr","nativeHdrVideoCount":0,"nativeHdrImageCount":0}
[INFO] [Render:trace] {"renderJobId":"537f04e8-1c0a-4950-be5f-e5908842fc51","phase":"audio_process","status":"start","elapsedMs":663,"audioCount":1}
[INFO] [Render:trace] {"renderJobId":"537f04e8-1c0a-4950-be5f-e5908842fc51","phase":"audio_process","status":"end","elapsedMs":951,"durationMs":288,"audioCount":1}
[INFO] [Render:trace] {"renderJobId":"537f04e8-1c0a-4950-be5f-e5908842fc51","phase":"file_server","status":"start","elapsedMs":951,"reused":false}
[INFO] [Render:trace] {"renderJobId":"537f04e8-1c0a-4950-be5f-e5908842fc51","phase":"file_server","status":"end","elapsedMs":955,"durationMs":4}
[hyperframes] browserGpuMode probe → hardware (WebGL renderer vendor="Google Inc. (Apple)" renderer="ANGLE (Apple, ANGLE Metal Renderer: Apple M4, Unspecified Version)")
[INFO] [Render:trace] {"renderJobId":"537f04e8-1c0a-4950-be5f-e5908842fc51","phase":"capture_calibration","status":"start","elapsedMs":1111,"stagePhase":"calibrating","forceScreenshot":false,"totalFrames":338,"framesCompleted":0,"captureMode":"drawelement","captureOperation":"drawElement"}
[INFO] [Render] Calibration config {"renderJobId":"537f04e8-1c0a-4950-be5f-e5908842fc51","protocolTimeout":30000,"parentProtocolTimeout":300000,"forceScreenshot":false,"totalFrames":338}
[INFO] Launching browser for capture calibration... {"renderJobId":"537f04e8-1c0a-4950-be5f-e5908842fc51"}
[INFO] Initializing calibration session... {"renderJobId":"537f04e8-1c0a-4950-be5f-e5908842fc51"}
[INFO] Calibration session ready, capturing test frames... {"renderJobId":"537f04e8-1c0a-4950-be5f-e5908842fc51"}
[INFO] Calibration: capturing test frame 1/5... {"renderJobId":"537f04e8-1c0a-4950-be5f-e5908842fc51"}
[WARN] [Render] Auto-worker calibration failed; using conservative worker budget. {"renderJobId":"537f04e8-1c0a-4950-be5f-e5908842fc51","protocolTimeout":30000,"error":"drawElement capture failed at frame 0: suspect small frame (6161B < 20000B); fresh screenshot capture required"}
[INFO] [Render:trace] {"renderJobId":"537f04e8-1c0a-4950-be5f-e5908842fc51","phase":"capture_calibration","status":"end","elapsedMs":2972,"durationMs":1861,"stagePhase":"calibrating","forceScreenshot":false,"totalFrames":338,"framesCompleted":0,"captureMode":"drawelement","captureOperation":"drawElement"}
[INFO] [Render:trace] {"renderJobId":"537f04e8-1c0a-4950-be5f-e5908842fc51","phase":"capture_calibration","status":"checkpoint","elapsedMs":2972,"message":"resolved","forceScreenshot":false,"multiplier":8,"p95Ms":null}
[WARN] [Render] Reduced auto worker count for high-cost capture workload to avoid Chrome compositor starvation. {"renderJobId":"537f04e8-1c0a-4950-be5f-e5908842fc51","from":4,"to":1,"costMultiplier":8,"reasons":["calibration-failed"]}
[INFO] [Render:trace] {"renderJobId":"537f04e8-1c0a-4950-be5f-e5908842fc51","phase":"worker_resolution","status":"checkpoint","elapsedMs":2973,"message":"resolved","workerCount":1}
[INFO] streaming-encode gate {"renderJobId":"537f04e8-1c0a-4950-be5f-e5908842fc51","enabled":true,"configFlag":true,"outputFormat":"mp4","workerCount":1,"durationSeconds":14.083333333333334,"maxDurationSeconds":240}
[INFO] [Render:trace] {"renderJobId":"537f04e8-1c0a-4950-be5f-e5908842fc51","phase":"capture_strategy","status":"checkpoint","elapsedMs":2973,"message":"resolved","workerCount":1,"forceScreenshot":false,"captureBeyondViewport":null,"useStreamingEncode":true,"useLayeredComposite":false,"usePageSideCompositing":false,"hasHdrContent":false,"hasShaderTransitions":false,"isPngSequence":false}
[INFO] [Render:trace] {"renderJobId":"537f04e8-1c0a-4950-be5f-e5908842fc51","phase":"capture_streaming","status":"start","elapsedMs":2973,"stagePhase":"capturing","workerCount":1,"forceScreenshot":false,"totalFrames":338,"framesCompleted":0,"captureMode":"drawelement","captureOperation":"drawElement"}
[INFO] [Render] drawElement self-verify passed {"renderJobId":"537f04e8-1c0a-4950-be5f-e5908842fc51","frame":85,"psnrDb":"inf"}
[INFO] [Render] drawElement self-verify passed {"renderJobId":"537f04e8-1c0a-4950-be5f-e5908842fc51","frame":169,"psnrDb":"inf"}
[INFO] [Render] drawElement self-verify passed {"renderJobId":"537f04e8-1c0a-4950-be5f-e5908842fc51","frame":254,"psnrDb":"inf"}
[WARN] [Render] drawElement blank-frame suspect; re-capturing {"renderJobId":"537f04e8-1c0a-4950-be5f-e5908842fc51","frame":277,"bytes":6242,"floor":20000}
[INFO] [Render] drawElement small frame is deterministic; accepted {"renderJobId":"537f04e8-1c0a-4950-be5f-e5908842fc51","frame":277,"bytes":6242}
[INFO] [Render] drawElement self-verify passed {"renderJobId":"537f04e8-1c0a-4950-be5f-e5908842fc51","frame":321,"psnrDb":"inf"}
[INFO] [Render:trace] {"renderJobId":"537f04e8-1c0a-4950-be5f-e5908842fc51","phase":"capture_streaming","status":"end","elapsedMs":10603,"durationMs":7630,"stagePhase":"capturing","workerCount":1,"forceScreenshot":false,"totalFrames":338,"framesCompleted":338,"captureMode":"drawelement","captureOperation":"encode"}
[INFO] [Render:trace] {"renderJobId":"537f04e8-1c0a-4950-be5f-e5908842fc51","phase":"assemble","status":"start","elapsedMs":10603,"stagePhase":"capturing","hasAudio":true,"workerCount":1,"forceScreenshot":false,"totalFrames":338,"framesCompleted":338,"captureMode":"drawelement","captureOperation":"encode"}
[INFO] [Render:trace] {"renderJobId":"537f04e8-1c0a-4950-be5f-e5908842fc51","phase":"assemble","status":"end","elapsedMs":11001,"durationMs":398,"stagePhase":"capturing","hasAudio":true,"workerCount":1,"forceScreenshot":false,"totalFrames":338,"framesCompleted":338,"captureMode":"drawelement","captureOperation":"encode"}
[INFO] [Render:trace] {"renderJobId":"537f04e8-1c0a-4950-be5f-e5908842fc51","phase":"pipeline","status":"checkpoint","elapsedMs":11023,"message":"artifact validated","totalElapsedMs":11023}
