
◆  Rendering 01-second-commission → /Users/brownmanbrain/GitHub/operator-economy/blueprint-cinema/experiments/EP009-SHORTS-003/01-second-commission/review-r3.mp4
   24fps · standard · 1 workers
   GPU: browser GPU (auto-detect)

[?25l│
◒  Checking browser[1G[J◐  Checking browser[1G[J◇  Browser: cache
[?25h[INFO] [Render] Pipeline started {"renderJobId":"33b93049-97b7-42a2-af08-af867e3df85e","platform":"darwin","arch":"arm64","nodeVersion":"v25.6.1","fps":{"num":24,"den":1},"format":"mp4","quality":"standard","browserGpuMode":"auto","forceScreenshot":false,"protocolTimeout":300000,"browserTimeout":120000,"pageNavigationTimeout":60000,"playerReadyTimeout":45000}
[INFO] [Render:trace] {"renderJobId":"33b93049-97b7-42a2-af08-af867e3df85e","phase":"pipeline","status":"checkpoint","elapsedMs":2,"message":"started","format":"mp4","quality":"standard","browserGpuMode":"auto","forceScreenshot":false,"protocolTimeoutMs":300000,"pageNavigationTimeoutMs":60000,"playerReadyTimeoutMs":45000,"requestedWorkers":1}
[INFO] [Render:trace] {"renderJobId":"33b93049-97b7-42a2-af08-af867e3df85e","phase":"compile","status":"start","elapsedMs":3,"needsAlpha":false}
  █░░░░░░░░░░░░░░░░░░░░░░░░  5%  Compiling composition
[INFO] [Compiler] Embedded local font file: assets/fonts/supreme-500.woff2 (18 KB → data URI)
[INFO] [Compiler] Embedded local font file: assets/fonts/zodiak-700.woff2 (21 KB → data URI)
[INFO] Compiled composition metadata {"renderJobId":"33b93049-97b7-42a2-af08-af867e3df85e","entryFile":"index.html","staticDuration":13.458333333,"width":1080,"height":1920,"videoCount":2,"audioCount":1,"renderModeHints":{"recommendScreenshot":false,"reasons":[]}}
[INFO] [Render:trace] {"renderJobId":"33b93049-97b7-42a2-af08-af867e3df85e","phase":"compile","status":"end","elapsedMs":194,"durationMs":191,"needsAlpha":false}
[INFO] [Render:trace] {"renderJobId":"33b93049-97b7-42a2-af08-af867e3df85e","phase":"compile","status":"checkpoint","elapsedMs":195,"message":"composition metadata resolved","width":1080,"height":1920,"videoCount":2,"audioCount":1,"imageCount":0,"deviceScaleFactor":1,"forceScreenshot":false,"compositionHash":"e1192429bc319ec2"}
[INFO] [Render:trace] {"renderJobId":"33b93049-97b7-42a2-af08-af867e3df85e","phase":"browser_probe","status":"start","elapsedMs":195,"forceScreenshot":false,"stagePhase":"calibrating"}
[INFO] [Render:trace] {"renderJobId":"33b93049-97b7-42a2-af08-af867e3df85e","phase":"browser_probe","status":"end","elapsedMs":321,"durationMs":126,"forceScreenshot":false,"stagePhase":"calibrating"}
[INFO] [Render:trace] {"renderJobId":"33b93049-97b7-42a2-af08-af867e3df85e","phase":"browser_probe","status":"checkpoint","elapsedMs":321,"message":"duration resolved","durationSeconds":13.458333333,"totalFrames":323,"compositionHash":"e1192429bc319ec2","beginFrameStalled":false}
[INFO] [Render:trace] {"renderJobId":"33b93049-97b7-42a2-af08-af867e3df85e","phase":"video_extract","status":"start","elapsedMs":321,"videoCount":2}
[INFO] Probing video color spaces... {"renderJobId":"33b93049-97b7-42a2-af08-af867e3df85e","videoCount":2}
  ██░░░░░░░░░░░░░░░░░░░░░░░  10%  Extracting video frames
[INFO] Extracting frames from video 1/2 {"renderJobId":"33b93049-97b7-42a2-af08-af867e3df85e","sourceType":"local"}
[INFO] Extracting frames from video 2/2 {"renderJobId":"33b93049-97b7-42a2-af08-af867e3df85e","sourceType":"local"}
[INFO] [Render:trace] {"renderJobId":"33b93049-97b7-42a2-af08-af867e3df85e","phase":"video_extract","status":"end","elapsedMs":1473,"durationMs":1152,"videoCount":2}
[INFO] [Render:trace] {"renderJobId":"33b93049-97b7-42a2-af08-af867e3df85e","phase":"video_extract","status":"checkpoint","elapsedMs":1474,"message":"frames resolved","videoCount":2,"extractedVideoCount":2,"totalFramesExtracted":179,"maxFramesPerVideo":99,"avgFramesPerExtractedVideo":90,"vfrPreflightCount":0,"vfrPreflightMs":0,"cacheHits":0,"cacheMisses":2,"transientRetries":0,"minVideoFrameCoverageRatio":1,"authoredTimedClipCount":18}
[INFO] [Render] No HDR sources detected — rendering SDR {"renderJobId":"33b93049-97b7-42a2-af08-af867e3df85e"}
[INFO] [Render:trace] {"renderJobId":"33b93049-97b7-42a2-af08-af867e3df85e","phase":"hdr_detection","status":"checkpoint","elapsedMs":1474,"message":"resolved","requestedHdrMode":"auto","effectiveHdr":"sdr","nativeHdrVideoCount":0,"nativeHdrImageCount":0}
[INFO] [Render:trace] {"renderJobId":"33b93049-97b7-42a2-af08-af867e3df85e","phase":"audio_process","status":"start","elapsedMs":1474,"audioCount":1}
  █████░░░░░░░░░░░░░░░░░░░░  20%  Processing audio tracks
[INFO] [Render:trace] {"renderJobId":"33b93049-97b7-42a2-af08-af867e3df85e","phase":"audio_process","status":"end","elapsedMs":1871,"durationMs":397,"audioCount":1}
[INFO] [Render:trace] {"renderJobId":"33b93049-97b7-42a2-af08-af867e3df85e","phase":"file_server","status":"start","elapsedMs":1871,"reused":false}
  ██████░░░░░░░░░░░░░░░░░░░  25%  Starting frame capture
[INFO] [Render:trace] {"renderJobId":"33b93049-97b7-42a2-af08-af867e3df85e","phase":"file_server","status":"end","elapsedMs":1877,"durationMs":6}
[hyperframes] browserGpuMode probe → hardware (WebGL renderer vendor="Google Inc. (Apple)" renderer="ANGLE (Apple, ANGLE Metal Renderer: Apple M4, Unspecified Version)")
[INFO] [Render:trace] {"renderJobId":"33b93049-97b7-42a2-af08-af867e3df85e","phase":"capture_calibration","status":"checkpoint","elapsedMs":2156,"message":"skipped","requestedWorkers":1,"totalFrames":323,"htmlInCanvasDetected":false,"lowMemoryMode":false,"deInversionEligible":false,"deParallelRouterEligible":false}
[INFO] [Render:trace] {"renderJobId":"33b93049-97b7-42a2-af08-af867e3df85e","phase":"worker_resolution","status":"checkpoint","elapsedMs":2158,"message":"resolved","workerCount":1}
[INFO] streaming-encode gate {"renderJobId":"33b93049-97b7-42a2-af08-af867e3df85e","enabled":true,"reason":"single_worker","configFlag":true,"durationCapEnabled":false,"outputFormat":"mp4","workerCount":1,"durationSeconds":13.458333333,"maxDurationSeconds":240}
[INFO] [Render:trace] {"renderJobId":"33b93049-97b7-42a2-af08-af867e3df85e","phase":"capture_strategy","status":"checkpoint","elapsedMs":2159,"message":"resolved","workerCount":1,"forceScreenshot":false,"captureBeyondViewport":true,"useStreamingEncode":true,"useLayeredComposite":false,"usePageSideCompositing":false,"hasHdrContent":false,"hasShaderTransitions":false,"isPngSequence":false}
[INFO] [Render:trace] {"renderJobId":"33b93049-97b7-42a2-af08-af867e3df85e","phase":"capture_streaming","status":"start","elapsedMs":2160,"stagePhase":"capturing","workerCount":1,"forceScreenshot":false,"totalFrames":323,"framesCompleted":0,"captureMode":"drawelement","captureOperation":"drawElement"}
[BrowserManager] Browser launched (HeadlessChrome/152.0.7977.30, screenshot, gl=--use-gl=angle --use-angle=metal, headlessShell=true, platform=darwin)
[initSession:screenshot] page.goto start (0ms)
[HyperFrames] render runtime fps [object Object]
[initSession:screenshot] page.goto complete (170ms)
[initSession:screenshot] GSAP proxy flush complete (203ms)
[initSession:screenshot] pollHfReady complete (204ms)
[initSession:screenshot] pollSubCompositionTimelines complete (ready) (206ms)
[initSession:screenshot] applyVideoMetadataHints complete (208ms)
[initSession:screenshot] media + fonts + tailwind ready (211ms)
[initSession:screenshot] captureBeyondViewport downgraded: page content fits the capture viewport (228ms)
[initSession:screenshot] timeline at-risk predictor: 0/323 frames (0%) (304ms)
[initSession:screenshot] static-frame dedup: disabled (before-capture hook / video injection active) (306ms)
[initSession:screenshot] drawElement self-verify armed: 4 ground-truth frame(s) @ [81, 161, 242, 306] of 322 (1077ms)
[initSession:drawelement] drawElement canvas injected (1079ms)
[initSession:drawelement] screenshot fallback: 35 clip-boundary frame(s) (1080ms)
[initSession:drawelement] drawElement worker encode initialized (1083ms)
  ██████░░░░░░░░░░░░░░░░░░░  25%  Streaming frame 1/323
  ██████░░░░░░░░░░░░░░░░░░░  25%  Streaming frame 2/323
  ██████░░░░░░░░░░░░░░░░░░░  26%  Streaming frame 3/323
  ██████░░░░░░░░░░░░░░░░░░░  26%  Streaming frame 4/323
  ██████░░░░░░░░░░░░░░░░░░░  26%  Streaming frame 5/323
  ██████░░░░░░░░░░░░░░░░░░░  26%  Streaming frame 6/323
  ██████░░░░░░░░░░░░░░░░░░░  26%  Streaming frame 7/323
  ██████░░░░░░░░░░░░░░░░░░░  26%  Streaming frame 8/323
  ██████░░░░░░░░░░░░░░░░░░░  27%  Streaming frame 9/323
  ██████░░░░░░░░░░░░░░░░░░░  27%  Streaming frame 10/323
  ██████░░░░░░░░░░░░░░░░░░░  27%  Streaming frame 11/323
  ██████░░░░░░░░░░░░░░░░░░░  27%  Streaming frame 12/323
  ██████░░░░░░░░░░░░░░░░░░░  27%  Streaming frame 13/323
  ██████░░░░░░░░░░░░░░░░░░░  27%  Streaming frame 14/323
  ███████░░░░░░░░░░░░░░░░░░  28%  Streaming frame 15/323
  ███████░░░░░░░░░░░░░░░░░░  28%  Streaming frame 16/323
  ███████░░░░░░░░░░░░░░░░░░  28%  Streaming frame 17/323
  ███████░░░░░░░░░░░░░░░░░░  28%  Streaming frame 18/323
  ███████░░░░░░░░░░░░░░░░░░  28%  Streaming frame 19/323
  ███████░░░░░░░░░░░░░░░░░░  28%  Streaming frame 20/323
  ███████░░░░░░░░░░░░░░░░░░  29%  Streaming frame 21/323
  ███████░░░░░░░░░░░░░░░░░░  29%  Streaming frame 22/323
  ███████░░░░░░░░░░░░░░░░░░  29%  Streaming frame 23/323
  ███████░░░░░░░░░░░░░░░░░░  29%  Streaming frame 24/323
  ███████░░░░░░░░░░░░░░░░░░  29%  Streaming frame 25/323
  ███████░░░░░░░░░░░░░░░░░░  29%  Streaming frame 26/323
  ███████░░░░░░░░░░░░░░░░░░  30%  Streaming frame 27/323
  ███████░░░░░░░░░░░░░░░░░░  30%  Streaming frame 28/323
  ███████░░░░░░░░░░░░░░░░░░  30%  Streaming frame 29/323
  ███████░░░░░░░░░░░░░░░░░░  30%  Streaming frame 30/323
  ███████░░░░░░░░░░░░░░░░░░  30%  Streaming frame 31/323
  ███████░░░░░░░░░░░░░░░░░░  30%  Streaming frame 32/323
  ███████░░░░░░░░░░░░░░░░░░  31%  Streaming frame 33/323
  ███████░░░░░░░░░░░░░░░░░░  31%  Streaming frame 34/323
  ███████░░░░░░░░░░░░░░░░░░  31%  Streaming frame 35/323
  ███████░░░░░░░░░░░░░░░░░░  31%  Streaming frame 36/323
  ███████░░░░░░░░░░░░░░░░░░  31%  Streaming frame 37/323
  ███████░░░░░░░░░░░░░░░░░░  31%  Streaming frame 38/323
  ████████░░░░░░░░░░░░░░░░░  32%  Streaming frame 39/323
  ████████░░░░░░░░░░░░░░░░░  32%  Streaming frame 40/323
  ████████░░░░░░░░░░░░░░░░░  32%  Streaming frame 41/323
  ████████░░░░░░░░░░░░░░░░░  32%  Streaming frame 42/323
  ████████░░░░░░░░░░░░░░░░░  32%  Streaming frame 43/323
  ████████░░░░░░░░░░░░░░░░░  32%  Streaming frame 44/323
  ████████░░░░░░░░░░░░░░░░░  33%  Streaming frame 45/323
  ████████░░░░░░░░░░░░░░░░░  33%  Streaming frame 46/323
  ████████░░░░░░░░░░░░░░░░░  33%  Streaming frame 47/323
  ████████░░░░░░░░░░░░░░░░░  33%  Streaming frame 48/323
  ████████░░░░░░░░░░░░░░░░░  33%  Streaming frame 49/323
  ████████░░░░░░░░░░░░░░░░░  34%  Streaming frame 50/323
  ████████░░░░░░░░░░░░░░░░░  34%  Streaming frame 51/323
  ████████░░░░░░░░░░░░░░░░░  34%  Streaming frame 52/323
  ████████░░░░░░░░░░░░░░░░░  34%  Streaming frame 53/323
  ████████░░░░░░░░░░░░░░░░░  34%  Streaming frame 54/323
  ████████░░░░░░░░░░░░░░░░░  34%  Streaming frame 55/323
  ████████░░░░░░░░░░░░░░░░░  35%  Streaming frame 56/323
  ████████░░░░░░░░░░░░░░░░░  35%  Streaming frame 57/323
  ████████░░░░░░░░░░░░░░░░░  35%  Streaming frame 58/323
  ████████░░░░░░░░░░░░░░░░░  35%  Streaming frame 59/323
  ████████░░░░░░░░░░░░░░░░░  35%  Streaming frame 60/323
  ████████░░░░░░░░░░░░░░░░░  35%  Streaming frame 61/323
  █████████░░░░░░░░░░░░░░░░  36%  Streaming frame 62/323
  █████████░░░░░░░░░░░░░░░░  36%  Streaming frame 63/323
  █████████░░░░░░░░░░░░░░░░  36%  Streaming frame 64/323
  █████████░░░░░░░░░░░░░░░░  36%  Streaming frame 65/323
  █████████░░░░░░░░░░░░░░░░  36%  Streaming frame 66/323
  █████████░░░░░░░░░░░░░░░░  36%  Streaming frame 67/323
  █████████░░░░░░░░░░░░░░░░  37%  Streaming frame 68/323
  █████████░░░░░░░░░░░░░░░░  37%  Streaming frame 69/323
  █████████░░░░░░░░░░░░░░░░  37%  Streaming frame 70/323
  █████████░░░░░░░░░░░░░░░░  37%  Streaming frame 71/323
  █████████░░░░░░░░░░░░░░░░  37%  Streaming frame 72/323
  █████████░░░░░░░░░░░░░░░░  37%  Streaming frame 73/323
  █████████░░░░░░░░░░░░░░░░  38%  Streaming frame 74/323
  █████████░░░░░░░░░░░░░░░░  38%  Streaming frame 75/323
  █████████░░░░░░░░░░░░░░░░  38%  Streaming frame 76/323
  █████████░░░░░░░░░░░░░░░░  38%  Streaming frame 77/323
  █████████░░░░░░░░░░░░░░░░  38%  Streaming frame 78/323
  █████████░░░░░░░░░░░░░░░░  38%  Streaming frame 79/323
  █████████░░░░░░░░░░░░░░░░  39%  Streaming frame 80/323
  █████████░░░░░░░░░░░░░░░░  39%  Streaming frame 81/323
[INFO] [Render] drawElement self-verify passed {"renderJobId":"33b93049-97b7-42a2-af08-af867e3df85e","frame":81,"psnrDb":"inf"}
  █████████░░░░░░░░░░░░░░░░  39%  Streaming frame 82/323
  █████████░░░░░░░░░░░░░░░░  39%  Streaming frame 83/323
  █████████░░░░░░░░░░░░░░░░  39%  Streaming frame 84/323
  █████████░░░░░░░░░░░░░░░░  39%  Streaming frame 85/323
  ██████████░░░░░░░░░░░░░░░  40%  Streaming frame 86/323
  ██████████░░░░░░░░░░░░░░░  40%  Streaming frame 87/323
  ██████████░░░░░░░░░░░░░░░  40%  Streaming frame 88/323
  ██████████░░░░░░░░░░░░░░░  40%  Streaming frame 89/323
  ██████████░░░░░░░░░░░░░░░  40%  Streaming frame 90/323
  ██████████░░░░░░░░░░░░░░░  40%  Streaming frame 91/323
  ██████████░░░░░░░░░░░░░░░  41%  Streaming frame 92/323
  ██████████░░░░░░░░░░░░░░░  41%  Streaming frame 93/323
  ██████████░░░░░░░░░░░░░░░  41%  Streaming frame 94/323
  ██████████░░░░░░░░░░░░░░░  41%  Streaming frame 95/323
  ██████████░░░░░░░░░░░░░░░  41%  Streaming frame 96/323
  ██████████░░░░░░░░░░░░░░░  42%  Streaming frame 97/323
  ██████████░░░░░░░░░░░░░░░  42%  Streaming frame 98/323
  ██████████░░░░░░░░░░░░░░░  42%  Streaming frame 99/323
  ██████████░░░░░░░░░░░░░░░  42%  Streaming frame 100/323
  ██████████░░░░░░░░░░░░░░░  42%  Streaming frame 101/323
  ██████████░░░░░░░░░░░░░░░  42%  Streaming frame 102/323
  ██████████░░░░░░░░░░░░░░░  43%  Streaming frame 103/323
  ██████████░░░░░░░░░░░░░░░  43%  Streaming frame 104/323
  ██████████░░░░░░░░░░░░░░░  43%  Streaming frame 105/323
  ██████████░░░░░░░░░░░░░░░  43%  Streaming frame 106/323
  ██████████░░░░░░░░░░░░░░░  43%  Streaming frame 107/323
  ██████████░░░░░░░░░░░░░░░  43%  Streaming frame 108/323
  ███████████░░░░░░░░░░░░░░  44%  Streaming frame 109/323
  ███████████░░░░░░░░░░░░░░  44%  Streaming frame 110/323
  ███████████░░░░░░░░░░░░░░  44%  Streaming frame 111/323
  ███████████░░░░░░░░░░░░░░  44%  Streaming frame 112/323
  ███████████░░░░░░░░░░░░░░  44%  Streaming frame 113/323
  ███████████░░░░░░░░░░░░░░  44%  Streaming frame 114/323
  ███████████░░░░░░░░░░░░░░  45%  Streaming frame 115/323
  ███████████░░░░░░░░░░░░░░  45%  Streaming frame 116/323
  ███████████░░░░░░░░░░░░░░  45%  Streaming frame 117/323
  ███████████░░░░░░░░░░░░░░  45%  Streaming frame 118/323
  ███████████░░░░░░░░░░░░░░  45%  Streaming frame 119/323
  ███████████░░░░░░░░░░░░░░  45%  Streaming frame 120/323
  ███████████░░░░░░░░░░░░░░  46%  Streaming frame 121/323
  ███████████░░░░░░░░░░░░░░  46%  Streaming frame 122/323
  ███████████░░░░░░░░░░░░░░  46%  Streaming frame 123/323
  ███████████░░░░░░░░░░░░░░  46%  Streaming frame 124/323
  ███████████░░░░░░░░░░░░░░  46%  Streaming frame 125/323
  ███████████░░░░░░░░░░░░░░  46%  Streaming frame 126/323
  ███████████░░░░░░░░░░░░░░  47%  Streaming frame 127/323
  ███████████░░░░░░░░░░░░░░  47%  Streaming frame 128/323
  ███████████░░░░░░░░░░░░░░  47%  Streaming frame 129/323
  ███████████░░░░░░░░░░░░░░  47%  Streaming frame 130/323
  ███████████░░░░░░░░░░░░░░  47%  Streaming frame 131/323
  ███████████░░░░░░░░░░░░░░  47%  Streaming frame 132/323
  ████████████░░░░░░░░░░░░░  48%  Streaming frame 133/323
  ████████████░░░░░░░░░░░░░  48%  Streaming frame 134/323
  ████████████░░░░░░░░░░░░░  48%  Streaming frame 135/323
  ████████████░░░░░░░░░░░░░  48%  Streaming frame 136/323
  ████████████░░░░░░░░░░░░░  48%  Streaming frame 137/323
  ████████████░░░░░░░░░░░░░  48%  Streaming frame 138/323
  ████████████░░░░░░░░░░░░░  49%  Streaming frame 139/323
  ████████████░░░░░░░░░░░░░  49%  Streaming frame 140/323
  ████████████░░░░░░░░░░░░░  49%  Streaming frame 141/323
  ████████████░░░░░░░░░░░░░  49%  Streaming frame 142/323
  ████████████░░░░░░░░░░░░░  49%  Streaming frame 143/323
  ████████████░░░░░░░░░░░░░  50%  Streaming frame 144/323
  ████████████░░░░░░░░░░░░░  50%  Streaming frame 145/323
  ████████████░░░░░░░░░░░░░  50%  Streaming frame 146/323
  ████████████░░░░░░░░░░░░░  50%  Streaming frame 147/323
  ████████████░░░░░░░░░░░░░  50%  Streaming frame 148/323
  ████████████░░░░░░░░░░░░░  50%  Streaming frame 149/323
  ████████████░░░░░░░░░░░░░  51%  Streaming frame 150/323
  ████████████░░░░░░░░░░░░░  51%  Streaming frame 151/323
  ████████████░░░░░░░░░░░░░  51%  Streaming frame 152/323
  ████████████░░░░░░░░░░░░░  51%  Streaming frame 153/323
  ████████████░░░░░░░░░░░░░  51%  Streaming frame 154/323
  ████████████░░░░░░░░░░░░░  51%  Streaming frame 155/323
  █████████████░░░░░░░░░░░░  52%  Streaming frame 156/323
  █████████████░░░░░░░░░░░░  52%  Streaming frame 157/323
  █████████████░░░░░░░░░░░░  52%  Streaming frame 158/323
  █████████████░░░░░░░░░░░░  52%  Streaming frame 159/323
  █████████████░░░░░░░░░░░░  52%  Streaming frame 160/323
  █████████████░░░░░░░░░░░░  52%  Streaming frame 161/323
[INFO] [Render] drawElement self-verify passed {"renderJobId":"33b93049-97b7-42a2-af08-af867e3df85e","frame":161,"psnrDb":"inf"}
  █████████████░░░░░░░░░░░░  53%  Streaming frame 162/323
  █████████████░░░░░░░░░░░░  53%  Streaming frame 163/323
  █████████████░░░░░░░░░░░░  53%  Streaming frame 164/323
  █████████████░░░░░░░░░░░░  53%  Streaming frame 165/323
  █████████████░░░░░░░░░░░░  53%  Streaming frame 166/323
  █████████████░░░░░░░░░░░░  53%  Streaming frame 167/323
  █████████████░░░░░░░░░░░░  54%  Streaming frame 168/323
  █████████████░░░░░░░░░░░░  54%  Streaming frame 169/323
  █████████████░░░░░░░░░░░░  54%  Streaming frame 170/323
  █████████████░░░░░░░░░░░░  54%  Streaming frame 171/323
  █████████████░░░░░░░░░░░░  54%  Streaming frame 172/323
  █████████████░░░░░░░░░░░░  54%  Streaming frame 173/323
  █████████████░░░░░░░░░░░░  55%  Streaming frame 174/323
  █████████████░░░░░░░░░░░░  55%  Streaming frame 175/323
  █████████████░░░░░░░░░░░░  55%  Streaming frame 176/323
  █████████████░░░░░░░░░░░░  55%  Streaming frame 177/323
  █████████████░░░░░░░░░░░░  55%  Streaming frame 178/323
  █████████████░░░░░░░░░░░░  55%  Streaming frame 179/323
  ██████████████░░░░░░░░░░░  56%  Streaming frame 180/323
  ██████████████░░░░░░░░░░░  56%  Streaming frame 181/323
  ██████████████░░░░░░░░░░░  56%  Streaming frame 182/323
  ██████████████░░░░░░░░░░░  56%  Streaming frame 183/323
  ██████████████░░░░░░░░░░░  56%  Streaming frame 184/323
  ██████████████░░░░░░░░░░░  57%  Streaming frame 185/323
  ██████████████░░░░░░░░░░░  57%  Streaming frame 186/323
  ██████████████░░░░░░░░░░░  57%  Streaming frame 187/323
  ██████████████░░░░░░░░░░░  57%  Streaming frame 188/323
  ██████████████░░░░░░░░░░░  57%  Streaming frame 189/323
  ██████████████░░░░░░░░░░░  57%  Streaming frame 190/323
  ██████████████░░░░░░░░░░░  58%  Streaming frame 191/323
  ██████████████░░░░░░░░░░░  58%  Streaming frame 192/323
  ██████████████░░░░░░░░░░░  58%  Streaming frame 193/323
  ██████████████░░░░░░░░░░░  58%  Streaming frame 194/323
  ██████████████░░░░░░░░░░░  58%  Streaming frame 195/323
  ██████████████░░░░░░░░░░░  58%  Streaming frame 196/323
  ██████████████░░░░░░░░░░░  59%  Streaming frame 197/323
  ██████████████░░░░░░░░░░░  59%  Streaming frame 198/323
  ██████████████░░░░░░░░░░░  59%  Streaming frame 199/323
  ██████████████░░░░░░░░░░░  59%  Streaming frame 200/323
  ██████████████░░░░░░░░░░░  59%  Streaming frame 201/323
  ██████████████░░░░░░░░░░░  59%  Streaming frame 202/323
  ███████████████░░░░░░░░░░  60%  Streaming frame 203/323
  ███████████████░░░░░░░░░░  60%  Streaming frame 204/323
  ███████████████░░░░░░░░░░  60%  Streaming frame 205/323
  ███████████████░░░░░░░░░░  60%  Streaming frame 206/323
  ███████████████░░░░░░░░░░  60%  Streaming frame 207/323
  ███████████████░░░░░░░░░░  60%  Streaming frame 208/323
  ███████████████░░░░░░░░░░  61%  Streaming frame 209/323
  ███████████████░░░░░░░░░░  61%  Streaming frame 210/323
  ███████████████░░░░░░░░░░  61%  Streaming frame 211/323
  ███████████████░░░░░░░░░░  61%  Streaming frame 212/323
  ███████████████░░░░░░░░░░  61%  Streaming frame 213/323
  ███████████████░░░░░░░░░░  61%  Streaming frame 214/323
  ███████████████░░░░░░░░░░  62%  Streaming frame 215/323
  ███████████████░░░░░░░░░░  62%  Streaming frame 216/323
  ███████████████░░░░░░░░░░  62%  Streaming frame 217/323
  ███████████████░░░░░░░░░░  62%  Streaming frame 218/323
  ███████████████░░░░░░░░░░  62%  Streaming frame 219/323
  ███████████████░░░░░░░░░░  62%  Streaming frame 220/323
  ███████████████░░░░░░░░░░  63%  Streaming frame 221/323
  ███████████████░░░░░░░░░░  63%  Streaming frame 222/323
  ███████████████░░░░░░░░░░  63%  Streaming frame 223/323
  ███████████████░░░░░░░░░░  63%  Streaming frame 224/323
  ███████████████░░░░░░░░░░  63%  Streaming frame 225/323
  ███████████████░░░░░░░░░░  63%  Streaming frame 226/323
  ████████████████░░░░░░░░░  64%  Streaming frame 227/323
  ████████████████░░░░░░░░░  64%  Streaming frame 228/323
  ████████████████░░░░░░░░░  64%  Streaming frame 229/323
  ████████████████░░░░░░░░░  64%  Streaming frame 230/323
  ████████████████░░░░░░░░░  64%  Streaming frame 231/323
  ████████████████░░░░░░░░░  65%  Streaming frame 232/323
  ████████████████░░░░░░░░░  65%  Streaming frame 233/323
  ████████████████░░░░░░░░░  65%  Streaming frame 234/323
  ████████████████░░░░░░░░░  65%  Streaming frame 235/323
  ████████████████░░░░░░░░░  65%  Streaming frame 236/323
  ████████████████░░░░░░░░░  65%  Streaming frame 237/323
  ████████████████░░░░░░░░░  66%  Streaming frame 238/323
  ████████████████░░░░░░░░░  66%  Streaming frame 239/323
  ████████████████░░░░░░░░░  66%  Streaming frame 240/323
  ████████████████░░░░░░░░░  66%  Streaming frame 241/323
  ████████████████░░░░░░░░░  66%  Streaming frame 242/323
[INFO] [Render] drawElement self-verify passed {"renderJobId":"33b93049-97b7-42a2-af08-af867e3df85e","frame":242,"psnrDb":"inf"}
  ████████████████░░░░░░░░░  66%  Streaming frame 243/323
  ████████████████░░░░░░░░░  67%  Streaming frame 244/323
  ████████████████░░░░░░░░░  67%  Streaming frame 245/323
  ████████████████░░░░░░░░░  67%  Streaming frame 246/323
  ████████████████░░░░░░░░░  67%  Streaming frame 247/323
  ████████████████░░░░░░░░░  67%  Streaming frame 248/323
  ████████████████░░░░░░░░░  67%  Streaming frame 249/323
  █████████████████░░░░░░░░  68%  Streaming frame 250/323
  █████████████████░░░░░░░░  68%  Streaming frame 251/323
  █████████████████░░░░░░░░  68%  Streaming frame 252/323
  █████████████████░░░░░░░░  68%  Streaming frame 253/323
  █████████████████░░░░░░░░  68%  Streaming frame 254/323
  █████████████████░░░░░░░░  68%  Streaming frame 255/323
  █████████████████░░░░░░░░  69%  Streaming frame 256/323
  █████████████████░░░░░░░░  69%  Streaming frame 257/323
  █████████████████░░░░░░░░  69%  Streaming frame 258/323
  █████████████████░░░░░░░░  69%  Streaming frame 259/323
  █████████████████░░░░░░░░  69%  Streaming frame 260/323
  █████████████████░░░░░░░░  69%  Streaming frame 261/323
  █████████████████░░░░░░░░  70%  Streaming frame 262/323
  █████████████████░░░░░░░░  70%  Streaming frame 263/323
  █████████████████░░░░░░░░  70%  Streaming frame 264/323
  █████████████████░░░░░░░░  70%  Streaming frame 265/323
  █████████████████░░░░░░░░  70%  Streaming frame 266/323
  █████████████████░░░░░░░░  70%  Streaming frame 267/323
  █████████████████░░░░░░░░  71%  Streaming frame 268/323
  █████████████████░░░░░░░░  71%  Streaming frame 269/323
  █████████████████░░░░░░░░  71%  Streaming frame 270/323
  █████████████████░░░░░░░░  71%  Streaming frame 271/323
  █████████████████░░░░░░░░  71%  Streaming frame 272/323
  █████████████████░░░░░░░░  71%  Streaming frame 273/323
  ██████████████████░░░░░░░  72%  Streaming frame 274/323
  ██████████████████░░░░░░░  72%  Streaming frame 275/323
  ██████████████████░░░░░░░  72%  Streaming frame 276/323
  ██████████████████░░░░░░░  72%  Streaming frame 277/323
  ██████████████████░░░░░░░  72%  Streaming frame 278/323
  ██████████████████░░░░░░░  73%  Streaming frame 279/323
  ██████████████████░░░░░░░  73%  Streaming frame 280/323
  ██████████████████░░░░░░░  73%  Streaming frame 281/323
  ██████████████████░░░░░░░  73%  Streaming frame 282/323
  ██████████████████░░░░░░░  73%  Streaming frame 283/323
  ██████████████████░░░░░░░  73%  Streaming frame 284/323
  ██████████████████░░░░░░░  74%  Streaming frame 285/323
  ██████████████████░░░░░░░  74%  Streaming frame 286/323
  ██████████████████░░░░░░░  74%  Streaming frame 287/323
  ██████████████████░░░░░░░  74%  Streaming frame 288/323
  ██████████████████░░░░░░░  74%  Streaming frame 289/323
  ██████████████████░░░░░░░  74%  Streaming frame 290/323
  ██████████████████░░░░░░░  75%  Streaming frame 291/323
  ██████████████████░░░░░░░  75%  Streaming frame 292/323
  ██████████████████░░░░░░░  75%  Streaming frame 293/323
  ██████████████████░░░░░░░  75%  Streaming frame 294/323
  ██████████████████░░░░░░░  75%  Streaming frame 295/323
  ██████████████████░░░░░░░  75%  Streaming frame 296/323
  ███████████████████░░░░░░  76%  Streaming frame 297/323
  ███████████████████░░░░░░  76%  Streaming frame 298/323
  ███████████████████░░░░░░  76%  Streaming frame 299/323
  ███████████████████░░░░░░  76%  Streaming frame 300/323
  ███████████████████░░░░░░  76%  Streaming frame 301/323
  ███████████████████░░░░░░  76%  Streaming frame 302/323
  ███████████████████░░░░░░  77%  Streaming frame 303/323
  ███████████████████░░░░░░  77%  Streaming frame 304/323
  ███████████████████░░░░░░  77%  Streaming frame 305/323
  ███████████████████░░░░░░  77%  Streaming frame 306/323
[INFO] [Render] drawElement self-verify passed {"renderJobId":"33b93049-97b7-42a2-af08-af867e3df85e","frame":306,"psnrDb":"inf"}
  ███████████████████░░░░░░  77%  Streaming frame 307/323
  ███████████████████░░░░░░  77%  Streaming frame 308/323
  ███████████████████░░░░░░  78%  Streaming frame 309/323
  ███████████████████░░░░░░  78%  Streaming frame 310/323
  ███████████████████░░░░░░  78%  Streaming frame 311/323
  ███████████████████░░░░░░  78%  Streaming frame 312/323
  ███████████████████░░░░░░  78%  Streaming frame 313/323
  ███████████████████░░░░░░  78%  Streaming frame 314/323
  ███████████████████░░░░░░  79%  Streaming frame 315/323
  ███████████████████░░░░░░  79%  Streaming frame 316/323
  ███████████████████░░░░░░  79%  Streaming frame 317/323
  ███████████████████░░░░░░  79%  Streaming frame 318/323
  ███████████████████░░░░░░  79%  Streaming frame 319/323
  ███████████████████░░░░░░  79%  Streaming frame 320/323
  ████████████████████░░░░░  80%  Streaming frame 321/323
  ████████████████████░░░░░  80%  Streaming frame 322/323
  ████████████████████░░░░░  80%  Streaming frame 323/323
[INFO] [Render:trace] {"renderJobId":"33b93049-97b7-42a2-af08-af867e3df85e","phase":"capture_streaming","status":"end","elapsedMs":16276,"durationMs":14116,"stagePhase":"capturing","workerCount":1,"forceScreenshot":false,"totalFrames":323,"framesCompleted":323,"captureMode":"drawelement","captureOperation":"encode"}
[INFO] [Render:trace] {"renderJobId":"33b93049-97b7-42a2-af08-af867e3df85e","phase":"assemble","status":"start","elapsedMs":16278,"stagePhase":"capturing","hasAudio":true,"workerCount":1,"forceScreenshot":false,"totalFrames":323,"framesCompleted":323,"captureMode":"drawelement","captureOperation":"encode"}
  ██████████████████████░░░  90%  Assembling final video
[INFO] [Render:trace] {"renderJobId":"33b93049-97b7-42a2-af08-af867e3df85e","phase":"assemble","status":"end","elapsedMs":17037,"durationMs":759,"stagePhase":"capturing","hasAudio":true,"workerCount":1,"forceScreenshot":false,"totalFrames":323,"framesCompleted":323,"captureMode":"drawelement","captureOperation":"encode"}
[INFO] [Render:trace] {"renderJobId":"33b93049-97b7-42a2-af08-af867e3df85e","phase":"pipeline","status":"checkpoint","elapsedMs":17087,"message":"artifact validated","totalElapsedMs":17080}
  █████████████████████████  100%  Render complete

◇  /Users/brownmanbrain/GitHub/operator-economy/blueprint-cinema/experiments/EP009-SHORTS-003/01-second-commission/review-r3.mp4
   4.4 MB · 13.5s video · rendered in 17.1s
   drawelement capture · hardware gpu · compile 0.3s · extract 1.2s · audio 0.4s · probe 0.1s · setup 0.3s · capture 14.1s · encode (during capture) 14.1s · assemble 0.8s
  [hyperframes] Agent feedback: hyperframes feedback --rating <0-10> --comment "..."
