
◆  Rendering seg008 → /Users/brownmanbrain/GitHub/operator-economy/blueprint-cinema/experiments/EP009-FULL-BUILD-001/scenes/seg008/qa/seg008.mp4
   24fps · high · auto workers (10 cores detected)
   GPU: browser GPU (auto-detect)

[?25l│
◇  Browser: cache
[?25h  █░░░░░░░░░░░░░░░░░░░░░░░░  5%  Compiling composition
  ██░░░░░░░░░░░░░░░░░░░░░░░  10%  Extracting video frames
  █████░░░░░░░░░░░░░░░░░░░░  20%  Processing audio tracks
  ██████░░░░░░░░░░░░░░░░░░░  25%  Starting frame capture
[BrowserManager] Browser launched (HeadlessChrome/152.0.7977.30, screenshot, gl=--use-gl=angle --use-angle=metal, headlessShell=true, platform=darwin)
[initSession:screenshot] page.goto start (0ms)
[HyperFrames] render runtime fps [object Object]
[initSession:screenshot] page.goto complete (93ms)
[initSession:screenshot] GSAP proxy flush complete (122ms)
[initSession:screenshot] pollHfReady complete (123ms)
[initSession:screenshot] pollSubCompositionTimelines complete (ready) (124ms)
[initSession:screenshot] applyVideoMetadataHints complete (124ms)
[initSession:screenshot] media + fonts + tailwind ready (125ms)
[initSession:screenshot] timeline at-risk predictor: 0/245 frames (0%) (152ms)
[initSession:screenshot] static-frame dedup: 202/202 predicted frame(s) reusable (outcome=verified, runs=3/3, screenshots=27, seeks=28, elapsedMs=1051) (1385ms)
[initSession:screenshot] drawElement self-verify armed: 4 ground-truth frame(s) @ [61, 123, 184, 233] of 245 (1738ms)
[initSession:drawelement] drawElement canvas injected (1740ms)
[initSession:drawelement] screenshot fallback: 5 clip-boundary frame(s) (1741ms)
[initSession:drawelement] drawElement worker encode initialized (1743ms)
  ██████░░░░░░░░░░░░░░░░░░░  25%  Capturing frame 0/245 (5 workers)
  ██████░░░░░░░░░░░░░░░░░░░  25%  Capturing frame 0/245 (5 workers)
  ██████░░░░░░░░░░░░░░░░░░░  25%  Capturing frame 0/245 (5 workers)
  ██████░░░░░░░░░░░░░░░░░░░  25%  Capturing frame 0/245 (5 workers)
  ██████░░░░░░░░░░░░░░░░░░░  25%  Capturing frame 0/245 (5 workers)
[BrowserManager] Browser launched (HeadlessChrome/152.0.7977.30, screenshot, gl=--use-gl=angle --use-angle=metal, headlessShell=true, platform=darwin)
  ██████░░░░░░░░░░░░░░░░░░░  25%  Capturing frame 0/245 (5 workers)
[initSession:screenshot] page.goto start (0ms)
  ██████░░░░░░░░░░░░░░░░░░░  25%  Capturing frame 0/245 (5 workers)
  ██████░░░░░░░░░░░░░░░░░░░  25%  Capturing frame 0/245 (5 workers)
[initSession:screenshot] page.goto start (0ms)
  ██████░░░░░░░░░░░░░░░░░░░  25%  Capturing frame 0/245 (5 workers)
  ██████░░░░░░░░░░░░░░░░░░░  25%  Capturing frame 0/245 (5 workers)
[initSession:screenshot] page.goto start (0ms)
  ██████░░░░░░░░░░░░░░░░░░░  25%  Capturing frame 0/245 (5 workers)
  ██████░░░░░░░░░░░░░░░░░░░  25%  Capturing frame 0/245 (5 workers)
[initSession:screenshot] page.goto start (0ms)
  ██████░░░░░░░░░░░░░░░░░░░  25%  Capturing frame 0/245 (5 workers)
  ██████░░░░░░░░░░░░░░░░░░░  25%  Capturing frame 0/245 (5 workers)
[initSession:screenshot] page.goto start (0ms)
  ██████░░░░░░░░░░░░░░░░░░░  25%  Capturing frame 0/245 (5 workers)
[HyperFrames] render runtime fps [object Object]
[HyperFrames] render runtime fps [object Object]
[HyperFrames] render runtime fps [object Object]
[HyperFrames] render runtime fps [object Object]
[HyperFrames] render runtime fps [object Object]
[initSession:screenshot] page.goto complete (137ms)
[initSession:screenshot] page.goto complete (141ms)
[initSession:screenshot] page.goto complete (158ms)
[initSession:screenshot] page.goto complete (162ms)
[initSession:screenshot] page.goto complete (160ms)
[initSession:screenshot] GSAP proxy flush complete (168ms)
[initSession:screenshot] GSAP proxy flush complete (169ms)
[initSession:screenshot] GSAP proxy flush complete (168ms)
[initSession:screenshot] GSAP proxy flush complete (166ms)
[initSession:screenshot] GSAP proxy flush complete (168ms)
[initSession:screenshot] pollHfReady complete (169ms)
[initSession:screenshot] pollHfReady complete (169ms)
[initSession:screenshot] pollHfReady complete (169ms)
[initSession:screenshot] pollHfReady complete (167ms)
[initSession:screenshot] pollHfReady complete (169ms)
[initSession:screenshot] pollSubCompositionTimelines complete (ready) (171ms)
[initSession:screenshot] applyVideoMetadataHints complete (171ms)
[initSession:screenshot] pollSubCompositionTimelines complete (ready) (172ms)
[initSession:screenshot] applyVideoMetadataHints complete (172ms)
[initSession:screenshot] pollSubCompositionTimelines complete (ready) (171ms)
[initSession:screenshot] applyVideoMetadataHints complete (171ms)
[initSession:screenshot] pollSubCompositionTimelines complete (ready) (169ms)
[initSession:screenshot] applyVideoMetadataHints complete (169ms)
[initSession:screenshot] pollSubCompositionTimelines complete (ready) (172ms)
[initSession:screenshot] applyVideoMetadataHints complete (172ms)
[initSession:screenshot] media + fonts + tailwind ready (174ms)
[initSession:screenshot] media + fonts + tailwind ready (174ms)
[initSession:screenshot] media + fonts + tailwind ready (173ms)
[initSession:screenshot] media + fonts + tailwind ready (171ms)
[initSession:screenshot] media + fonts + tailwind ready (173ms)
[initSession:screenshot] static-frame dedup: 202/202 predicted frame(s) reusable (outcome=verified, runs=3/3, screenshots=27, seeks=28, elapsedMs=1075) (1429ms)
  ██████░░░░░░░░░░░░░░░░░░░  25%  Capturing frame 0/245 (5 workers)
[initSession:screenshot] static-frame dedup: 202/202 predicted frame(s) reusable (outcome=verified, runs=3/3, screenshots=27, seeks=28, elapsedMs=1090) (1445ms)
  ██████░░░░░░░░░░░░░░░░░░░  25%  Capturing frame 0/245 (5 workers)
  ███████░░░░░░░░░░░░░░░░░░  31%  Capturing frame 30/245 (5 workers)
[initSession:screenshot] static-frame dedup: 202/202 predicted frame(s) reusable (outcome=verified, runs=3/3, screenshots=27, seeks=28, elapsedMs=1061) (1511ms)
[static-dedup] reused 47/49 frame(s) (96%), est. ~1786ms saved (avg 38ms/frame)
[initSession:screenshot] static-frame dedup: 202/202 predicted frame(s) reusable (outcome=verified, runs=3/3, screenshots=27, seeks=28, elapsedMs=1086) (1547ms)
  █████████░░░░░░░░░░░░░░░░  36%  Capturing frame 60/245 (5 workers)
[initSession:screenshot] static-frame dedup: 202/202 predicted frame(s) reusable (outcome=verified, runs=3/3, screenshots=27, seeks=28, elapsedMs=1095) (1595ms)
  ██████████░░░░░░░░░░░░░░░  42%  Capturing frame 90/245 (5 workers)
  ███████████░░░░░░░░░░░░░░  47%  Capturing frame 120/245 (5 workers)
[static-dedup] reused 48/49 frame(s) (98%), est. ~2496ms saved (avg 52ms/frame)
  █████████████░░░░░░░░░░░░  53%  Capturing frame 150/245 (5 workers)
  ██████████████░░░░░░░░░░░  58%  Capturing frame 180/245 (5 workers)
[static-dedup] reused 46/49 frame(s) (94%), est. ~1748ms saved (avg 38ms/frame)
  ████████████████░░░░░░░░░  64%  Capturing frame 210/245 (5 workers)
[static-dedup] reused 34/49 frame(s) (69%), est. ~1462ms saved (avg 43ms/frame)
  █████████████████░░░░░░░░  69%  Capturing frame 240/245 (5 workers)
  █████████████████░░░░░░░░  70%  Capturing frame 245/245 (5 workers)
[static-dedup] reused 23/49 frame(s) (47%), est. ~966ms saved (avg 42ms/frame)
  ██████████████████░░░░░░░  75%  Encoding video
  ██████████████████████░░░  90%  Assembling final video
  █████████████████████████  100%  Render complete

◇  /Users/brownmanbrain/GitHub/operator-economy/blueprint-cinema/experiments/EP009-FULL-BUILD-001/scenes/seg008/qa/seg008.mp4
   344.7 KB · 10.2s video · rendered in 6.1s
[INFO] [Render] Pipeline started {"renderJobId":"0012b891-09aa-47e4-82dd-9277942e866a","platform":"darwin","arch":"arm64","nodeVersion":"v25.6.1","fps":{"num":24,"den":1},"format":"mp4","quality":"high","browserGpuMode":"auto","forceScreenshot":false,"protocolTimeout":300000,"browserTimeout":120000,"pageNavigationTimeout":60000,"playerReadyTimeout":45000}
[INFO] [Render:trace] {"renderJobId":"0012b891-09aa-47e4-82dd-9277942e866a","phase":"pipeline","status":"checkpoint","elapsedMs":2,"message":"started","format":"mp4","quality":"high","browserGpuMode":"auto","forceScreenshot":false,"protocolTimeoutMs":300000,"pageNavigationTimeoutMs":60000,"playerReadyTimeoutMs":45000,"requestedWorkers":"auto"}
[INFO] [Render:trace] {"renderJobId":"0012b891-09aa-47e4-82dd-9277942e866a","phase":"compile","status":"start","elapsedMs":3,"needsAlpha":false}
[INFO] [Compiler] Embedded local font file: public/fonts/boska-700.woff2 (30 KB → data URI)
[INFO] [Compiler] Embedded local font file: public/fonts/supreme-400.woff2 (18 KB → data URI)
[INFO] [Compiler] Embedded local font file: public/fonts/supreme-500.woff2 (18 KB → data URI)
[INFO] Compiled composition metadata {"renderJobId":"0012b891-09aa-47e4-82dd-9277942e866a","entryFile":"index.html","staticDuration":10.208333333333334,"width":1280,"height":720,"videoCount":0,"audioCount":1,"renderModeHints":{"recommendScreenshot":false,"reasons":[]}}
[INFO] [Render:trace] {"renderJobId":"0012b891-09aa-47e4-82dd-9277942e866a","phase":"compile","status":"end","elapsedMs":54,"durationMs":51,"needsAlpha":false}
[INFO] [Render:trace] {"renderJobId":"0012b891-09aa-47e4-82dd-9277942e866a","phase":"compile","status":"checkpoint","elapsedMs":54,"message":"composition metadata resolved","width":1280,"height":720,"videoCount":0,"audioCount":1,"imageCount":0,"deviceScaleFactor":1,"forceScreenshot":false,"compositionHash":"e77f13e879b3de8d"}
[INFO] [Render:trace] {"renderJobId":"0012b891-09aa-47e4-82dd-9277942e866a","phase":"browser_probe","status":"start","elapsedMs":54,"forceScreenshot":false,"stagePhase":"calibrating"}
[INFO] [Render:trace] {"renderJobId":"0012b891-09aa-47e4-82dd-9277942e866a","phase":"browser_probe","status":"end","elapsedMs":56,"durationMs":2,"forceScreenshot":false,"stagePhase":"calibrating"}
[INFO] [Render:trace] {"renderJobId":"0012b891-09aa-47e4-82dd-9277942e866a","phase":"browser_probe","status":"checkpoint","elapsedMs":56,"message":"duration resolved","durationSeconds":10.208333333333334,"totalFrames":245,"compositionHash":"e77f13e879b3de8d","beginFrameStalled":false}
[INFO] [Render:trace] {"renderJobId":"0012b891-09aa-47e4-82dd-9277942e866a","phase":"video_extract","status":"start","elapsedMs":56,"videoCount":0}
[INFO] [Render:trace] {"renderJobId":"0012b891-09aa-47e4-82dd-9277942e866a","phase":"video_extract","status":"end","elapsedMs":57,"durationMs":1,"videoCount":0}
[INFO] [Render:trace] {"renderJobId":"0012b891-09aa-47e4-82dd-9277942e866a","phase":"video_extract","status":"checkpoint","elapsedMs":57,"message":"frames resolved","videoCount":0,"extractedVideoCount":0,"totalFramesExtracted":0,"maxFramesPerVideo":0,"avgFramesPerExtractedVideo":null,"vfrPreflightCount":null,"vfrPreflightMs":null,"cacheHits":null,"cacheMisses":null,"transientRetries":null,"minVideoFrameCoverageRatio":null,"authoredTimedClipCount":2}
[INFO] [Render] No HDR sources detected — rendering SDR {"renderJobId":"0012b891-09aa-47e4-82dd-9277942e866a"}
[INFO] [Render:trace] {"renderJobId":"0012b891-09aa-47e4-82dd-9277942e866a","phase":"hdr_detection","status":"checkpoint","elapsedMs":57,"message":"resolved","requestedHdrMode":"auto","effectiveHdr":"sdr","nativeHdrVideoCount":0,"nativeHdrImageCount":0}
[INFO] [Render:trace] {"renderJobId":"0012b891-09aa-47e4-82dd-9277942e866a","phase":"audio_process","status":"start","elapsedMs":57,"audioCount":1}
[INFO] [Render:trace] {"renderJobId":"0012b891-09aa-47e4-82dd-9277942e866a","phase":"audio_process","status":"end","elapsedMs":316,"durationMs":259,"audioCount":1}
[INFO] [Render:trace] {"renderJobId":"0012b891-09aa-47e4-82dd-9277942e866a","phase":"file_server","status":"start","elapsedMs":316,"reused":false}
[INFO] [Render:trace] {"renderJobId":"0012b891-09aa-47e4-82dd-9277942e866a","phase":"file_server","status":"end","elapsedMs":322,"durationMs":6}
[hyperframes] browserGpuMode probe → hardware (WebGL renderer vendor="Google Inc. (Apple)" renderer="ANGLE (Apple, ANGLE Metal Renderer: Apple M4, Unspecified Version)")
[INFO] [Render:trace] {"renderJobId":"0012b891-09aa-47e4-82dd-9277942e866a","phase":"capture_calibration","status":"start","elapsedMs":474,"stagePhase":"calibrating","forceScreenshot":false,"totalFrames":245,"framesCompleted":0,"captureMode":"drawelement","captureOperation":"drawElement"}
[INFO] [Render] Calibration config {"renderJobId":"0012b891-09aa-47e4-82dd-9277942e866a","protocolTimeout":30000,"parentProtocolTimeout":300000,"forceScreenshot":false,"totalFrames":245}
[INFO] Launching browser for capture calibration... {"renderJobId":"0012b891-09aa-47e4-82dd-9277942e866a"}
[INFO] Initializing calibration session... {"renderJobId":"0012b891-09aa-47e4-82dd-9277942e866a"}
[INFO] Calibration session ready, capturing test frames... {"renderJobId":"0012b891-09aa-47e4-82dd-9277942e866a"}
[INFO] Calibration: capturing test frame 1/5... {"renderJobId":"0012b891-09aa-47e4-82dd-9277942e866a"}
[INFO] Calibration: capturing test frame 2/5... {"renderJobId":"0012b891-09aa-47e4-82dd-9277942e866a"}
[INFO] Calibration: capturing test frame 3/5... {"renderJobId":"0012b891-09aa-47e4-82dd-9277942e866a"}
[INFO] Calibration: capturing test frame 4/5... {"renderJobId":"0012b891-09aa-47e4-82dd-9277942e866a"}
[INFO] Calibration: capturing test frame 5/5... {"renderJobId":"0012b891-09aa-47e4-82dd-9277942e866a"}
[INFO] Calibration complete, estimated cost: 18ms/frame (p95) {"renderJobId":"0012b891-09aa-47e4-82dd-9277942e866a"}
[INFO] [Render:trace] {"renderJobId":"0012b891-09aa-47e4-82dd-9277942e866a","phase":"capture_calibration","status":"end","elapsedMs":2477,"durationMs":2003,"stagePhase":"calibrating","forceScreenshot":false,"totalFrames":245,"framesCompleted":0,"captureMode":"drawelement","captureOperation":"drawElement"}
[INFO] [Render:trace] {"renderJobId":"0012b891-09aa-47e4-82dd-9277942e866a","phase":"capture_calibration","status":"checkpoint","elapsedMs":2478,"message":"resolved","forceScreenshot":false,"multiplier":1,"p95Ms":18}
[INFO] [Render:trace] {"renderJobId":"0012b891-09aa-47e4-82dd-9277942e866a","phase":"worker_resolution","status":"checkpoint","elapsedMs":2478,"message":"resolved","workerCount":5}
[INFO] [Render] Fast capture: default-on drawElement disabled for this render — parallel capture has no runtime self-verification. Set PRODUCER_EXPERIMENTAL_FAST_CAPTURE=true to override. {"renderJobId":"0012b891-09aa-47e4-82dd-9277942e866a"}
[INFO] streaming-encode gate {"renderJobId":"0012b891-09aa-47e4-82dd-9277942e866a","enabled":false,"configFlag":true,"outputFormat":"mp4","workerCount":5,"durationSeconds":10.208333333333334,"maxDurationSeconds":240}
[INFO] [Render:trace] {"renderJobId":"0012b891-09aa-47e4-82dd-9277942e866a","phase":"capture_strategy","status":"checkpoint","elapsedMs":2478,"message":"resolved","workerCount":5,"forceScreenshot":false,"captureBeyondViewport":null,"useStreamingEncode":false,"useLayeredComposite":false,"usePageSideCompositing":false,"hasHdrContent":false,"hasShaderTransitions":false,"isPngSequence":false}
[INFO] [Render:trace] {"renderJobId":"0012b891-09aa-47e4-82dd-9277942e866a","phase":"capture_disk","status":"start","elapsedMs":2478,"stagePhase":"capturing","needsAlpha":false,"workerCount":5,"forceScreenshot":false,"totalFrames":245,"framesCompleted":0,"captureMode":"beginframe","captureOperation":"beginFrame"}
[INFO] [Render:trace] {"renderJobId":"0012b891-09aa-47e4-82dd-9277942e866a","phase":"capture_disk","status":"end","elapsedMs":5339,"durationMs":2861,"stagePhase":"capturing","needsAlpha":false,"workerCount":5,"forceScreenshot":false,"totalFrames":245,"framesCompleted":245,"captureMode":"beginframe","captureOperation":"encode"}
[INFO] [Render:trace] {"renderJobId":"0012b891-09aa-47e4-82dd-9277942e866a","phase":"encode","status":"start","elapsedMs":5340,"stagePhase":"capturing","hasAudio":true,"isPngSequence":false,"isGif":false,"chunkedEncode":false,"workerCount":5,"forceScreenshot":false,"totalFrames":245,"framesCompleted":245,"captureMode":"beginframe","captureOperation":"encode"}
[INFO] [Render:trace] {"renderJobId":"0012b891-09aa-47e4-82dd-9277942e866a","phase":"encode","status":"end","elapsedMs":5721,"durationMs":381,"stagePhase":"capturing","hasAudio":true,"isPngSequence":false,"isGif":false,"chunkedEncode":false,"workerCount":5,"forceScreenshot":false,"totalFrames":245,"framesCompleted":245,"captureMode":"beginframe","captureOperation":"encode"}
[INFO] [Render:trace] {"renderJobId":"0012b891-09aa-47e4-82dd-9277942e866a","phase":"assemble","status":"start","elapsedMs":5722,"stagePhase":"capturing","hasAudio":true,"workerCount":5,"forceScreenshot":false,"totalFrames":245,"framesCompleted":245,"captureMode":"beginframe","captureOperation":"encode"}
[INFO] [Render:trace] {"renderJobId":"0012b891-09aa-47e4-82dd-9277942e866a","phase":"assemble","status":"end","elapsedMs":6024,"durationMs":302,"stagePhase":"capturing","hasAudio":true,"workerCount":5,"forceScreenshot":false,"totalFrames":245,"framesCompleted":245,"captureMode":"beginframe","captureOperation":"encode"}
[INFO] [Render:trace] {"renderJobId":"0012b891-09aa-47e4-82dd-9277942e866a","phase":"pipeline","status":"checkpoint","elapsedMs":6045,"message":"artifact validated","totalElapsedMs":6044}
