Input #0, mov,mp4,m4a,3gp,3g2,mj2, from 'blueprint-cinema/experiments/EP006-POLISH-002-coverage-first-return-loop/delivery/EP006_POLISH_002_COVERAGE_FIRST_RETURN_LOOP_REVIEW.mp4':
  Metadata:
    major_brand     : isom
    minor_version   : 512
    compatible_brands: isomiso2avc1mp41
    creation_time   : 2026-08-21T12:59:21.000000Z
    encoder         : Blackmagic Design DaVinci Resolve
  Duration: 00:00:30.46, start: 0.000000, bitrate: 18308 kb/s
  Stream #0:0[0x1](und): Video: h264 (High) (avc1 / 0x31637661), yuv420p(tv, bt709/bt709/unknown, progressive), 1920x1080, 18021 kb/s, SAR 1:1 DAR 16:9, 30 fps, 30 tbr, 15360 tbn (default)
    Metadata:
      creation_time   : 2026-08-21T12:59:21.000000Z
      handler_name    : VideoHandler
      encoder         : H.264
      timecode        : 01:00:00:00
  Stream #0:1[0x2](und): Audio: aac (LC) (mp4a / 0x6134706D), 48000 Hz, stereo, fltp, 320 kb/s (default)
    Metadata:
      creation_time   : 2026-08-21T12:59:21.000000Z
      handler_name    : SoundHandler
  Stream #0:2[0x3](eng): Data: none (tmcd / 0x64636D74), 0 kb/s (default)
    Metadata:
      creation_time   : 2026-08-21T12:59:21.000000Z
      handler_name    : TimeCodeHandler
      timecode        : 01:00:00:00
Stream mapping:
  Stream #0:0 -> #0:0 (h264 (native) -> wrapped_avframe (native))
  Stream #0:1 -> #0:1 (aac (native) -> pcm_s16le (native))
Press [q] to stop, [?] for help
[Parsed_ebur128_0 @ 0xafac71980] t: 0.0999792  TARGET:-23 LUFS    M:-120.7 S:-120.7     I: -70.0 LUFS       LRA:   0.0 LU  FTPK:  -2.5  -2.5 dBFS  TPK:  -2.5  -2.5 dBFS
[Parsed_ebur128_0 @ 0xafac71980] t: 0.199979   TARGET:-23 LUFS    M:-120.7 S:-120.7     I: -70.0 LUFS       LRA:   0.0 LU  FTPK:  -2.5  -2.5 dBFS  TPK:  -2.5  -2.5 dBFS
[Parsed_ebur128_0 @ 0xafac71980] t: 0.299979   TARGET:-23 LUFS    M:-120.7 S:-120.7     I: -70.0 LUFS       LRA:   0.0 LU  FTPK:  -2.5  -2.5 dBFS  TPK:  -2.5  -2.5 dBFS
[Parsed_ebur128_0 @ 0xafac71980] t: 0.399979   TARGET:-23 LUFS    M: -11.6 S:-120.7     I: -11.6 LUFS       LRA:   0.0 LU  FTPK:  -2.5  -2.5 dBFS  TPK:  -2.5  -2.5 dBFS
[Parsed_ebur128_0 @ 0xafac71980] t: 0.499979   TARGET:-23 LUFS    M: -12.0 S:-120.7     I: -11.8 LUFS       LRA:   0.0 LU  FTPK:  -2.5  -2.5 dBFS  TPK:  -2.5  -2.5 dBFS
[Parsed_ebur128_0 @ 0xafac71980] t: 0.599979   TARGET:-23 LUFS    M: -11.4 S:-120.7     I: -11.7 LUFS       LRA:   0.0 LU  FTPK:  -2.5  -2.5 dBFS  TPK:  -2.5  -2.5 dBFS
[Parsed_ebur128_0 @ 0xafac71980] t: 0.699979   TARGET:-23 LUFS    M: -12.1 S:-120.7     I: -11.7 LUFS       LRA:   0.0 LU  FTPK:  -7.0  -7.0 dBFS  TPK:  -2.5  -2.5 dBFS
[Parsed_ebur128_0 @ 0xafac71980] t: 0.799979   TARGET:-23 LUFS    M: -13.4 S:-120.7     I: -12.0 LUFS       LRA:   0.0 LU  FTPK:  -2.5  -2.5 dBFS  TPK:  -2.5  -2.5 dBFS
[Parsed_ebur128_0 @ 0xafac71980] t: 0.899979   TARGET:-23 LUFS    M: -13.0 S:-120.7     I: -12.2 LUFS       LRA:   0.0 LU  FTPK:  -2.5  -2.5 dBFS  TPK:  -2.5  -2.5 dBFS
[Parsed_ebur128_0 @ 0xafac71980] t: 0.999979   TARGET:-23 LUFS    M: -15.0 S:-120.7     I: -12.5 LUFS       LRA:   0.0 LU  FTPK:  -5.3  -5.3 dBFS  TPK:  -2.5  -2.5 dBFS
[Parsed_ebur128_0 @ 0xafac71980] t: 1.099979   TARGET:-23 LUFS    M: -12.9 S:-120.7     I: -12.5 LUFS       LRA:   0.0 LU  FTPK:  -2.5  -2.5 dBFS  TPK:  -2.5  -2.5 dBFS
[Parsed_ebur128_0 @ 0xafac71980] t: 1.199979   TARGET:-23 LUFS    M: -13.1 S:-120.7     I: -12.6 LUFS       LRA:   0.0 LU  FTPK:  -5.1  -5.1 dBFS  TPK:  -2.5  -2.5 dBFS
Output #0, null, to 'pipe:':
  Metadata:
    major_brand     : isom
    minor_version   : 512
    compatible_brands: isomiso2avc1mp41
    encoder         : Lavf62.12.101
  Stream #0:0(und): Video: wrapped_avframe, yuv420p(tv, bt709/bt709/unknown, progressive), 1920x1080 [SAR 1:1 DAR 16:9], q=2-31, 200 kb/s, 30 fps, 30 tbn (default)
    Metadata:
      encoder         : Lavc62.28.101 wrapped_avframe
      creation_time   : 2026-08-21T12:59:21.000000Z
      handler_name    : VideoHandler
      timecode        : 01:00:00:00
  Stream #0:1(und): Audio: pcm_s16le, 48000 Hz, stereo, s16, 1536 kb/s (default)
    Metadata:
      encoder         : Lavc62.28.101 pcm_s16le
      creation_time   : 2026-08-21T12:59:21.000000Z
      handler_name    : SoundHandler
[Parsed_ebur128_0 @ 0xafac71980] t: 1.299979   TARGET:-23 LUFS    M: -13.3 S:-120.7     I: -12.7 LUFS       LRA:   0.0 LU  FTPK:  -7.4  -7.4 dBFS  TPK:  -2.5  -2.5 dBFS
[Parsed_ebur128_0 @ 0xafac71980] t: 1.399979   TARGET:-23 LUFS    M: -13.5 S:-120.7     I: -12.7 LUFS       LRA:   0.0 LU  FTPK: -10.3 -10.3 dBFS  TPK:  -2.5  -2.5 dBFS
[Parsed_ebur128_0 @ 0xafac71980] t: 1.499979   TARGET:-23 LUFS    M: -13.8 S:-120.7     I: -12.8 LUFS       LRA:   0.0 LU  FTPK:  -2.5  -2.5 dBFS  TPK:  -2.5  -2.5 dBFS
[Parsed_ebur128_0 @ 0xafac71980] t: 1.599979   TARGET:-23 LUFS    M: -11.9 S:-120.7     I: -12.8 LUFS       LRA:   0.0 LU  FTPK:  -2.5  -2.5 dBFS  TPK:  -2.5  -2.5 dBFS
[Parsed_ebur128_0 @ 0xafac71980] t: 1.699979   TARGET:-23 LUFS    M: -12.1 S:-120.7     I: -12.7 LUFS       LRA:   0.0 LU  FTPK:  -5.9  -5.9 dBFS  TPK:  -2.5  -2.5 dBFS
[Parsed_ebur128_0 @ 0xafac71980] t: 1.799979   TARGET:-23 LUFS    M: -10.6 S:-120.7     I: -12.5 LUFS       LRA:   0.0 LU  FTPK:  -2.5  -2.5 dBFS  TPK:  -2.5  -2.5 dBFS
[Parsed_ebur128_0 @ 0xafac71980] t: 1.899979   TARGET:-23 LUFS    M: -11.1 S:-120.7     I: -12.4 LUFS       LRA:   0.0 LU  FTPK:  -2.5  -2.5 dBFS  TPK:  -2.5  -2.5 dBFS
[Parsed_ebur128_0 @ 0xafac71980] t: 1.999979   TARGET:-23 LUFS    M: -13.1 S:-120.7     I: -12.5 LUFS       LRA:   0.0 LU  FTPK:  -8.7  -8.7 dBFS  TPK:  -2.5  -2.5 dBFS
[Parsed_ebur128_0 @ 0xafac71980] t: 2.099979   TARGET:-23 LUFS    M: -13.7 S:-120.7     I: -12.5 LUFS       LRA:   0.0 LU  FTPK: -12.9 -12.9 dBFS  TPK:  -2.5  -2.5 dBFS
[Parsed_ebur128_0 @ 0xafac71980] t: 2.199979   TARGET:-23 LUFS    M: -18.1 S:-120.7     I: -12.7 LUFS       LRA:   0.0 LU  FTPK: -16.5 -16.5 dBFS  TPK:  -2.5  -2.5 dBFS
[Parsed_ebur128_0 @ 0xafac71980] t: 2.299979   TARGET:-23 LUFS    M: -21.3 S:-120.7     I: -12.9 LUFS       LRA:   0.0 LU  FTPK: -25.7 -25.7 dBFS  TPK:  -2.5  -2.5 dBFS
[Parsed_ebur128_0 @ 0xafac71980] t: 2.399979   TARGET:-23 LUFS    M: -25.9 S:-120.7     I: -12.9 LUFS       LRA:   0.0 LU  FTPK: -33.5 -33.5 dBFS  TPK:  -2.5  -2.5 dBFS
[Parsed_ebur128_0 @ 0xafac71980] t: 2.499979   TARGET:-23 LUFS    M: -31.2 S:-120.7     I: -12.9 LUFS       LRA:   0.0 LU  FTPK: -43.8 -43.8 dBFS  TPK:  -2.5  -2.5 dBFS
[Parsed_ebur128_0 @ 0xafac71980] t: 2.599979   TARGET:-23 LUFS    M: -41.0 S:-120.7     I: -12.9 LUFS       LRA:   0.0 LU  FTPK: -42.9 -42.9 dBFS  TPK:  -2.5  -2.5 dBFS
[Parsed_ebur128_0 @ 0xafac71980] t: 2.699979   TARGET:-23 LUFS    M: -46.5 S:-120.7     I: -12.9 LUFS       LRA:   0.0 LU  FTPK: -35.1 -35.1 dBFS  TPK:  -2.5  -2.5 dBFS
[Parsed_ebur128_0 @ 0xafac71980] t: 2.799979   TARGET:-23 LUFS    M: -42.3 S:-120.7     I: -12.9 LUFS       LRA:   0.0 LU  FTPK: -29.3 -29.3 dBFS  TPK:  -2.5  -2.5 dBFS
[Parsed_ebur128_0 @ 0xafac71980] t: 2.899979   TARGET:-23 LUFS    M: -37.6 S:-120.7     I: -12.9 LUFS       LRA:   0.0 LU  FTPK: -20.0 -20.0 dBFS  TPK:  -2.5  -2.5 dBFS
[Parsed_ebur128_0 @ 0xafac71980] t: 2.999979   TARGET:-23 LUFS    M: -36.7 S: -14.3     I: -12.9 LUFS       LRA:  20.0 LU  FTPK: -21.9 -21.9 dBFS  TPK:  -2.5  -2.5 dBFS
[Parsed_ebur128_0 @ 0xafac71980] t: 3.099979   TARGET:-23 LUFS    M: -18.8 S: -14.3     I: -13.0 LUFS       LRA:  20.0 LU  FTPK:  -2.5  -2.5 dBFS  TPK:  -2.5  -2.5 dBFS
[Parsed_ebur128_0 @ 0xafac71980] t: 3.199979   TARGET:-23 LUFS    M: -18.5 S: -14.5     I: -13.2 LUFS       LRA:  20.1 LU  FTPK: -19.5 -19.5 dBFS  TPK:  -2.5  -2.5 dBFS
[Parsed_ebur128_0 @ 0xafac71980] t: 3.299979   TARGET:-23 LUFS    M: -15.3 S: -14.5     I: -13.3 LUFS       LRA:  20.1 LU  FTPK:  -2.5  -2.5 dBFS  TPK:  -2.5  -2.5 dBFS
[Parsed_ebur128_0 @ 0xafac71980] t: 3.399979   TARGET:-23 LUFS    M: -12.6 S: -14.5     I: -13.2 LUFS       LRA:   0.2 LU  FTPK:  -3.0  -3.0 dBFS  TPK:  -2.5  -2.5 dBFS
[Parsed_ebur128_0 @ 0xafac71980] t: 3.499979   TARGET:-23 LUFS    M: -12.4 S: -14.4     I: -13.2 LUFS       LRA:   0.2 LU  FTPK:  -5.6  -5.6 dBFS  TPK:  -2.5  -2.5 dBFS
[Parsed_ebur128_0 @ 0xafac71980] t: 3.599979   TARGET:-23 LUFS    M: -12.0 S: -14.7     I: -13.1 LUFS       LRA:   0.4 LU  FTPK:  -9.2  -9.2 dBFS  TPK:  -2.5  -2.5 dBFS
[Parsed_ebur128_0 @ 0xafac71980] t: 3.699979   TARGET:-23 LUFS    M: -12.3 S: -14.5     I: -13.1 LUFS       LRA:   0.4 LU  FTPK:  -7.7  -7.7 dBFS  TPK:  -2.5  -2.5 dBFS
[Parsed_ebur128_0 @ 0xafac71980] t: 3.799979   TARGET:-23 LUFS    M: -13.8 S: -14.6     I: -13.1 LUFS       LRA:   0.4 LU  FTPK:  -2.5  -2.5 dBFS  TPK:  -2.5  -2.5 dBFS
[Parsed_ebur128_0 @ 0xafac71980] t: 3.899979   TARGET:-23 LUFS    M: -14.4 S: -14.6     I: -13.2 LUFS       LRA:   0.4 LU  FTPK:  -6.7  -6.7 dBFS  TPK:  -2.5  -2.5 dBFS
[Parsed_ebur128_0 @ 0xafac71980] t: 3.999979   TARGET:-23 LUFS    M: -14.0 S: -14.5     I: -13.2 LUFS       LRA:   0.3 LU  FTPK:  -6.0  -6.0 dBFS  TPK:  -2.5  -2.5 dBFS
[Parsed_ebur128_0 @ 0xafac71980] t: 4.099979   TARGET:-23 LUFS    M: -14.9 S: -14.8     I: -13.2 LUFS       LRA:   0.5 LU  FTPK:  -7.1  -7.1 dBFS  TPK:  -2.5  -2.5 dBFS
[Parsed_ebur128_0 @ 0xafac71980] t: 4.199979   TARGET:-23 LUFS    M: -15.7 S: -15.0     I: -13.3 LUFS       LRA:   0.6 LU  FTPK:  -3.8  -3.8 dBFS  TPK:  -2.5  -2.5 dBFS
[Parsed_ebur128_0 @ 0xafac71980] t: 4.299979   TARGET:-23 LUFS    M: -13.8 S: -14.7     I: -13.3 LUFS       LRA:   0.6 LU  FTPK:  -2.5  -2.5 dBFS  TPK:  -2.5  -2.5 dBFS
[Parsed_ebur128_0 @ 0xafac71980] t: 4.399979   TARGET:-23 LUFS    M: -12.4 S: -14.3     I: -13.3 LUFS       LRA:   0.5 LU  FTPK:  -4.9  -4.9 dBFS  TPK:  -2.5  -2.5 dBFS
[Parsed_ebur128_0 @ 0xafac71980] t: 4.499979   TARGET:-23 LUFS    M: -12.6 S: -14.6     I: -13.3 LUFS       LRA:   0.5 LU  FTPK:  -9.8  -9.8 dBFS  TPK:  -2.5  -2.5 dBFS
[Parsed_ebur128_0 @ 0xafac71980] t: 4.599979   TARGET:-23 LUFS    M: -11.4 S: -14.8     I: -13.2 LUFS       LRA:   0.5 LU  FTPK:  -2.5  -2.5 dBFS  TPK:  -2.5  -2.5 dBFS
[Parsed_ebur128_0 @ 0xafac71980] t: 4.699979   TARGET:-23 LUFS    M: -10.6 S: -14.3     I: -13.1 LUFS       LRA:   0.5 LU  FTPK:  -2.5  -2.5 dBFS  TPK:  -2.5  -2.5 dBFS
[Parsed_ebur128_0 @ 0xafac71980] t: 4.799979   TARGET:-23 LUFS    M: -11.4 S: -14.6     I: -13.1 LUFS       LRA:   0.5 LU  FTPK:  -2.8  -2.8 dBFS  TPK:  -2.5  -2.5 dBFS
[Parsed_ebur128_0 @ 0xafac71980] t: 4.899979   TARGET:-23 LUFS    M: -10.9 S: -14.5     I: -13.0 LUFS       LRA:   0.5 LU  FTPK:  -5.6  -5.6 dBFS  TPK:  -2.5  -2.5 dBFS
[Parsed_ebur128_0 @ 0xafac71980] t: 4.999979   TARGET:-23 LUFS    M: -11.8 S: -14.5     I: -12.9 LUFS       LRA:   0.5 LU  FTPK:  -6.0  -6.0 dBFS  TPK:  -2.5  -2.5 dBFS
[Parsed_ebur128_0 @ 0xafac71980] t: 5.099979   TARGET:-23 LUFS    M: -14.4 S: -14.4     I: -13.0 LUFS       LRA:   0.5 LU  FTPK:  -5.6  -5.6 dBFS  TPK:  -2.5  -2.5 dBFS
[Parsed_ebur128_0 @ 0xafac71980] t: 5.199979   TARGET:-23 LUFS    M: -12.8 S: -14.0     I: -13.0 LUFS       LRA:   0.5 LU  FTPK:  -2.5  -2.5 dBFS  TPK:  -2.5  -2.5 dBFS
[Parsed_ebur128_0 @ 0xafac71980] t: 5.299979   TARGET:-23 LUFS    M: -12.0 S: -13.7     I: -12.9 LUFS       LRA:   0.8 LU  FTPK:  -2.5  -2.5 dBFS  TPK:  -2.5  -2.5 dBFS
[Parsed_ebur128_0 @ 0xafac71980] t: 5.399979   TARGET:-23 LUFS    M: -12.1 S: -13.6     I: -12.9 LUFS       LRA:   1.1 LU  FTPK:  -6.6  -6.6 dBFS  TPK:  -2.5  -2.5 dBFS
[Parsed_ebur128_0 @ 0xafac71980] t: 5.499979   TARGET:-23 LUFS    M: -12.7 S: -13.6     I: -12.9 LUFS       LRA:   1.2 LU  FTPK: -13.7 -13.7 dBFS  TPK:  -2.5  -2.5 dBFS
[Parsed_ebur128_0 @ 0xafac71980] t: 5.599979   TARGET:-23 LUFS    M: -15.7 S: -13.6     I: -13.0 LUFS       LRA:   1.2 LU  FTPK: -20.2 -20.2 dBFS  TPK:  -2.5  -2.5 dBFS
[Parsed_ebur128_0 @ 0xafac71980] t: 5.699979   TARGET:-23 LUFS    M: -22.4 S: -13.6     I: -13.0 LUFS       LRA:   1.2 LU  FTPK: -36.7 -36.7 dBFS  TPK:  -2.5  -2.5 dBFS
[Parsed_ebur128_0 @ 0xafac71980] t: 5.799979   TARGET:-23 LUFS    M: -28.8 S: -13.6     I: -13.0 LUFS       LRA:   1.2 LU  FTPK: -45.1 -45.1 dBFS  TPK:  -2.5  -2.5 dBFS
[Parsed_ebur128_0 @ 0xafac71980] t: 5.899979   TARGET:-23 LUFS    M: -37.5 S: -13.6     I: -13.0 LUFS       LRA:   1.2 LU  FTPK: -41.8 -41.8 dBFS  TPK:  -2.5  -2.5 dBFS
[Parsed_ebur128_0 @ 0xafac71980] t: 5.999979   TARGET:-23 LUFS    M: -48.1 S: -13.6     I: -13.0 LUFS       LRA:   1.2 LU  FTPK: -36.4 -36.4 dBFS  TPK:  -2.5  -2.5 dBFS
[Parsed_ebur128_0 @ 0xafac71980] t: 6.099979   TARGET:-23 LUFS    M: -46.0 S: -13.8     I: -13.0 LUFS       LRA:   1.2 LU  FTPK: -34.0 -34.0 dBFS  TPK:  -2.5  -2.5 dBFS
[Parsed_ebur128_0 @ 0xafac71980] t: 6.199979   TARGET:-23 LUFS    M: -44.0 S: -13.8     I: -13.0 LUFS       LRA:   1.2 LU  FTPK: -34.0 -34.0 dBFS  TPK:  -2.5  -2.5 dBFS
[Parsed_ebur128_0 @ 0xafac71980] t: 6.299979   TARGET:-23 LUFS    M: -43.4 S: -14.0     I: -13.0 LUFS       LRA:   1.2 LU  FTPK: -35.2 -35.2 dBFS  TPK:  -2.5  -2.5 dBFS
[Parsed_ebur128_0 @ 0xafac71980] t: 6.399979   TARGET:-23 LUFS    M: -23.6 S: -14.4     I: -13.1 LUFS       LRA:   1.1 LU  FTPK:  -2.4  -2.4 dBFS  TPK:  -2.4  -2.4 dBFS
[Parsed_ebur128_0 @ 0xafac71980] t: 6.499979   TARGET:-23 LUFS    M: -18.7 S: -14.5     I: -13.2 LUFS       LRA:   1.1 LU  FTPK:  -2.5  -2.5 dBFS  TPK:  -2.4  -2.4 dBFS
[Parsed_ebur128_0 @ 0xafac71980] t: 6.599979   TARGET:-23 LUFS    M: -17.7 S: -14.5     I: -13.3 LUFS       LRA:   1.1 LU  FTPK:  -6.9  -6.9 dBFS  TPK:  -2.4  -2.4 dBFS
[Parsed_ebur128_0 @ 0xafac71980] t: 6.699979   TARGET:-23 LUFS    M: -14.6 S: -14.4     I: -13.3 LUFS       LRA:   1.1 LU  FTPK:  -2.5  -2.5 dBFS  TPK:  -2.4  -2.4 dBFS
[Parsed_ebur128_0 @ 0xafac71980] t: 6.799979   TARGET:-23 LUFS    M: -13.3 S: -14.3     I: -13.3 LUFS       LRA:   1.1 LU  FTPK:  -2.6  -2.6 dBFS  TPK:  -2.4  -2.4 dBFS
[Parsed_ebur128_0 @ 0xafac71980] t: 6.899979   TARGET:-23 LUFS    M: -13.1 S: -14.3     I: -13.3 LUFS       LRA:   1.1 LU  FTPK:  -2.5  -2.5 dBFS  TPK:  -2.4  -2.4 dBFS
[Parsed_ebur128_0 @ 0xafac71980] t: 6.999979   TARGET:-23 LUFS    M: -13.0 S: -14.3     I: -13.3 LUFS       LRA:   1.1 LU  FTPK:  -2.5  -2.5 dBFS  TPK:  -2.4  -2.4 dBFS
[Parsed_ebur128_0 @ 0xafac71980] t: 7.099979   TARGET:-23 LUFS    M: -13.8 S: -14.3     I: -13.3 LUFS       LRA:   1.1 LU  FTPK:  -6.6  -6.6 dBFS  TPK:  -2.4  -2.4 dBFS
[Parsed_ebur128_0 @ 0xafac71980] t: 7.199979   TARGET:-23 LUFS    M: -15.1 S: -14.2     I: -13.3 LUFS       LRA:   1.1 LU  FTPK:  -3.7  -3.7 dBFS  TPK:  -2.4  -2.4 dBFS
[Parsed_ebur128_0 @ 0xafac71980] t: 7.299979   TARGET:-23 LUFS    M: -17.0 S: -14.6     I: -13.3 LUFS       LRA:   1.1 LU  FTPK: -25.3 -25.3 dBFS  TPK:  -2.4  -2.4 dBFS
[Parsed_ebur128_0 @ 0xafac71980] t: 7.399979   TARGET:-23 LUFS    M: -18.2 S: -15.1     I: -13.4 LUFS       LRA:   1.1 LU  FTPK: -27.4 -27.4 dBFS  TPK:  -2.4  -2.4 dBFS
[Parsed_ebur128_0 @ 0xafac71980] t: 7.499979   TARGET:-23 LUFS    M: -21.9 S: -15.1     I: -13.5 LUFS       LRA:   1.2 LU  FTPK: -14.2 -14.2 dBFS  TPK:  -2.4  -2.4 dBFS
[Parsed_ebur128_0 @ 0xafac71980] t: 7.599979   TARGET:-23 LUFS    M: -19.9 S: -15.3     I: -13.5 LUFS       LRA:   1.2 LU  FTPK:  -2.5  -2.5 dBFS  TPK:  -2.4  -2.4 dBFS
[Parsed_ebur128_0 @ 0xafac71980] t: 7.699979   TARGET:-23 LUFS    M: -14.9 S: -15.7     I: -13.5 LUFS       LRA:   1.4 LU  FTPK:  -2.5  -2.5 dBFS  TPK:  -2.4  -2.4 dBFS
[Parsed_ebur128_0 @ 0xafac71980] t: 7.799979   TARGET:-23 LUFS    M: -14.0 S: -15.7     I: -13.5 LUFS       LRA:   1.5 LU  FTPK:  -5.7  -5.7 dBFS  TPK:  -2.4  -2.4 dBFS
[Parsed_ebur128_0 @ 0xafac71980] t: 7.899979   TARGET:-23 LUFS    M: -12.3 S: -15.5     I: -13.5 LUFS       LRA:   1.5 LU  FTPK:  -2.5  -2.5 dBFS  TPK:  -2.4  -2.4 dBFS
[Parsed_ebur128_0 @ 0xafac71980] t: 7.999979   TARGET:-23 LUFS    M: -11.5 S: -15.2     I: -13.5 LUFS       LRA:   1.6 LU  FTPK:  -2.5  -2.5 dBFS  TPK:  -2.4  -2.4 dBFS
[Parsed_ebur128_0 @ 0xafac71980] t: 8.099979   TARGET:-23 LUFS    M: -12.9 S: -15.3     I: -13.5 LUFS       LRA:   1.7 LU  FTPK:  -5.4  -5.4 dBFS  TPK:  -2.4  -2.4 dBFS
[Parsed_ebur128_0 @ 0xafac71980] t: 8.199979   TARGET:-23 LUFS    M: -11.6 S: -15.4     I: -13.4 LUFS       LRA:   1.7 LU  FTPK:  -2.5  -2.5 dBFS  TPK:  -2.4  -2.4 dBFS
[Parsed_ebur128_0 @ 0xafac71980] t: 8.299979   TARGET:-23 LUFS    M: -11.7 S: -15.4     I: -13.4 LUFS       LRA:   1.8 LU  FTPK:  -4.9  -4.9 dBFS  TPK:  -2.4  -2.4 dBFS
[Parsed_ebur128_0 @ 0xafac71980] t: 8.399979   TARGET:-23 LUFS    M: -13.0 S: -15.4     I: -13.4 LUFS       LRA:   1.8 LU  FTPK:  -7.5  -7.5 dBFS  TPK:  -2.4  -2.4 dBFS
[Parsed_ebur128_0 @ 0xafac71980] t: 8.499979   TARGET:-23 LUFS    M: -12.0 S: -15.2     I: -13.4 LUFS       LRA:   1.8 LU  FTPK:  -2.5  -2.5 dBFS  TPK:  -2.4  -2.4 dBFS
[Parsed_ebur128_0 @ 0xafac71980] t: 8.599979   TARGET:-23 LUFS    M: -12.3 S: -14.8     I: -13.4 LUFS       LRA:   1.8 LU  FTPK:  -5.2  -5.2 dBFS  TPK:  -2.4  -2.4 dBFS
[Parsed_ebur128_0 @ 0xafac71980] t: 8.699979   TARGET:-23 LUFS    M: -12.4 S: -14.5     I: -13.3 LUFS       LRA:   1.8 LU  FTPK:  -6.0  -6.0 dBFS  TPK:  -2.4  -2.4 dBFS
[Parsed_ebur128_0 @ 0xafac71980] t: 8.799979   TARGET:-23 LUFS    M: -11.6 S: -14.2     I: -13.3 LUFS       LRA:   1.8 LU  FTPK:  -6.0  -6.0 dBFS  TPK:  -2.4  -2.4 dBFS
[Parsed_ebur128_0 @ 0xafac71980] t: 8.899979   TARGET:-23 LUFS    M: -11.7 S: -14.0     I: -13.3 LUFS       LRA:   1.8 LU  FTPK:  -4.5  -4.5 dBFS  TPK:  -2.4  -2.4 dBFS
[Parsed_ebur128_0 @ 0xafac71980] t: 8.999979   TARGET:-23 LUFS    M: -12.4 S: -13.9     I: -13.3 LUFS       LRA:   1.8 LU  FTPK:  -6.5  -6.5 dBFS  TPK:  -2.4  -2.4 dBFS
[Parsed_ebur128_0 @ 0xafac71980] t: 9.099979   TARGET:-23 LUFS    M: -13.0 S: -13.8     I: -13.3 LUFS       LRA:   1.8 LU  FTPK:  -7.8  -7.8 dBFS  TPK:  -2.4  -2.4 dBFS
[Parsed_ebur128_0 @ 0xafac71980] t: 9.199979   TARGET:-23 LUFS    M: -13.3 S: -13.6     I: -13.3 LUFS       LRA:   1.8 LU  FTPK:  -2.5  -2.5 dBFS  TPK:  -2.4  -2.4 dBFS
[Parsed_ebur128_0 @ 0xafac71980] t: 9.299979   TARGET:-23 LUFS    M: -13.7 S: -13.5     I: -13.3 LUFS       LRA:   1.8 LU  FTPK:  -8.4  -8.4 dBFS  TPK:  -2.4  -2.4 dBFS
[Parsed_ebur128_0 @ 0xafac71980] t: 9.399979   TARGET:-23 LUFS    M: -14.9 S: -13.5     I: -13.3 LUFS       LRA:   1.7 LU  FTPK: -10.9 -10.9 dBFS  TPK:  -2.4  -2.4 dBFS
[Parsed_ebur128_0 @ 0xafac71980] t: 9.499979   TARGET:-23 LUFS    M: -14.8 S: -13.5     I: -13.3 LUFS       LRA:   1.8 LU  FTPK:  -2.5  -2.5 dBFS  TPK:  -2.4  -2.4 dBFS
[Parsed_ebur128_0 @ 0xafac71980] t: 9.599979   TARGET:-23 LUFS    M: -15.4 S: -13.4     I: -13.3 LUFS       LRA:   1.9 LU  FTPK:  -2.5  -2.5 dBFS  TPK:  -2.4  -2.4 dBFS
[Parsed_ebur128_0 @ 0xafac71980] t: 9.699979   TARGET:-23 LUFS    M: -16.9 S: -13.6     I: -13.4 LUFS       LRA:   1.9 LU  FTPK: -25.1 -25.1 dBFS  TPK:  -2.4  -2.4 dBFS
[Parsed_ebur128_0 @ 0xafac71980] t: 9.799979   TARGET:-23 LUFS    M: -14.4 S: -13.6     I: -13.4 LUFS       LRA:   1.9 LU  FTPK:  -6.5  -6.5 dBFS  TPK:  -2.4  -2.4 dBFS
[Parsed_ebur128_0 @ 0xafac71980] t: 9.899979   TARGET:-23 LUFS    M: -14.8 S: -13.7     I: -13.4 LUFS       LRA:   1.9 LU  FTPK:  -9.6  -9.6 dBFS  TPK:  -2.4  -2.4 dBFS
[Parsed_ebur128_0 @ 0xafac71980] t: 9.999979   TARGET:-23 LUFS    M: -16.3 S: -13.8     I: -13.4 LUFS       LRA:   1.8 LU  FTPK: -25.0 -25.0 dBFS  TPK:  -2.4  -2.4 dBFS
[Parsed_ebur128_0 @ 0xafac71980] t: 10.099979  TARGET:-23 LUFS    M: -16.3 S: -13.9     I: -13.4 LUFS       LRA:   1.8 LU  FTPK: -38.9 -38.9 dBFS  TPK:  -2.4  -2.4 dBFS
[Parsed_ebur128_0 @ 0xafac71980] t: 10.199979  TARGET:-23 LUFS    M: -22.9 S: -14.0     I: -13.5 LUFS       LRA:   1.8 LU  FTPK: -34.4 -34.4 dBFS  TPK:  -2.4  -2.4 dBFS
[Parsed_ebur128_0 @ 0xafac71980] t: 10.299979  TARGET:-23 LUFS    M: -41.5 S: -14.0     I: -13.5 LUFS       LRA:   1.8 LU  FTPK: -32.5 -32.5 dBFS  TPK:  -2.4  -2.4 dBFS
[Parsed_ebur128_0 @ 0xafac71980] t: 10.399979  TARGET:-23 LUFS    M: -41.7 S: -14.0     I: -13.5 LUFS       LRA:   1.7 LU  FTPK: -33.3 -33.3 dBFS  TPK:  -2.4  -2.4 dBFS
[Parsed_ebur128_0 @ 0xafac71980] t: 10.499979  TARGET:-23 LUFS    M: -41.0 S: -14.0     I: -13.5 LUFS       LRA:   1.7 LU  FTPK: -34.2 -34.2 dBFS  TPK:  -2.4  -2.4 dBFS
[Parsed_ebur128_0 @ 0xafac71980] t: 10.599979  TARGET:-23 LUFS    M: -41.5 S: -14.1     I: -13.5 LUFS       LRA:   1.7 LU  FTPK: -40.4 -40.4 dBFS  TPK:  -2.4  -2.4 dBFS
[Parsed_ebur128_0 @ 0xafac71980] t: 10.699979  TARGET:-23 LUFS    M: -16.4 S: -14.1     I: -13.5 LUFS       LRA:   1.7 LU  FTPK:  -2.5  -2.5 dBFS  TPK:  -2.4  -2.4 dBFS
[Parsed_ebur128_0 @ 0xafac71980] t: 10.799979  TARGET:-23 LUFS    M: -13.3 S: -13.9     I: -13.5 LUFS       LRA:   1.7 LU  FTPK:  -5.3  -5.3 dBFS  TPK:  -2.4  -2.4 dBFS
[Parsed_ebur128_0 @ 0xafac71980] t: 10.899979  TARGET:-23 LUFS    M: -11.5 S: -13.8     I: -13.5 LUFS       LRA:   1.7 LU  FTPK:  -2.5  -2.5 dBFS  TPK:  -2.4  -2.4 dBFS
[Parsed_ebur128_0 @ 0xafac71980] t: 10.999979  TARGET:-23 LUFS    M: -10.7 S: -13.9     I: -13.4 LUFS       LRA:   1.7 LU  FTPK:  -7.1  -7.1 dBFS  TPK:  -2.4  -2.4 dBFS
[Parsed_ebur128_0 @ 0xafac71980] t: 11.099979  TARGET:-23 LUFS    M: -10.1 S: -13.5     I: -13.4 LUFS       LRA:   1.8 LU  FTPK:  -2.5  -2.5 dBFS  TPK:  -2.4  -2.4 dBFS
[Parsed_ebur128_0 @ 0xafac71980] t: 11.199979  TARGET:-23 LUFS    M: -10.4 S: -13.6     I: -13.3 LUFS       LRA:   1.8 LU  FTPK:  -3.3  -3.3 dBFS  TPK:  -2.4  -2.4 dBFS
[Parsed_ebur128_0 @ 0xafac71980] t: 11.299979  TARGET:-23 LUFS    M: -11.5 S: -13.8     I: -13.3 LUFS       LRA:   1.8 LU  FTPK:  -6.6  -6.6 dBFS  TPK:  -2.4  -2.4 dBFS
[Parsed_ebur128_0 @ 0xafac71980] t: 11.399979  TARGET:-23 LUFS    M: -11.3 S: -13.6     I: -13.3 LUFS       LRA:   1.7 LU  FTPK:  -2.5  -2.5 dBFS  TPK:  -2.4  -2.4 dBFS
[Parsed_ebur128_0 @ 0xafac71980] t: 11.499979  TARGET:-23 LUFS    M: -14.1 S: -13.8     I: -13.3 LUFS       LRA:   1.7 LU  FTPK: -12.6 -12.6 dBFS  TPK:  -2.4  -2.4 dBFS
[Parsed_ebur128_0 @ 0xafac71980] t: 11.599979  TARGET:-23 LUFS    M: -13.7 S: -13.8     I: -13.3 LUFS       LRA:   1.7 LU  FTPK:  -2.5  -2.5 dBFS  TPK:  -2.4  -2.4 dBFS
[Parsed_ebur128_0 @ 0xafac71980] t: 11.699979  TARGET:-23 LUFS    M: -12.4 S: -13.8     I: -13.3 LUFS       LRA:   1.7 LU  FTPK:  -2.5  -2.5 dBFS  TPK:  -2.4  -2.4 dBFS
[Parsed_ebur128_0 @ 0xafac71980] t: 11.799979  TARGET:-23 LUFS    M: -12.5 S: -13.8     I: -13.3 LUFS       LRA:   1.7 LU  FTPK:  -2.5  -2.5 dBFS  TPK:  -2.4  -2.4 dBFS
[Parsed_ebur128_0 @ 0xafac71980] t: 11.899979  TARGET:-23 LUFS    M: -11.8 S: -13.8     I: -13.3 LUFS       LRA:   1.7 LU  FTPK:  -2.5  -2.5 dBFS  TPK:  -2.4  -2.4 dBFS
[Parsed_ebur128_0 @ 0xafac71980] t: 11.999979  TARGET:-23 LUFS    M: -13.0 S: -13.9     I: -13.3 LUFS       LRA:   1.6 LU  FTPK:  -2.5  -2.5 dBFS  TPK:  -2.4  -2.4 dBFS
[Parsed_ebur128_0 @ 0xafac71980] t: 12.099979  TARGET:-23 LUFS    M: -14.1 S: -13.9     I: -13.3 LUFS       LRA:   1.6 LU  FTPK:  -5.2  -5.2 dBFS  TPK:  -2.4  -2.4 dBFS
[Parsed_ebur128_0 @ 0xafac71980] t: 12.199979  TARGET:-23 LUFS    M: -16.5 S: -14.1     I: -13.3 LUFS       LRA:   1.6 LU  FTPK:  -9.0  -9.0 dBFS  TPK:  -2.4  -2.4 dBFS
[Parsed_ebur128_0 @ 0xafac71980] t: 12.299979  TARGET:-23 LUFS    M: -16.9 S: -14.1     I: -13.3 LUFS       LRA:   1.6 LU  FTPK:  -3.7  -3.7 dBFS  TPK:  -2.4  -2.4 dBFS
[Parsed_ebur128_0 @ 0xafac71980] t: 12.399979  TARGET:-23 LUFS    M: -14.2 S: -13.8     I: -13.3 LUFS       LRA:   1.6 LU  FTPK:  -2.5  -2.5 dBFS  TPK:  -2.4  -2.4 dBFS
[Parsed_ebur128_0 @ 0xafac71980] t: 12.499979  TARGET:-23 LUFS    M: -13.9 S: -13.8     I: -13.3 LUFS       LRA:   1.6 LU  FTPK:  -3.9  -3.9 dBFS  TPK:  -2.4  -2.4 dBFS
[Parsed_ebur128_0 @ 0xafac71980] t: 12.599979  TARGET:-23 LUFS    M: -13.2 S: -13.8     I: -13.3 LUFS       LRA:   1.6 LU  FTPK:  -7.6  -7.6 dBFS  TPK:  -2.4  -2.4 dBFS
[Parsed_ebur128_0 @ 0xafac71980] t: 12.699979  TARGET:-23 LUFS    M: -13.9 S: -13.8     I: -13.3 LUFS       LRA:   1.6 LU  FTPK: -11.0 -11.0 dBFS  TPK:  -2.4  -2.4 dBFS
[Parsed_ebur128_0 @ 0xafac71980] t: 12.799979  TARGET:-23 LUFS    M: -17.2 S: -14.1     I: -13.3 LUFS       LRA:   1.6 LU  FTPK: -22.7 -22.7 dBFS  TPK:  -2.4  -2.4 dBFS
[Parsed_ebur128_0 @ 0xafac71980] t: 12.899979  TARGET:-23 LUFS    M: -20.8 S: -14.2     I: -13.4 LUFS       LRA:   1.6 LU  FTPK: -37.9 -37.9 dBFS  TPK:  -2.4  -2.4 dBFS
[Parsed_ebur128_0 @ 0xafac71980] t: 12.999979  TARGET:-23 LUFS    M: -29.3 S: -14.2     I: -13.4 LUFS       LRA:   1.6 LU  FTPK: -38.3 -38.3 dBFS  TPK:  -2.4  -2.4 dBFS
[Parsed_ebur128_0 @ 0xafac71980] t: 13.099979  TARGET:-23 LUFS    M: -40.7 S: -14.2     I: -13.4 LUFS       LRA:   1.6 LU  FTPK: -33.1 -33.1 dBFS  TPK:  -2.4  -2.4 dBFS
[Parsed_ebur128_0 @ 0xafac71980] t: 13.199979  TARGET:-23 LUFS    M: -41.5 S: -14.2     I: -13.4 LUFS       LRA:   1.6 LU  FTPK: -31.2 -31.2 dBFS  TPK:  -2.4  -2.4 dBFS
[Parsed_ebur128_0 @ 0xafac71980] t: 13.299979  TARGET:-23 LUFS    M: -40.1 S: -14.2     I: -13.4 LUFS       LRA:   1.6 LU  FTPK: -30.2 -30.2 dBFS  TPK:  -2.4  -2.4 dBFS
[Parsed_ebur128_0 @ 0xafac71980] t: 13.399979  TARGET:-23 LUFS    M: -20.2 S: -14.0     I: -13.4 LUFS       LRA:   1.5 LU  FTPK:  -2.5  -2.5 dBFS  TPK:  -2.4  -2.4 dBFS
[Parsed_ebur128_0 @ 0xafac71980] t: 13.499979  TARGET:-23 LUFS    M: -14.6 S: -13.7     I: -13.4 LUFS       LRA:   1.5 LU  FTPK:  -3.7  -3.7 dBFS  TPK:  -2.4  -2.4 dBFS
[Parsed_ebur128_0 @ 0xafac71980] t: 13.599979  TARGET:-23 LUFS    M: -14.4 S: -13.6     I: -13.4 LUFS       LRA:   1.5 LU  FTPK:  -8.7  -8.7 dBFS  TPK:  -2.4  -2.4 dBFS
[Parsed_ebur128_0 @ 0xafac71980] t: 13.699979  TARGET:-23 LUFS    M: -11.5 S: -13.5     I: -13.4 LUFS       LRA:   1.6 LU  FTPK:  -2.5  -2.5 dBFS  TPK:  -2.4  -2.4 dBFS
[Parsed_ebur128_0 @ 0xafac71980] t: 13.799979  TARGET:-23 LUFS    M: -11.7 S: -13.7     I: -13.4 LUFS       LRA:   1.6 LU  FTPK:  -6.3  -6.3 dBFS  TPK:  -2.4  -2.4 dBFS
[Parsed_ebur128_0 @ 0xafac71980] t: 13.899979  TARGET:-23 LUFS    M: -13.3 S: -14.0     I: -13.4 LUFS       LRA:   1.6 LU  FTPK:  -7.7  -7.7 dBFS  TPK:  -2.4  -2.4 dBFS
[Parsed_ebur128_0 @ 0xafac71980] t: 13.999979  TARGET:-23 LUFS    M: -12.3 S: -14.0     I: -13.4 LUFS       LRA:   1.5 LU  FTPK:  -2.5  -2.5 dBFS  TPK:  -2.4  -2.4 dBFS
[Parsed_ebur128_0 @ 0xafac71980] t: 14.099979  TARGET:-23 LUFS    M: -14.4 S: -14.4     I: -13.4 LUFS       LRA:   1.5 LU  FTPK:  -2.5  -2.5 dBFS  TPK:  -2.4  -2.4 dBFS
[Parsed_ebur128_0 @ 0xafac71980] t: 14.199979  TARGET:-23 LUFS    M: -14.0 S: -14.5     I: -13.4 LUFS       LRA:   1.5 LU  FTPK:  -6.4  -6.4 dBFS  TPK:  -2.4  -2.4 dBFS
[Parsed_ebur128_0 @ 0xafac71980] t: 14.299979  TARGET:-23 LUFS    M: -13.7 S: -14.4     I: -13.4 LUFS       LRA:   1.5 LU  FTPK:  -8.6  -8.6 dBFS  TPK:  -2.4  -2.4 dBFS
[Parsed_ebur128_0 @ 0xafac71980] t: 14.399979  TARGET:-23 LUFS    M: -14.7 S: -14.6     I: -13.4 LUFS       LRA:   1.5 LU  FTPK:  -6.4  -6.4 dBFS  TPK:  -2.4  -2.4 dBFS
[Parsed_ebur128_0 @ 0xafac71980] t: 14.499979  TARGET:-23 LUFS    M: -16.3 S: -14.6     I: -13.4 LUFS       LRA:   1.5 LU  FTPK: -13.3 -13.3 dBFS  TPK:  -2.4  -2.4 dBFS
[Parsed_ebur128_0 @ 0xafac71980] t: 14.599979  TARGET:-23 LUFS    M: -14.5 S: -14.6     I: -13.4 LUFS       LRA:   1.5 LU  FTPK:  -2.5  -2.5 dBFS  TPK:  -2.4  -2.4 dBFS
[Parsed_ebur128_0 @ 0xafac71980] t: 14.699979  TARGET:-23 LUFS    M: -13.3 S: -14.6     I: -13.4 LUFS       LRA:   1.5 LU  FTPK:  -2.7  -2.7 dBFS  TPK:  -2.4  -2.4 dBFS
[Parsed_ebur128_0 @ 0xafac71980] t: 14.799979  TARGET:-23 LUFS    M: -12.4 S: -14.6     I: -13.4 LUFS       LRA:   1.5 LU  FTPK:  -4.3  -4.3 dBFS  TPK:  -2.4  -2.4 dBFS
[Parsed_ebur128_0 @ 0xafac71980] t: 14.899979  TARGET:-23 LUFS    M: -11.3 S: -14.5     I: -13.4 LUFS       LRA:   1.5 LU  FTPK:  -4.9  -4.9 dBFS  TPK:  -2.4  -2.4 dBFS
[Parsed_ebur128_0 @ 0xafac71980] t: 14.999979  TARGET:-23 LUFS    M: -12.0 S: -14.4     I: -13.4 LUFS       LRA:   1.5 LU  FTPK:  -7.2  -7.2 dBFS  TPK:  -2.4  -2.4 dBFS
[Parsed_ebur128_0 @ 0xafac71980] t: 15.099979  TARGET:-23 LUFS    M: -12.7 S: -14.4     I: -13.4 LUFS       LRA:   1.5 LU  FTPK:  -4.8  -4.8 dBFS  TPK:  -2.4  -2.4 dBFS
[Parsed_ebur128_0 @ 0xafac71980] t: 15.199979  TARGET:-23 LUFS    M: -14.0 S: -14.3     I: -13.4 LUFS       LRA:   1.5 LU  FTPK:  -7.8  -7.8 dBFS  TPK:  -2.4  -2.4 dBFS
[Parsed_ebur128_0 @ 0xafac71980] t: 15.299979  TARGET:-23 LUFS    M: -14.6 S: -14.3     I: -13.4 LUFS       LRA:   1.5 LU  FTPK:  -3.6  -3.6 dBFS  TPK:  -2.4  -2.4 dBFS
[Parsed_ebur128_0 @ 0xafac71980] t: 15.399979  TARGET:-23 LUFS    M: -15.3 S: -14.5     I: -13.4 LUFS       LRA:   1.4 LU  FTPK: -10.5 -10.5 dBFS  TPK:  -2.4  -2.4 dBFS
[Parsed_ebur128_0 @ 0xafac71980] t: 15.499979  TARGET:-23 LUFS    M: -14.4 S: -14.4     I: -13.4 LUFS       LRA:   1.4 LU  FTPK:  -2.5  -2.5 dBFS  TPK:  -2.4  -2.4 dBFS
[Parsed_ebur128_0 @ 0xafac71980] t: 15.599979  TARGET:-23 LUFS    M: -14.2 S: -14.5     I: -13.4 LUFS       LRA:   1.4 LU  FTPK:  -3.5  -3.5 dBFS  TPK:  -2.4  -2.4 dBFS
[Parsed_ebur128_0 @ 0xafac71980] t: 15.699979  TARGET:-23 LUFS    M: -15.8 S: -14.5     I: -13.4 LUFS       LRA:   1.4 LU  FTPK: -19.2 -19.2 dBFS  TPK:  -2.4  -2.4 dBFS
[Parsed_ebur128_0 @ 0xafac71980] t: 15.799979  TARGET:-23 LUFS    M: -16.5 S: -14.5     I: -13.4 LUFS       LRA:   1.4 LU  FTPK: -11.4 -11.4 dBFS  TPK:  -2.4  -2.4 dBFS
[Parsed_ebur128_0 @ 0xafac71980] t: 15.899979  TARGET:-23 LUFS    M: -23.0 S: -14.5     I: -13.5 LUFS       LRA:   1.4 LU  FTPK: -26.0 -26.0 dBFS  TPK:  -2.4  -2.4 dBFS
[Parsed_ebur128_0 @ 0xafac71980] t: 15.999979  TARGET:-23 LUFS    M: -31.6 S: -14.5     I: -13.5 LUFS       LRA:   1.4 LU  FTPK: -43.3 -43.3 dBFS  TPK:  -2.4  -2.4 dBFS
[Parsed_ebur128_0 @ 0xafac71980] t: 16.099979  TARGET:-23 LUFS    M: -35.3 S: -14.5     I: -13.5 LUFS       LRA:   1.4 LU  FTPK: -44.6 -44.6 dBFS  TPK:  -2.4  -2.4 dBFS
[Parsed_ebur128_0 @ 0xafac71980] t: 16.199979  TARGET:-23 LUFS    M: -42.7 S: -14.5     I: -13.5 LUFS       LRA:   1.4 LU  FTPK: -44.4 -44.4 dBFS  TPK:  -2.4  -2.4 dBFS
[Parsed_ebur128_0 @ 0xafac71980] t: 16.299979  TARGET:-23 LUFS    M: -51.8 S: -14.5     I: -13.5 LUFS       LRA:   1.4 LU  FTPK: -42.2 -42.2 dBFS  TPK:  -2.4  -2.4 dBFS
[Parsed_ebur128_0 @ 0xafac71980] t: 16.399979  TARGET:-23 LUFS    M: -49.4 S: -14.7     I: -13.5 LUFS       LRA:   1.2 LU  FTPK: -39.1 -39.1 dBFS  TPK:  -2.4  -2.4 dBFS
[Parsed_ebur128_0 @ 0xafac71980] t: 16.499979  TARGET:-23 LUFS    M: -45.7 S: -15.1     I: -13.5 LUFS       LRA:   1.4 LU  FTPK: -34.6 -34.6 dBFS  TPK:  -2.4  -2.4 dBFS
[Parsed_ebur128_0 @ 0xafac71980] t: 16.599979  TARGET:-23 LUFS    M: -41.9 S: -15.1     I: -13.5 LUFS       LRA:   1.5 LU  FTPK: -29.9 -29.9 dBFS  TPK:  -2.4  -2.4 dBFS
[Parsed_ebur128_0 @ 0xafac71980] t: 16.699979  TARGET:-23 LUFS    M: -41.4 S: -15.8     I: -13.5 LUFS       LRA:   1.5 LU  FTPK: -33.5 -33.5 dBFS  TPK:  -2.4  -2.4 dBFS
[Parsed_ebur128_0 @ 0xafac71980] t: 16.799979  TARGET:-23 LUFS    M: -19.5 S: -15.7     I: -13.5 LUFS       LRA:   1.5 LU  FTPK:  -2.3  -2.3 dBFS  TPK:  -2.3  -2.3 dBFS
[Parsed_ebur128_0 @ 0xafac71980] t: 16.899979  TARGET:-23 LUFS    M: -14.5 S: -15.3     I: -13.5 LUFS       LRA:   1.6 LU  FTPK:  -6.9  -6.9 dBFS  TPK:  -2.3  -2.3 dBFS
[Parsed_ebur128_0 @ 0xafac71980] t: 16.999979  TARGET:-23 LUFS    M: -10.8 S: -14.7     I: -13.5 LUFS       LRA:   1.6 LU  FTPK:  -2.5  -2.5 dBFS  TPK:  -2.3  -2.3 dBFS
[Parsed_ebur128_0 @ 0xafac71980] t: 17.099979  TARGET:-23 LUFS    M: -10.5 S: -14.8     I: -13.4 LUFS       LRA:   1.6 LU  FTPK:  -6.3  -6.3 dBFS  TPK:  -2.3  -2.3 dBFS
[Parsed_ebur128_0 @ 0xafac71980] t: 17.199979  TARGET:-23 LUFS    M: -10.8 S: -14.9     I: -13.4 LUFS       LRA:   1.6 LU  FTPK:  -7.5  -7.5 dBFS  TPK:  -2.3  -2.3 dBFS
[Parsed_ebur128_0 @ 0xafac71980] t: 17.299979  TARGET:-23 LUFS    M: -11.5 S: -14.8     I: -13.4 LUFS       LRA:   1.6 LU  FTPK:  -2.5  -2.5 dBFS  TPK:  -2.3  -2.3 dBFS
[Parsed_ebur128_0 @ 0xafac71980] t: 17.399979  TARGET:-23 LUFS    M: -15.9 S: -14.8     I: -13.4 LUFS       LRA:   1.5 LU  FTPK:  -3.8  -3.8 dBFS  TPK:  -2.3  -2.3 dBFS
[Parsed_ebur128_0 @ 0xafac71980] t: 17.499979  TARGET:-23 LUFS    M: -14.3 S: -14.6     I: -13.4 LUFS       LRA:   1.5 LU  FTPK:  -2.5  -2.5 dBFS  TPK:  -2.3  -2.3 dBFS
[Parsed_ebur128_0 @ 0xafac71980] t: 17.599979  TARGET:-23 LUFS    M: -13.8 S: -14.8     I: -13.4 LUFS       LRA:   1.5 LU  FTPK:  -8.9  -8.9 dBFS  TPK:  -2.3  -2.3 dBFS
[Parsed_ebur128_0 @ 0xafac71980] t: 17.699979  TARGET:-23 LUFS    M: -14.9 S: -15.1     I: -13.4 LUFS       LRA:   1.5 LU  FTPK: -10.2 -10.2 dBFS  TPK:  -2.3  -2.3 dBFS
[Parsed_ebur128_0 @ 0xafac71980] t: 17.799979  TARGET:-23 LUFS    M: -14.4 S: -15.2     I: -13.4 LUFS       LRA:   1.6 LU  FTPK:  -5.5  -5.5 dBFS  TPK:  -2.3  -2.3 dBFS
[Parsed_ebur128_0 @ 0xafac71980] t: 17.899979  TARGET:-23 LUFS    M: -14.6 S: -15.3     I: -13.4 LUFS       LRA:   1.6 LU  FTPK:  -2.5  -2.5 dBFS  TPK:  -2.3  -2.3 dBFS
[Parsed_ebur128_0 @ 0xafac71980] t: 17.999979  TARGET:-23 LUFS    M: -14.7 S: -15.3     I: -13.5 LUFS       LRA:   1.6 LU  FTPK:  -8.0  -8.0 dBFS  TPK:  -2.3  -2.3 dBFS
[Parsed_ebur128_0 @ 0xafac71980] t: 18.099979  TARGET:-23 LUFS    M: -14.5 S: -15.4     I: -13.5 LUFS       LRA:   1.7 LU  FTPK:  -2.6  -2.6 dBFS  TPK:  -2.3  -2.3 dBFS
[Parsed_ebur128_0 @ 0xafac71980] t: 18.199979  TARGET:-23 LUFS    M: -13.9 S: -15.2     I: -13.5 LUFS       LRA:   1.7 LU  FTPK:  -3.4  -3.4 dBFS  TPK:  -2.3  -2.3 dBFS
[Parsed_ebur128_0 @ 0xafac71980] t: 18.299979  TARGET:-23 LUFS    M: -13.3 S: -15.0     I: -13.5 LUFS       LRA:   1.7 LU  FTPK:  -2.9  -2.9 dBFS  TPK:  -2.3  -2.3 dBFS
[Parsed_ebur128_0 @ 0xafac71980] t: 18.399979  TARGET:-23 LUFS    M: -12.1 S: -14.7     I: -13.5 LUFS       LRA:   1.6 LU  FTPK:  -2.8  -2.8 dBFS  TPK:  -2.3  -2.3 dBFS
[Parsed_ebur128_0 @ 0xafac71980] t: 18.499979  TARGET:-23 LUFS    M: -11.4 S: -14.7     I: -13.4 LUFS       LRA:   1.6 LU  FTPK:  -2.6  -2.6 dBFS  TPK:  -2.3  -2.3 dBFS
[Parsed_ebur128_0 @ 0xafac71980] t: 18.599979  TARGET:-23 LUFS    M: -11.8 S: -14.7     I: -13.4 LUFS       LRA:   1.6 LU  FTPK:  -7.5  -7.5 dBFS  TPK:  -2.3  -2.3 dBFS
[Parsed_ebur128_0 @ 0xafac71980] t: 18.699979  TARGET:-23 LUFS    M: -13.4 S: -14.7     I: -13.4 LUFS       LRA:   1.6 LU  FTPK:  -7.6  -7.6 dBFS  TPK:  -2.3  -2.3 dBFS
[Parsed_ebur128_0 @ 0xafac71980] t: 18.799979  TARGET:-23 LUFS    M: -14.8 S: -14.5     I: -13.4 LUFS       LRA:   1.6 LU  FTPK:  -2.5  -2.5 dBFS  TPK:  -2.3  -2.3 dBFS
[Parsed_ebur128_0 @ 0xafac71980] t: 18.899979  TARGET:-23 LUFS    M: -16.8 S: -14.5     I: -13.4 LUFS       LRA:   1.6 LU  FTPK:  -6.4  -6.4 dBFS  TPK:  -2.3  -2.3 dBFS
[Parsed_ebur128_0 @ 0xafac71980] t: 18.999979  TARGET:-23 LUFS    M: -17.2 S: -14.4     I: -13.5 LUFS       LRA:   1.6 LU  FTPK:  -6.7  -6.7 dBFS  TPK:  -2.3  -2.3 dBFS
[Parsed_ebur128_0 @ 0xafac71980] t: 19.099979  TARGET:-23 LUFS    M: -17.7 S: -14.4     I: -13.5 LUFS       LRA:   1.6 LU  FTPK: -17.9 -17.9 dBFS  TPK:  -2.3  -2.3 dBFS
[Parsed_ebur128_0 @ 0xafac71980] t: 19.199979  TARGET:-23 LUFS    M: -21.5 S: -14.4     I: -13.5 LUFS       LRA:   1.6 LU  FTPK: -21.6 -21.6 dBFS  TPK:  -2.3  -2.3 dBFS
[Parsed_ebur128_0 @ 0xafac71980] t: 19.299979  TARGET:-23 LUFS    M: -25.9 S: -14.4     I: -13.5 LUFS       LRA:   1.6 LU  FTPK: -28.1 -28.1 dBFS  TPK:  -2.3  -2.3 dBFS
[Parsed_ebur128_0 @ 0xafac71980] t: 19.399979  TARGET:-23 LUFS    M: -33.1 S: -14.4     I: -13.5 LUFS       LRA:   1.6 LU  FTPK: -41.9 -41.9 dBFS  TPK:  -2.3  -2.3 dBFS
[Parsed_ebur128_0 @ 0xafac71980] t: 19.499979  TARGET:-23 LUFS    M: -38.6 S: -14.4     I: -13.5 LUFS       LRA:   1.6 LU  FTPK: -43.6 -43.6 dBFS  TPK:  -2.3  -2.3 dBFS
[Parsed_ebur128_0 @ 0xafac71980] t: 19.599979  TARGET:-23 LUFS    M: -44.4 S: -14.4     I: -13.5 LUFS       LRA:   1.6 LU  FTPK: -44.9 -44.9 dBFS  TPK:  -2.3  -2.3 dBFS
[Parsed_ebur128_0 @ 0xafac71980] t: 19.699979  TARGET:-23 LUFS    M: -52.1 S: -14.4     I: -13.5 LUFS       LRA:   1.6 LU  FTPK: -45.1 -45.1 dBFS  TPK:  -2.3  -2.3 dBFS
[Parsed_ebur128_0 @ 0xafac71980] t: 19.799979  TARGET:-23 LUFS    M: -53.1 S: -14.6     I: -13.5 LUFS       LRA:   1.6 LU  FTPK: -47.7 -47.7 dBFS  TPK:  -2.3  -2.3 dBFS
[Parsed_ebur128_0 @ 0xafac71980] t: 19.899979  TARGET:-23 LUFS    M: -53.4 S: -15.0     I: -13.5 LUFS       LRA:   1.6 LU  FTPK: -44.5 -44.5 dBFS  TPK:  -2.3  -2.3 dBFS
[Parsed_ebur128_0 @ 0xafac71980] t: 19.999979  TARGET:-23 LUFS    M: -50.9 S: -16.0     I: -13.5 LUFS       LRA:   1.6 LU  FTPK: -39.3 -39.3 dBFS  TPK:  -2.3  -2.3 dBFS
[Parsed_ebur128_0 @ 0xafac71980] t: 20.099979  TARGET:-23 LUFS    M: -45.8 S: -16.2     I: -13.5 LUFS       LRA:   1.6 LU  FTPK: -33.2 -33.2 dBFS  TPK:  -2.3  -2.3 dBFS
[Parsed_ebur128_0 @ 0xafac71980] t: 20.199979  TARGET:-23 LUFS    M: -44.2 S: -16.3     I: -13.5 LUFS       LRA:   1.7 LU  FTPK: -35.2 -35.2 dBFS  TPK:  -2.3  -2.3 dBFS
[Parsed_ebur128_0 @ 0xafac71980] t: 20.299979  TARGET:-23 LUFS    M: -32.4 S: -16.6     I: -13.5 LUFS       LRA:   1.7 LU  FTPK:  -7.9  -7.9 dBFS  TPK:  -2.3  -2.3 dBFS
[Parsed_ebur128_0 @ 0xafac71980] t: 20.399979  TARGET:-23 LUFS    M: -16.7 S: -16.1     I: -13.5 LUFS       LRA:   1.7 LU  FTPK:  -2.5  -2.5 dBFS  TPK:  -2.3  -2.3 dBFS
[Parsed_ebur128_0 @ 0xafac71980] t: 20.499979  TARGET:-23 LUFS    M: -13.9 S: -16.1     I: -13.5 LUFS       LRA:   1.7 LU  FTPK:  -2.5  -2.5 dBFS  TPK:  -2.3  -2.3 dBFS
[Parsed_ebur128_0 @ 0xafac71980] t: 20.599979  TARGET:-23 LUFS    M: -10.9 S: -15.4     I: -13.5 LUFS       LRA:   1.7 LU  FTPK:  -2.5  -2.5 dBFS  TPK:  -2.3  -2.3 dBFS
[Parsed_ebur128_0 @ 0xafac71980] t: 20.699979  TARGET:-23 LUFS    M:  -9.1 S: -14.7     I: -13.4 LUFS       LRA:   1.7 LU  FTPK:  -3.4  -3.4 dBFS  TPK:  -2.3  -2.3 dBFS
[Parsed_ebur128_0 @ 0xafac71980] t: 20.799979  TARGET:-23 LUFS    M:  -8.9 S: -14.4     I: -13.4 LUFS       LRA:   1.7 LU  FTPK:  -6.9  -6.9 dBFS  TPK:  -2.3  -2.3 dBFS
[Parsed_ebur128_0 @ 0xafac71980] t: 20.899979  TARGET:-23 LUFS    M:  -9.6 S: -14.6     I: -13.4 LUFS       LRA:   1.7 LU  FTPK: -10.5 -10.5 dBFS  TPK:  -2.3  -2.3 dBFS
[Parsed_ebur128_0 @ 0xafac71980] t: 20.999979  TARGET:-23 LUFS    M: -10.6 S: -14.4     I: -13.3 LUFS       LRA:   1.7 LU  FTPK:  -2.5  -2.5 dBFS  TPK:  -2.3  -2.3 dBFS
[Parsed_ebur128_0 @ 0xafac71980] t: 21.099979  TARGET:-23 LUFS    M: -12.0 S: -14.2     I: -13.3 LUFS       LRA:   1.7 LU  FTPK:  -2.5  -2.5 dBFS  TPK:  -2.3  -2.3 dBFS
[Parsed_ebur128_0 @ 0xafac71980] t: 21.199979  TARGET:-23 LUFS    M: -11.8 S: -14.0     I: -13.3 LUFS       LRA:   1.7 LU  FTPK:  -2.5  -2.5 dBFS  TPK:  -2.3  -2.3 dBFS
[Parsed_ebur128_0 @ 0xafac71980] t: 21.299979  TARGET:-23 LUFS    M: -11.8 S: -14.3     I: -13.3 LUFS       LRA:   1.7 LU  FTPK:  -9.9  -9.9 dBFS  TPK:  -2.3  -2.3 dBFS
[Parsed_ebur128_0 @ 0xafac71980] t: 21.399979  TARGET:-23 LUFS    M: -12.5 S: -14.5     I: -13.3 LUFS       LRA:   1.7 LU  FTPK:  -2.5  -2.5 dBFS  TPK:  -2.3  -2.3 dBFS
[Parsed_ebur128_0 @ 0xafac71980] t: 21.499979  TARGET:-23 LUFS    M: -13.1 S: -14.6     I: -13.3 LUFS       LRA:   1.7 LU  FTPK:  -2.5  -2.5 dBFS  TPK:  -2.3  -2.3 dBFS
[Parsed_ebur128_0 @ 0xafac71980] t: 21.599979  TARGET:-23 LUFS    M: -13.9 S: -14.4     I: -13.3 LUFS       LRA:   1.7 LU  FTPK:  -3.9  -3.9 dBFS  TPK:  -2.3  -2.3 dBFS
[Parsed_ebur128_0 @ 0xafac71980] t: 21.699979  TARGET:-23 LUFS    M: -11.7 S: -14.0     I: -13.3 LUFS       LRA:   1.7 LU  FTPK:  -2.5  -2.5 dBFS  TPK:  -2.3  -2.3 dBFS
[Parsed_ebur128_0 @ 0xafac71980] t: 21.799979  TARGET:-23 LUFS    M: -11.2 S: -13.9     I: -13.3 LUFS       LRA:   1.7 LU  FTPK:  -2.5  -2.5 dBFS  TPK:  -2.3  -2.3 dBFS
[Parsed_ebur128_0 @ 0xafac71980] t: 21.899979  TARGET:-23 LUFS    M: -11.5 S: -13.8     I: -13.3 LUFS       LRA:   1.7 LU  FTPK:  -2.6  -2.6 dBFS  TPK:  -2.3  -2.3 dBFS
[Parsed_ebur128_0 @ 0xafac71980] t: 21.999979  TARGET:-23 LUFS    M: -12.2 S: -13.8     I: -13.3 LUFS       LRA:   1.7 LU  FTPK:  -2.5  -2.5 dBFS  TPK:  -2.3  -2.3 dBFS
[Parsed_ebur128_0 @ 0xafac71980] t: 22.099979  TARGET:-23 LUFS    M: -14.3 S: -13.7     I: -13.3 LUFS       LRA:   1.7 LU  FTPK:  -4.8  -4.8 dBFS  TPK:  -2.3  -2.3 dBFS
[Parsed_ebur128_0 @ 0xafac71980] t: 22.199979  TARGET:-23 LUFS    M: -15.6 S: -13.6     I: -13.3 LUFS       LRA:   1.7 LU  FTPK:  -2.5  -2.5 dBFS  TPK:  -2.3  -2.3 dBFS
[Parsed_ebur128_0 @ 0xafac71980] t: 22.299979  TARGET:-23 LUFS    M: -16.5 S: -13.6     I: -13.3 LUFS       LRA:   1.7 LU  FTPK: -11.1 -11.1 dBFS  TPK:  -2.3  -2.3 dBFS
[Parsed_ebur128_0 @ 0xafac71980] t: 22.399979  TARGET:-23 LUFS    M: -16.8 S: -13.5     I: -13.3 LUFS       LRA:   1.7 LU  FTPK:  -2.7  -2.7 dBFS  TPK:  -2.3  -2.3 dBFS
[Parsed_ebur128_0 @ 0xafac71980] t: 22.499979  TARGET:-23 LUFS    M: -14.5 S: -13.2     I: -13.3 LUFS       LRA:   1.7 LU  FTPK:  -4.8  -4.8 dBFS  TPK:  -2.3  -2.3 dBFS
[Parsed_ebur128_0 @ 0xafac71980] t: 22.599979  TARGET:-23 LUFS    M: -14.2 S: -13.1     I: -13.3 LUFS       LRA:   1.7 LU  FTPK:  -7.9  -7.9 dBFS  TPK:  -2.3  -2.3 dBFS
[Parsed_ebur128_0 @ 0xafac71980] t: 22.699979  TARGET:-23 LUFS    M: -13.1 S: -13.0     I: -13.3 LUFS       LRA:   1.7 LU  FTPK:  -2.5  -2.5 dBFS  TPK:  -2.3  -2.3 dBFS
[Parsed_ebur128_0 @ 0xafac71980] t: 22.799979  TARGET:-23 LUFS    M: -13.7 S: -13.0     I: -13.3 LUFS       LRA:   1.8 LU  FTPK: -13.7 -13.7 dBFS  TPK:  -2.3  -2.3 dBFS
[Parsed_ebur128_0 @ 0xafac71980] t: 22.899979  TARGET:-23 LUFS    M: -14.1 S: -12.8     I: -13.3 LUFS       LRA:   1.8 LU  FTPK:  -5.1  -5.1 dBFS  TPK:  -2.3  -2.3 dBFS
[Parsed_ebur128_0 @ 0xafac71980] t: 22.999979  TARGET:-23 LUFS    M: -12.9 S: -12.6     I: -13.3 LUFS       LRA:   1.8 LU  FTPK:  -2.5  -2.5 dBFS  TPK:  -2.3  -2.3 dBFS
[Parsed_ebur128_0 @ 0xafac71980] t: 23.099979  TARGET:-23 LUFS    M: -13.9 S: -12.5     I: -13.3 LUFS       LRA:   1.8 LU  FTPK:  -7.1  -7.1 dBFS  TPK:  -2.3  -2.3 dBFS
[Parsed_ebur128_0 @ 0xafac71980] t: 23.199979  TARGET:-23 LUFS    M: -12.9 S: -12.4     I: -13.3 LUFS       LRA:   1.8 LU  FTPK:  -3.6  -3.6 dBFS  TPK:  -2.3  -2.3 dBFS
[Parsed_ebur128_0 @ 0xafac71980] t: 23.299979  TARGET:-23 LUFS    M: -13.3 S: -12.3     I: -13.3 LUFS       LRA:   1.8 LU  FTPK:  -5.5  -5.5 dBFS  TPK:  -2.3  -2.3 dBFS
[Parsed_ebur128_0 @ 0xafac71980] t: 23.399979  TARGET:-23 LUFS    M: -15.2 S: -12.5     I: -13.3 LUFS       LRA:   1.9 LU  FTPK:  -3.7  -3.7 dBFS  TPK:  -2.3  -2.3 dBFS
[Parsed_ebur128_0 @ 0xafac71980] t: 23.499979  TARGET:-23 LUFS    M: -14.2 S: -12.6     I: -13.3 LUFS       LRA:   2.0 LU  FTPK:  -2.5  -2.5 dBFS  TPK:  -2.3  -2.3 dBFS
[Parsed_ebur128_0 @ 0xafac71980] t: 23.599979  TARGET:-23 LUFS    M: -14.2 S: -12.9     I: -13.3 LUFS       LRA:   2.1 LU  FTPK:  -2.5  -2.5 dBFS  TPK:  -2.3  -2.3 dBFS
[Parsed_ebur128_0 @ 0xafac71980] t: 23.699979  TARGET:-23 LUFS    M: -13.9 S: -13.2     I: -13.3 LUFS       LRA:   2.1 LU  FTPK:  -3.8  -3.8 dBFS  TPK:  -2.3  -2.3 dBFS
[Parsed_ebur128_0 @ 0xafac71980] t: 23.799979  TARGET:-23 LUFS    M: -13.4 S: -13.4     I: -13.3 LUFS       LRA:   2.1 LU  FTPK:  -3.3  -3.3 dBFS  TPK:  -2.3  -2.3 dBFS
[Parsed_ebur128_0 @ 0xafac71980] t: 23.899979  TARGET:-23 LUFS    M: -14.2 S: -13.4     I: -13.3 LUFS       LRA:   2.1 LU  FTPK: -11.2 -11.2 dBFS  TPK:  -2.3  -2.3 dBFS
[Parsed_ebur128_0 @ 0xafac71980] t: 23.999979  TARGET:-23 LUFS    M: -15.7 S: -13.6     I: -13.4 LUFS       LRA:   2.1 LU  FTPK: -20.2 -20.2 dBFS  TPK:  -2.3  -2.3 dBFS
[Parsed_ebur128_0 @ 0xafac71980] t: 24.099979  TARGET:-23 LUFS    M: -19.0 S: -13.9     I: -13.4 LUFS       LRA:   2.1 LU  FTPK: -27.8 -27.8 dBFS  TPK:  -2.3  -2.3 dBFS
[Parsed_ebur128_0 @ 0xafac71980] t: 24.199979  TARGET:-23 LUFS    M: -28.3 S: -14.3     I: -13.4 LUFS       LRA:   2.1 LU  FTPK: -43.4 -43.4 dBFS  TPK:  -2.3  -2.3 dBFS
[Parsed_ebur128_0 @ 0xafac71980] t: 24.299979  TARGET:-23 LUFS    M: -35.6 S: -14.3     I: -13.4 LUFS       LRA:   2.1 LU  FTPK: -45.7 -45.7 dBFS  TPK:  -2.3  -2.3 dBFS
[Parsed_ebur128_0 @ 0xafac71980] t: 24.399979  TARGET:-23 LUFS    M: -45.3 S: -14.4     I: -13.4 LUFS       LRA:   2.0 LU  FTPK: -39.9 -39.9 dBFS  TPK:  -2.3  -2.3 dBFS
[Parsed_ebur128_0 @ 0xafac71980] t: 24.499979  TARGET:-23 LUFS    M: -47.1 S: -14.6     I: -13.4 LUFS       LRA:   2.0 LU  FTPK: -35.9 -35.9 dBFS  TPK:  -2.3  -2.3 dBFS
[Parsed_ebur128_0 @ 0xafac71980] t: 24.599979  TARGET:-23 LUFS    M: -42.7 S: -15.0     I: -13.4 LUFS       LRA:   2.0 LU  FTPK: -31.8 -31.8 dBFS  TPK:  -2.3  -2.3 dBFS
[Parsed_ebur128_0 @ 0xafac71980] t: 24.699979  TARGET:-23 LUFS    M: -40.5 S: -15.5     I: -13.4 LUFS       LRA:   2.1 LU  FTPK: -31.1 -31.1 dBFS  TPK:  -2.3  -2.3 dBFS
[Parsed_ebur128_0 @ 0xafac71980] t: 24.799979  TARGET:-23 LUFS    M: -39.5 S: -15.9     I: -13.4 LUFS       LRA:   2.1 LU  FTPK: -28.1 -28.1 dBFS  TPK:  -2.3  -2.3 dBFS
[Parsed_ebur128_0 @ 0xafac71980] t: 24.899979  TARGET:-23 LUFS    M: -36.1 S: -16.0     I: -13.4 LUFS       LRA:   2.1 LU  FTPK:  -9.4  -9.4 dBFS  TPK:  -2.3  -2.3 dBFS
[Parsed_ebur128_0 @ 0xafac71980] t: 24.999979  TARGET:-23 LUFS    M: -18.7 S: -15.9     I: -13.4 LUFS       LRA:   2.1 LU  FTPK:  -2.5  -2.5 dBFS  TPK:  -2.3  -2.3 dBFS
[Parsed_ebur128_0 @ 0xafac71980] t: 25.099979  TARGET:-23 LUFS    M: -17.0 S: -15.9     I: -13.4 LUFS       LRA:   2.1 LU  FTPK:  -7.4  -7.4 dBFS  TPK:  -2.3  -2.3 dBFS
[Parsed_ebur128_0 @ 0xafac71980] t: 25.199979  TARGET:-23 LUFS    M: -12.3 S: -15.2     I: -13.4 LUFS       LRA:   2.1 LU  FTPK:  -2.5  -2.5 dBFS  TPK:  -2.3  -2.3 dBFS
[Parsed_ebur128_0 @ 0xafac71980] t: 25.299979  TARGET:-23 LUFS    M: -10.9 S: -14.8     I: -13.4 LUFS       LRA:   2.1 LU  FTPK:  -2.5  -2.5 dBFS  TPK:  -2.3  -2.3 dBFS
[Parsed_ebur128_0 @ 0xafac71980] t: 25.399979  TARGET:-23 LUFS    M: -11.3 S: -14.9     I: -13.4 LUFS       LRA:   2.1 LU  FTPK:  -2.6  -2.6 dBFS  TPK:  -2.3  -2.3 dBFS
[Parsed_ebur128_0 @ 0xafac71980] t: 25.499979  TARGET:-23 LUFS    M:  -9.3 S: -14.3     I: -13.3 LUFS       LRA:   2.1 LU  FTPK:  -2.5  -2.5 dBFS  TPK:  -2.3  -2.3 dBFS
[Parsed_ebur128_0 @ 0xafac71980] t: 25.599979  TARGET:-23 LUFS    M:  -9.7 S: -14.1     I: -13.3 LUFS       LRA:   2.1 LU  FTPK:  -4.0  -4.0 dBFS  TPK:  -2.3  -2.3 dBFS
[Parsed_ebur128_0 @ 0xafac71980] t: 25.699979  TARGET:-23 LUFS    M: -10.0 S: -14.0     I: -13.3 LUFS       LRA:   2.1 LU  FTPK:  -2.5  -2.5 dBFS  TPK:  -2.3  -2.3 dBFS
[Parsed_ebur128_0 @ 0xafac71980] t: 25.799979  TARGET:-23 LUFS    M:  -9.5 S: -13.8     I: -13.2 LUFS       LRA:   2.1 LU  FTPK:  -3.4  -3.4 dBFS  TPK:  -2.3  -2.3 dBFS
[Parsed_ebur128_0 @ 0xafac71980] t: 25.899979  TARGET:-23 LUFS    M: -11.5 S: -13.9     I: -13.2 LUFS       LRA:   2.1 LU  FTPK:  -5.8  -5.8 dBFS  TPK:  -2.3  -2.3 dBFS
[Parsed_ebur128_0 @ 0xafac71980] t: 25.999979  TARGET:-23 LUFS    M: -13.0 S: -14.1     I: -13.2 LUFS       LRA:   2.1 LU  FTPK:  -5.9  -5.9 dBFS  TPK:  -2.3  -2.3 dBFS
[Parsed_ebur128_0 @ 0xafac71980] t: 26.099979  TARGET:-23 LUFS    M: -14.4 S: -14.0     I: -13.2 LUFS       LRA:   2.1 LU  FTPK:  -7.7  -7.7 dBFS  TPK:  -2.3  -2.3 dBFS
[Parsed_ebur128_0 @ 0xafac71980] t: 26.199979  TARGET:-23 LUFS    M: -14.5 S: -14.0     I: -13.2 LUFS       LRA:   2.1 LU  FTPK:  -2.5  -2.5 dBFS  TPK:  -2.3  -2.3 dBFS
[Parsed_ebur128_0 @ 0xafac71980] t: 26.299979  TARGET:-23 LUFS    M: -15.1 S: -14.1     I: -13.3 LUFS       LRA:   2.1 LU  FTPK:  -7.0  -7.0 dBFS  TPK:  -2.3  -2.3 dBFS
[Parsed_ebur128_0 @ 0xafac71980] t: 26.399979  TARGET:-23 LUFS    M: -14.5 S: -14.0     I: -13.3 LUFS       LRA:   2.0 LU  FTPK:  -2.5  -2.5 dBFS  TPK:  -2.3  -2.3 dBFS
[Parsed_ebur128_0 @ 0xafac71980] t: 26.499979  TARGET:-23 LUFS    M: -14.1 S: -14.0     I: -13.3 LUFS       LRA:   2.0 LU  FTPK:  -6.1  -6.1 dBFS  TPK:  -2.3  -2.3 dBFS
[Parsed_ebur128_0 @ 0xafac71980] t: 26.599979  TARGET:-23 LUFS    M: -15.1 S: -14.1     I: -13.3 LUFS       LRA:   2.0 LU  FTPK:  -8.6  -8.6 dBFS  TPK:  -2.3  -2.3 dBFS
[Parsed_ebur128_0 @ 0xafac71980] t: 26.699979  TARGET:-23 LUFS    M: -15.8 S: -14.3     I: -13.3 LUFS       LRA:   2.0 LU  FTPK: -13.6 -13.6 dBFS  TPK:  -2.3  -2.3 dBFS
[Parsed_ebur128_0 @ 0xafac71980] t: 26.799979  TARGET:-23 LUFS    M: -16.2 S: -14.3     I: -13.3 LUFS       LRA:   2.0 LU  FTPK:  -2.5  -2.5 dBFS  TPK:  -2.3  -2.3 dBFS
[Parsed_ebur128_0 @ 0xafac71980] t: 26.899979  TARGET:-23 LUFS    M: -15.0 S: -14.1     I: -13.3 LUFS       LRA:   2.0 LU  FTPK:  -2.6  -2.6 dBFS  TPK:  -2.3  -2.3 dBFS
[Parsed_ebur128_0 @ 0xafac71980] t: 26.999979  TARGET:-23 LUFS    M: -14.3 S: -14.0     I: -13.3 LUFS       LRA:   2.0 LU  FTPK:  -4.0  -4.0 dBFS  TPK:  -2.3  -2.3 dBFS
[Parsed_ebur128_0 @ 0xafac71980] t: 27.099979  TARGET:-23 LUFS    M: -14.1 S: -13.9     I: -13.3 LUFS       LRA:   2.0 LU  FTPK: -12.1 -12.1 dBFS  TPK:  -2.3  -2.3 dBFS
[Parsed_ebur128_0 @ 0xafac71980] t: 27.199979  TARGET:-23 LUFS    M: -13.8 S: -13.8     I: -13.3 LUFS       LRA:   2.0 LU  FTPK:  -2.5  -2.5 dBFS  TPK:  -2.3  -2.3 dBFS
[Parsed_ebur128_0 @ 0xafac71980] t: 27.299979  TARGET:-23 LUFS    M: -15.6 S: -13.7     I: -13.3 LUFS       LRA:   2.0 LU  FTPK:  -9.1  -9.1 dBFS  TPK:  -2.3  -2.3 dBFS
[Parsed_ebur128_0 @ 0xafac71980] t: 27.399979  TARGET:-23 LUFS    M: -16.2 S: -13.6     I: -13.3 LUFS       LRA:   2.0 LU  FTPK:  -2.5  -2.5 dBFS  TPK:  -2.3  -2.3 dBFS
[Parsed_ebur128_0 @ 0xafac71980] t: 27.499979  TARGET:-23 LUFS    M: -15.4 S: -13.5     I: -13.3 LUFS       LRA:   2.0 LU  FTPK:  -2.5  -2.5 dBFS  TPK:  -2.3  -2.3 dBFS
[Parsed_ebur128_0 @ 0xafac71980] t: 27.599979  TARGET:-23 LUFS    M: -16.2 S: -13.4     I: -13.3 LUFS       LRA:   2.0 LU  FTPK:  -5.5  -5.5 dBFS  TPK:  -2.3  -2.3 dBFS
[Parsed_ebur128_0 @ 0xafac71980] t: 27.699979  TARGET:-23 LUFS    M: -14.7 S: -13.3     I: -13.3 LUFS       LRA:   2.0 LU  FTPK:  -5.4  -5.4 dBFS  TPK:  -2.3  -2.3 dBFS
[Parsed_ebur128_0 @ 0xafac71980] t: 27.799979  TARGET:-23 LUFS    M: -14.9 S: -13.2     I: -13.3 LUFS       LRA:   2.1 LU  FTPK:  -4.5  -4.5 dBFS  TPK:  -2.3  -2.3 dBFS
[Parsed_ebur128_0 @ 0xafac71980] t: 27.899979  TARGET:-23 LUFS    M: -14.8 S: -13.1     I: -13.4 LUFS       LRA:   2.1 LU  FTPK:  -2.5  -2.5 dBFS  TPK:  -2.3  -2.3 dBFS
[Parsed_ebur128_0 @ 0xafac71980] t: 27.999979  TARGET:-23 LUFS    M: -15.1 S: -13.2     I: -13.4 LUFS       LRA:   2.1 LU  FTPK:  -8.1  -8.1 dBFS  TPK:  -2.3  -2.3 dBFS
[Parsed_ebur128_0 @ 0xafac71980] t: 28.099979  TARGET:-23 LUFS    M: -14.5 S: -13.1     I: -13.4 LUFS       LRA:   2.1 LU  FTPK:  -8.0  -8.0 dBFS  TPK:  -2.3  -2.3 dBFS
[Parsed_ebur128_0 @ 0xafac71980] t: 28.199979  TARGET:-23 LUFS    M: -13.9 S: -13.4     I: -13.4 LUFS       LRA:   2.1 LU  FTPK:  -2.5  -2.5 dBFS  TPK:  -2.3  -2.3 dBFS
[Parsed_ebur128_0 @ 0xafac71980] t: 28.299979  TARGET:-23 LUFS    M: -12.5 S: -13.4     I: -13.4 LUFS       LRA:   2.1 LU  FTPK:  -4.3  -4.3 dBFS  TPK:  -2.3  -2.3 dBFS
[Parsed_ebur128_0 @ 0xafac71980] t: 28.399979  TARGET:-23 LUFS    M: -10.9 S: -13.1     I: -13.3 LUFS       LRA:   2.1 LU  FTPK:  -4.3  -4.3 dBFS  TPK:  -2.3  -2.3 dBFS
[Parsed_ebur128_0 @ 0xafac71980] t: 28.499979  TARGET:-23 LUFS    M: -11.2 S: -13.7     I: -13.3 LUFS       LRA:   2.1 LU  FTPK:  -7.4  -7.4 dBFS  TPK:  -2.3  -2.3 dBFS
[Parsed_ebur128_0 @ 0xafac71980] t: 28.599979  TARGET:-23 LUFS    M: -10.7 S: -13.7     I: -13.3 LUFS       LRA:   2.1 LU  FTPK:  -2.5  -2.5 dBFS  TPK:  -2.3  -2.3 dBFS
[Parsed_ebur128_0 @ 0xafac71980] t: 28.699979  TARGET:-23 LUFS    M: -11.6 S: -13.8     I: -13.3 LUFS       LRA:   2.1 LU  FTPK:  -6.8  -6.8 dBFS  TPK:  -2.3  -2.3 dBFS
[Parsed_ebur128_0 @ 0xafac71980] t: 28.799979  TARGET:-23 LUFS    M: -13.0 S: -13.9     I: -13.3 LUFS       LRA:   2.1 LU  FTPK:  -2.5  -2.5 dBFS  TPK:  -2.3  -2.3 dBFS
[Parsed_ebur128_0 @ 0xafac71980] t: 28.899979  TARGET:-23 LUFS    M: -12.7 S: -13.9     I: -13.3 LUFS       LRA:   2.1 LU  FTPK:  -2.5  -2.5 dBFS  TPK:  -2.3  -2.3 dBFS
[Parsed_ebur128_0 @ 0xafac71980] t: 28.999979  TARGET:-23 LUFS    M: -14.3 S: -13.9     I: -13.3 LUFS       LRA:   2.1 LU  FTPK:  -5.8  -5.8 dBFS  TPK:  -2.3  -2.3 dBFS
[Parsed_ebur128_0 @ 0xafac71980] t: 29.099979  TARGET:-23 LUFS    M: -13.7 S: -13.8     I: -13.3 LUFS       LRA:   2.1 LU  FTPK:  -5.0  -5.0 dBFS  TPK:  -2.3  -2.3 dBFS
[Parsed_ebur128_0 @ 0xafac71980] t: 29.199979  TARGET:-23 LUFS    M: -14.2 S: -13.9     I: -13.3 LUFS       LRA:   2.1 LU  FTPK: -10.3 -10.3 dBFS  TPK:  -2.3  -2.3 dBFS
[Parsed_ebur128_0 @ 0xafac71980] t: 29.299979  TARGET:-23 LUFS    M: -15.9 S: -14.0     I: -13.3 LUFS       LRA:   2.1 LU  FTPK: -13.9 -13.9 dBFS  TPK:  -2.3  -2.3 dBFS
[Parsed_ebur128_0 @ 0xafac71980] t: 29.399979  TARGET:-23 LUFS    M: -17.0 S: -14.1     I: -13.3 LUFS       LRA:   2.1 LU  FTPK: -22.6 -22.6 dBFS  TPK:  -2.3  -2.3 dBFS
[Parsed_ebur128_0 @ 0xafac71980] t: 29.499979  TARGET:-23 LUFS    M: -18.3 S: -14.1     I: -13.3 LUFS       LRA:   2.1 LU  FTPK:  -2.5  -2.5 dBFS  TPK:  -2.3  -2.3 dBFS
[Parsed_ebur128_0 @ 0xafac71980] t: 29.599979  TARGET:-23 LUFS    M: -18.4 S: -14.1     I: -13.4 LUFS       LRA:   2.1 LU  FTPK:  -5.8  -5.8 dBFS  TPK:  -2.3  -2.3 dBFS
[Parsed_ebur128_0 @ 0xafac71980] t: 29.699979  TARGET:-23 LUFS    M: -14.5 S: -13.8     I: -13.4 LUFS       LRA:   2.1 LU  FTPK:  -2.5  -2.5 dBFS  TPK:  -2.3  -2.3 dBFS
[Parsed_ebur128_0 @ 0xafac71980] t: 29.799979  TARGET:-23 LUFS    M: -14.2 S: -13.9     I: -13.4 LUFS       LRA:   2.1 LU  FTPK:  -9.3  -9.3 dBFS  TPK:  -2.3  -2.3 dBFS
[Parsed_ebur128_0 @ 0xafac71980] t: 29.899979  TARGET:-23 LUFS    M: -15.0 S: -14.1     I: -13.4 LUFS       LRA:   2.1 LU  FTPK:  -6.9  -6.9 dBFS  TPK:  -2.3  -2.3 dBFS
[Parsed_ebur128_0 @ 0xafac71980] t: 29.999979  TARGET:-23 LUFS    M: -15.6 S: -14.3     I: -13.4 LUFS       LRA:   2.0 LU  FTPK: -16.4 -16.4 dBFS  TPK:  -2.3  -2.3 dBFS
[Parsed_ebur128_0 @ 0xafac71980] t: 30.099979  TARGET:-23 LUFS    M: -23.3 S: -14.3     I: -13.4 LUFS       LRA:   2.0 LU  FTPK: -58.9 -58.9 dBFS  TPK:  -2.3  -2.3 dBFS
[Parsed_ebur128_0 @ 0xafac71980] t: 30.199979  TARGET:-23 LUFS    M: -26.0 S: -14.5     I: -13.4 LUFS       LRA:   2.0 LU  FTPK: -59.1 -59.1 dBFS  TPK:  -2.3  -2.3 dBFS
[Parsed_ebur128_0 @ 0xafac71980] t: 30.299979  TARGET:-23 LUFS    M: -36.7 S: -14.5     I: -13.4 LUFS       LRA:   2.0 LU  FTPK: -60.9 -60.9 dBFS  TPK:  -2.3  -2.3 dBFS
[Parsed_ebur128_0 @ 0xafac71980] t: 30.399979  TARGET:-23 LUFS    M: -67.0 S: -14.7     I: -13.4 LUFS       LRA:   2.0 LU  FTPK: -58.6 -58.6 dBFS  TPK:  -2.3  -2.3 dBFS
[Parsed_ebur128_0 @ 0xafac71980] Summary:

  Integrated loudness:
    I:         -13.4 LUFS
    Threshold: -24.2 LUFS

  Loudness range:
    LRA:         2.0 LU
    Threshold: -34.2 LUFS
    LRA low:   -15.2 LUFS
    LRA high:  -13.2 LUFS

  True peak:
    Peak:       -2.3 dBFS
[out#0/null @ 0xafac70300] video:378KiB audio:5704KiB subtitle:0KiB other streams:0KiB global headers:0KiB muxing overhead: unknown
frame=  912 fps=896 q=-0.0 Lsize=N/A time=00:00:30.40 bitrate=N/A speed=29.9x elapsed=0:00:01.01    
