Input #0, mov,mp4,m4a,3gp,3g2,mj2, from 'blueprint-cinema/experiments/EP006-POLISH-002-coverage-first-return-loop/delivery/EP006_POLISH_002_COVERAGE_FIRST_RETURN_LOOP_REVIEW.mp4':
  Metadata:
    major_brand     : isom
    minor_version   : 512
    compatible_brands: isomiso2avc1mp41
    creation_time   : 2026-08-21T12:59:21.000000Z
    encoder         : Blackmagic Design DaVinci Resolve
  Duration: 00:00:30.46, start: 0.000000, bitrate: 18308 kb/s
  Stream #0:0[0x1](und): Video: h264 (High) (avc1 / 0x31637661), yuv420p(tv, bt709/bt709/unknown, progressive), 1920x1080, 18021 kb/s, SAR 1:1 DAR 16:9, 30 fps, 30 tbr, 15360 tbn (default)
    Metadata:
      creation_time   : 2026-08-21T12:59:21.000000Z
      handler_name    : VideoHandler
      encoder         : H.264
      timecode        : 01:00:00:00
  Stream #0:1[0x2](und): Audio: aac (LC) (mp4a / 0x6134706D), 48000 Hz, stereo, fltp, 320 kb/s (default)
    Metadata:
      creation_time   : 2026-08-21T12:59:21.000000Z
      handler_name    : SoundHandler
  Stream #0:2[0x3](eng): Data: none (tmcd / 0x64636D74), 0 kb/s (default)
    Metadata:
      creation_time   : 2026-08-21T12:59:21.000000Z
      handler_name    : TimeCodeHandler
      timecode        : 01:00:00:00
Stream mapping:
  Stream #0:0 -> #0:0 (h264 (native) -> wrapped_avframe (native))
  Stream #0:1 -> #0:1 (aac (native) -> pcm_s16le (native))
Press [q] to stop, [?] for help
Output #0, null, to 'pipe:':
  Metadata:
    major_brand     : isom
    minor_version   : 512
    compatible_brands: isomiso2avc1mp41
    encoder         : Lavf62.12.101
  Stream #0:0(und): Video: wrapped_avframe, yuv420p(tv, bt709/bt709/unknown, progressive), 1920x1080 [SAR 1:1 DAR 16:9], q=2-31, 200 kb/s, 30 fps, 30 tbn (default)
    Metadata:
      encoder         : Lavc62.28.101 wrapped_avframe
      creation_time   : 2026-08-21T12:59:21.000000Z
      handler_name    : VideoHandler
      timecode        : 01:00:00:00
  Stream #0:1(und): Audio: pcm_s16le, 48000 Hz, stereo, s16, 1536 kb/s (default)
    Metadata:
      encoder         : Lavc62.28.101 pcm_s16le
      creation_time   : 2026-08-21T12:59:21.000000Z
      handler_name    : SoundHandler
[Parsed_silencedetect_0 @ 0xa10c0de00] silence_start: 29.93275
[Parsed_silencedetect_0 @ 0xa10c0de00] silence_end: 30.42 | silence_duration: 0.48725
[Parsed_astats_1 @ 0xa10c0dec0] Channel: 1
[Parsed_astats_1 @ 0xa10c0dec0] DC offset: -0.000032
[Parsed_astats_1 @ 0xa10c0dec0] Min level: -0.747475
[Parsed_astats_1 @ 0xa10c0dec0] Max level: 0.768303
[Parsed_astats_1 @ 0xa10c0dec0] Min difference: 0.000000
[Parsed_astats_1 @ 0xa10c0dec0] Max difference: 0.484586
[Parsed_astats_1 @ 0xa10c0dec0] Mean difference: 0.013525
[Parsed_astats_1 @ 0xa10c0dec0] RMS difference: 0.031384
[Parsed_astats_1 @ 0xa10c0dec0] Peak level dB: -2.289348
[Parsed_astats_1 @ 0xa10c0dec0] RMS level dB: -16.580272
[Parsed_astats_1 @ 0xa10c0dec0] RMS peak dB: -8.897673
[Parsed_astats_1 @ 0xa10c0dec0] RMS through dB: -66.803394
[Parsed_astats_1 @ 0xa10c0dec0] Crest factor: 5.182583
[Parsed_astats_1 @ 0xa10c0dec0] Flat factor: 0.000000
[Parsed_astats_1 @ 0xa10c0dec0] Peak count: 2
[Parsed_astats_1 @ 0xa10c0dec0] Abs Peak count: 1
[Parsed_astats_1 @ 0xa10c0dec0] Noise floor dB: -61.985418
[Parsed_astats_1 @ 0xa10c0dec0] Noise floor count: 372
[Parsed_astats_1 @ 0xa10c0dec0] Entropy: 0.800039
[Parsed_astats_1 @ 0xa10c0dec0] Bit depth: 31/32/32/32
[Parsed_astats_1 @ 0xa10c0dec0] Dynamic range: 219.787178
[Parsed_astats_1 @ 0xa10c0dec0] Zero crossings: 121883
[Parsed_astats_1 @ 0xa10c0dec0] Zero crossings rate: 0.083472
[Parsed_astats_1 @ 0xa10c0dec0] Number of NaNs: 0
[Parsed_astats_1 @ 0xa10c0dec0] Number of Infs: 0
[Parsed_astats_1 @ 0xa10c0dec0] Number of denormals: 0
[Parsed_astats_1 @ 0xa10c0dec0] Channel: 2
[Parsed_astats_1 @ 0xa10c0dec0] DC offset: -0.000032
[Parsed_astats_1 @ 0xa10c0dec0] Min level: -0.747475
[Parsed_astats_1 @ 0xa10c0dec0] Max level: 0.768303
[Parsed_astats_1 @ 0xa10c0dec0] Min difference: 0.000000
[Parsed_astats_1 @ 0xa10c0dec0] Max difference: 0.484586
[Parsed_astats_1 @ 0xa10c0dec0] Mean difference: 0.013525
[Parsed_astats_1 @ 0xa10c0dec0] RMS difference: 0.031384
[Parsed_astats_1 @ 0xa10c0dec0] Peak level dB: -2.289348
[Parsed_astats_1 @ 0xa10c0dec0] RMS level dB: -16.580272
[Parsed_astats_1 @ 0xa10c0dec0] RMS peak dB: -8.897673
[Parsed_astats_1 @ 0xa10c0dec0] RMS through dB: -66.803394
[Parsed_astats_1 @ 0xa10c0dec0] Crest factor: 5.182583
[Parsed_astats_1 @ 0xa10c0dec0] Flat factor: 0.000000
[Parsed_astats_1 @ 0xa10c0dec0] Peak count: 2
[Parsed_astats_1 @ 0xa10c0dec0] Abs Peak count: 1
[Parsed_astats_1 @ 0xa10c0dec0] Noise floor dB: -61.985418
[Parsed_astats_1 @ 0xa10c0dec0] Noise floor count: 372
[Parsed_astats_1 @ 0xa10c0dec0] Entropy: 0.800039
[Parsed_astats_1 @ 0xa10c0dec0] Bit depth: 31/32/32/32
[Parsed_astats_1 @ 0xa10c0dec0] Dynamic range: 219.787178
[Parsed_astats_1 @ 0xa10c0dec0] Zero crossings: 121883
[Parsed_astats_1 @ 0xa10c0dec0] Zero crossings rate: 0.083472
[Parsed_astats_1 @ 0xa10c0dec0] Number of NaNs: 0
[Parsed_astats_1 @ 0xa10c0dec0] Number of Infs: 0
[Parsed_astats_1 @ 0xa10c0dec0] Number of denormals: 0
[Parsed_astats_1 @ 0xa10c0dec0] Overall
[Parsed_astats_1 @ 0xa10c0dec0] DC offset: -0.000032
[Parsed_astats_1 @ 0xa10c0dec0] Min level: -0.747475
[Parsed_astats_1 @ 0xa10c0dec0] Max level: 0.768303
[Parsed_astats_1 @ 0xa10c0dec0] Min difference: 0.000000
[Parsed_astats_1 @ 0xa10c0dec0] Max difference: 0.484586
[Parsed_astats_1 @ 0xa10c0dec0] Mean difference: 0.013525
[Parsed_astats_1 @ 0xa10c0dec0] RMS difference: 0.031384
[Parsed_astats_1 @ 0xa10c0dec0] Peak level dB: -2.289348
[Parsed_astats_1 @ 0xa10c0dec0] RMS level dB: -16.580272
[Parsed_astats_1 @ 0xa10c0dec0] RMS peak dB: -8.897673
[Parsed_astats_1 @ 0xa10c0dec0] RMS through dB: -66.803394
[Parsed_astats_1 @ 0xa10c0dec0] Flat factor: 0.000000
[Parsed_astats_1 @ 0xa10c0dec0] Peak count: 2.000000
[Parsed_astats_1 @ 0xa10c0dec0] Abs Peak count: 1.000000
[Parsed_astats_1 @ 0xa10c0dec0] Noise floor dB: -61.985418
[Parsed_astats_1 @ 0xa10c0dec0] Noise floor count: 372.000000
[Parsed_astats_1 @ 0xa10c0dec0] Entropy: 0.800039
[Parsed_astats_1 @ 0xa10c0dec0] Bit depth: 31/32/32/32
[Parsed_astats_1 @ 0xa10c0dec0] Number of samples: 1460160
[Parsed_astats_1 @ 0xa10c0dec0] Number of NaNs: 0.000000
[Parsed_astats_1 @ 0xa10c0dec0] Number of Infs: 0.000000
[Parsed_astats_1 @ 0xa10c0dec0] Number of denormals: 0.000000
[out#0/null @ 0xa10c0c780] video:378KiB audio:5704KiB subtitle:0KiB other streams:0KiB global headers:0KiB muxing overhead: unknown
frame=  912 fps=884 q=-0.0 Lsize=N/A time=00:00:30.40 bitrate=N/A speed=29.5x elapsed=0:00:01.03    
