
◆  Rendering seg060 → /Users/brownmanbrain/GitHub/operator-economy/blueprint-cinema/experiments/EP009-FULL-BUILD-001/scenes/seg060/qa/s17d.mp4
   24fps · high · auto workers (10 cores detected)
   GPU: browser GPU (auto-detect)

[?25l│
◇  Browser: cache
[?25h[INFO] [Render] Pipeline started {"renderJobId":"67d1f4f6-90f2-464d-bcaf-e00f3776f8e6","platform":"darwin","arch":"arm64","nodeVersion":"v25.6.1","fps":{"num":24,"den":1},"format":"mp4","quality":"high","browserGpuMode":"auto","forceScreenshot":false,"protocolTimeout":300000,"browserTimeout":120000,"pageNavigationTimeout":60000,"playerReadyTimeout":45000}
[INFO] [Render:trace] {"renderJobId":"67d1f4f6-90f2-464d-bcaf-e00f3776f8e6","phase":"pipeline","status":"checkpoint","elapsedMs":1,"message":"started","format":"mp4","quality":"high","browserGpuMode":"auto","forceScreenshot":false,"protocolTimeoutMs":300000,"pageNavigationTimeoutMs":60000,"playerReadyTimeoutMs":45000,"requestedWorkers":"auto"}
[INFO] [Render:trace] {"renderJobId":"67d1f4f6-90f2-464d-bcaf-e00f3776f8e6","phase":"compile","status":"start","elapsedMs":2,"needsAlpha":false}
  █░░░░░░░░░░░░░░░░░░░░░░░░  5%  Compiling composition
[INFO] [Compiler] Embedded local font file: public/fonts/boska-700.woff2 (30 KB → data URI)
[INFO] [Compiler] Embedded local font file: public/fonts/supreme-400.woff2 (18 KB → data URI)
[INFO] [Compiler] Embedded local font file: public/fonts/supreme-500.woff2 (18 KB → data URI)
[INFO] Compiled composition metadata {"renderJobId":"67d1f4f6-90f2-464d-bcaf-e00f3776f8e6","entryFile":"index.html","staticDuration":25.458333,"width":1280,"height":720,"videoCount":0,"audioCount":1,"renderModeHints":{"recommendScreenshot":false,"reasons":[]}}
[INFO] [Render:trace] {"renderJobId":"67d1f4f6-90f2-464d-bcaf-e00f3776f8e6","phase":"compile","status":"end","elapsedMs":67,"durationMs":65,"needsAlpha":false}
[INFO] [Render:trace] {"renderJobId":"67d1f4f6-90f2-464d-bcaf-e00f3776f8e6","phase":"compile","status":"checkpoint","elapsedMs":68,"message":"composition metadata resolved","width":1280,"height":720,"videoCount":0,"audioCount":1,"imageCount":0,"deviceScaleFactor":1,"forceScreenshot":false,"compositionHash":"327314483b8c301d"}
[INFO] [Render:trace] {"renderJobId":"67d1f4f6-90f2-464d-bcaf-e00f3776f8e6","phase":"browser_probe","status":"start","elapsedMs":68,"forceScreenshot":false,"stagePhase":"calibrating"}
[INFO] [Render:trace] {"renderJobId":"67d1f4f6-90f2-464d-bcaf-e00f3776f8e6","phase":"browser_probe","status":"end","elapsedMs":72,"durationMs":4,"forceScreenshot":false,"stagePhase":"calibrating"}
[INFO] [Render:trace] {"renderJobId":"67d1f4f6-90f2-464d-bcaf-e00f3776f8e6","phase":"browser_probe","status":"checkpoint","elapsedMs":73,"message":"duration resolved","durationSeconds":25.458333,"totalFrames":611,"compositionHash":"327314483b8c301d","beginFrameStalled":false}
[INFO] [Render:trace] {"renderJobId":"67d1f4f6-90f2-464d-bcaf-e00f3776f8e6","phase":"video_extract","status":"start","elapsedMs":73,"videoCount":0}
  ██░░░░░░░░░░░░░░░░░░░░░░░  10%  Extracting video frames
[INFO] [Render:trace] {"renderJobId":"67d1f4f6-90f2-464d-bcaf-e00f3776f8e6","phase":"video_extract","status":"end","elapsedMs":73,"durationMs":0,"videoCount":0}
[INFO] [Render:trace] {"renderJobId":"67d1f4f6-90f2-464d-bcaf-e00f3776f8e6","phase":"video_extract","status":"checkpoint","elapsedMs":74,"message":"frames resolved","videoCount":0,"extractedVideoCount":0,"totalFramesExtracted":0,"maxFramesPerVideo":0,"avgFramesPerExtractedVideo":null,"vfrPreflightCount":null,"vfrPreflightMs":null,"cacheHits":null,"cacheMisses":null,"transientRetries":null,"minVideoFrameCoverageRatio":null,"authoredTimedClipCount":2}
[INFO] [Render] No HDR sources detected — rendering SDR {"renderJobId":"67d1f4f6-90f2-464d-bcaf-e00f3776f8e6"}
[INFO] [Render:trace] {"renderJobId":"67d1f4f6-90f2-464d-bcaf-e00f3776f8e6","phase":"hdr_detection","status":"checkpoint","elapsedMs":74,"message":"resolved","requestedHdrMode":"auto","effectiveHdr":"sdr","nativeHdrVideoCount":0,"nativeHdrImageCount":0}
[INFO] [Render:trace] {"renderJobId":"67d1f4f6-90f2-464d-bcaf-e00f3776f8e6","phase":"audio_process","status":"start","elapsedMs":74,"audioCount":1}
  █████░░░░░░░░░░░░░░░░░░░░  20%  Processing audio tracks
[INFO] [Render:trace] {"renderJobId":"67d1f4f6-90f2-464d-bcaf-e00f3776f8e6","phase":"audio_process","status":"end","elapsedMs":597,"durationMs":523,"audioCount":1}
[INFO] [Render:trace] {"renderJobId":"67d1f4f6-90f2-464d-bcaf-e00f3776f8e6","phase":"file_server","status":"start","elapsedMs":597,"reused":false}
  ██████░░░░░░░░░░░░░░░░░░░  25%  Starting frame capture
[INFO] [Render:trace] {"renderJobId":"67d1f4f6-90f2-464d-bcaf-e00f3776f8e6","phase":"file_server","status":"end","elapsedMs":602,"durationMs":5}
[hyperframes] browserGpuMode probe → hardware (WebGL renderer vendor="Google Inc. (Apple)" renderer="ANGLE (Apple, ANGLE Metal Renderer: Apple M4, Unspecified Version)")
[INFO] [Render:trace] {"renderJobId":"67d1f4f6-90f2-464d-bcaf-e00f3776f8e6","phase":"capture_calibration","status":"start","elapsedMs":753,"stagePhase":"calibrating","forceScreenshot":false,"totalFrames":611,"framesCompleted":0,"captureMode":"drawelement","captureOperation":"drawElement"}
[INFO] [Render] Calibration config {"renderJobId":"67d1f4f6-90f2-464d-bcaf-e00f3776f8e6","protocolTimeout":30000,"parentProtocolTimeout":300000,"forceScreenshot":false,"totalFrames":611}
[INFO] Launching browser for capture calibration... {"renderJobId":"67d1f4f6-90f2-464d-bcaf-e00f3776f8e6"}
[BrowserManager] Browser launched (HeadlessChrome/152.0.7977.30, screenshot, gl=--use-gl=angle --use-angle=metal, headlessShell=true, platform=darwin)
[INFO] Initializing calibration session... {"renderJobId":"67d1f4f6-90f2-464d-bcaf-e00f3776f8e6"}
[initSession:screenshot] page.goto start (0ms)
[HyperFrames] render runtime fps [object Object]
[initSession:screenshot] page.goto complete (115ms)
[initSession:screenshot] GSAP proxy flush complete (145ms)
[initSession:screenshot] pollHfReady complete (146ms)
[initSession:screenshot] pollSubCompositionTimelines complete (ready) (147ms)
[initSession:screenshot] applyVideoMetadataHints complete (147ms)
[initSession:screenshot] media + fonts + tailwind ready (149ms)
[initSession:screenshot] timeline at-risk predictor: 0/611 frames (0%) (175ms)
[initSession:screenshot] static-frame dedup: 427/429 predicted frame(s) reusable (outcome=verified, runs=11/11, screenshots=35, seeks=36, elapsedMs=1375) (1740ms)
[initSession:screenshot] drawElement self-verify armed: 4 ground-truth frame(s) @ [153, 305, 458, 580] of 610 (2106ms)
[initSession:drawelement] drawElement canvas injected (2107ms)
[initSession:drawelement] screenshot fallback: 5 clip-boundary frame(s) (2107ms)
[initSession:drawelement] drawElement worker encode initialized (2108ms)
[INFO] Calibration session ready, capturing test frames... {"renderJobId":"67d1f4f6-90f2-464d-bcaf-e00f3776f8e6"}
[INFO] Calibration: capturing test frame 1/5... {"renderJobId":"67d1f4f6-90f2-464d-bcaf-e00f3776f8e6"}
[INFO] Calibration: capturing test frame 2/5... {"renderJobId":"67d1f4f6-90f2-464d-bcaf-e00f3776f8e6"}
[INFO] Calibration: capturing test frame 3/5... {"renderJobId":"67d1f4f6-90f2-464d-bcaf-e00f3776f8e6"}
[INFO] Calibration: capturing test frame 4/5... {"renderJobId":"67d1f4f6-90f2-464d-bcaf-e00f3776f8e6"}
[INFO] Calibration: capturing test frame 5/5... {"renderJobId":"67d1f4f6-90f2-464d-bcaf-e00f3776f8e6"}
[INFO] Calibration complete, estimated cost: 17ms/frame (p95) {"renderJobId":"67d1f4f6-90f2-464d-bcaf-e00f3776f8e6"}
[INFO] [Render:trace] {"renderJobId":"67d1f4f6-90f2-464d-bcaf-e00f3776f8e6","phase":"capture_calibration","status":"end","elapsedMs":3136,"durationMs":2383,"stagePhase":"calibrating","forceScreenshot":false,"totalFrames":611,"framesCompleted":0,"captureMode":"drawelement","captureOperation":"drawElement"}
[INFO] [Render:trace] {"renderJobId":"67d1f4f6-90f2-464d-bcaf-e00f3776f8e6","phase":"capture_calibration","status":"checkpoint","elapsedMs":3136,"message":"resolved","forceScreenshot":false,"multiplier":1,"p95Ms":17}
[INFO] [Render:trace] {"renderJobId":"67d1f4f6-90f2-464d-bcaf-e00f3776f8e6","phase":"worker_resolution","status":"checkpoint","elapsedMs":3136,"message":"resolved","workerCount":4}
[INFO] [Render] Fast capture: default-on drawElement disabled for this render — parallel capture has no runtime self-verification. Set PRODUCER_EXPERIMENTAL_FAST_CAPTURE=true to override. {"renderJobId":"67d1f4f6-90f2-464d-bcaf-e00f3776f8e6"}
[INFO] streaming-encode gate {"renderJobId":"67d1f4f6-90f2-464d-bcaf-e00f3776f8e6","enabled":false,"configFlag":true,"outputFormat":"mp4","workerCount":4,"durationSeconds":25.458333,"maxDurationSeconds":240}
[INFO] [Render:trace] {"renderJobId":"67d1f4f6-90f2-464d-bcaf-e00f3776f8e6","phase":"capture_strategy","status":"checkpoint","elapsedMs":3136,"message":"resolved","workerCount":4,"forceScreenshot":false,"captureBeyondViewport":null,"useStreamingEncode":false,"useLayeredComposite":false,"usePageSideCompositing":false,"hasHdrContent":false,"hasShaderTransitions":false,"isPngSequence":false}
[INFO] [Render:trace] {"renderJobId":"67d1f4f6-90f2-464d-bcaf-e00f3776f8e6","phase":"capture_disk","status":"start","elapsedMs":3136,"stagePhase":"capturing","needsAlpha":false,"workerCount":4,"forceScreenshot":false,"totalFrames":611,"framesCompleted":0,"captureMode":"beginframe","captureOperation":"beginFrame"}
  ██████░░░░░░░░░░░░░░░░░░░  25%  Capturing frame 0/611 (4 workers)
  ██████░░░░░░░░░░░░░░░░░░░  25%  Capturing frame 0/611 (4 workers)
  ██████░░░░░░░░░░░░░░░░░░░  25%  Capturing frame 0/611 (4 workers)
  ██████░░░░░░░░░░░░░░░░░░░  25%  Capturing frame 0/611 (4 workers)
[BrowserManager] Browser launched (HeadlessChrome/152.0.7977.30, screenshot, gl=--use-gl=angle --use-angle=metal, headlessShell=true, platform=darwin)
  ██████░░░░░░░░░░░░░░░░░░░  25%  Capturing frame 0/611 (4 workers)
[initSession:screenshot] page.goto start (0ms)
  ██████░░░░░░░░░░░░░░░░░░░  25%  Capturing frame 0/611 (4 workers)
  ██████░░░░░░░░░░░░░░░░░░░  25%  Capturing frame 0/611 (4 workers)
[initSession:screenshot] page.goto start (0ms)
  ██████░░░░░░░░░░░░░░░░░░░  25%  Capturing frame 0/611 (4 workers)
  ██████░░░░░░░░░░░░░░░░░░░  25%  Capturing frame 0/611 (4 workers)
[initSession:screenshot] page.goto start (0ms)
  ██████░░░░░░░░░░░░░░░░░░░  25%  Capturing frame 0/611 (4 workers)
  ██████░░░░░░░░░░░░░░░░░░░  25%  Capturing frame 0/611 (4 workers)
[initSession:screenshot] page.goto start (0ms)
  ██████░░░░░░░░░░░░░░░░░░░  25%  Capturing frame 0/611 (4 workers)
[HyperFrames] render runtime fps [object Object]
[HyperFrames] render runtime fps [object Object]
[HyperFrames] render runtime fps [object Object]
[HyperFrames] render runtime fps [object Object]
[initSession:screenshot] page.goto complete (143ms)
[initSession:screenshot] page.goto complete (112ms)
[initSession:screenshot] page.goto complete (155ms)
[initSession:screenshot] page.goto complete (158ms)
[initSession:screenshot] GSAP proxy flush complete (175ms)
[initSession:screenshot] GSAP proxy flush complete (140ms)
[initSession:screenshot] GSAP proxy flush complete (178ms)
[initSession:screenshot] GSAP proxy flush complete (174ms)
[initSession:screenshot] pollHfReady complete (177ms)
[initSession:screenshot] pollHfReady complete (143ms)
[initSession:screenshot] pollHfReady complete (180ms)
[initSession:screenshot] pollHfReady complete (175ms)
[initSession:screenshot] pollSubCompositionTimelines complete (ready) (179ms)
[initSession:screenshot] applyVideoMetadataHints complete (179ms)
[initSession:screenshot] pollSubCompositionTimelines complete (ready) (145ms)
[initSession:screenshot] applyVideoMetadataHints complete (145ms)
[initSession:screenshot] pollSubCompositionTimelines complete (ready) (177ms)
[initSession:screenshot] applyVideoMetadataHints complete (177ms)
[initSession:screenshot] pollSubCompositionTimelines complete (ready) (182ms)
[initSession:screenshot] applyVideoMetadataHints complete (183ms)
[initSession:screenshot] media + fonts + tailwind ready (182ms)
[initSession:screenshot] media + fonts + tailwind ready (147ms)
[initSession:screenshot] media + fonts + tailwind ready (179ms)
[initSession:screenshot] media + fonts + tailwind ready (184ms)
[initSession:screenshot] static-frame dedup: 427/429 predicted frame(s) reusable (outcome=verified, runs=11/11, screenshots=35, seeks=36, elapsedMs=1364) (1713ms)
  ██████░░░░░░░░░░░░░░░░░░░  25%  Capturing frame 0/611 (4 workers)
[initSession:screenshot] static-frame dedup: 427/429 predicted frame(s) reusable (outcome=verified, runs=11/11, screenshots=35, seeks=36, elapsedMs=1369) (1822ms)
[initSession:screenshot] static-frame dedup: 427/429 predicted frame(s) reusable (outcome=verified, runs=11/11, screenshots=35, seeks=36, elapsedMs=1472) (1826ms)
  ██████░░░░░░░░░░░░░░░░░░░  27%  Capturing frame 30/611 (4 workers)
[initSession:screenshot] static-frame dedup: 427/429 predicted frame(s) reusable (outcome=verified, runs=11/11, screenshots=35, seeks=36, elapsedMs=1442) (1857ms)
  ███████░░░░░░░░░░░░░░░░░░  29%  Capturing frame 60/611 (4 workers)
  ████████░░░░░░░░░░░░░░░░░  32%  Capturing frame 90/611 (4 workers)
  ████████░░░░░░░░░░░░░░░░░  34%  Capturing frame 120/611 (4 workers)
  █████████░░░░░░░░░░░░░░░░  36%  Capturing frame 150/611 (4 workers)
  █████████░░░░░░░░░░░░░░░░  38%  Capturing frame 180/611 (4 workers)
  ██████████░░░░░░░░░░░░░░░  40%  Capturing frame 210/611 (4 workers)
  ██████████░░░░░░░░░░░░░░░  43%  Capturing frame 240/611 (4 workers)
  ███████████░░░░░░░░░░░░░░  45%  Capturing frame 270/611 (4 workers)
  ███████████░░░░░░░░░░░░░░  47%  Capturing frame 300/611 (4 workers)
  ████████████░░░░░░░░░░░░░  49%  Capturing frame 330/611 (4 workers)
  █████████████░░░░░░░░░░░░  52%  Capturing frame 360/611 (4 workers)
  █████████████░░░░░░░░░░░░  54%  Capturing frame 390/611 (4 workers)
  ██████████████░░░░░░░░░░░  56%  Capturing frame 420/611 (4 workers)
  ██████████████░░░░░░░░░░░  58%  Capturing frame 450/611 (4 workers)
  ███████████████░░░░░░░░░░  60%  Capturing frame 480/611 (4 workers)
[static-dedup] reused 112/153 frame(s) (73%), est. ~4816ms saved (avg 43ms/frame)
  ███████████████░░░░░░░░░░  63%  Capturing frame 510/611 (4 workers)
  ████████████████░░░░░░░░░  65%  Capturing frame 540/611 (4 workers)
[static-dedup] reused 109/153 frame(s) (71%), est. ~4578ms saved (avg 42ms/frame)
  ████████████████░░░░░░░░░  67%  Capturing frame 570/611 (4 workers)
[static-dedup] reused 103/153 frame(s) (67%), est. ~4326ms saved (avg 42ms/frame)
  █████████████████░░░░░░░░  69%  Capturing frame 600/611 (4 workers)
  █████████████████░░░░░░░░  70%  Capturing frame 611/611 (4 workers)
[static-dedup] reused 101/152 frame(s) (66%), est. ~4343ms saved (avg 43ms/frame)
[INFO] [Render:trace] {"renderJobId":"67d1f4f6-90f2-464d-bcaf-e00f3776f8e6","phase":"capture_disk","status":"end","elapsedMs":7514,"durationMs":4378,"stagePhase":"capturing","needsAlpha":false,"workerCount":4,"forceScreenshot":false,"totalFrames":611,"framesCompleted":611,"captureMode":"beginframe","captureOperation":"encode"}
[INFO] [Render:trace] {"renderJobId":"67d1f4f6-90f2-464d-bcaf-e00f3776f8e6","phase":"encode","status":"start","elapsedMs":7514,"stagePhase":"capturing","hasAudio":true,"isPngSequence":false,"isGif":false,"chunkedEncode":false,"workerCount":4,"forceScreenshot":false,"totalFrames":611,"framesCompleted":611,"captureMode":"beginframe","captureOperation":"encode"}
  ██████████████████░░░░░░░  75%  Encoding video
[INFO] [Render:trace] {"renderJobId":"67d1f4f6-90f2-464d-bcaf-e00f3776f8e6","phase":"encode","status":"end","elapsedMs":8733,"durationMs":1219,"stagePhase":"capturing","hasAudio":true,"isPngSequence":false,"isGif":false,"chunkedEncode":false,"workerCount":4,"forceScreenshot":false,"totalFrames":611,"framesCompleted":611,"captureMode":"beginframe","captureOperation":"encode"}
[INFO] [Render:trace] {"renderJobId":"67d1f4f6-90f2-464d-bcaf-e00f3776f8e6","phase":"assemble","status":"start","elapsedMs":8733,"stagePhase":"capturing","hasAudio":true,"workerCount":4,"forceScreenshot":false,"totalFrames":611,"framesCompleted":611,"captureMode":"beginframe","captureOperation":"encode"}
  ██████████████████████░░░  90%  Assembling final video
[INFO] [Render:trace] {"renderJobId":"67d1f4f6-90f2-464d-bcaf-e00f3776f8e6","phase":"assemble","status":"end","elapsedMs":9323,"durationMs":590,"stagePhase":"capturing","hasAudio":true,"workerCount":4,"forceScreenshot":false,"totalFrames":611,"framesCompleted":611,"captureMode":"beginframe","captureOperation":"encode"}
[INFO] [Render:trace] {"renderJobId":"67d1f4f6-90f2-464d-bcaf-e00f3776f8e6","phase":"pipeline","status":"checkpoint","elapsedMs":9350,"message":"artifact validated","totalElapsedMs":9347}
  █████████████████████████  100%  Render complete

◇  /Users/brownmanbrain/GitHub/operator-economy/blueprint-cinema/experiments/EP009-FULL-BUILD-001/scenes/seg060/qa/s17d.mp4
   1.3 MB · 25.5s video · rendered in 9.4s
