
◆  Rendering r54-s11cd → /Users/brownmanbrain/GitHub/operator-economy/blueprint-cinema/experiments/EP007-NET-NEW-UNFINISHED-ANSWER-003/hyperframes/reviews/r54-s11cd/qa/r54-s11cd.mp4
   24fps · high · auto workers (10 cores detected)
   GPU: browser GPU (auto-detect)

[?25l│
◇  Browser: cache
[?25h[INFO] [Render] Pipeline started {"renderJobId":"607ee12a-88fd-4849-be39-a9cc0fd481d6","platform":"darwin","arch":"arm64","nodeVersion":"v25.6.1","fps":{"num":24,"den":1},"format":"mp4","quality":"high","browserGpuMode":"auto","forceScreenshot":false,"protocolTimeout":300000,"browserTimeout":120000,"pageNavigationTimeout":60000,"playerReadyTimeout":45000}
[INFO] [Render:trace] {"renderJobId":"607ee12a-88fd-4849-be39-a9cc0fd481d6","phase":"pipeline","status":"checkpoint","elapsedMs":1,"message":"started","format":"mp4","quality":"high","browserGpuMode":"auto","forceScreenshot":false,"protocolTimeoutMs":300000,"pageNavigationTimeoutMs":60000,"playerReadyTimeoutMs":45000,"requestedWorkers":"auto"}
[INFO] [Render:trace] {"renderJobId":"607ee12a-88fd-4849-be39-a9cc0fd481d6","phase":"compile","status":"start","elapsedMs":2,"needsAlpha":false}
  █░░░░░░░░░░░░░░░░░░░░░░░░  5%  Compiling composition
[INFO] [Compiler] Embedded local font file: public/fonts/boska-700.woff2 (30 KB → data URI)
[INFO] [Compiler] Embedded local font file: public/fonts/supreme-400.woff2 (18 KB → data URI)
[INFO] [Compiler] Embedded local font file: public/fonts/supreme-500.woff2 (18 KB → data URI)
[INFO] Compiled composition metadata {"renderJobId":"607ee12a-88fd-4849-be39-a9cc0fd481d6","entryFile":"index.html","staticDuration":23.875,"width":1280,"height":720,"videoCount":0,"audioCount":1,"renderModeHints":{"recommendScreenshot":false,"reasons":[]}}
[INFO] [Render:trace] {"renderJobId":"607ee12a-88fd-4849-be39-a9cc0fd481d6","phase":"compile","status":"end","elapsedMs":50,"durationMs":48,"needsAlpha":false}
[INFO] [Render:trace] {"renderJobId":"607ee12a-88fd-4849-be39-a9cc0fd481d6","phase":"compile","status":"checkpoint","elapsedMs":51,"message":"composition metadata resolved","width":1280,"height":720,"videoCount":0,"audioCount":1,"imageCount":0,"deviceScaleFactor":1,"forceScreenshot":false,"compositionHash":"8ecbe0282b6fcbc0"}
[INFO] [Render:trace] {"renderJobId":"607ee12a-88fd-4849-be39-a9cc0fd481d6","phase":"browser_probe","status":"start","elapsedMs":51,"forceScreenshot":false,"stagePhase":"calibrating"}
[INFO] [Render:trace] {"renderJobId":"607ee12a-88fd-4849-be39-a9cc0fd481d6","phase":"browser_probe","status":"end","elapsedMs":54,"durationMs":3,"forceScreenshot":false,"stagePhase":"calibrating"}
[INFO] [Render:trace] {"renderJobId":"607ee12a-88fd-4849-be39-a9cc0fd481d6","phase":"browser_probe","status":"checkpoint","elapsedMs":54,"message":"duration resolved","durationSeconds":23.875,"totalFrames":573,"compositionHash":"8ecbe0282b6fcbc0","beginFrameStalled":false}
[INFO] [Render:trace] {"renderJobId":"607ee12a-88fd-4849-be39-a9cc0fd481d6","phase":"video_extract","status":"start","elapsedMs":54,"videoCount":0}
  ██░░░░░░░░░░░░░░░░░░░░░░░  10%  Extracting video frames
[INFO] [Render:trace] {"renderJobId":"607ee12a-88fd-4849-be39-a9cc0fd481d6","phase":"video_extract","status":"end","elapsedMs":55,"durationMs":1,"videoCount":0}
[INFO] [Render:trace] {"renderJobId":"607ee12a-88fd-4849-be39-a9cc0fd481d6","phase":"video_extract","status":"checkpoint","elapsedMs":55,"message":"frames resolved","videoCount":0,"extractedVideoCount":0,"totalFramesExtracted":0,"maxFramesPerVideo":0,"avgFramesPerExtractedVideo":null,"vfrPreflightCount":null,"vfrPreflightMs":null,"cacheHits":null,"cacheMisses":null,"transientRetries":null,"minVideoFrameCoverageRatio":null,"authoredTimedClipCount":2}
[INFO] [Render] No HDR sources detected — rendering SDR {"renderJobId":"607ee12a-88fd-4849-be39-a9cc0fd481d6"}
[INFO] [Render:trace] {"renderJobId":"607ee12a-88fd-4849-be39-a9cc0fd481d6","phase":"hdr_detection","status":"checkpoint","elapsedMs":55,"message":"resolved","requestedHdrMode":"auto","effectiveHdr":"sdr","nativeHdrVideoCount":0,"nativeHdrImageCount":0}
[INFO] [Render:trace] {"renderJobId":"607ee12a-88fd-4849-be39-a9cc0fd481d6","phase":"audio_process","status":"start","elapsedMs":55,"audioCount":1}
  █████░░░░░░░░░░░░░░░░░░░░  20%  Processing audio tracks
[INFO] [Render:trace] {"renderJobId":"607ee12a-88fd-4849-be39-a9cc0fd481d6","phase":"audio_process","status":"end","elapsedMs":532,"durationMs":477,"audioCount":1}
[INFO] [Render:trace] {"renderJobId":"607ee12a-88fd-4849-be39-a9cc0fd481d6","phase":"file_server","status":"start","elapsedMs":532,"reused":false}
  ██████░░░░░░░░░░░░░░░░░░░  25%  Starting frame capture
[INFO] [Render:trace] {"renderJobId":"607ee12a-88fd-4849-be39-a9cc0fd481d6","phase":"file_server","status":"end","elapsedMs":537,"durationMs":5}
[hyperframes] browserGpuMode probe → hardware (WebGL renderer vendor="Google Inc. (Apple)" renderer="ANGLE (Apple, ANGLE Metal Renderer: Apple M4, Unspecified Version)")
[INFO] [Render:trace] {"renderJobId":"607ee12a-88fd-4849-be39-a9cc0fd481d6","phase":"capture_calibration","status":"start","elapsedMs":680,"stagePhase":"calibrating","forceScreenshot":false,"totalFrames":573,"framesCompleted":0,"captureMode":"drawelement","captureOperation":"drawElement"}
[INFO] [Render] Calibration config {"renderJobId":"607ee12a-88fd-4849-be39-a9cc0fd481d6","protocolTimeout":30000,"parentProtocolTimeout":300000,"forceScreenshot":false,"totalFrames":573}
[INFO] Launching browser for capture calibration... {"renderJobId":"607ee12a-88fd-4849-be39-a9cc0fd481d6"}
[BrowserManager] Browser launched (HeadlessChrome/152.0.7977.30, screenshot, gl=--use-gl=angle --use-angle=metal, headlessShell=true, platform=darwin)
[INFO] Initializing calibration session... {"renderJobId":"607ee12a-88fd-4849-be39-a9cc0fd481d6"}
[initSession:screenshot] page.goto start (0ms)
[HyperFrames] render runtime fps [object Object]
[initSession:screenshot] page.goto complete (106ms)
[initSession:screenshot] GSAP proxy flush complete (109ms)
[initSession:screenshot] pollHfReady complete (109ms)
[initSession:screenshot] pollSubCompositionTimelines complete (ready) (110ms)
[initSession:screenshot] applyVideoMetadataHints complete (110ms)
[initSession:screenshot] media + fonts + tailwind ready (111ms)
[initSession:screenshot] timeline at-risk predictor: 0/573 frames (0%) (133ms)
[initSession:screenshot] static-frame dedup: 431/431 predicted frame(s) reusable (outcome=verified, runs=8/8, screenshots=32, seeks=33, elapsedMs=1273) (1580ms)
[initSession:screenshot] drawElement self-verify armed: 4 ground-truth frame(s) @ [143, 287, 430, 544] of 573 (1956ms)
[initSession:drawelement] drawElement canvas injected (1957ms)
[initSession:drawelement] screenshot fallback: 5 clip-boundary frame(s) (1958ms)
[initSession:drawelement] drawElement worker encode initialized (1960ms)
[INFO] Calibration session ready, capturing test frames... {"renderJobId":"607ee12a-88fd-4849-be39-a9cc0fd481d6"}
[INFO] Calibration: capturing test frame 1/5... {"renderJobId":"607ee12a-88fd-4849-be39-a9cc0fd481d6"}
[INFO] Calibration: capturing test frame 2/5... {"renderJobId":"607ee12a-88fd-4849-be39-a9cc0fd481d6"}
[INFO] Calibration: capturing test frame 3/5... {"renderJobId":"607ee12a-88fd-4849-be39-a9cc0fd481d6"}
[INFO] Calibration: capturing test frame 4/5... {"renderJobId":"607ee12a-88fd-4849-be39-a9cc0fd481d6"}
[INFO] Calibration: capturing test frame 5/5... {"renderJobId":"607ee12a-88fd-4849-be39-a9cc0fd481d6"}
[INFO] Calibration complete, estimated cost: 28ms/frame (p95) {"renderJobId":"607ee12a-88fd-4849-be39-a9cc0fd481d6"}
[INFO] [Render:trace] {"renderJobId":"607ee12a-88fd-4849-be39-a9cc0fd481d6","phase":"capture_calibration","status":"end","elapsedMs":2905,"durationMs":2225,"stagePhase":"calibrating","forceScreenshot":false,"totalFrames":573,"framesCompleted":0,"captureMode":"drawelement","captureOperation":"drawElement"}
[INFO] [Render:trace] {"renderJobId":"607ee12a-88fd-4849-be39-a9cc0fd481d6","phase":"capture_calibration","status":"checkpoint","elapsedMs":2905,"message":"resolved","forceScreenshot":false,"multiplier":1,"p95Ms":28}
[INFO] [Render:trace] {"renderJobId":"607ee12a-88fd-4849-be39-a9cc0fd481d6","phase":"worker_resolution","status":"checkpoint","elapsedMs":2905,"message":"resolved","workerCount":4}
[INFO] [Render] Fast capture: default-on drawElement disabled for this render — parallel capture has no runtime self-verification. Set PRODUCER_EXPERIMENTAL_FAST_CAPTURE=true to override. {"renderJobId":"607ee12a-88fd-4849-be39-a9cc0fd481d6"}
[INFO] streaming-encode gate {"renderJobId":"607ee12a-88fd-4849-be39-a9cc0fd481d6","enabled":false,"configFlag":true,"outputFormat":"mp4","workerCount":4,"durationSeconds":23.875,"maxDurationSeconds":240}
[INFO] [Render:trace] {"renderJobId":"607ee12a-88fd-4849-be39-a9cc0fd481d6","phase":"capture_strategy","status":"checkpoint","elapsedMs":2906,"message":"resolved","workerCount":4,"forceScreenshot":false,"captureBeyondViewport":null,"useStreamingEncode":false,"useLayeredComposite":false,"usePageSideCompositing":false,"hasHdrContent":false,"hasShaderTransitions":false,"isPngSequence":false}
[INFO] [Render:trace] {"renderJobId":"607ee12a-88fd-4849-be39-a9cc0fd481d6","phase":"capture_disk","status":"start","elapsedMs":2906,"stagePhase":"capturing","needsAlpha":false,"workerCount":4,"forceScreenshot":false,"totalFrames":573,"framesCompleted":0,"captureMode":"beginframe","captureOperation":"beginFrame"}
  ██████░░░░░░░░░░░░░░░░░░░  25%  Capturing frame 0/573 (4 workers)
  ██████░░░░░░░░░░░░░░░░░░░  25%  Capturing frame 0/573 (4 workers)
  ██████░░░░░░░░░░░░░░░░░░░  25%  Capturing frame 0/573 (4 workers)
  ██████░░░░░░░░░░░░░░░░░░░  25%  Capturing frame 0/573 (4 workers)
[BrowserManager] Browser launched (HeadlessChrome/152.0.7977.30, screenshot, gl=--use-gl=angle --use-angle=metal, headlessShell=true, platform=darwin)
  ██████░░░░░░░░░░░░░░░░░░░  25%  Capturing frame 0/573 (4 workers)
[initSession:screenshot] page.goto start (0ms)
  ██████░░░░░░░░░░░░░░░░░░░  25%  Capturing frame 0/573 (4 workers)
  ██████░░░░░░░░░░░░░░░░░░░  25%  Capturing frame 0/573 (4 workers)
[initSession:screenshot] page.goto start (0ms)
  ██████░░░░░░░░░░░░░░░░░░░  25%  Capturing frame 0/573 (4 workers)
  ██████░░░░░░░░░░░░░░░░░░░  25%  Capturing frame 0/573 (4 workers)
[initSession:screenshot] page.goto start (0ms)
  ██████░░░░░░░░░░░░░░░░░░░  25%  Capturing frame 0/573 (4 workers)
  ██████░░░░░░░░░░░░░░░░░░░  25%  Capturing frame 0/573 (4 workers)
[initSession:screenshot] page.goto start (0ms)
  ██████░░░░░░░░░░░░░░░░░░░  25%  Capturing frame 0/573 (4 workers)
[HyperFrames] render runtime fps [object Object]
[HyperFrames] render runtime fps [object Object]
[HyperFrames] render runtime fps [object Object]
[HyperFrames] render runtime fps [object Object]
[initSession:screenshot] page.goto complete (104ms)
[initSession:screenshot] page.goto complete (123ms)
[initSession:screenshot] page.goto complete (128ms)
[initSession:screenshot] page.goto complete (135ms)
[initSession:screenshot] GSAP proxy flush complete (137ms)
[initSession:screenshot] GSAP proxy flush complete (139ms)
[initSession:screenshot] GSAP proxy flush complete (140ms)
[initSession:screenshot] GSAP proxy flush complete (140ms)
[initSession:screenshot] pollHfReady complete (140ms)
[initSession:screenshot] pollHfReady complete (140ms)
[initSession:screenshot] pollHfReady complete (140ms)
[initSession:screenshot] pollHfReady complete (141ms)
[initSession:screenshot] pollSubCompositionTimelines complete (ready) (141ms)
[initSession:screenshot] applyVideoMetadataHints complete (141ms)
[initSession:screenshot] pollSubCompositionTimelines complete (ready) (142ms)
[initSession:screenshot] applyVideoMetadataHints complete (142ms)
[initSession:screenshot] pollSubCompositionTimelines complete (ready) (142ms)
[initSession:screenshot] applyVideoMetadataHints complete (142ms)
[initSession:screenshot] pollSubCompositionTimelines complete (ready) (142ms)
[initSession:screenshot] applyVideoMetadataHints complete (142ms)
[initSession:screenshot] media + fonts + tailwind ready (143ms)
[initSession:screenshot] media + fonts + tailwind ready (143ms)
[initSession:screenshot] media + fonts + tailwind ready (143ms)
[initSession:screenshot] media + fonts + tailwind ready (144ms)
[initSession:screenshot] static-frame dedup: 431/431 predicted frame(s) reusable (outcome=verified, runs=8/8, screenshots=32, seeks=33, elapsedMs=1262) (1550ms)
  ██████░░░░░░░░░░░░░░░░░░░  25%  Capturing frame 0/573 (4 workers)
[initSession:screenshot] static-frame dedup: 431/431 predicted frame(s) reusable (outcome=verified, runs=8/8, screenshots=32, seeks=33, elapsedMs=1274) (1561ms)
  ██████░░░░░░░░░░░░░░░░░░░  25%  Capturing frame 0/573 (4 workers)
[initSession:screenshot] static-frame dedup: 431/431 predicted frame(s) reusable (outcome=verified, runs=8/8, screenshots=32, seeks=33, elapsedMs=1293) (1580ms)
  ██████░░░░░░░░░░░░░░░░░░░  25%  Capturing frame 0/573 (4 workers)
  ██████░░░░░░░░░░░░░░░░░░░  27%  Capturing frame 30/573 (4 workers)
  ███████░░░░░░░░░░░░░░░░░░  30%  Capturing frame 60/573 (4 workers)
[initSession:screenshot] static-frame dedup: 431/431 predicted frame(s) reusable (outcome=verified, runs=8/8, screenshots=32, seeks=33, elapsedMs=1267) (1656ms)
  ███████░░░░░░░░░░░░░░░░░░  30%  Capturing frame 60/573 (4 workers)
  ████████░░░░░░░░░░░░░░░░░  32%  Capturing frame 90/573 (4 workers)
  ████████░░░░░░░░░░░░░░░░░  34%  Capturing frame 120/573 (4 workers)
  █████████░░░░░░░░░░░░░░░░  37%  Capturing frame 150/573 (4 workers)
  █████████░░░░░░░░░░░░░░░░  39%  Capturing frame 180/573 (4 workers)
  ██████████░░░░░░░░░░░░░░░  41%  Capturing frame 210/573 (4 workers)
  ███████████░░░░░░░░░░░░░░  44%  Capturing frame 240/573 (4 workers)
  ███████████░░░░░░░░░░░░░░  46%  Capturing frame 270/573 (4 workers)
  ████████████░░░░░░░░░░░░░  49%  Capturing frame 300/573 (4 workers)
  ████████████░░░░░░░░░░░░░  51%  Capturing frame 330/573 (4 workers)
  █████████████░░░░░░░░░░░░  53%  Capturing frame 360/573 (4 workers)
  ██████████████░░░░░░░░░░░  56%  Capturing frame 390/573 (4 workers)
  ██████████████░░░░░░░░░░░  58%  Capturing frame 420/573 (4 workers)
[static-dedup] reused 117/144 frame(s) (81%), est. ~4797ms saved (avg 41ms/frame)
  ███████████████░░░░░░░░░░  60%  Capturing frame 450/573 (4 workers)
[static-dedup] reused 113/141 frame(s) (80%), est. ~4746ms saved (avg 42ms/frame)
[static-dedup] reused 108/144 frame(s) (75%), est. ~4428ms saved (avg 41ms/frame)
  ███████████████░░░░░░░░░░  63%  Capturing frame 480/573 (4 workers)
  ████████████████░░░░░░░░░  65%  Capturing frame 510/573 (4 workers)
  ████████████████░░░░░░░░░  67%  Capturing frame 540/573 (4 workers)
  █████████████████░░░░░░░░  70%  Capturing frame 570/573 (4 workers)
  █████████████████░░░░░░░░  70%  Capturing frame 573/573 (4 workers)
[static-dedup] reused 90/144 frame(s) (63%), est. ~3780ms saved (avg 42ms/frame)
[INFO] [Render:trace] {"renderJobId":"607ee12a-88fd-4849-be39-a9cc0fd481d6","phase":"capture_disk","status":"end","elapsedMs":6998,"durationMs":4092,"stagePhase":"capturing","needsAlpha":false,"workerCount":4,"forceScreenshot":false,"totalFrames":573,"framesCompleted":573,"captureMode":"beginframe","captureOperation":"encode"}
[INFO] [Render:trace] {"renderJobId":"607ee12a-88fd-4849-be39-a9cc0fd481d6","phase":"encode","status":"start","elapsedMs":6999,"stagePhase":"capturing","hasAudio":true,"isPngSequence":false,"isGif":false,"chunkedEncode":false,"workerCount":4,"forceScreenshot":false,"totalFrames":573,"framesCompleted":573,"captureMode":"beginframe","captureOperation":"encode"}
  ██████████████████░░░░░░░  75%  Encoding video
[INFO] [Render:trace] {"renderJobId":"607ee12a-88fd-4849-be39-a9cc0fd481d6","phase":"encode","status":"end","elapsedMs":7924,"durationMs":925,"stagePhase":"capturing","hasAudio":true,"isPngSequence":false,"isGif":false,"chunkedEncode":false,"workerCount":4,"forceScreenshot":false,"totalFrames":573,"framesCompleted":573,"captureMode":"beginframe","captureOperation":"encode"}
[INFO] [Render:trace] {"renderJobId":"607ee12a-88fd-4849-be39-a9cc0fd481d6","phase":"assemble","status":"start","elapsedMs":7925,"stagePhase":"capturing","hasAudio":true,"workerCount":4,"forceScreenshot":false,"totalFrames":573,"framesCompleted":573,"captureMode":"beginframe","captureOperation":"encode"}
  ██████████████████████░░░  90%  Assembling final video
[INFO] [Render:trace] {"renderJobId":"607ee12a-88fd-4849-be39-a9cc0fd481d6","phase":"assemble","status":"end","elapsedMs":8438,"durationMs":513,"stagePhase":"capturing","hasAudio":true,"workerCount":4,"forceScreenshot":false,"totalFrames":573,"framesCompleted":573,"captureMode":"beginframe","captureOperation":"encode"}
[INFO] [Render:trace] {"renderJobId":"607ee12a-88fd-4849-be39-a9cc0fd481d6","phase":"pipeline","status":"checkpoint","elapsedMs":8458,"message":"artifact validated","totalElapsedMs":8456}
  █████████████████████████  100%  Render complete

◇  /Users/brownmanbrain/GitHub/operator-economy/blueprint-cinema/experiments/EP007-NET-NEW-UNFINISHED-ANSWER-003/hyperframes/reviews/r54-s11cd/qa/r54-s11cd.mp4
   1.6 MB · 23.9s video · rendered in 8.5s
