
◆  Rendering seg069__seg070 → /Users/brownmanbrain/GitHub/operator-economy/blueprint-cinema/experiments/EP009-FULL-BUILD-001/scenes/seg069__seg070/qa/s20e-s21.mp4
   24fps · high · auto workers (10 cores detected)
   GPU: browser GPU (auto-detect)

[?25l│
◇  Browser: cache
[?25h[INFO] [Render] Pipeline started {"renderJobId":"cc817ab6-6455-4d2b-83ee-554539adb3a2","platform":"darwin","arch":"arm64","nodeVersion":"v25.6.1","fps":{"num":24,"den":1},"format":"mp4","quality":"high","browserGpuMode":"auto","forceScreenshot":false,"protocolTimeout":300000,"browserTimeout":120000,"pageNavigationTimeout":60000,"playerReadyTimeout":45000}
[INFO] [Render:trace] {"renderJobId":"cc817ab6-6455-4d2b-83ee-554539adb3a2","phase":"pipeline","status":"checkpoint","elapsedMs":1,"message":"started","format":"mp4","quality":"high","browserGpuMode":"auto","forceScreenshot":false,"protocolTimeoutMs":300000,"pageNavigationTimeoutMs":60000,"playerReadyTimeoutMs":45000,"requestedWorkers":"auto"}
[INFO] [Render:trace] {"renderJobId":"cc817ab6-6455-4d2b-83ee-554539adb3a2","phase":"compile","status":"start","elapsedMs":2,"needsAlpha":false}
  █░░░░░░░░░░░░░░░░░░░░░░░░  5%  Compiling composition
[INFO] [Compiler] Embedded local font file: public/fonts/boska-700.woff2 (30 KB → data URI)
[INFO] [Compiler] Embedded local font file: public/fonts/supreme-400.woff2 (18 KB → data URI)
[INFO] [Compiler] Embedded local font file: public/fonts/supreme-500.woff2 (18 KB → data URI)
[INFO] [Render] Fast capture: composition uses mix-blend-mode — disabling drawElementImage for this render. Capture uses the platform's baseline route. {"renderJobId":"cc817ab6-6455-4d2b-83ee-554539adb3a2"}
[INFO] Compiled composition metadata {"renderJobId":"cc817ab6-6455-4d2b-83ee-554539adb3a2","entryFile":"index.html","staticDuration":35.583333,"width":1280,"height":720,"videoCount":0,"audioCount":1,"renderModeHints":{"recommendScreenshot":false,"reasons":[]}}
[INFO] [Render:trace] {"renderJobId":"cc817ab6-6455-4d2b-83ee-554539adb3a2","phase":"compile","status":"end","elapsedMs":65,"durationMs":63,"needsAlpha":false}
[INFO] [Render:trace] {"renderJobId":"cc817ab6-6455-4d2b-83ee-554539adb3a2","phase":"compile","status":"checkpoint","elapsedMs":65,"message":"composition metadata resolved","width":1280,"height":720,"videoCount":0,"audioCount":1,"imageCount":0,"deviceScaleFactor":1,"forceScreenshot":false,"compositionHash":"a20235d591d6b90f"}
[INFO] [Render:trace] {"renderJobId":"cc817ab6-6455-4d2b-83ee-554539adb3a2","phase":"browser_probe","status":"start","elapsedMs":65,"forceScreenshot":false,"stagePhase":"calibrating"}
[INFO] [Render:trace] {"renderJobId":"cc817ab6-6455-4d2b-83ee-554539adb3a2","phase":"browser_probe","status":"end","elapsedMs":73,"durationMs":8,"forceScreenshot":false,"stagePhase":"calibrating"}
[INFO] [Render:trace] {"renderJobId":"cc817ab6-6455-4d2b-83ee-554539adb3a2","phase":"browser_probe","status":"checkpoint","elapsedMs":73,"message":"duration resolved","durationSeconds":35.583333,"totalFrames":854,"compositionHash":"a20235d591d6b90f","beginFrameStalled":false}
[INFO] [Render:trace] {"renderJobId":"cc817ab6-6455-4d2b-83ee-554539adb3a2","phase":"video_extract","status":"start","elapsedMs":73,"videoCount":0}
  ██░░░░░░░░░░░░░░░░░░░░░░░  10%  Extracting video frames
[INFO] [Render:trace] {"renderJobId":"cc817ab6-6455-4d2b-83ee-554539adb3a2","phase":"video_extract","status":"end","elapsedMs":73,"durationMs":0,"videoCount":0}
[INFO] [Render:trace] {"renderJobId":"cc817ab6-6455-4d2b-83ee-554539adb3a2","phase":"video_extract","status":"checkpoint","elapsedMs":74,"message":"frames resolved","videoCount":0,"extractedVideoCount":0,"totalFramesExtracted":0,"maxFramesPerVideo":0,"avgFramesPerExtractedVideo":null,"vfrPreflightCount":null,"vfrPreflightMs":null,"cacheHits":null,"cacheMisses":null,"transientRetries":null,"minVideoFrameCoverageRatio":null,"authoredTimedClipCount":2}
[INFO] [Render] No HDR sources detected — rendering SDR {"renderJobId":"cc817ab6-6455-4d2b-83ee-554539adb3a2"}
[INFO] [Render:trace] {"renderJobId":"cc817ab6-6455-4d2b-83ee-554539adb3a2","phase":"hdr_detection","status":"checkpoint","elapsedMs":74,"message":"resolved","requestedHdrMode":"auto","effectiveHdr":"sdr","nativeHdrVideoCount":0,"nativeHdrImageCount":0}
[INFO] [Render:trace] {"renderJobId":"cc817ab6-6455-4d2b-83ee-554539adb3a2","phase":"audio_process","status":"start","elapsedMs":75,"audioCount":1}
  █████░░░░░░░░░░░░░░░░░░░░  20%  Processing audio tracks
[INFO] [Render:trace] {"renderJobId":"cc817ab6-6455-4d2b-83ee-554539adb3a2","phase":"audio_process","status":"end","elapsedMs":800,"durationMs":725,"audioCount":1}
[INFO] [Render:trace] {"renderJobId":"cc817ab6-6455-4d2b-83ee-554539adb3a2","phase":"file_server","status":"start","elapsedMs":800,"reused":false}
  ██████░░░░░░░░░░░░░░░░░░░  25%  Starting frame capture
[INFO] [Render:trace] {"renderJobId":"cc817ab6-6455-4d2b-83ee-554539adb3a2","phase":"file_server","status":"end","elapsedMs":806,"durationMs":6}
[hyperframes] browserGpuMode probe → hardware (WebGL renderer vendor="Google Inc. (Apple)" renderer="ANGLE (Apple, ANGLE Metal Renderer: Apple M4, Unspecified Version)")
[INFO] [Render:trace] {"renderJobId":"cc817ab6-6455-4d2b-83ee-554539adb3a2","phase":"capture_calibration","status":"start","elapsedMs":958,"stagePhase":"calibrating","forceScreenshot":false,"totalFrames":854,"framesCompleted":0,"captureMode":"beginframe","captureOperation":"beginFrame"}
[INFO] [Render] Calibration config {"renderJobId":"cc817ab6-6455-4d2b-83ee-554539adb3a2","protocolTimeout":30000,"parentProtocolTimeout":300000,"forceScreenshot":false,"totalFrames":854}
[INFO] Launching browser for capture calibration... {"renderJobId":"cc817ab6-6455-4d2b-83ee-554539adb3a2"}
[BrowserManager] Browser launched (HeadlessChrome/152.0.7977.30, screenshot, gl=--use-gl=angle --use-angle=metal, headlessShell=true, platform=darwin)
[INFO] Initializing calibration session... {"renderJobId":"cc817ab6-6455-4d2b-83ee-554539adb3a2"}
[initSession:screenshot] page.goto start (0ms)
[HyperFrames] render runtime fps [object Object]
[initSession:screenshot] page.goto complete (96ms)
[initSession:screenshot] GSAP proxy flush complete (127ms)
[initSession:screenshot] pollHfReady complete (127ms)
[initSession:screenshot] pollSubCompositionTimelines complete (ready) (128ms)
[initSession:screenshot] applyVideoMetadataHints complete (128ms)
[initSession:screenshot] media + fonts + tailwind ready (130ms)
[initSession:screenshot] static-frame dedup: 539/539 predicted frame(s) reusable (outcome=verified, runs=15/15, screenshots=45, seeks=46, elapsedMs=1765) (2074ms)
[INFO] Calibration session ready, capturing test frames... {"renderJobId":"cc817ab6-6455-4d2b-83ee-554539adb3a2"}
[INFO] Calibration: capturing test frame 1/5... {"renderJobId":"cc817ab6-6455-4d2b-83ee-554539adb3a2"}
[INFO] Calibration: capturing test frame 2/5... {"renderJobId":"cc817ab6-6455-4d2b-83ee-554539adb3a2"}
[INFO] Calibration: capturing test frame 3/5... {"renderJobId":"cc817ab6-6455-4d2b-83ee-554539adb3a2"}
[INFO] Calibration: capturing test frame 4/5... {"renderJobId":"cc817ab6-6455-4d2b-83ee-554539adb3a2"}
[INFO] Calibration: capturing test frame 5/5... {"renderJobId":"cc817ab6-6455-4d2b-83ee-554539adb3a2"}
[INFO] Calibration complete, estimated cost: 50ms/frame (p95) {"renderJobId":"cc817ab6-6455-4d2b-83ee-554539adb3a2"}
[INFO] [Render:trace] {"renderJobId":"cc817ab6-6455-4d2b-83ee-554539adb3a2","phase":"capture_calibration","status":"end","elapsedMs":3398,"durationMs":2439,"stagePhase":"calibrating","forceScreenshot":false,"totalFrames":854,"framesCompleted":0,"captureMode":"beginframe","captureOperation":"beginFrame"}
[INFO] [Render:trace] {"renderJobId":"cc817ab6-6455-4d2b-83ee-554539adb3a2","phase":"capture_calibration","status":"checkpoint","elapsedMs":3398,"message":"resolved","forceScreenshot":false,"multiplier":1,"p95Ms":50}
[INFO] [Render:trace] {"renderJobId":"cc817ab6-6455-4d2b-83ee-554539adb3a2","phase":"worker_resolution","status":"checkpoint","elapsedMs":3398,"message":"resolved","workerCount":4}
[INFO] streaming-encode gate {"renderJobId":"cc817ab6-6455-4d2b-83ee-554539adb3a2","enabled":false,"configFlag":true,"outputFormat":"mp4","workerCount":4,"durationSeconds":35.583333,"maxDurationSeconds":240}
[INFO] [Render:trace] {"renderJobId":"cc817ab6-6455-4d2b-83ee-554539adb3a2","phase":"capture_strategy","status":"checkpoint","elapsedMs":3399,"message":"resolved","workerCount":4,"forceScreenshot":false,"captureBeyondViewport":null,"useStreamingEncode":false,"useLayeredComposite":false,"usePageSideCompositing":false,"hasHdrContent":false,"hasShaderTransitions":false,"isPngSequence":false}
[INFO] [Render:trace] {"renderJobId":"cc817ab6-6455-4d2b-83ee-554539adb3a2","phase":"capture_disk","status":"start","elapsedMs":3399,"stagePhase":"capturing","needsAlpha":false,"workerCount":4,"forceScreenshot":false,"totalFrames":854,"framesCompleted":0,"captureMode":"beginframe","captureOperation":"beginFrame"}
  ██████░░░░░░░░░░░░░░░░░░░  25%  Capturing frame 0/854 (4 workers)
  ██████░░░░░░░░░░░░░░░░░░░  25%  Capturing frame 0/854 (4 workers)
  ██████░░░░░░░░░░░░░░░░░░░  25%  Capturing frame 0/854 (4 workers)
  ██████░░░░░░░░░░░░░░░░░░░  25%  Capturing frame 0/854 (4 workers)
[BrowserManager] Browser launched (HeadlessChrome/152.0.7977.30, screenshot, gl=--use-gl=angle --use-angle=metal, headlessShell=true, platform=darwin)
  ██████░░░░░░░░░░░░░░░░░░░  25%  Capturing frame 0/854 (4 workers)
[initSession:screenshot] page.goto start (0ms)
  ██████░░░░░░░░░░░░░░░░░░░  25%  Capturing frame 0/854 (4 workers)
  ██████░░░░░░░░░░░░░░░░░░░  25%  Capturing frame 0/854 (4 workers)
[initSession:screenshot] page.goto start (0ms)
  ██████░░░░░░░░░░░░░░░░░░░  25%  Capturing frame 0/854 (4 workers)
  ██████░░░░░░░░░░░░░░░░░░░  25%  Capturing frame 0/854 (4 workers)
[initSession:screenshot] page.goto start (0ms)
  ██████░░░░░░░░░░░░░░░░░░░  25%  Capturing frame 0/854 (4 workers)
  ██████░░░░░░░░░░░░░░░░░░░  25%  Capturing frame 0/854 (4 workers)
[initSession:screenshot] page.goto start (0ms)
  ██████░░░░░░░░░░░░░░░░░░░  25%  Capturing frame 0/854 (4 workers)
[HyperFrames] render runtime fps [object Object]
[HyperFrames] render runtime fps [object Object]
[HyperFrames] render runtime fps [object Object]
[HyperFrames] render runtime fps [object Object]
[initSession:screenshot] page.goto complete (123ms)
[initSession:screenshot] page.goto complete (126ms)
[initSession:screenshot] page.goto complete (137ms)
[initSession:screenshot] page.goto complete (144ms)
[initSession:screenshot] GSAP proxy flush complete (169ms)
[initSession:screenshot] GSAP proxy flush complete (170ms)
[initSession:screenshot] GSAP proxy flush complete (168ms)
[initSession:screenshot] GSAP proxy flush complete (171ms)
[initSession:screenshot] pollHfReady complete (173ms)
[initSession:screenshot] pollHfReady complete (173ms)
[initSession:screenshot] pollHfReady complete (170ms)
[initSession:screenshot] pollHfReady complete (174ms)
[initSession:screenshot] pollSubCompositionTimelines complete (ready) (174ms)
[initSession:screenshot] applyVideoMetadataHints complete (174ms)
[initSession:screenshot] pollSubCompositionTimelines complete (ready) (175ms)
[initSession:screenshot] applyVideoMetadataHints complete (175ms)
[initSession:screenshot] pollSubCompositionTimelines complete (ready) (172ms)
[initSession:screenshot] applyVideoMetadataHints complete (172ms)
[initSession:screenshot] pollSubCompositionTimelines complete (ready) (176ms)
[initSession:screenshot] applyVideoMetadataHints complete (176ms)
[initSession:screenshot] media + fonts + tailwind ready (179ms)
[initSession:screenshot] media + fonts + tailwind ready (179ms)
[initSession:screenshot] media + fonts + tailwind ready (177ms)
[initSession:screenshot] media + fonts + tailwind ready (180ms)
[initSession:screenshot] static-frame dedup: 539/539 predicted frame(s) reusable (outcome=verified, runs=15/15, screenshots=45, seeks=46, elapsedMs=1765) (2132ms)
  ██████░░░░░░░░░░░░░░░░░░░  25%  Capturing frame 0/854 (4 workers)
[initSession:screenshot] static-frame dedup: 539/539 predicted frame(s) reusable (outcome=verified, runs=15/15, screenshots=45, seeks=46, elapsedMs=1783) (2148ms)
  ██████░░░░░░░░░░░░░░░░░░░  25%  Capturing frame 0/854 (4 workers)
  ██████░░░░░░░░░░░░░░░░░░░  27%  Capturing frame 30/854 (4 workers)
  ███████░░░░░░░░░░░░░░░░░░  28%  Capturing frame 60/854 (4 workers)
[initSession:screenshot] static-frame dedup: 539/539 predicted frame(s) reusable (outcome=verified, runs=15/15, screenshots=45, seeks=46, elapsedMs=1790) (2260ms)
[initSession:screenshot] static-frame dedup: 539/539 predicted frame(s) reusable (outcome=verified, runs=15/15, screenshots=45, seeks=46, elapsedMs=1952) (2317ms)
  ███████░░░░░░░░░░░░░░░░░░  30%  Capturing frame 90/854 (4 workers)
  ███████░░░░░░░░░░░░░░░░░░  31%  Capturing frame 120/854 (4 workers)
  ████████░░░░░░░░░░░░░░░░░  33%  Capturing frame 150/854 (4 workers)
  ████████░░░░░░░░░░░░░░░░░  34%  Capturing frame 180/854 (4 workers)
  █████████░░░░░░░░░░░░░░░░  36%  Capturing frame 210/854 (4 workers)
  █████████░░░░░░░░░░░░░░░░  38%  Capturing frame 240/854 (4 workers)
  █████████░░░░░░░░░░░░░░░░  39%  Capturing frame 270/854 (4 workers)
  ██████████░░░░░░░░░░░░░░░  41%  Capturing frame 300/854 (4 workers)
  ██████████░░░░░░░░░░░░░░░  42%  Capturing frame 330/854 (4 workers)
  ███████████░░░░░░░░░░░░░░  44%  Capturing frame 360/854 (4 workers)
  ███████████░░░░░░░░░░░░░░  46%  Capturing frame 390/854 (4 workers)
  ███████████░░░░░░░░░░░░░░  47%  Capturing frame 420/854 (4 workers)
[static-dedup] reused 173/214 frame(s) (81%), est. ~7266ms saved (avg 42ms/frame)
  ████████████░░░░░░░░░░░░░  49%  Capturing frame 450/854 (4 workers)
  ████████████░░░░░░░░░░░░░  50%  Capturing frame 480/854 (4 workers)
  █████████████░░░░░░░░░░░░  52%  Capturing frame 510/854 (4 workers)
  █████████████░░░░░░░░░░░░  53%  Capturing frame 540/854 (4 workers)
  █████████████░░░░░░░░░░░░  55%  Capturing frame 570/854 (4 workers)
  ██████████████░░░░░░░░░░░  57%  Capturing frame 600/854 (4 workers)
  ██████████████░░░░░░░░░░░  58%  Capturing frame 630/854 (4 workers)
[static-dedup] reused 153/212 frame(s) (72%), est. ~6426ms saved (avg 42ms/frame)
  ███████████████░░░░░░░░░░  60%  Capturing frame 660/854 (4 workers)
  ███████████████░░░░░░░░░░  61%  Capturing frame 690/854 (4 workers)
  ███████████████░░░░░░░░░░  63%  Capturing frame 720/854 (4 workers)
  ████████████████░░░░░░░░░  65%  Capturing frame 750/854 (4 workers)
  ████████████████░░░░░░░░░  66%  Capturing frame 780/854 (4 workers)
[static-dedup] reused 128/214 frame(s) (60%), est. ~5376ms saved (avg 42ms/frame)
  █████████████████░░░░░░░░  68%  Capturing frame 810/854 (4 workers)
  █████████████████░░░░░░░░  69%  Capturing frame 840/854 (4 workers)
  █████████████████░░░░░░░░  70%  Capturing frame 854/854 (4 workers)
[static-dedup] reused 83/214 frame(s) (39%), est. ~3403ms saved (avg 41ms/frame)
[INFO] [Render:trace] {"renderJobId":"cc817ab6-6455-4d2b-83ee-554539adb3a2","phase":"capture_disk","status":"end","elapsedMs":11453,"durationMs":8054,"stagePhase":"capturing","needsAlpha":false,"workerCount":4,"forceScreenshot":false,"totalFrames":854,"framesCompleted":854,"captureMode":"beginframe","captureOperation":"encode"}
[INFO] [Render:trace] {"renderJobId":"cc817ab6-6455-4d2b-83ee-554539adb3a2","phase":"encode","status":"start","elapsedMs":11453,"stagePhase":"capturing","hasAudio":true,"isPngSequence":false,"isGif":false,"chunkedEncode":false,"workerCount":4,"forceScreenshot":false,"totalFrames":854,"framesCompleted":854,"captureMode":"beginframe","captureOperation":"encode"}
  ██████████████████░░░░░░░  75%  Encoding video
[INFO] [Render:trace] {"renderJobId":"cc817ab6-6455-4d2b-83ee-554539adb3a2","phase":"encode","status":"end","elapsedMs":12743,"durationMs":1290,"stagePhase":"capturing","hasAudio":true,"isPngSequence":false,"isGif":false,"chunkedEncode":false,"workerCount":4,"forceScreenshot":false,"totalFrames":854,"framesCompleted":854,"captureMode":"beginframe","captureOperation":"encode"}
[INFO] [Render:trace] {"renderJobId":"cc817ab6-6455-4d2b-83ee-554539adb3a2","phase":"assemble","status":"start","elapsedMs":12744,"stagePhase":"capturing","hasAudio":true,"workerCount":4,"forceScreenshot":false,"totalFrames":854,"framesCompleted":854,"captureMode":"beginframe","captureOperation":"encode"}
  ██████████████████████░░░  90%  Assembling final video
[INFO] [Render:trace] {"renderJobId":"cc817ab6-6455-4d2b-83ee-554539adb3a2","phase":"assemble","status":"end","elapsedMs":13569,"durationMs":825,"stagePhase":"capturing","hasAudio":true,"workerCount":4,"forceScreenshot":false,"totalFrames":854,"framesCompleted":854,"captureMode":"beginframe","captureOperation":"encode"}
[INFO] [Render:trace] {"renderJobId":"cc817ab6-6455-4d2b-83ee-554539adb3a2","phase":"pipeline","status":"checkpoint","elapsedMs":13595,"message":"artifact validated","totalElapsedMs":13592}
  █████████████████████████  100%  Render complete

◇  /Users/brownmanbrain/GitHub/operator-economy/blueprint-cinema/experiments/EP009-FULL-BUILD-001/scenes/seg069__seg070/qa/s20e-s21.mp4
   1.6 MB · 35.6s video · rendered in 13.6s
