load_backend: loaded BLAS backend from /opt/homebrew/Cellar/ggml/0.13.1/libexec/libggml-blas.so
ggml_metal_device_init: tensor API disabled for pre-M5 and pre-A19 devices
ggml_metal_library_init: using embedded metal library
ggml_metal_library_init: loaded in 0.039 sec
ggml_metal_rsets_init: creating a residency set collection (keep_alive = 180 s)
ggml_metal_device_init: GPU name:   MTL0 (Apple M4)
ggml_metal_device_init: GPU family: MTLGPUFamilyApple9  (1009)
ggml_metal_device_init: GPU family: MTLGPUFamilyCommon3 (3003)
ggml_metal_device_init: GPU family: MTLGPUFamilyMetal4  (5002)
ggml_metal_device_init: simdgroup reduction   = true
ggml_metal_device_init: simdgroup matrix mul. = true
ggml_metal_device_init: has unified memory    = true
ggml_metal_device_init: has bfloat            = true
ggml_metal_device_init: has tensor            = false
ggml_metal_device_init: use residency sets    = true
ggml_metal_device_init: use shared buffers    = true
ggml_metal_device_init: recommendedMaxWorkingSetSize  = 12713.12 MB
load_backend: loaded MTL backend from /opt/homebrew/Cellar/ggml/0.13.1/libexec/libggml-metal.so
load_backend: loaded CPU backend from /opt/homebrew/Cellar/ggml/0.13.1/libexec/libggml-cpu-apple_m4.so
whisper_init_from_file_with_params_no_state: loading model from '/Users/brownmanbrain/.cache/hyperframes/whisper/models/ggml-small.en.bin'
whisper_init_with_params_no_state: dtw_token_timestamps is not supported with flash_attn - disabling
whisper_init_with_params_no_state: use gpu    = 1
whisper_init_with_params_no_state: flash attn = 1
whisper_init_with_params_no_state: gpu_device = 0
whisper_init_with_params_no_state: dtw        = 0
whisper_init_with_params_no_state: devices    = 3
whisper_init_with_params_no_state: backends   = 3
whisper_model_load: loading model
whisper_model_load: n_vocab       = 51864
whisper_model_load: n_audio_ctx   = 1500
whisper_model_load: n_audio_state = 768
whisper_model_load: n_audio_head  = 12
whisper_model_load: n_audio_layer = 12
whisper_model_load: n_text_ctx    = 448
whisper_model_load: n_text_state  = 768
whisper_model_load: n_text_head   = 12
whisper_model_load: n_text_layer  = 12
whisper_model_load: n_mels        = 80
whisper_model_load: ftype         = 1
whisper_model_load: qntvr         = 0
whisper_model_load: type          = 3 (small)
whisper_model_load: adding 1607 extra tokens
whisper_model_load: n_langs       = 99
whisper_model_load:         MTL0 total size =   487.00 MB
whisper_model_load: model size    =  487.00 MB
whisper_backend_init_gpu: device 0: BLAS (type: 3)
whisper_backend_init_gpu: device 1: MTL0 (type: 1)
whisper_backend_init_gpu: found GPU device 1: MTL0 (type: 1, cnt: 0)
whisper_backend_init_gpu: using MTL0 backend
ggml_metal_init: allocating
ggml_metal_init: found device: Apple M4
ggml_metal_init: picking default device: Apple M4
ggml_metal_init: use fusion         = true
ggml_metal_init: use concurrency    = true
ggml_metal_init: use graph optimize = true
whisper_backend_init: using BLAS backend
whisper_init_state: kv self size  =   18.87 MB
whisper_init_state: kv cross size =   56.62 MB
whisper_init_state: kv pad  size  =    4.72 MB
whisper_init_state: compute buffer (conv)   =   23.38 MB
whisper_init_state: compute buffer (encode) =   39.45 MB
whisper_init_state: compute buffer (cross)  =   79.93 MB
whisper_init_state: compute buffer (decode) =   98.20 MB

system_info: n_threads = 4 / 10 | WHISPER : COREML = 0 | OPENVINO = 0 | MTL : EMBED_LIBRARY = 1 | CPU : NEON = 1 | ARM_FMA = 1 | FP16_VA = 1 | MATMUL_INT8 = 1 | DOTPROD = 1 | SME = 1 | ACCELERATE = 1 | OPENMP = 1 | REPACK = 1 | 

main: processing 'blueprint-cinema/experiments/EP009-FULL-BUILD-001/narration-revisions/r3-hospitality/context-guide-asr.wav' (292016 samples, 18.3 sec), 4 threads, 1 processors, 5 beams + best of 5, lang = en, task = transcribe, timestamps = 1 ...


[00:00:00.000 --> 00:00:00.000]  
[00:00:00.000 --> 00:00:00.260]   I
[00:00:00.260 --> 00:00:00.390]   spent
[00:00:00.390 --> 00:00:00.810]   10
[00:00:00.810 --> 00:00:01.110]   years
[00:00:01.110 --> 00:00:01.230]   in
[00:00:01.230 --> 00:00:02.420]   hospitality,
[00:00:02.420 --> 00:00:02.860]   including
[00:00:02.860 --> 00:00:03.080]   Ace
[00:00:03.080 --> 00:00:03.460]   Hotel
[00:00:03.460 --> 00:00:03.640]   and
[00:00:03.640 --> 00:00:04.160]   Standard
[00:00:04.160 --> 00:00:04.740]   Hotels.
[00:00:04.740 --> 00:00:05.000]   I
[00:00:05.000 --> 00:00:05.110]   know
[00:00:05.110 --> 00:00:05.410]   this
[00:00:05.410 --> 00:00:06.020]   business
[00:00:06.020 --> 00:00:06.320]   from
[00:00:06.320 --> 00:00:06.550]   the
[00:00:06.550 --> 00:00:07.150]   inside
[00:00:07.150 --> 00:00:07.500]   out.
[00:00:07.500 --> 00:00:07.760]   I
[00:00:07.760 --> 00:00:08.020]   haven't
[00:00:08.020 --> 00:00:08.310]   sold
[00:00:08.310 --> 00:00:08.540]   this
[00:00:08.540 --> 00:00:09.190]   particular
[00:00:09.190 --> 00:00:09.920]   service,
[00:00:09.920 --> 00:00:10.420]   though.
[00:00:10.420 --> 00:00:10.700]   What
[00:00:10.700 --> 00:00:10.770]   a
[00:00:10.770 --> 00:00:11.540]   30-room
[00:00:11.540 --> 00:00:11.750]   inn
[00:00:11.750 --> 00:00:12.080]   will
[00:00:12.080 --> 00:00:12.240]   pay
[00:00:12.240 --> 00:00:12.440]   for
[00:00:12.440 --> 00:00:12.590]   it
[00:00:12.590 --> 00:00:12.840]   is
[00:00:12.840 --> 00:00:13.080]   still
[00:00:13.080 --> 00:00:13.720]   something
[00:00:13.720 --> 00:00:13.930]   I'd
[00:00:13.930 --> 00:00:14.210]   have
[00:00:14.210 --> 00:00:14.350]   to
[00:00:14.350 --> 00:00:14.920]   test.
[00:00:14.920 --> 00:00:15.190]   Start
[00:00:15.190 --> 00:00:15.410]   with
[00:00:15.410 --> 00:00:15.960]   properties
[00:00:15.960 --> 00:00:16.120]   you
[00:00:16.120 --> 00:00:16.280]   can
[00:00:16.280 --> 00:00:16.580]   drive
[00:00:16.580 --> 00:00:16.660]   to
[00:00:16.660 --> 00:00:16.820]   and
[00:00:16.820 --> 00:00:17.190]   owners
[00:00:17.190 --> 00:00:17.340]   you
[00:00:17.340 --> 00:00:17.470]   can
[00:00:17.470 --> 00:00:17.630]   sit
[00:00:17.630 --> 00:00:17.960]   across
[00:00:17.960 --> 00:00:18.240]   from.
output_txt: saving output to 'blueprint-cinema/experiments/EP009-FULL-BUILD-001/narration-revisions/r3-hospitality/guide-asr.txt'
output_json: saving output to 'blueprint-cinema/experiments/EP009-FULL-BUILD-001/narration-revisions/r3-hospitality/guide-asr.json'

whisper_print_timings:     load time =   702.73 ms
whisper_print_timings:     fallbacks =   0 p /   0 h
whisper_print_timings:      mel time =    13.69 ms
whisper_print_timings:   sample time =   103.08 ms /   388 runs (     0.27 ms per run)
whisper_print_timings:   encode time =  1380.37 ms /     1 runs (  1380.37 ms per run)
whisper_print_timings:   decode time =   217.39 ms /     1 runs (   217.39 ms per run)
whisper_print_timings:   batchd time =  1362.23 ms /   383 runs (     3.56 ms per run)
whisper_print_timings:   prompt time =     0.00 ms /     1 runs (     0.00 ms per run)
whisper_print_timings:    total time =  3887.78 ms
ggml_metal_free: deallocating
