
◆  Rendering r46-revenue-machine → /Users/brownmanbrain/GitHub/operator-economy/blueprint-cinema/experiments/EP007-NET-NEW-UNFINISHED-ANSWER-003/hyperframes/reviews/r46-revenue-machine/qa/r46-revenue-machine.mp4
   24fps · high · auto workers (10 cores detected)
   GPU: browser GPU (auto-detect)

[?25l│
◇  Browser: cache
[?25h[INFO] [Render] Pipeline started {"renderJobId":"10e43b4c-c5af-44fc-82fa-92928e562067","platform":"darwin","arch":"arm64","nodeVersion":"v25.6.1","fps":{"num":24,"den":1},"format":"mp4","quality":"high","browserGpuMode":"auto","forceScreenshot":false,"protocolTimeout":300000,"browserTimeout":120000,"pageNavigationTimeout":60000,"playerReadyTimeout":45000}
[INFO] [Render:trace] {"renderJobId":"10e43b4c-c5af-44fc-82fa-92928e562067","phase":"pipeline","status":"checkpoint","elapsedMs":1,"message":"started","format":"mp4","quality":"high","browserGpuMode":"auto","forceScreenshot":false,"protocolTimeoutMs":300000,"pageNavigationTimeoutMs":60000,"playerReadyTimeoutMs":45000,"requestedWorkers":"auto"}
[INFO] [Render:trace] {"renderJobId":"10e43b4c-c5af-44fc-82fa-92928e562067","phase":"compile","status":"start","elapsedMs":2,"needsAlpha":false}
  █░░░░░░░░░░░░░░░░░░░░░░░░  5%  Compiling composition
[INFO] [Compiler] Embedded local font file: public/fonts/boska-700.woff2 (30 KB → data URI)
[INFO] [Compiler] Embedded local font file: public/fonts/supreme-400.woff2 (18 KB → data URI)
[INFO] [Compiler] Embedded local font file: public/fonts/supreme-500.woff2 (18 KB → data URI)
[INFO] Compiled composition metadata {"renderJobId":"10e43b4c-c5af-44fc-82fa-92928e562067","entryFile":"index.html","staticDuration":20.291666666666668,"width":1280,"height":720,"videoCount":0,"audioCount":1,"renderModeHints":{"recommendScreenshot":false,"reasons":[]}}
[INFO] [Render:trace] {"renderJobId":"10e43b4c-c5af-44fc-82fa-92928e562067","phase":"compile","status":"end","elapsedMs":89,"durationMs":87,"needsAlpha":false}
[INFO] [Render:trace] {"renderJobId":"10e43b4c-c5af-44fc-82fa-92928e562067","phase":"compile","status":"checkpoint","elapsedMs":89,"message":"composition metadata resolved","width":1280,"height":720,"videoCount":0,"audioCount":1,"imageCount":3,"deviceScaleFactor":1,"forceScreenshot":false,"compositionHash":"ed7d46e9953c0cd7"}
[INFO] [Render:trace] {"renderJobId":"10e43b4c-c5af-44fc-82fa-92928e562067","phase":"browser_probe","status":"start","elapsedMs":89,"forceScreenshot":false,"stagePhase":"calibrating"}
[INFO] [Render:trace] {"renderJobId":"10e43b4c-c5af-44fc-82fa-92928e562067","phase":"browser_probe","status":"end","elapsedMs":97,"durationMs":8,"forceScreenshot":false,"stagePhase":"calibrating"}
[INFO] [Render:trace] {"renderJobId":"10e43b4c-c5af-44fc-82fa-92928e562067","phase":"browser_probe","status":"checkpoint","elapsedMs":97,"message":"duration resolved","durationSeconds":20.291666666666668,"totalFrames":487,"compositionHash":"ed7d46e9953c0cd7","beginFrameStalled":false}
[INFO] [Render:trace] {"renderJobId":"10e43b4c-c5af-44fc-82fa-92928e562067","phase":"video_extract","status":"start","elapsedMs":97,"videoCount":0}
  ██░░░░░░░░░░░░░░░░░░░░░░░  10%  Extracting video frames
[INFO] [Render:trace] {"renderJobId":"10e43b4c-c5af-44fc-82fa-92928e562067","phase":"video_extract","status":"end","elapsedMs":98,"durationMs":0,"videoCount":0}
[INFO] [Render:trace] {"renderJobId":"10e43b4c-c5af-44fc-82fa-92928e562067","phase":"video_extract","status":"checkpoint","elapsedMs":99,"message":"frames resolved","videoCount":0,"extractedVideoCount":0,"totalFramesExtracted":0,"maxFramesPerVideo":0,"avgFramesPerExtractedVideo":null,"vfrPreflightCount":null,"vfrPreflightMs":null,"cacheHits":null,"cacheMisses":null,"transientRetries":null,"minVideoFrameCoverageRatio":null,"authoredTimedClipCount":2}
[INFO] [Render] No HDR sources detected — rendering SDR {"renderJobId":"10e43b4c-c5af-44fc-82fa-92928e562067"}
[INFO] [Render:trace] {"renderJobId":"10e43b4c-c5af-44fc-82fa-92928e562067","phase":"hdr_detection","status":"checkpoint","elapsedMs":99,"message":"resolved","requestedHdrMode":"auto","effectiveHdr":"sdr","nativeHdrVideoCount":0,"nativeHdrImageCount":0}
[INFO] [Render:trace] {"renderJobId":"10e43b4c-c5af-44fc-82fa-92928e562067","phase":"audio_process","status":"start","elapsedMs":99,"audioCount":1}
  █████░░░░░░░░░░░░░░░░░░░░  20%  Processing audio tracks
[INFO] [Render:trace] {"renderJobId":"10e43b4c-c5af-44fc-82fa-92928e562067","phase":"audio_process","status":"end","elapsedMs":573,"durationMs":474,"audioCount":1}
[INFO] [Render:trace] {"renderJobId":"10e43b4c-c5af-44fc-82fa-92928e562067","phase":"file_server","status":"start","elapsedMs":573,"reused":false}
  ██████░░░░░░░░░░░░░░░░░░░  25%  Starting frame capture
[INFO] [Render:trace] {"renderJobId":"10e43b4c-c5af-44fc-82fa-92928e562067","phase":"file_server","status":"end","elapsedMs":580,"durationMs":7}
[hyperframes] browserGpuMode probe → hardware (WebGL renderer vendor="Google Inc. (Apple)" renderer="ANGLE (Apple, ANGLE Metal Renderer: Apple M4, Unspecified Version)")
[INFO] [Render:trace] {"renderJobId":"10e43b4c-c5af-44fc-82fa-92928e562067","phase":"capture_calibration","status":"start","elapsedMs":1055,"stagePhase":"calibrating","forceScreenshot":false,"totalFrames":487,"framesCompleted":0,"captureMode":"drawelement","captureOperation":"drawElement"}
[INFO] [Render] Calibration config {"renderJobId":"10e43b4c-c5af-44fc-82fa-92928e562067","protocolTimeout":30000,"parentProtocolTimeout":300000,"forceScreenshot":false,"totalFrames":487}
[INFO] Launching browser for capture calibration... {"renderJobId":"10e43b4c-c5af-44fc-82fa-92928e562067"}
[BrowserManager] Browser launched (HeadlessChrome/152.0.7977.30, screenshot, gl=--use-gl=angle --use-angle=metal, headlessShell=true, platform=darwin)
[INFO] Initializing calibration session... {"renderJobId":"10e43b4c-c5af-44fc-82fa-92928e562067"}
[initSession:screenshot] page.goto start (0ms)
[HyperFrames] render runtime fps [object Object]
[initSession:screenshot] page.goto complete (169ms)
[initSession:screenshot] GSAP proxy flush complete (172ms)
[initSession:screenshot] pollHfReady complete (173ms)
[initSession:screenshot] pollSubCompositionTimelines complete (ready) (177ms)
[initSession:screenshot] applyVideoMetadataHints complete (177ms)
[initSession:screenshot] media + fonts + tailwind ready (182ms)
[initSession:screenshot] timeline at-risk predictor: 0/488 frames (0%) (210ms)
[initSession:screenshot] static-frame dedup: 324/325 predicted frame(s) reusable (outcome=verified, runs=6/6, screenshots=30, seeks=31, elapsedMs=1213) (1621ms)
[initSession:screenshot] drawElement self-verify armed: 4 ground-truth frame(s) @ [122, 244, 365, 463] of 487 (1980ms)
[initSession:drawelement] drawElement canvas injected (1983ms)
[initSession:drawelement] screenshot fallback: 5 clip-boundary frame(s) (1984ms)
[initSession:drawelement] drawElement worker encode initialized (1986ms)
[INFO] Calibration session ready, capturing test frames... {"renderJobId":"10e43b4c-c5af-44fc-82fa-92928e562067"}
[INFO] Calibration: capturing test frame 1/5... {"renderJobId":"10e43b4c-c5af-44fc-82fa-92928e562067"}
[INFO] Calibration: capturing test frame 2/5... {"renderJobId":"10e43b4c-c5af-44fc-82fa-92928e562067"}
[INFO] Calibration: capturing test frame 3/5... {"renderJobId":"10e43b4c-c5af-44fc-82fa-92928e562067"}
[INFO] Calibration: capturing test frame 4/5... {"renderJobId":"10e43b4c-c5af-44fc-82fa-92928e562067"}
[INFO] Calibration: capturing test frame 5/5... {"renderJobId":"10e43b4c-c5af-44fc-82fa-92928e562067"}
[INFO] Calibration complete, estimated cost: 26ms/frame (p95) {"renderJobId":"10e43b4c-c5af-44fc-82fa-92928e562067"}
[INFO] [Render:trace] {"renderJobId":"10e43b4c-c5af-44fc-82fa-92928e562067","phase":"capture_calibration","status":"end","elapsedMs":3307,"durationMs":2252,"stagePhase":"calibrating","forceScreenshot":false,"totalFrames":487,"framesCompleted":0,"captureMode":"drawelement","captureOperation":"drawElement"}
[INFO] [Render:trace] {"renderJobId":"10e43b4c-c5af-44fc-82fa-92928e562067","phase":"capture_calibration","status":"checkpoint","elapsedMs":3307,"message":"resolved","forceScreenshot":false,"multiplier":1,"p95Ms":26}
[INFO] [Render:trace] {"renderJobId":"10e43b4c-c5af-44fc-82fa-92928e562067","phase":"worker_resolution","status":"checkpoint","elapsedMs":3307,"message":"resolved","workerCount":4}
[INFO] [Render] Fast capture: default-on drawElement disabled for this render — parallel capture has no runtime self-verification. Set PRODUCER_EXPERIMENTAL_FAST_CAPTURE=true to override. {"renderJobId":"10e43b4c-c5af-44fc-82fa-92928e562067"}
[INFO] streaming-encode gate {"renderJobId":"10e43b4c-c5af-44fc-82fa-92928e562067","enabled":false,"configFlag":true,"outputFormat":"mp4","workerCount":4,"durationSeconds":20.291666666666668,"maxDurationSeconds":240}
[INFO] [Render:trace] {"renderJobId":"10e43b4c-c5af-44fc-82fa-92928e562067","phase":"capture_strategy","status":"checkpoint","elapsedMs":3308,"message":"resolved","workerCount":4,"forceScreenshot":false,"captureBeyondViewport":null,"useStreamingEncode":false,"useLayeredComposite":false,"usePageSideCompositing":false,"hasHdrContent":false,"hasShaderTransitions":false,"isPngSequence":false}
[INFO] [Render:trace] {"renderJobId":"10e43b4c-c5af-44fc-82fa-92928e562067","phase":"capture_disk","status":"start","elapsedMs":3308,"stagePhase":"capturing","needsAlpha":false,"workerCount":4,"forceScreenshot":false,"totalFrames":487,"framesCompleted":0,"captureMode":"beginframe","captureOperation":"beginFrame"}
  ██████░░░░░░░░░░░░░░░░░░░  25%  Capturing frame 0/487 (4 workers)
  ██████░░░░░░░░░░░░░░░░░░░  25%  Capturing frame 0/487 (4 workers)
  ██████░░░░░░░░░░░░░░░░░░░  25%  Capturing frame 0/487 (4 workers)
  ██████░░░░░░░░░░░░░░░░░░░  25%  Capturing frame 0/487 (4 workers)
[BrowserManager] Browser launched (HeadlessChrome/152.0.7977.30, screenshot, gl=--use-gl=angle --use-angle=metal, headlessShell=true, platform=darwin)
  ██████░░░░░░░░░░░░░░░░░░░  25%  Capturing frame 0/487 (4 workers)
[initSession:screenshot] page.goto start (0ms)
  ██████░░░░░░░░░░░░░░░░░░░  25%  Capturing frame 0/487 (4 workers)
  ██████░░░░░░░░░░░░░░░░░░░  25%  Capturing frame 0/487 (4 workers)
[initSession:screenshot] page.goto start (0ms)
  ██████░░░░░░░░░░░░░░░░░░░  25%  Capturing frame 0/487 (4 workers)
  ██████░░░░░░░░░░░░░░░░░░░  25%  Capturing frame 0/487 (4 workers)
[initSession:screenshot] page.goto start (0ms)
  ██████░░░░░░░░░░░░░░░░░░░  25%  Capturing frame 0/487 (4 workers)
  ██████░░░░░░░░░░░░░░░░░░░  25%  Capturing frame 0/487 (4 workers)
[initSession:screenshot] page.goto start (0ms)
  ██████░░░░░░░░░░░░░░░░░░░  25%  Capturing frame 0/487 (4 workers)
[HyperFrames] render runtime fps [object Object]
[HyperFrames] render runtime fps [object Object]
[HyperFrames] render runtime fps [object Object]
[HyperFrames] render runtime fps [object Object]
[initSession:screenshot] page.goto complete (129ms)
[initSession:screenshot] page.goto complete (131ms)
[initSession:screenshot] page.goto complete (135ms)
[initSession:screenshot] page.goto complete (137ms)
[initSession:screenshot] GSAP proxy flush complete (164ms)
[initSession:screenshot] GSAP proxy flush complete (165ms)
[initSession:screenshot] GSAP proxy flush complete (167ms)
[initSession:screenshot] GSAP proxy flush complete (168ms)
[initSession:screenshot] pollHfReady complete (172ms)
[initSession:screenshot] pollHfReady complete (172ms)
[initSession:screenshot] pollHfReady complete (174ms)
[initSession:screenshot] pollHfReady complete (175ms)
[initSession:screenshot] pollSubCompositionTimelines complete (ready) (174ms)
[initSession:screenshot] applyVideoMetadataHints complete (174ms)
[initSession:screenshot] pollSubCompositionTimelines complete (ready) (174ms)
[initSession:screenshot] applyVideoMetadataHints complete (174ms)
[initSession:screenshot] pollSubCompositionTimelines complete (ready) (176ms)
[initSession:screenshot] applyVideoMetadataHints complete (176ms)
[initSession:screenshot] pollSubCompositionTimelines complete (ready) (178ms)
[initSession:screenshot] applyVideoMetadataHints complete (178ms)
[initSession:screenshot] media + fonts + tailwind ready (177ms)
[initSession:screenshot] media + fonts + tailwind ready (176ms)
[initSession:screenshot] media + fonts + tailwind ready (178ms)
[initSession:screenshot] media + fonts + tailwind ready (179ms)
[initSession:screenshot] static-frame dedup: 324/325 predicted frame(s) reusable (outcome=verified, runs=6/6, screenshots=30, seeks=31, elapsedMs=1180) (1560ms)
  ██████░░░░░░░░░░░░░░░░░░░  25%  Capturing frame 0/487 (4 workers)
[initSession:screenshot] static-frame dedup: 324/325 predicted frame(s) reusable (outcome=verified, runs=6/6, screenshots=30, seeks=31, elapsedMs=1196) (1579ms)
  ██████░░░░░░░░░░░░░░░░░░░  25%  Capturing frame 0/487 (4 workers)
[initSession:screenshot] static-frame dedup: 324/325 predicted frame(s) reusable (outcome=verified, runs=6/6, screenshots=30, seeks=31, elapsedMs=1220) (1597ms)
  ██████░░░░░░░░░░░░░░░░░░░  25%  Capturing frame 0/487 (4 workers)
  ███████░░░░░░░░░░░░░░░░░░  28%  Capturing frame 30/487 (4 workers)
  ███████░░░░░░░░░░░░░░░░░░  31%  Capturing frame 60/487 (4 workers)
  ████████░░░░░░░░░░░░░░░░░  33%  Capturing frame 90/487 (4 workers)
  █████████░░░░░░░░░░░░░░░░  36%  Capturing frame 120/487 (4 workers)
[static-dedup] reused 119/121 frame(s) (98%), est. ~4998ms saved (avg 42ms/frame)
[initSession:screenshot] static-frame dedup: 324/325 predicted frame(s) reusable (outcome=verified, runs=6/6, screenshots=30, seeks=31, elapsedMs=1204) (1682ms)
  █████████░░░░░░░░░░░░░░░░  39%  Capturing frame 150/487 (4 workers)
  ██████████░░░░░░░░░░░░░░░  42%  Capturing frame 180/487 (4 workers)
  ███████████░░░░░░░░░░░░░░  44%  Capturing frame 210/487 (4 workers)
  ███████████░░░░░░░░░░░░░░  47%  Capturing frame 240/487 (4 workers)
  ████████████░░░░░░░░░░░░░  50%  Capturing frame 270/487 (4 workers)
  █████████████░░░░░░░░░░░░  53%  Capturing frame 300/487 (4 workers)
  █████████████░░░░░░░░░░░░  55%  Capturing frame 330/487 (4 workers)
  ██████████████░░░░░░░░░░░  58%  Capturing frame 360/487 (4 workers)
[static-dedup] reused 88/122 frame(s) (72%), est. ~3608ms saved (avg 41ms/frame)
  ███████████████░░░░░░░░░░  61%  Capturing frame 390/487 (4 workers)
  ████████████████░░░░░░░░░  64%  Capturing frame 420/487 (4 workers)
  ████████████████░░░░░░░░░  67%  Capturing frame 450/487 (4 workers)
[static-dedup] reused 64/122 frame(s) (52%), est. ~2752ms saved (avg 43ms/frame)
  █████████████████░░░░░░░░  69%  Capturing frame 480/487 (4 workers)
  █████████████████░░░░░░░░  70%  Capturing frame 487/487 (4 workers)
[static-dedup] reused 51/122 frame(s) (42%), est. ~2091ms saved (avg 41ms/frame)
[INFO] [Render:trace] {"renderJobId":"10e43b4c-c5af-44fc-82fa-92928e562067","phase":"capture_disk","status":"end","elapsedMs":8083,"durationMs":4775,"stagePhase":"capturing","needsAlpha":false,"workerCount":4,"forceScreenshot":false,"totalFrames":487,"framesCompleted":487,"captureMode":"beginframe","captureOperation":"encode"}
[INFO] [Render:trace] {"renderJobId":"10e43b4c-c5af-44fc-82fa-92928e562067","phase":"encode","status":"start","elapsedMs":8083,"stagePhase":"capturing","hasAudio":true,"isPngSequence":false,"isGif":false,"chunkedEncode":false,"workerCount":4,"forceScreenshot":false,"totalFrames":487,"framesCompleted":487,"captureMode":"beginframe","captureOperation":"encode"}
  ██████████████████░░░░░░░  75%  Encoding video
[INFO] [Render:trace] {"renderJobId":"10e43b4c-c5af-44fc-82fa-92928e562067","phase":"encode","status":"end","elapsedMs":8934,"durationMs":851,"stagePhase":"capturing","hasAudio":true,"isPngSequence":false,"isGif":false,"chunkedEncode":false,"workerCount":4,"forceScreenshot":false,"totalFrames":487,"framesCompleted":487,"captureMode":"beginframe","captureOperation":"encode"}
[INFO] [Render:trace] {"renderJobId":"10e43b4c-c5af-44fc-82fa-92928e562067","phase":"assemble","status":"start","elapsedMs":8935,"stagePhase":"capturing","hasAudio":true,"workerCount":4,"forceScreenshot":false,"totalFrames":487,"framesCompleted":487,"captureMode":"beginframe","captureOperation":"encode"}
  ██████████████████████░░░  90%  Assembling final video
[INFO] [Render:trace] {"renderJobId":"10e43b4c-c5af-44fc-82fa-92928e562067","phase":"assemble","status":"end","elapsedMs":9431,"durationMs":496,"stagePhase":"capturing","hasAudio":true,"workerCount":4,"forceScreenshot":false,"totalFrames":487,"framesCompleted":487,"captureMode":"beginframe","captureOperation":"encode"}
[INFO] [Render:trace] {"renderJobId":"10e43b4c-c5af-44fc-82fa-92928e562067","phase":"pipeline","status":"checkpoint","elapsedMs":9454,"message":"artifact validated","totalElapsedMs":9452}
  █████████████████████████  100%  Render complete

◇  /Users/brownmanbrain/GitHub/operator-economy/blueprint-cinema/experiments/EP007-NET-NEW-UNFINISHED-ANSWER-003/hyperframes/reviews/r46-revenue-machine/qa/r46-revenue-machine.mp4
   1.0 MB · 20.3s video · rendered in 9.5s
