
◆  Rendering s08-focused → /Users/brownmanbrain/GitHub/operator-economy/blueprint-cinema/experiments/EP007-NET-NEW-UNFINISHED-ANSWER-003/hyperframes/reviews/r38-progressive-business/qa/s08-r38-visual-draft.mp4
   24fps · draft · 1 workers
   GPU: browser GPU (auto-detect)

[?25l│
◇  Browser: cache
[?25h
  ⚠ [compositions/owner-dependency.html] duplicate_media_discovery_risk: Detected 2 matching img entries with the same source/start/duration.
    Fix: Avoid duplicated media nodes that can be discovered twice during compilation.
  Continuing render despite lint warnings. Use --strict-all to block warnings.

[INFO] [Render] Pipeline started {"renderJobId":"633f4e64-8d49-40b4-b764-20b086dd5018","platform":"darwin","arch":"arm64","nodeVersion":"v25.6.1","fps":{"num":24,"den":1},"format":"mp4","quality":"draft","browserGpuMode":"auto","forceScreenshot":false,"protocolTimeout":300000,"browserTimeout":120000,"pageNavigationTimeout":60000,"playerReadyTimeout":45000}
[INFO] [Render:trace] {"renderJobId":"633f4e64-8d49-40b4-b764-20b086dd5018","phase":"pipeline","status":"checkpoint","elapsedMs":2,"message":"started","format":"mp4","quality":"draft","browserGpuMode":"auto","forceScreenshot":false,"protocolTimeoutMs":300000,"pageNavigationTimeoutMs":60000,"playerReadyTimeoutMs":45000,"requestedWorkers":1}
[INFO] [Render:trace] {"renderJobId":"633f4e64-8d49-40b4-b764-20b086dd5018","phase":"compile","status":"start","elapsedMs":3,"needsAlpha":false}
  █░░░░░░░░░░░░░░░░░░░░░░░░  5%  Compiling composition
[INFO] [Compiler] Embedded local font file: public/fonts/boska-700.woff2 (30 KB → data URI)
[INFO] [Compiler] Embedded local font file: public/fonts/supreme-400.woff2 (18 KB → data URI)
[INFO] [Compiler] Embedded local font file: public/fonts/supreme-500.woff2 (18 KB → data URI)
[INFO] Compiled composition metadata {"renderJobId":"633f4e64-8d49-40b4-b764-20b086dd5018","entryFile":"index.html","staticDuration":46,"width":1280,"height":720,"videoCount":1,"audioCount":1,"renderModeHints":{"recommendScreenshot":false,"reasons":[]}}
[WARN] [Compiler] WARNING: Video "s38-callback" has sparse keyframes (max interval: 13.75s). This causes seek failures and frame freezing. Re-encode with: ffmpeg -i "public/media/establishing.mp4" -c:v libx264 -r 30 -g 30 -keyint_min 30 -movflags +faststart -c:a copy output.mp4
[INFO] [Render:trace] {"renderJobId":"633f4e64-8d49-40b4-b764-20b086dd5018","phase":"compile","status":"end","elapsedMs":234,"durationMs":231,"needsAlpha":false}
[INFO] [Render:trace] {"renderJobId":"633f4e64-8d49-40b4-b764-20b086dd5018","phase":"compile","status":"checkpoint","elapsedMs":235,"message":"composition metadata resolved","width":1280,"height":720,"videoCount":1,"audioCount":1,"imageCount":11,"deviceScaleFactor":1,"forceScreenshot":false,"compositionHash":"2b49bda9f120738f"}
[INFO] [Render:trace] {"renderJobId":"633f4e64-8d49-40b4-b764-20b086dd5018","phase":"browser_probe","status":"start","elapsedMs":235,"forceScreenshot":false,"stagePhase":"calibrating"}
[INFO] [Render:trace] {"renderJobId":"633f4e64-8d49-40b4-b764-20b086dd5018","phase":"browser_probe","status":"end","elapsedMs":243,"durationMs":8,"forceScreenshot":false,"stagePhase":"calibrating"}
[INFO] [Render:trace] {"renderJobId":"633f4e64-8d49-40b4-b764-20b086dd5018","phase":"browser_probe","status":"checkpoint","elapsedMs":244,"message":"duration resolved","durationSeconds":46,"totalFrames":1104,"compositionHash":"2b49bda9f120738f","beginFrameStalled":false}
[INFO] [Render:trace] {"renderJobId":"633f4e64-8d49-40b4-b764-20b086dd5018","phase":"video_extract","status":"start","elapsedMs":244,"videoCount":1}
[INFO] Probing video color spaces... {"renderJobId":"633f4e64-8d49-40b4-b764-20b086dd5018","videoCount":1}
  ██░░░░░░░░░░░░░░░░░░░░░░░  10%  Extracting video frames
[INFO] Extracting frames from video 1/1 {"renderJobId":"633f4e64-8d49-40b4-b764-20b086dd5018","sourceType":"local"}
[INFO] [Render:trace] {"renderJobId":"633f4e64-8d49-40b4-b764-20b086dd5018","phase":"video_extract","status":"end","elapsedMs":708,"durationMs":464,"videoCount":1}
[INFO] [Render:trace] {"renderJobId":"633f4e64-8d49-40b4-b764-20b086dd5018","phase":"video_extract","status":"checkpoint","elapsedMs":710,"message":"frames resolved","videoCount":1,"extractedVideoCount":1,"totalFramesExtracted":47,"maxFramesPerVideo":47,"avgFramesPerExtractedVideo":47,"vfrPreflightCount":0,"vfrPreflightMs":0,"cacheHits":0,"cacheMisses":1,"transientRetries":0,"minVideoFrameCoverageRatio":1,"authoredTimedClipCount":4}
[INFO] [Render] No HDR sources detected — rendering SDR {"renderJobId":"633f4e64-8d49-40b4-b764-20b086dd5018"}
[INFO] [Render:trace] {"renderJobId":"633f4e64-8d49-40b4-b764-20b086dd5018","phase":"hdr_detection","status":"checkpoint","elapsedMs":710,"message":"resolved","requestedHdrMode":"auto","effectiveHdr":"sdr","nativeHdrVideoCount":0,"nativeHdrImageCount":0}
[INFO] [Render:trace] {"renderJobId":"633f4e64-8d49-40b4-b764-20b086dd5018","phase":"audio_process","status":"start","elapsedMs":710,"audioCount":1}
  █████░░░░░░░░░░░░░░░░░░░░  20%  Processing audio tracks
[INFO] [Render:trace] {"renderJobId":"633f4e64-8d49-40b4-b764-20b086dd5018","phase":"audio_process","status":"end","elapsedMs":1805,"durationMs":1095,"audioCount":1}
[INFO] [Render:trace] {"renderJobId":"633f4e64-8d49-40b4-b764-20b086dd5018","phase":"file_server","status":"start","elapsedMs":1805,"reused":false}
  ██████░░░░░░░░░░░░░░░░░░░  25%  Starting frame capture
[INFO] [Render:trace] {"renderJobId":"633f4e64-8d49-40b4-b764-20b086dd5018","phase":"file_server","status":"end","elapsedMs":1811,"durationMs":6}
[hyperframes] browserGpuMode probe → hardware (WebGL renderer vendor="Google Inc. (Apple)" renderer="ANGLE (Apple, ANGLE Metal Renderer: Apple M4, Unspecified Version)")
[INFO] [Render:trace] {"renderJobId":"633f4e64-8d49-40b4-b764-20b086dd5018","phase":"capture_calibration","status":"checkpoint","elapsedMs":1977,"message":"skipped","requestedWorkers":1,"totalFrames":1104,"htmlInCanvasDetected":false,"lowMemoryMode":false,"deInversionEligible":false,"deParallelRouterEligible":false}
[INFO] [Render:trace] {"renderJobId":"633f4e64-8d49-40b4-b764-20b086dd5018","phase":"worker_resolution","status":"checkpoint","elapsedMs":1977,"message":"resolved","workerCount":1}
[INFO] streaming-encode gate {"renderJobId":"633f4e64-8d49-40b4-b764-20b086dd5018","enabled":true,"configFlag":true,"outputFormat":"mp4","workerCount":1,"durationSeconds":46,"maxDurationSeconds":240}
[INFO] [Render:trace] {"renderJobId":"633f4e64-8d49-40b4-b764-20b086dd5018","phase":"capture_strategy","status":"checkpoint","elapsedMs":1978,"message":"resolved","workerCount":1,"forceScreenshot":false,"captureBeyondViewport":true,"useStreamingEncode":true,"useLayeredComposite":false,"usePageSideCompositing":false,"hasHdrContent":false,"hasShaderTransitions":false,"isPngSequence":false}
[INFO] [Render:trace] {"renderJobId":"633f4e64-8d49-40b4-b764-20b086dd5018","phase":"capture_streaming","status":"start","elapsedMs":1978,"stagePhase":"capturing","workerCount":1,"forceScreenshot":false,"totalFrames":1104,"framesCompleted":0,"captureMode":"drawelement","captureOperation":"drawElement"}
[BrowserManager] Browser launched (HeadlessChrome/152.0.7977.30, screenshot, gl=--use-gl=angle --use-angle=metal, headlessShell=true, platform=darwin)
[initSession:screenshot] page.goto start (0ms)
[HyperFrames] render runtime fps [object Object]
[initSession:screenshot] page.goto complete (91ms)
[initSession:screenshot] GSAP proxy flush complete (106ms)
[initSession:screenshot] pollHfReady complete (118ms)
[initSession:screenshot] pollSubCompositionTimelines complete (ready) (141ms)
[initSession:screenshot] applyVideoMetadataHints complete (150ms)
[initSession:screenshot] media + fonts + tailwind ready (168ms)
[initSession:screenshot] captureBeyondViewport downgraded: page content fits the capture viewport (170ms)
[initSession:screenshot] timeline at-risk predictor: 0/1104 frames (0%) (196ms)
[initSession:screenshot] static-frame dedup: disabled (before-capture hook / video injection active) (198ms)
[initSession:screenshot] drawElement self-verify armed: 4 ground-truth frame(s) @ [276, 552, 828, 1049] of 1104 (573ms)
[initSession:drawelement] drawElement canvas injected (574ms)
[initSession:drawelement] screenshot fallback: 8 clip-boundary frame(s) (574ms)
[initSession:drawelement] drawElement worker encode initialized (576ms)
  ██████░░░░░░░░░░░░░░░░░░░  25%  Streaming frame 1/1104
  ██████░░░░░░░░░░░░░░░░░░░  25%  Streaming frame 2/1104
  ██████░░░░░░░░░░░░░░░░░░░  25%  Streaming frame 3/1104
  ██████░░░░░░░░░░░░░░░░░░░  25%  Streaming frame 4/1104
  ██████░░░░░░░░░░░░░░░░░░░  25%  Streaming frame 5/1104
  ██████░░░░░░░░░░░░░░░░░░░  25%  Streaming frame 6/1104
  ██████░░░░░░░░░░░░░░░░░░░  25%  Streaming frame 7/1104
  ██████░░░░░░░░░░░░░░░░░░░  25%  Streaming frame 8/1104
  ██████░░░░░░░░░░░░░░░░░░░  25%  Streaming frame 9/1104
  ██████░░░░░░░░░░░░░░░░░░░  25%  Streaming frame 10/1104
  ██████░░░░░░░░░░░░░░░░░░░  26%  Streaming frame 11/1104
  ██████░░░░░░░░░░░░░░░░░░░  26%  Streaming frame 12/1104
  ██████░░░░░░░░░░░░░░░░░░░  26%  Streaming frame 13/1104
  ██████░░░░░░░░░░░░░░░░░░░  26%  Streaming frame 14/1104
  ██████░░░░░░░░░░░░░░░░░░░  26%  Streaming frame 15/1104
  ██████░░░░░░░░░░░░░░░░░░░  26%  Streaming frame 16/1104
  ██████░░░░░░░░░░░░░░░░░░░  26%  Streaming frame 17/1104
  ██████░░░░░░░░░░░░░░░░░░░  26%  Streaming frame 18/1104
  ██████░░░░░░░░░░░░░░░░░░░  26%  Streaming frame 19/1104
  ██████░░░░░░░░░░░░░░░░░░░  26%  Streaming frame 20/1104
  ██████░░░░░░░░░░░░░░░░░░░  26%  Streaming frame 21/1104
  ██████░░░░░░░░░░░░░░░░░░░  26%  Streaming frame 22/1104
  ██████░░░░░░░░░░░░░░░░░░░  26%  Streaming frame 23/1104
  ██████░░░░░░░░░░░░░░░░░░░  26%  Streaming frame 24/1104
  ██████░░░░░░░░░░░░░░░░░░░  26%  Streaming frame 25/1104
  ██████░░░░░░░░░░░░░░░░░░░  26%  Streaming frame 26/1104
  ██████░░░░░░░░░░░░░░░░░░░  26%  Streaming frame 27/1104
  ██████░░░░░░░░░░░░░░░░░░░  26%  Streaming frame 28/1104
  ██████░░░░░░░░░░░░░░░░░░░  26%  Streaming frame 29/1104
  ██████░░░░░░░░░░░░░░░░░░░  26%  Streaming frame 30/1104
  ██████░░░░░░░░░░░░░░░░░░░  27%  Streaming frame 31/1104
  ██████░░░░░░░░░░░░░░░░░░░  27%  Streaming frame 32/1104
  ██████░░░░░░░░░░░░░░░░░░░  27%  Streaming frame 33/1104
  ██████░░░░░░░░░░░░░░░░░░░  27%  Streaming frame 34/1104
  ██████░░░░░░░░░░░░░░░░░░░  27%  Streaming frame 35/1104
  ██████░░░░░░░░░░░░░░░░░░░  27%  Streaming frame 36/1104
  ██████░░░░░░░░░░░░░░░░░░░  27%  Streaming frame 37/1104
  ██████░░░░░░░░░░░░░░░░░░░  27%  Streaming frame 38/1104
  ██████░░░░░░░░░░░░░░░░░░░  27%  Streaming frame 39/1104
  ██████░░░░░░░░░░░░░░░░░░░  27%  Streaming frame 40/1104
  ██████░░░░░░░░░░░░░░░░░░░  27%  Streaming frame 41/1104
  ██████░░░░░░░░░░░░░░░░░░░  27%  Streaming frame 42/1104
  ██████░░░░░░░░░░░░░░░░░░░  27%  Streaming frame 43/1104
  ██████░░░░░░░░░░░░░░░░░░░  27%  Streaming frame 44/1104
  ██████░░░░░░░░░░░░░░░░░░░  27%  Streaming frame 45/1104
  ██████░░░░░░░░░░░░░░░░░░░  27%  Streaming frame 46/1104
  ██████░░░░░░░░░░░░░░░░░░░  27%  Streaming frame 47/1104
  ██████░░░░░░░░░░░░░░░░░░░  27%  Streaming frame 48/1104
  ██████░░░░░░░░░░░░░░░░░░░  27%  Streaming frame 49/1104
  ██████░░░░░░░░░░░░░░░░░░░  27%  Streaming frame 50/1104
  ███████░░░░░░░░░░░░░░░░░░  28%  Streaming frame 51/1104
  ███████░░░░░░░░░░░░░░░░░░  28%  Streaming frame 52/1104
  ███████░░░░░░░░░░░░░░░░░░  28%  Streaming frame 53/1104
  ███████░░░░░░░░░░░░░░░░░░  28%  Streaming frame 54/1104
  ███████░░░░░░░░░░░░░░░░░░  28%  Streaming frame 55/1104
  ███████░░░░░░░░░░░░░░░░░░  28%  Streaming frame 56/1104
  ███████░░░░░░░░░░░░░░░░░░  28%  Streaming frame 57/1104
  ███████░░░░░░░░░░░░░░░░░░  28%  Streaming frame 58/1104
  ███████░░░░░░░░░░░░░░░░░░  28%  Streaming frame 59/1104
  ███████░░░░░░░░░░░░░░░░░░  28%  Streaming frame 60/1104
  ███████░░░░░░░░░░░░░░░░░░  28%  Streaming frame 61/1104
  ███████░░░░░░░░░░░░░░░░░░  28%  Streaming frame 62/1104
  ███████░░░░░░░░░░░░░░░░░░  28%  Streaming frame 63/1104
  ███████░░░░░░░░░░░░░░░░░░  28%  Streaming frame 64/1104
  ███████░░░░░░░░░░░░░░░░░░  28%  Streaming frame 65/1104
  ███████░░░░░░░░░░░░░░░░░░  28%  Streaming frame 66/1104
  ███████░░░░░░░░░░░░░░░░░░  28%  Streaming frame 67/1104
  ███████░░░░░░░░░░░░░░░░░░  28%  Streaming frame 68/1104
  ███████░░░░░░░░░░░░░░░░░░  28%  Streaming frame 69/1104
  ███████░░░░░░░░░░░░░░░░░░  28%  Streaming frame 70/1104
  ███████░░░░░░░░░░░░░░░░░░  29%  Streaming frame 71/1104
  ███████░░░░░░░░░░░░░░░░░░  29%  Streaming frame 72/1104
  ███████░░░░░░░░░░░░░░░░░░  29%  Streaming frame 73/1104
  ███████░░░░░░░░░░░░░░░░░░  29%  Streaming frame 74/1104
  ███████░░░░░░░░░░░░░░░░░░  29%  Streaming frame 75/1104
  ███████░░░░░░░░░░░░░░░░░░  29%  Streaming frame 76/1104
  ███████░░░░░░░░░░░░░░░░░░  29%  Streaming frame 77/1104
  ███████░░░░░░░░░░░░░░░░░░  29%  Streaming frame 78/1104
  ███████░░░░░░░░░░░░░░░░░░  29%  Streaming frame 79/1104
  ███████░░░░░░░░░░░░░░░░░░  29%  Streaming frame 80/1104
  ███████░░░░░░░░░░░░░░░░░░  29%  Streaming frame 81/1104
  ███████░░░░░░░░░░░░░░░░░░  29%  Streaming frame 82/1104
  ███████░░░░░░░░░░░░░░░░░░  29%  Streaming frame 83/1104
  ███████░░░░░░░░░░░░░░░░░░  29%  Streaming frame 84/1104
  ███████░░░░░░░░░░░░░░░░░░  29%  Streaming frame 85/1104
  ███████░░░░░░░░░░░░░░░░░░  29%  Streaming frame 86/1104
  ███████░░░░░░░░░░░░░░░░░░  29%  Streaming frame 87/1104
  ███████░░░░░░░░░░░░░░░░░░  29%  Streaming frame 88/1104
  ███████░░░░░░░░░░░░░░░░░░  29%  Streaming frame 89/1104
  ███████░░░░░░░░░░░░░░░░░░  29%  Streaming frame 90/1104
  ███████░░░░░░░░░░░░░░░░░░  30%  Streaming frame 91/1104
  ███████░░░░░░░░░░░░░░░░░░  30%  Streaming frame 92/1104
  ███████░░░░░░░░░░░░░░░░░░  30%  Streaming frame 93/1104
  ███████░░░░░░░░░░░░░░░░░░  30%  Streaming frame 94/1104
  ███████░░░░░░░░░░░░░░░░░░  30%  Streaming frame 95/1104
  ███████░░░░░░░░░░░░░░░░░░  30%  Streaming frame 96/1104
  ███████░░░░░░░░░░░░░░░░░░  30%  Streaming frame 97/1104
  ███████░░░░░░░░░░░░░░░░░░  30%  Streaming frame 98/1104
  ███████░░░░░░░░░░░░░░░░░░  30%  Streaming frame 99/1104
  ███████░░░░░░░░░░░░░░░░░░  30%  Streaming frame 100/1104
  ███████░░░░░░░░░░░░░░░░░░  30%  Streaming frame 101/1104
  ███████░░░░░░░░░░░░░░░░░░  30%  Streaming frame 102/1104
  ███████░░░░░░░░░░░░░░░░░░  30%  Streaming frame 103/1104
  ███████░░░░░░░░░░░░░░░░░░  30%  Streaming frame 104/1104
  ███████░░░░░░░░░░░░░░░░░░  30%  Streaming frame 105/1104
  ███████░░░░░░░░░░░░░░░░░░  30%  Streaming frame 106/1104
  ███████░░░░░░░░░░░░░░░░░░  30%  Streaming frame 107/1104
  ███████░░░░░░░░░░░░░░░░░░  30%  Streaming frame 108/1104
  ███████░░░░░░░░░░░░░░░░░░  30%  Streaming frame 109/1104
  ███████░░░░░░░░░░░░░░░░░░  30%  Streaming frame 110/1104
  ███████░░░░░░░░░░░░░░░░░░  31%  Streaming frame 111/1104
  ███████░░░░░░░░░░░░░░░░░░  31%  Streaming frame 112/1104
  ███████░░░░░░░░░░░░░░░░░░  31%  Streaming frame 113/1104
  ███████░░░░░░░░░░░░░░░░░░  31%  Streaming frame 114/1104
  ███████░░░░░░░░░░░░░░░░░░  31%  Streaming frame 115/1104
  ███████░░░░░░░░░░░░░░░░░░  31%  Streaming frame 116/1104
  ███████░░░░░░░░░░░░░░░░░░  31%  Streaming frame 117/1104
  ███████░░░░░░░░░░░░░░░░░░  31%  Streaming frame 118/1104
  ███████░░░░░░░░░░░░░░░░░░  31%  Streaming frame 119/1104
  ███████░░░░░░░░░░░░░░░░░░  31%  Streaming frame 120/1104
  ███████░░░░░░░░░░░░░░░░░░  31%  Streaming frame 121/1104
  ███████░░░░░░░░░░░░░░░░░░  31%  Streaming frame 122/1104
  ███████░░░░░░░░░░░░░░░░░░  31%  Streaming frame 123/1104
  ███████░░░░░░░░░░░░░░░░░░  31%  Streaming frame 124/1104
  ███████░░░░░░░░░░░░░░░░░░  31%  Streaming frame 125/1104
  ███████░░░░░░░░░░░░░░░░░░  31%  Streaming frame 126/1104
  ███████░░░░░░░░░░░░░░░░░░  31%  Streaming frame 127/1104
  ███████░░░░░░░░░░░░░░░░░░  31%  Streaming frame 128/1104
  ███████░░░░░░░░░░░░░░░░░░  31%  Streaming frame 129/1104
  ███████░░░░░░░░░░░░░░░░░░  31%  Streaming frame 130/1104
  ████████░░░░░░░░░░░░░░░░░  32%  Streaming frame 131/1104
  ████████░░░░░░░░░░░░░░░░░  32%  Streaming frame 132/1104
  ████████░░░░░░░░░░░░░░░░░  32%  Streaming frame 133/1104
  ████████░░░░░░░░░░░░░░░░░  32%  Streaming frame 134/1104
  ████████░░░░░░░░░░░░░░░░░  32%  Streaming frame 135/1104
  ████████░░░░░░░░░░░░░░░░░  32%  Streaming frame 136/1104
  ████████░░░░░░░░░░░░░░░░░  32%  Streaming frame 137/1104
  ████████░░░░░░░░░░░░░░░░░  32%  Streaming frame 138/1104
  ████████░░░░░░░░░░░░░░░░░  32%  Streaming frame 139/1104
  ████████░░░░░░░░░░░░░░░░░  32%  Streaming frame 140/1104
  ████████░░░░░░░░░░░░░░░░░  32%  Streaming frame 141/1104
  ████████░░░░░░░░░░░░░░░░░  32%  Streaming frame 142/1104
  ████████░░░░░░░░░░░░░░░░░  32%  Streaming frame 143/1104
  ████████░░░░░░░░░░░░░░░░░  32%  Streaming frame 144/1104
  ████████░░░░░░░░░░░░░░░░░  32%  Streaming frame 145/1104
  ████████░░░░░░░░░░░░░░░░░  32%  Streaming frame 146/1104
  ████████░░░░░░░░░░░░░░░░░  32%  Streaming frame 147/1104
  ████████░░░░░░░░░░░░░░░░░  32%  Streaming frame 148/1104
  ████████░░░░░░░░░░░░░░░░░  32%  Streaming frame 149/1104
  ████████░░░░░░░░░░░░░░░░░  32%  Streaming frame 150/1104
  ████████░░░░░░░░░░░░░░░░░  33%  Streaming frame 151/1104
  ████████░░░░░░░░░░░░░░░░░  33%  Streaming frame 152/1104
  ████████░░░░░░░░░░░░░░░░░  33%  Streaming frame 153/1104
  ████████░░░░░░░░░░░░░░░░░  33%  Streaming frame 154/1104
  ████████░░░░░░░░░░░░░░░░░  33%  Streaming frame 155/1104
  ████████░░░░░░░░░░░░░░░░░  33%  Streaming frame 156/1104
  ████████░░░░░░░░░░░░░░░░░  33%  Streaming frame 157/1104
  ████████░░░░░░░░░░░░░░░░░  33%  Streaming frame 158/1104
  ████████░░░░░░░░░░░░░░░░░  33%  Streaming frame 159/1104
  ████████░░░░░░░░░░░░░░░░░  33%  Streaming frame 160/1104
  ████████░░░░░░░░░░░░░░░░░  33%  Streaming frame 161/1104
  ████████░░░░░░░░░░░░░░░░░  33%  Streaming frame 162/1104
  ████████░░░░░░░░░░░░░░░░░  33%  Streaming frame 163/1104
  ████████░░░░░░░░░░░░░░░░░  33%  Streaming frame 164/1104
  ████████░░░░░░░░░░░░░░░░░  33%  Streaming frame 165/1104
  ████████░░░░░░░░░░░░░░░░░  33%  Streaming frame 166/1104
  ████████░░░░░░░░░░░░░░░░░  33%  Streaming frame 167/1104
  ████████░░░░░░░░░░░░░░░░░  33%  Streaming frame 168/1104
  ████████░░░░░░░░░░░░░░░░░  33%  Streaming frame 169/1104
  ████████░░░░░░░░░░░░░░░░░  33%  Streaming frame 170/1104
  ████████░░░░░░░░░░░░░░░░░  34%  Streaming frame 171/1104
  ████████░░░░░░░░░░░░░░░░░  34%  Streaming frame 172/1104
  ████████░░░░░░░░░░░░░░░░░  34%  Streaming frame 173/1104
  ████████░░░░░░░░░░░░░░░░░  34%  Streaming frame 174/1104
[WARN] [Render] drawElement blank-frame suspect; re-capturing {"renderJobId":"633f4e64-8d49-40b4-b764-20b086dd5018","frame":174,"bytes":8395,"floor":20000}
[INFO] [Render] drawElement small frame is deterministic; accepted {"renderJobId":"633f4e64-8d49-40b4-b764-20b086dd5018","frame":174,"bytes":8395}
  ████████░░░░░░░░░░░░░░░░░  34%  Streaming frame 175/1104
  ████████░░░░░░░░░░░░░░░░░  34%  Streaming frame 176/1104
  ████████░░░░░░░░░░░░░░░░░  34%  Streaming frame 177/1104
  ████████░░░░░░░░░░░░░░░░░  34%  Streaming frame 178/1104
  ████████░░░░░░░░░░░░░░░░░  34%  Streaming frame 179/1104
  ████████░░░░░░░░░░░░░░░░░  34%  Streaming frame 180/1104
  ████████░░░░░░░░░░░░░░░░░  34%  Streaming frame 181/1104
  ████████░░░░░░░░░░░░░░░░░  34%  Streaming frame 182/1104
  ████████░░░░░░░░░░░░░░░░░  34%  Streaming frame 183/1104
  ████████░░░░░░░░░░░░░░░░░  34%  Streaming frame 184/1104
  ████████░░░░░░░░░░░░░░░░░  34%  Streaming frame 185/1104
  ████████░░░░░░░░░░░░░░░░░  34%  Streaming frame 186/1104
  ████████░░░░░░░░░░░░░░░░░  34%  Streaming frame 187/1104
  ████████░░░░░░░░░░░░░░░░░  34%  Streaming frame 188/1104
  ████████░░░░░░░░░░░░░░░░░  34%  Streaming frame 189/1104
  ████████░░░░░░░░░░░░░░░░░  34%  Streaming frame 190/1104
  ████████░░░░░░░░░░░░░░░░░  35%  Streaming frame 191/1104
  ████████░░░░░░░░░░░░░░░░░  35%  Streaming frame 192/1104
  ████████░░░░░░░░░░░░░░░░░  35%  Streaming frame 193/1104
  ████████░░░░░░░░░░░░░░░░░  35%  Streaming frame 194/1104
  ████████░░░░░░░░░░░░░░░░░  35%  Streaming frame 195/1104
  ████████░░░░░░░░░░░░░░░░░  35%  Streaming frame 196/1104
  ████████░░░░░░░░░░░░░░░░░  35%  Streaming frame 197/1104
  ████████░░░░░░░░░░░░░░░░░  35%  Streaming frame 198/1104
  ████████░░░░░░░░░░░░░░░░░  35%  Streaming frame 199/1104
  ████████░░░░░░░░░░░░░░░░░  35%  Streaming frame 200/1104
  ████████░░░░░░░░░░░░░░░░░  35%  Streaming frame 201/1104
  ████████░░░░░░░░░░░░░░░░░  35%  Streaming frame 202/1104
  ████████░░░░░░░░░░░░░░░░░  35%  Streaming frame 203/1104
  ████████░░░░░░░░░░░░░░░░░  35%  Streaming frame 204/1104
  ████████░░░░░░░░░░░░░░░░░  35%  Streaming frame 205/1104
  ████████░░░░░░░░░░░░░░░░░  35%  Streaming frame 206/1104
  ████████░░░░░░░░░░░░░░░░░  35%  Streaming frame 207/1104
  ████████░░░░░░░░░░░░░░░░░  35%  Streaming frame 208/1104
  ████████░░░░░░░░░░░░░░░░░  35%  Streaming frame 209/1104
  ████████░░░░░░░░░░░░░░░░░  35%  Streaming frame 210/1104
  █████████░░░░░░░░░░░░░░░░  36%  Streaming frame 211/1104
  █████████░░░░░░░░░░░░░░░░  36%  Streaming frame 212/1104
  █████████░░░░░░░░░░░░░░░░  36%  Streaming frame 213/1104
  █████████░░░░░░░░░░░░░░░░  36%  Streaming frame 214/1104
  █████████░░░░░░░░░░░░░░░░  36%  Streaming frame 215/1104
  █████████░░░░░░░░░░░░░░░░  36%  Streaming frame 216/1104
  █████████░░░░░░░░░░░░░░░░  36%  Streaming frame 217/1104
  █████████░░░░░░░░░░░░░░░░  36%  Streaming frame 218/1104
  █████████░░░░░░░░░░░░░░░░  36%  Streaming frame 219/1104
  █████████░░░░░░░░░░░░░░░░  36%  Streaming frame 220/1104
  █████████░░░░░░░░░░░░░░░░  36%  Streaming frame 221/1104
  █████████░░░░░░░░░░░░░░░░  36%  Streaming frame 222/1104
  █████████░░░░░░░░░░░░░░░░  36%  Streaming frame 223/1104
  █████████░░░░░░░░░░░░░░░░  36%  Streaming frame 224/1104
  █████████░░░░░░░░░░░░░░░░  36%  Streaming frame 225/1104
  █████████░░░░░░░░░░░░░░░░  36%  Streaming frame 226/1104
  █████████░░░░░░░░░░░░░░░░  36%  Streaming frame 227/1104
  █████████░░░░░░░░░░░░░░░░  36%  Streaming frame 228/1104
  █████████░░░░░░░░░░░░░░░░  36%  Streaming frame 229/1104
  █████████░░░░░░░░░░░░░░░░  36%  Streaming frame 230/1104
  █████████░░░░░░░░░░░░░░░░  37%  Streaming frame 231/1104
  █████████░░░░░░░░░░░░░░░░  37%  Streaming frame 232/1104
  █████████░░░░░░░░░░░░░░░░  37%  Streaming frame 233/1104
  █████████░░░░░░░░░░░░░░░░  37%  Streaming frame 234/1104
  █████████░░░░░░░░░░░░░░░░  37%  Streaming frame 235/1104
  █████████░░░░░░░░░░░░░░░░  37%  Streaming frame 236/1104
  █████████░░░░░░░░░░░░░░░░  37%  Streaming frame 237/1104
  █████████░░░░░░░░░░░░░░░░  37%  Streaming frame 238/1104
  █████████░░░░░░░░░░░░░░░░  37%  Streaming frame 239/1104
  █████████░░░░░░░░░░░░░░░░  37%  Streaming frame 240/1104
  █████████░░░░░░░░░░░░░░░░  37%  Streaming frame 241/1104
  █████████░░░░░░░░░░░░░░░░  37%  Streaming frame 242/1104
  █████████░░░░░░░░░░░░░░░░  37%  Streaming frame 243/1104
  █████████░░░░░░░░░░░░░░░░  37%  Streaming frame 244/1104
  █████████░░░░░░░░░░░░░░░░  37%  Streaming frame 245/1104
  █████████░░░░░░░░░░░░░░░░  37%  Streaming frame 246/1104
  █████████░░░░░░░░░░░░░░░░  37%  Streaming frame 247/1104
  █████████░░░░░░░░░░░░░░░░  37%  Streaming frame 248/1104
  █████████░░░░░░░░░░░░░░░░  37%  Streaming frame 249/1104
  █████████░░░░░░░░░░░░░░░░  37%  Streaming frame 250/1104
  █████████░░░░░░░░░░░░░░░░  38%  Streaming frame 251/1104
  █████████░░░░░░░░░░░░░░░░  38%  Streaming frame 252/1104
  █████████░░░░░░░░░░░░░░░░  38%  Streaming frame 253/1104
  █████████░░░░░░░░░░░░░░░░  38%  Streaming frame 254/1104
  █████████░░░░░░░░░░░░░░░░  38%  Streaming frame 255/1104
  █████████░░░░░░░░░░░░░░░░  38%  Streaming frame 256/1104
  █████████░░░░░░░░░░░░░░░░  38%  Streaming frame 257/1104
  █████████░░░░░░░░░░░░░░░░  38%  Streaming frame 258/1104
  █████████░░░░░░░░░░░░░░░░  38%  Streaming frame 259/1104
  █████████░░░░░░░░░░░░░░░░  38%  Streaming frame 260/1104
  █████████░░░░░░░░░░░░░░░░  38%  Streaming frame 261/1104
  █████████░░░░░░░░░░░░░░░░  38%  Streaming frame 262/1104
  █████████░░░░░░░░░░░░░░░░  38%  Streaming frame 263/1104
  █████████░░░░░░░░░░░░░░░░  38%  Streaming frame 264/1104
  █████████░░░░░░░░░░░░░░░░  38%  Streaming frame 265/1104
  █████████░░░░░░░░░░░░░░░░  38%  Streaming frame 266/1104
  █████████░░░░░░░░░░░░░░░░  38%  Streaming frame 267/1104
  █████████░░░░░░░░░░░░░░░░  38%  Streaming frame 268/1104
  █████████░░░░░░░░░░░░░░░░  38%  Streaming frame 269/1104
  █████████░░░░░░░░░░░░░░░░  38%  Streaming frame 270/1104
  █████████░░░░░░░░░░░░░░░░  39%  Streaming frame 271/1104
  █████████░░░░░░░░░░░░░░░░  39%  Streaming frame 272/1104
  █████████░░░░░░░░░░░░░░░░  39%  Streaming frame 273/1104
  █████████░░░░░░░░░░░░░░░░  39%  Streaming frame 274/1104
  █████████░░░░░░░░░░░░░░░░  39%  Streaming frame 275/1104
  █████████░░░░░░░░░░░░░░░░  39%  Streaming frame 276/1104
[INFO] [Render] drawElement self-verify passed {"renderJobId":"633f4e64-8d49-40b4-b764-20b086dd5018","frame":276,"psnrDb":"inf"}
  █████████░░░░░░░░░░░░░░░░  39%  Streaming frame 277/1104
  █████████░░░░░░░░░░░░░░░░  39%  Streaming frame 278/1104
  █████████░░░░░░░░░░░░░░░░  39%  Streaming frame 279/1104
  █████████░░░░░░░░░░░░░░░░  39%  Streaming frame 280/1104
  █████████░░░░░░░░░░░░░░░░  39%  Streaming frame 281/1104
  █████████░░░░░░░░░░░░░░░░  39%  Streaming frame 282/1104
  █████████░░░░░░░░░░░░░░░░  39%  Streaming frame 283/1104
  █████████░░░░░░░░░░░░░░░░  39%  Streaming frame 284/1104
  █████████░░░░░░░░░░░░░░░░  39%  Streaming frame 285/1104
  █████████░░░░░░░░░░░░░░░░  39%  Streaming frame 286/1104
  █████████░░░░░░░░░░░░░░░░  39%  Streaming frame 287/1104
  █████████░░░░░░░░░░░░░░░░  39%  Streaming frame 288/1104
  █████████░░░░░░░░░░░░░░░░  39%  Streaming frame 289/1104
  █████████░░░░░░░░░░░░░░░░  39%  Streaming frame 290/1104
  █████████░░░░░░░░░░░░░░░░  39%  Streaming frame 291/1104
  ██████████░░░░░░░░░░░░░░░  40%  Streaming frame 292/1104
  ██████████░░░░░░░░░░░░░░░  40%  Streaming frame 293/1104
  ██████████░░░░░░░░░░░░░░░  40%  Streaming frame 294/1104
  ██████████░░░░░░░░░░░░░░░  40%  Streaming frame 295/1104
  ██████████░░░░░░░░░░░░░░░  40%  Streaming frame 296/1104
  ██████████░░░░░░░░░░░░░░░  40%  Streaming frame 297/1104
  ██████████░░░░░░░░░░░░░░░  40%  Streaming frame 298/1104
  ██████████░░░░░░░░░░░░░░░  40%  Streaming frame 299/1104
  ██████████░░░░░░░░░░░░░░░  40%  Streaming frame 300/1104
  ██████████░░░░░░░░░░░░░░░  40%  Streaming frame 301/1104
  ██████████░░░░░░░░░░░░░░░  40%  Streaming frame 302/1104
  ██████████░░░░░░░░░░░░░░░  40%  Streaming frame 303/1104
  ██████████░░░░░░░░░░░░░░░  40%  Streaming frame 304/1104
  ██████████░░░░░░░░░░░░░░░  40%  Streaming frame 305/1104
  ██████████░░░░░░░░░░░░░░░  40%  Streaming frame 306/1104
  ██████████░░░░░░░░░░░░░░░  40%  Streaming frame 307/1104
  ██████████░░░░░░░░░░░░░░░  40%  Streaming frame 308/1104
  ██████████░░░░░░░░░░░░░░░  40%  Streaming frame 309/1104
  ██████████░░░░░░░░░░░░░░░  40%  Streaming frame 310/1104
  ██████████░░░░░░░░░░░░░░░  40%  Streaming frame 311/1104
  ██████████░░░░░░░░░░░░░░░  41%  Streaming frame 312/1104
  ██████████░░░░░░░░░░░░░░░  41%  Streaming frame 313/1104
  ██████████░░░░░░░░░░░░░░░  41%  Streaming frame 314/1104
  ██████████░░░░░░░░░░░░░░░  41%  Streaming frame 315/1104
  ██████████░░░░░░░░░░░░░░░  41%  Streaming frame 316/1104
  ██████████░░░░░░░░░░░░░░░  41%  Streaming frame 317/1104
  ██████████░░░░░░░░░░░░░░░  41%  Streaming frame 318/1104
  ██████████░░░░░░░░░░░░░░░  41%  Streaming frame 319/1104
  ██████████░░░░░░░░░░░░░░░  41%  Streaming frame 320/1104
  ██████████░░░░░░░░░░░░░░░  41%  Streaming frame 321/1104
  ██████████░░░░░░░░░░░░░░░  41%  Streaming frame 322/1104
  ██████████░░░░░░░░░░░░░░░  41%  Streaming frame 323/1104
  ██████████░░░░░░░░░░░░░░░  41%  Streaming frame 324/1104
  ██████████░░░░░░░░░░░░░░░  41%  Streaming frame 325/1104
  ██████████░░░░░░░░░░░░░░░  41%  Streaming frame 326/1104
  ██████████░░░░░░░░░░░░░░░  41%  Streaming frame 327/1104
  ██████████░░░░░░░░░░░░░░░  41%  Streaming frame 328/1104
  ██████████░░░░░░░░░░░░░░░  41%  Streaming frame 329/1104
  ██████████░░░░░░░░░░░░░░░  41%  Streaming frame 330/1104
  ██████████░░░░░░░░░░░░░░░  41%  Streaming frame 331/1104
  ██████████░░░░░░░░░░░░░░░  42%  Streaming frame 332/1104
  ██████████░░░░░░░░░░░░░░░  42%  Streaming frame 333/1104
  ██████████░░░░░░░░░░░░░░░  42%  Streaming frame 334/1104
  ██████████░░░░░░░░░░░░░░░  42%  Streaming frame 335/1104
  ██████████░░░░░░░░░░░░░░░  42%  Streaming frame 336/1104
  ██████████░░░░░░░░░░░░░░░  42%  Streaming frame 337/1104
  ██████████░░░░░░░░░░░░░░░  42%  Streaming frame 338/1104
  ██████████░░░░░░░░░░░░░░░  42%  Streaming frame 339/1104
  ██████████░░░░░░░░░░░░░░░  42%  Streaming frame 340/1104
  ██████████░░░░░░░░░░░░░░░  42%  Streaming frame 341/1104
  ██████████░░░░░░░░░░░░░░░  42%  Streaming frame 342/1104
  ██████████░░░░░░░░░░░░░░░  42%  Streaming frame 343/1104
  ██████████░░░░░░░░░░░░░░░  42%  Streaming frame 344/1104
  ██████████░░░░░░░░░░░░░░░  42%  Streaming frame 345/1104
  ██████████░░░░░░░░░░░░░░░  42%  Streaming frame 346/1104
  ██████████░░░░░░░░░░░░░░░  42%  Streaming frame 347/1104
  ██████████░░░░░░░░░░░░░░░  42%  Streaming frame 348/1104
  ██████████░░░░░░░░░░░░░░░  42%  Streaming frame 349/1104
  ██████████░░░░░░░░░░░░░░░  42%  Streaming frame 350/1104
  ██████████░░░░░░░░░░░░░░░  42%  Streaming frame 351/1104
  ██████████░░░░░░░░░░░░░░░  43%  Streaming frame 352/1104
  ██████████░░░░░░░░░░░░░░░  43%  Streaming frame 353/1104
  ██████████░░░░░░░░░░░░░░░  43%  Streaming frame 354/1104
  ██████████░░░░░░░░░░░░░░░  43%  Streaming frame 355/1104
  ██████████░░░░░░░░░░░░░░░  43%  Streaming frame 356/1104
  ██████████░░░░░░░░░░░░░░░  43%  Streaming frame 357/1104
  ██████████░░░░░░░░░░░░░░░  43%  Streaming frame 358/1104
  ██████████░░░░░░░░░░░░░░░  43%  Streaming frame 359/1104
  ██████████░░░░░░░░░░░░░░░  43%  Streaming frame 360/1104
  ██████████░░░░░░░░░░░░░░░  43%  Streaming frame 361/1104
  ██████████░░░░░░░░░░░░░░░  43%  Streaming frame 362/1104
  ██████████░░░░░░░░░░░░░░░  43%  Streaming frame 363/1104
  ██████████░░░░░░░░░░░░░░░  43%  Streaming frame 364/1104
  ██████████░░░░░░░░░░░░░░░  43%  Streaming frame 365/1104
  ██████████░░░░░░░░░░░░░░░  43%  Streaming frame 366/1104
  ██████████░░░░░░░░░░░░░░░  43%  Streaming frame 367/1104
  ██████████░░░░░░░░░░░░░░░  43%  Streaming frame 368/1104
  ██████████░░░░░░░░░░░░░░░  43%  Streaming frame 369/1104
  ██████████░░░░░░░░░░░░░░░  43%  Streaming frame 370/1104
  ██████████░░░░░░░░░░░░░░░  43%  Streaming frame 371/1104
  ███████████░░░░░░░░░░░░░░  44%  Streaming frame 372/1104
  ███████████░░░░░░░░░░░░░░  44%  Streaming frame 373/1104
  ███████████░░░░░░░░░░░░░░  44%  Streaming frame 374/1104
  ███████████░░░░░░░░░░░░░░  44%  Streaming frame 375/1104
  ███████████░░░░░░░░░░░░░░  44%  Streaming frame 376/1104
  ███████████░░░░░░░░░░░░░░  44%  Streaming frame 377/1104
  ███████████░░░░░░░░░░░░░░  44%  Streaming frame 378/1104
  ███████████░░░░░░░░░░░░░░  44%  Streaming frame 379/1104
  ███████████░░░░░░░░░░░░░░  44%  Streaming frame 380/1104
  ███████████░░░░░░░░░░░░░░  44%  Streaming frame 381/1104
  ███████████░░░░░░░░░░░░░░  44%  Streaming frame 382/1104
  ███████████░░░░░░░░░░░░░░  44%  Streaming frame 383/1104
  ███████████░░░░░░░░░░░░░░  44%  Streaming frame 384/1104
  ███████████░░░░░░░░░░░░░░  44%  Streaming frame 385/1104
  ███████████░░░░░░░░░░░░░░  44%  Streaming frame 386/1104
  ███████████░░░░░░░░░░░░░░  44%  Streaming frame 387/1104
  ███████████░░░░░░░░░░░░░░  44%  Streaming frame 388/1104
  ███████████░░░░░░░░░░░░░░  44%  Streaming frame 389/1104
  ███████████░░░░░░░░░░░░░░  44%  Streaming frame 390/1104
  ███████████░░░░░░░░░░░░░░  44%  Streaming frame 391/1104
  ███████████░░░░░░░░░░░░░░  45%  Streaming frame 392/1104
  ███████████░░░░░░░░░░░░░░  45%  Streaming frame 393/1104
  ███████████░░░░░░░░░░░░░░  45%  Streaming frame 394/1104
  ███████████░░░░░░░░░░░░░░  45%  Streaming frame 395/1104
  ███████████░░░░░░░░░░░░░░  45%  Streaming frame 396/1104
  ███████████░░░░░░░░░░░░░░  45%  Streaming frame 397/1104
  ███████████░░░░░░░░░░░░░░  45%  Streaming frame 398/1104
  ███████████░░░░░░░░░░░░░░  45%  Streaming frame 399/1104
  ███████████░░░░░░░░░░░░░░  45%  Streaming frame 400/1104
  ███████████░░░░░░░░░░░░░░  45%  Streaming frame 401/1104
  ███████████░░░░░░░░░░░░░░  45%  Streaming frame 402/1104
  ███████████░░░░░░░░░░░░░░  45%  Streaming frame 403/1104
  ███████████░░░░░░░░░░░░░░  45%  Streaming frame 404/1104
  ███████████░░░░░░░░░░░░░░  45%  Streaming frame 405/1104
  ███████████░░░░░░░░░░░░░░  45%  Streaming frame 406/1104
  ███████████░░░░░░░░░░░░░░  45%  Streaming frame 407/1104
  ███████████░░░░░░░░░░░░░░  45%  Streaming frame 408/1104
  ███████████░░░░░░░░░░░░░░  45%  Streaming frame 409/1104
  ███████████░░░░░░░░░░░░░░  45%  Streaming frame 410/1104
  ███████████░░░░░░░░░░░░░░  45%  Streaming frame 411/1104
  ███████████░░░░░░░░░░░░░░  46%  Streaming frame 412/1104
  ███████████░░░░░░░░░░░░░░  46%  Streaming frame 413/1104
  ███████████░░░░░░░░░░░░░░  46%  Streaming frame 414/1104
  ███████████░░░░░░░░░░░░░░  46%  Streaming frame 415/1104
  ███████████░░░░░░░░░░░░░░  46%  Streaming frame 416/1104
  ███████████░░░░░░░░░░░░░░  46%  Streaming frame 417/1104
  ███████████░░░░░░░░░░░░░░  46%  Streaming frame 418/1104
  ███████████░░░░░░░░░░░░░░  46%  Streaming frame 419/1104
  ███████████░░░░░░░░░░░░░░  46%  Streaming frame 420/1104
  ███████████░░░░░░░░░░░░░░  46%  Streaming frame 421/1104
  ███████████░░░░░░░░░░░░░░  46%  Streaming frame 422/1104
  ███████████░░░░░░░░░░░░░░  46%  Streaming frame 423/1104
  ███████████░░░░░░░░░░░░░░  46%  Streaming frame 424/1104
  ███████████░░░░░░░░░░░░░░  46%  Streaming frame 425/1104
  ███████████░░░░░░░░░░░░░░  46%  Streaming frame 426/1104
  ███████████░░░░░░░░░░░░░░  46%  Streaming frame 427/1104
  ███████████░░░░░░░░░░░░░░  46%  Streaming frame 428/1104
  ███████████░░░░░░░░░░░░░░  46%  Streaming frame 429/1104
  ███████████░░░░░░░░░░░░░░  46%  Streaming frame 430/1104
  ███████████░░░░░░░░░░░░░░  46%  Streaming frame 431/1104
  ███████████░░░░░░░░░░░░░░  47%  Streaming frame 432/1104
  ███████████░░░░░░░░░░░░░░  47%  Streaming frame 433/1104
  ███████████░░░░░░░░░░░░░░  47%  Streaming frame 434/1104
  ███████████░░░░░░░░░░░░░░  47%  Streaming frame 435/1104
  ███████████░░░░░░░░░░░░░░  47%  Streaming frame 436/1104
  ███████████░░░░░░░░░░░░░░  47%  Streaming frame 437/1104
  ███████████░░░░░░░░░░░░░░  47%  Streaming frame 438/1104
  ███████████░░░░░░░░░░░░░░  47%  Streaming frame 439/1104
  ███████████░░░░░░░░░░░░░░  47%  Streaming frame 440/1104
  ███████████░░░░░░░░░░░░░░  47%  Streaming frame 441/1104
  ███████████░░░░░░░░░░░░░░  47%  Streaming frame 442/1104
  ███████████░░░░░░░░░░░░░░  47%  Streaming frame 443/1104
  ███████████░░░░░░░░░░░░░░  47%  Streaming frame 444/1104
  ███████████░░░░░░░░░░░░░░  47%  Streaming frame 445/1104
  ███████████░░░░░░░░░░░░░░  47%  Streaming frame 446/1104
  ███████████░░░░░░░░░░░░░░  47%  Streaming frame 447/1104
  ███████████░░░░░░░░░░░░░░  47%  Streaming frame 448/1104
  ███████████░░░░░░░░░░░░░░  47%  Streaming frame 449/1104
  ███████████░░░░░░░░░░░░░░  47%  Streaming frame 450/1104
  ███████████░░░░░░░░░░░░░░  47%  Streaming frame 451/1104
  ████████████░░░░░░░░░░░░░  48%  Streaming frame 452/1104
  ████████████░░░░░░░░░░░░░  48%  Streaming frame 453/1104
  ████████████░░░░░░░░░░░░░  48%  Streaming frame 454/1104
  ████████████░░░░░░░░░░░░░  48%  Streaming frame 455/1104
  ████████████░░░░░░░░░░░░░  48%  Streaming frame 456/1104
  ████████████░░░░░░░░░░░░░  48%  Streaming frame 457/1104
  ████████████░░░░░░░░░░░░░  48%  Streaming frame 458/1104
  ████████████░░░░░░░░░░░░░  48%  Streaming frame 459/1104
  ████████████░░░░░░░░░░░░░  48%  Streaming frame 460/1104
  ████████████░░░░░░░░░░░░░  48%  Streaming frame 461/1104
  ████████████░░░░░░░░░░░░░  48%  Streaming frame 462/1104
  ████████████░░░░░░░░░░░░░  48%  Streaming frame 463/1104
  ████████████░░░░░░░░░░░░░  48%  Streaming frame 464/1104
  ████████████░░░░░░░░░░░░░  48%  Streaming frame 465/1104
  ████████████░░░░░░░░░░░░░  48%  Streaming frame 466/1104
  ████████████░░░░░░░░░░░░░  48%  Streaming frame 467/1104
  ████████████░░░░░░░░░░░░░  48%  Streaming frame 468/1104
  ████████████░░░░░░░░░░░░░  48%  Streaming frame 469/1104
  ████████████░░░░░░░░░░░░░  48%  Streaming frame 470/1104
  ████████████░░░░░░░░░░░░░  48%  Streaming frame 471/1104
  ████████████░░░░░░░░░░░░░  49%  Streaming frame 472/1104
  ████████████░░░░░░░░░░░░░  49%  Streaming frame 473/1104
  ████████████░░░░░░░░░░░░░  49%  Streaming frame 474/1104
  ████████████░░░░░░░░░░░░░  49%  Streaming frame 475/1104
  ████████████░░░░░░░░░░░░░  49%  Streaming frame 476/1104
  ████████████░░░░░░░░░░░░░  49%  Streaming frame 477/1104
  ████████████░░░░░░░░░░░░░  49%  Streaming frame 478/1104
  ████████████░░░░░░░░░░░░░  49%  Streaming frame 479/1104
  ████████████░░░░░░░░░░░░░  49%  Streaming frame 480/1104
  ████████████░░░░░░░░░░░░░  49%  Streaming frame 481/1104
  ████████████░░░░░░░░░░░░░  49%  Streaming frame 482/1104
  ████████████░░░░░░░░░░░░░  49%  Streaming frame 483/1104
  ████████████░░░░░░░░░░░░░  49%  Streaming frame 484/1104
  ████████████░░░░░░░░░░░░░  49%  Streaming frame 485/1104
  ████████████░░░░░░░░░░░░░  49%  Streaming frame 486/1104
  ████████████░░░░░░░░░░░░░  49%  Streaming frame 487/1104
  ████████████░░░░░░░░░░░░░  49%  Streaming frame 488/1104
  ████████████░░░░░░░░░░░░░  49%  Streaming frame 489/1104
  ████████████░░░░░░░░░░░░░  49%  Streaming frame 490/1104
  ████████████░░░░░░░░░░░░░  49%  Streaming frame 491/1104
  ████████████░░░░░░░░░░░░░  50%  Streaming frame 492/1104
  ████████████░░░░░░░░░░░░░  50%  Streaming frame 493/1104
  ████████████░░░░░░░░░░░░░  50%  Streaming frame 494/1104
  ████████████░░░░░░░░░░░░░  50%  Streaming frame 495/1104
  ████████████░░░░░░░░░░░░░  50%  Streaming frame 496/1104
  ████████████░░░░░░░░░░░░░  50%  Streaming frame 497/1104
  ████████████░░░░░░░░░░░░░  50%  Streaming frame 498/1104
  ████████████░░░░░░░░░░░░░  50%  Streaming frame 499/1104
  ████████████░░░░░░░░░░░░░  50%  Streaming frame 500/1104
  ████████████░░░░░░░░░░░░░  50%  Streaming frame 501/1104
  ████████████░░░░░░░░░░░░░  50%  Streaming frame 502/1104
  ████████████░░░░░░░░░░░░░  50%  Streaming frame 503/1104
  ████████████░░░░░░░░░░░░░  50%  Streaming frame 504/1104
  ████████████░░░░░░░░░░░░░  50%  Streaming frame 505/1104
  ████████████░░░░░░░░░░░░░  50%  Streaming frame 506/1104
  ████████████░░░░░░░░░░░░░  50%  Streaming frame 507/1104
  ████████████░░░░░░░░░░░░░  50%  Streaming frame 508/1104
  ████████████░░░░░░░░░░░░░  50%  Streaming frame 509/1104
  ████████████░░░░░░░░░░░░░  50%  Streaming frame 510/1104
  ████████████░░░░░░░░░░░░░  50%  Streaming frame 511/1104
  ████████████░░░░░░░░░░░░░  51%  Streaming frame 512/1104
  ████████████░░░░░░░░░░░░░  51%  Streaming frame 513/1104
  ████████████░░░░░░░░░░░░░  51%  Streaming frame 514/1104
  ████████████░░░░░░░░░░░░░  51%  Streaming frame 515/1104
  ████████████░░░░░░░░░░░░░  51%  Streaming frame 516/1104
  ████████████░░░░░░░░░░░░░  51%  Streaming frame 517/1104
  ████████████░░░░░░░░░░░░░  51%  Streaming frame 518/1104
  ████████████░░░░░░░░░░░░░  51%  Streaming frame 519/1104
  ████████████░░░░░░░░░░░░░  51%  Streaming frame 520/1104
  ████████████░░░░░░░░░░░░░  51%  Streaming frame 521/1104
  ████████████░░░░░░░░░░░░░  51%  Streaming frame 522/1104
  ████████████░░░░░░░░░░░░░  51%  Streaming frame 523/1104
  ████████████░░░░░░░░░░░░░  51%  Streaming frame 524/1104
  ████████████░░░░░░░░░░░░░  51%  Streaming frame 525/1104
  ████████████░░░░░░░░░░░░░  51%  Streaming frame 526/1104
  ████████████░░░░░░░░░░░░░  51%  Streaming frame 527/1104
  ████████████░░░░░░░░░░░░░  51%  Streaming frame 528/1104
  ████████████░░░░░░░░░░░░░  51%  Streaming frame 529/1104
  ████████████░░░░░░░░░░░░░  51%  Streaming frame 530/1104
  ████████████░░░░░░░░░░░░░  51%  Streaming frame 531/1104
  █████████████░░░░░░░░░░░░  52%  Streaming frame 532/1104
  █████████████░░░░░░░░░░░░  52%  Streaming frame 533/1104
  █████████████░░░░░░░░░░░░  52%  Streaming frame 534/1104
  █████████████░░░░░░░░░░░░  52%  Streaming frame 535/1104
  █████████████░░░░░░░░░░░░  52%  Streaming frame 536/1104
  █████████████░░░░░░░░░░░░  52%  Streaming frame 537/1104
  █████████████░░░░░░░░░░░░  52%  Streaming frame 538/1104
  █████████████░░░░░░░░░░░░  52%  Streaming frame 539/1104
  █████████████░░░░░░░░░░░░  52%  Streaming frame 540/1104
  █████████████░░░░░░░░░░░░  52%  Streaming frame 541/1104
  █████████████░░░░░░░░░░░░  52%  Streaming frame 542/1104
  █████████████░░░░░░░░░░░░  52%  Streaming frame 543/1104
  █████████████░░░░░░░░░░░░  52%  Streaming frame 544/1104
  █████████████░░░░░░░░░░░░  52%  Streaming frame 545/1104
  █████████████░░░░░░░░░░░░  52%  Streaming frame 546/1104
  █████████████░░░░░░░░░░░░  52%  Streaming frame 547/1104
  █████████████░░░░░░░░░░░░  52%  Streaming frame 548/1104
  █████████████░░░░░░░░░░░░  52%  Streaming frame 549/1104
  █████████████░░░░░░░░░░░░  52%  Streaming frame 550/1104
  █████████████░░░░░░░░░░░░  52%  Streaming frame 551/1104
  █████████████░░░░░░░░░░░░  53%  Streaming frame 552/1104
[INFO] [Render] drawElement self-verify passed {"renderJobId":"633f4e64-8d49-40b4-b764-20b086dd5018","frame":552,"psnrDb":76.2}
  █████████████░░░░░░░░░░░░  53%  Streaming frame 553/1104
  █████████████░░░░░░░░░░░░  53%  Streaming frame 554/1104
  █████████████░░░░░░░░░░░░  53%  Streaming frame 555/1104
  █████████████░░░░░░░░░░░░  53%  Streaming frame 556/1104
  █████████████░░░░░░░░░░░░  53%  Streaming frame 557/1104
  █████████████░░░░░░░░░░░░  53%  Streaming frame 558/1104
  █████████████░░░░░░░░░░░░  53%  Streaming frame 559/1104
  █████████████░░░░░░░░░░░░  53%  Streaming frame 560/1104
  █████████████░░░░░░░░░░░░  53%  Streaming frame 561/1104
  █████████████░░░░░░░░░░░░  53%  Streaming frame 562/1104
  █████████████░░░░░░░░░░░░  53%  Streaming frame 563/1104
  █████████████░░░░░░░░░░░░  53%  Streaming frame 564/1104
  █████████████░░░░░░░░░░░░  53%  Streaming frame 565/1104
  █████████████░░░░░░░░░░░░  53%  Streaming frame 566/1104
  █████████████░░░░░░░░░░░░  53%  Streaming frame 567/1104
  █████████████░░░░░░░░░░░░  53%  Streaming frame 568/1104
  █████████████░░░░░░░░░░░░  53%  Streaming frame 569/1104
  █████████████░░░░░░░░░░░░  53%  Streaming frame 570/1104
  █████████████░░░░░░░░░░░░  53%  Streaming frame 571/1104
  █████████████░░░░░░░░░░░░  53%  Streaming frame 572/1104
  █████████████░░░░░░░░░░░░  54%  Streaming frame 573/1104
  █████████████░░░░░░░░░░░░  54%  Streaming frame 574/1104
  █████████████░░░░░░░░░░░░  54%  Streaming frame 575/1104
  █████████████░░░░░░░░░░░░  54%  Streaming frame 576/1104
  █████████████░░░░░░░░░░░░  54%  Streaming frame 577/1104
  █████████████░░░░░░░░░░░░  54%  Streaming frame 578/1104
  █████████████░░░░░░░░░░░░  54%  Streaming frame 579/1104
  █████████████░░░░░░░░░░░░  54%  Streaming frame 580/1104
  █████████████░░░░░░░░░░░░  54%  Streaming frame 581/1104
  █████████████░░░░░░░░░░░░  54%  Streaming frame 582/1104
  █████████████░░░░░░░░░░░░  54%  Streaming frame 583/1104
  █████████████░░░░░░░░░░░░  54%  Streaming frame 584/1104
  █████████████░░░░░░░░░░░░  54%  Streaming frame 585/1104
  █████████████░░░░░░░░░░░░  54%  Streaming frame 586/1104
  █████████████░░░░░░░░░░░░  54%  Streaming frame 587/1104
  █████████████░░░░░░░░░░░░  54%  Streaming frame 588/1104
  █████████████░░░░░░░░░░░░  54%  Streaming frame 589/1104
  █████████████░░░░░░░░░░░░  54%  Streaming frame 590/1104
  █████████████░░░░░░░░░░░░  54%  Streaming frame 591/1104
  █████████████░░░░░░░░░░░░  54%  Streaming frame 592/1104
  █████████████░░░░░░░░░░░░  55%  Streaming frame 593/1104
  █████████████░░░░░░░░░░░░  55%  Streaming frame 594/1104
  █████████████░░░░░░░░░░░░  55%  Streaming frame 595/1104
  █████████████░░░░░░░░░░░░  55%  Streaming frame 596/1104
  █████████████░░░░░░░░░░░░  55%  Streaming frame 597/1104
  █████████████░░░░░░░░░░░░  55%  Streaming frame 598/1104
  █████████████░░░░░░░░░░░░  55%  Streaming frame 599/1104
  █████████████░░░░░░░░░░░░  55%  Streaming frame 600/1104
  █████████████░░░░░░░░░░░░  55%  Streaming frame 601/1104
  █████████████░░░░░░░░░░░░  55%  Streaming frame 602/1104
  █████████████░░░░░░░░░░░░  55%  Streaming frame 603/1104
  █████████████░░░░░░░░░░░░  55%  Streaming frame 604/1104
  █████████████░░░░░░░░░░░░  55%  Streaming frame 605/1104
  █████████████░░░░░░░░░░░░  55%  Streaming frame 606/1104
  █████████████░░░░░░░░░░░░  55%  Streaming frame 607/1104
  █████████████░░░░░░░░░░░░  55%  Streaming frame 608/1104
  █████████████░░░░░░░░░░░░  55%  Streaming frame 609/1104
  █████████████░░░░░░░░░░░░  55%  Streaming frame 610/1104
  █████████████░░░░░░░░░░░░  55%  Streaming frame 611/1104
  █████████████░░░░░░░░░░░░  55%  Streaming frame 612/1104
  ██████████████░░░░░░░░░░░  56%  Streaming frame 613/1104
  ██████████████░░░░░░░░░░░  56%  Streaming frame 614/1104
  ██████████████░░░░░░░░░░░  56%  Streaming frame 615/1104
  ██████████████░░░░░░░░░░░  56%  Streaming frame 616/1104
  ██████████████░░░░░░░░░░░  56%  Streaming frame 617/1104
  ██████████████░░░░░░░░░░░  56%  Streaming frame 618/1104
  ██████████████░░░░░░░░░░░  56%  Streaming frame 619/1104
  ██████████████░░░░░░░░░░░  56%  Streaming frame 620/1104
  ██████████████░░░░░░░░░░░  56%  Streaming frame 621/1104
  ██████████████░░░░░░░░░░░  56%  Streaming frame 622/1104
  ██████████████░░░░░░░░░░░  56%  Streaming frame 623/1104
  ██████████████░░░░░░░░░░░  56%  Streaming frame 624/1104
  ██████████████░░░░░░░░░░░  56%  Streaming frame 625/1104
  ██████████████░░░░░░░░░░░  56%  Streaming frame 626/1104
  ██████████████░░░░░░░░░░░  56%  Streaming frame 627/1104
  ██████████████░░░░░░░░░░░  56%  Streaming frame 628/1104
  ██████████████░░░░░░░░░░░  56%  Streaming frame 629/1104
  ██████████████░░░░░░░░░░░  56%  Streaming frame 630/1104
  ██████████████░░░░░░░░░░░  56%  Streaming frame 631/1104
  ██████████████░░░░░░░░░░░  56%  Streaming frame 632/1104
  ██████████████░░░░░░░░░░░  57%  Streaming frame 633/1104
  ██████████████░░░░░░░░░░░  57%  Streaming frame 634/1104
  ██████████████░░░░░░░░░░░  57%  Streaming frame 635/1104
  ██████████████░░░░░░░░░░░  57%  Streaming frame 636/1104
  ██████████████░░░░░░░░░░░  57%  Streaming frame 637/1104
  ██████████████░░░░░░░░░░░  57%  Streaming frame 638/1104
  ██████████████░░░░░░░░░░░  57%  Streaming frame 639/1104
  ██████████████░░░░░░░░░░░  57%  Streaming frame 640/1104
  ██████████████░░░░░░░░░░░  57%  Streaming frame 641/1104
  ██████████████░░░░░░░░░░░  57%  Streaming frame 642/1104
  ██████████████░░░░░░░░░░░  57%  Streaming frame 643/1104
  ██████████████░░░░░░░░░░░  57%  Streaming frame 644/1104
  ██████████████░░░░░░░░░░░  57%  Streaming frame 645/1104
  ██████████████░░░░░░░░░░░  57%  Streaming frame 646/1104
  ██████████████░░░░░░░░░░░  57%  Streaming frame 647/1104
  ██████████████░░░░░░░░░░░  57%  Streaming frame 648/1104
  ██████████████░░░░░░░░░░░  57%  Streaming frame 649/1104
  ██████████████░░░░░░░░░░░  57%  Streaming frame 650/1104
  ██████████████░░░░░░░░░░░  57%  Streaming frame 651/1104
  ██████████████░░░░░░░░░░░  57%  Streaming frame 652/1104
  ██████████████░░░░░░░░░░░  58%  Streaming frame 653/1104
  ██████████████░░░░░░░░░░░  58%  Streaming frame 654/1104
  ██████████████░░░░░░░░░░░  58%  Streaming frame 655/1104
  ██████████████░░░░░░░░░░░  58%  Streaming frame 656/1104
  ██████████████░░░░░░░░░░░  58%  Streaming frame 657/1104
  ██████████████░░░░░░░░░░░  58%  Streaming frame 658/1104
  ██████████████░░░░░░░░░░░  58%  Streaming frame 659/1104
  ██████████████░░░░░░░░░░░  58%  Streaming frame 660/1104
  ██████████████░░░░░░░░░░░  58%  Streaming frame 661/1104
  ██████████████░░░░░░░░░░░  58%  Streaming frame 662/1104
  ██████████████░░░░░░░░░░░  58%  Streaming frame 663/1104
  ██████████████░░░░░░░░░░░  58%  Streaming frame 664/1104
  ██████████████░░░░░░░░░░░  58%  Streaming frame 665/1104
  ██████████████░░░░░░░░░░░  58%  Streaming frame 666/1104
  ██████████████░░░░░░░░░░░  58%  Streaming frame 667/1104
  ██████████████░░░░░░░░░░░  58%  Streaming frame 668/1104
  ██████████████░░░░░░░░░░░  58%  Streaming frame 669/1104
  ██████████████░░░░░░░░░░░  58%  Streaming frame 670/1104
  ██████████████░░░░░░░░░░░  58%  Streaming frame 671/1104
  ██████████████░░░░░░░░░░░  58%  Streaming frame 672/1104
  ██████████████░░░░░░░░░░░  59%  Streaming frame 673/1104
  ██████████████░░░░░░░░░░░  59%  Streaming frame 674/1104
  ██████████████░░░░░░░░░░░  59%  Streaming frame 675/1104
  ██████████████░░░░░░░░░░░  59%  Streaming frame 676/1104
  ██████████████░░░░░░░░░░░  59%  Streaming frame 677/1104
  ██████████████░░░░░░░░░░░  59%  Streaming frame 678/1104
  ██████████████░░░░░░░░░░░  59%  Streaming frame 679/1104
  ██████████████░░░░░░░░░░░  59%  Streaming frame 680/1104
  ██████████████░░░░░░░░░░░  59%  Streaming frame 681/1104
  ██████████████░░░░░░░░░░░  59%  Streaming frame 682/1104
  ██████████████░░░░░░░░░░░  59%  Streaming frame 683/1104
  ██████████████░░░░░░░░░░░  59%  Streaming frame 684/1104
  ██████████████░░░░░░░░░░░  59%  Streaming frame 685/1104
  ██████████████░░░░░░░░░░░  59%  Streaming frame 686/1104
  ██████████████░░░░░░░░░░░  59%  Streaming frame 687/1104
  ██████████████░░░░░░░░░░░  59%  Streaming frame 688/1104
  ██████████████░░░░░░░░░░░  59%  Streaming frame 689/1104
  ██████████████░░░░░░░░░░░  59%  Streaming frame 690/1104
  ██████████████░░░░░░░░░░░  59%  Streaming frame 691/1104
  ██████████████░░░░░░░░░░░  59%  Streaming frame 692/1104
  ███████████████░░░░░░░░░░  60%  Streaming frame 693/1104
  ███████████████░░░░░░░░░░  60%  Streaming frame 694/1104
  ███████████████░░░░░░░░░░  60%  Streaming frame 695/1104
  ███████████████░░░░░░░░░░  60%  Streaming frame 696/1104
  ███████████████░░░░░░░░░░  60%  Streaming frame 697/1104
  ███████████████░░░░░░░░░░  60%  Streaming frame 698/1104
  ███████████████░░░░░░░░░░  60%  Streaming frame 699/1104
  ███████████████░░░░░░░░░░  60%  Streaming frame 700/1104
  ███████████████░░░░░░░░░░  60%  Streaming frame 701/1104
  ███████████████░░░░░░░░░░  60%  Streaming frame 702/1104
  ███████████████░░░░░░░░░░  60%  Streaming frame 703/1104
  ███████████████░░░░░░░░░░  60%  Streaming frame 704/1104
  ███████████████░░░░░░░░░░  60%  Streaming frame 705/1104
  ███████████████░░░░░░░░░░  60%  Streaming frame 706/1104
  ███████████████░░░░░░░░░░  60%  Streaming frame 707/1104
  ███████████████░░░░░░░░░░  60%  Streaming frame 708/1104
  ███████████████░░░░░░░░░░  60%  Streaming frame 709/1104
  ███████████████░░░░░░░░░░  60%  Streaming frame 710/1104
  ███████████████░░░░░░░░░░  60%  Streaming frame 711/1104
  ███████████████░░░░░░░░░░  60%  Streaming frame 712/1104
  ███████████████░░░░░░░░░░  61%  Streaming frame 713/1104
  ███████████████░░░░░░░░░░  61%  Streaming frame 714/1104
  ███████████████░░░░░░░░░░  61%  Streaming frame 715/1104
  ███████████████░░░░░░░░░░  61%  Streaming frame 716/1104
  ███████████████░░░░░░░░░░  61%  Streaming frame 717/1104
  ███████████████░░░░░░░░░░  61%  Streaming frame 718/1104
  ███████████████░░░░░░░░░░  61%  Streaming frame 719/1104
  ███████████████░░░░░░░░░░  61%  Streaming frame 720/1104
  ███████████████░░░░░░░░░░  61%  Streaming frame 721/1104
  ███████████████░░░░░░░░░░  61%  Streaming frame 722/1104
  ███████████████░░░░░░░░░░  61%  Streaming frame 723/1104
  ███████████████░░░░░░░░░░  61%  Streaming frame 724/1104
  ███████████████░░░░░░░░░░  61%  Streaming frame 725/1104
  ███████████████░░░░░░░░░░  61%  Streaming frame 726/1104
  ███████████████░░░░░░░░░░  61%  Streaming frame 727/1104
  ███████████████░░░░░░░░░░  61%  Streaming frame 728/1104
  ███████████████░░░░░░░░░░  61%  Streaming frame 729/1104
  ███████████████░░░░░░░░░░  61%  Streaming frame 730/1104
  ███████████████░░░░░░░░░░  61%  Streaming frame 731/1104
  ███████████████░░░░░░░░░░  61%  Streaming frame 732/1104
  ███████████████░░░░░░░░░░  62%  Streaming frame 733/1104
  ███████████████░░░░░░░░░░  62%  Streaming frame 734/1104
  ███████████████░░░░░░░░░░  62%  Streaming frame 735/1104
  ███████████████░░░░░░░░░░  62%  Streaming frame 736/1104
  ███████████████░░░░░░░░░░  62%  Streaming frame 737/1104
  ███████████████░░░░░░░░░░  62%  Streaming frame 738/1104
  ███████████████░░░░░░░░░░  62%  Streaming frame 739/1104
  ███████████████░░░░░░░░░░  62%  Streaming frame 740/1104
  ███████████████░░░░░░░░░░  62%  Streaming frame 741/1104
  ███████████████░░░░░░░░░░  62%  Streaming frame 742/1104
  ███████████████░░░░░░░░░░  62%  Streaming frame 743/1104
  ███████████████░░░░░░░░░░  62%  Streaming frame 744/1104
  ███████████████░░░░░░░░░░  62%  Streaming frame 745/1104
  ███████████████░░░░░░░░░░  62%  Streaming frame 746/1104
  ███████████████░░░░░░░░░░  62%  Streaming frame 747/1104
  ███████████████░░░░░░░░░░  62%  Streaming frame 748/1104
  ███████████████░░░░░░░░░░  62%  Streaming frame 749/1104
  ███████████████░░░░░░░░░░  62%  Streaming frame 750/1104
  ███████████████░░░░░░░░░░  62%  Streaming frame 751/1104
  ███████████████░░░░░░░░░░  62%  Streaming frame 752/1104
  ███████████████░░░░░░░░░░  63%  Streaming frame 753/1104
  ███████████████░░░░░░░░░░  63%  Streaming frame 754/1104
  ███████████████░░░░░░░░░░  63%  Streaming frame 755/1104
  ███████████████░░░░░░░░░░  63%  Streaming frame 756/1104
  ███████████████░░░░░░░░░░  63%  Streaming frame 757/1104
  ███████████████░░░░░░░░░░  63%  Streaming frame 758/1104
  ███████████████░░░░░░░░░░  63%  Streaming frame 759/1104
  ███████████████░░░░░░░░░░  63%  Streaming frame 760/1104
  ███████████████░░░░░░░░░░  63%  Streaming frame 761/1104
  ███████████████░░░░░░░░░░  63%  Streaming frame 762/1104
  ███████████████░░░░░░░░░░  63%  Streaming frame 763/1104
  ███████████████░░░░░░░░░░  63%  Streaming frame 764/1104
  ███████████████░░░░░░░░░░  63%  Streaming frame 765/1104
  ███████████████░░░░░░░░░░  63%  Streaming frame 766/1104
  ███████████████░░░░░░░░░░  63%  Streaming frame 767/1104
  ███████████████░░░░░░░░░░  63%  Streaming frame 768/1104
  ███████████████░░░░░░░░░░  63%  Streaming frame 769/1104
  ███████████████░░░░░░░░░░  63%  Streaming frame 770/1104
  ███████████████░░░░░░░░░░  63%  Streaming frame 771/1104
  ███████████████░░░░░░░░░░  63%  Streaming frame 772/1104
  ████████████████░░░░░░░░░  64%  Streaming frame 773/1104
  ████████████████░░░░░░░░░  64%  Streaming frame 774/1104
  ████████████████░░░░░░░░░  64%  Streaming frame 775/1104
  ████████████████░░░░░░░░░  64%  Streaming frame 776/1104
  ████████████████░░░░░░░░░  64%  Streaming frame 777/1104
  ████████████████░░░░░░░░░  64%  Streaming frame 778/1104
  ████████████████░░░░░░░░░  64%  Streaming frame 779/1104
  ████████████████░░░░░░░░░  64%  Streaming frame 780/1104
  ████████████████░░░░░░░░░  64%  Streaming frame 781/1104
  ████████████████░░░░░░░░░  64%  Streaming frame 782/1104
  ████████████████░░░░░░░░░  64%  Streaming frame 783/1104
  ████████████████░░░░░░░░░  64%  Streaming frame 784/1104
  ████████████████░░░░░░░░░  64%  Streaming frame 785/1104
  ████████████████░░░░░░░░░  64%  Streaming frame 786/1104
  ████████████████░░░░░░░░░  64%  Streaming frame 787/1104
  ████████████████░░░░░░░░░  64%  Streaming frame 788/1104
  ████████████████░░░░░░░░░  64%  Streaming frame 789/1104
  ████████████████░░░░░░░░░  64%  Streaming frame 790/1104
  ████████████████░░░░░░░░░  64%  Streaming frame 791/1104
  ████████████████░░░░░░░░░  64%  Streaming frame 792/1104
  ████████████████░░░░░░░░░  65%  Streaming frame 793/1104
  ████████████████░░░░░░░░░  65%  Streaming frame 794/1104
  ████████████████░░░░░░░░░  65%  Streaming frame 795/1104
  ████████████████░░░░░░░░░  65%  Streaming frame 796/1104
  ████████████████░░░░░░░░░  65%  Streaming frame 797/1104
  ████████████████░░░░░░░░░  65%  Streaming frame 798/1104
  ████████████████░░░░░░░░░  65%  Streaming frame 799/1104
  ████████████████░░░░░░░░░  65%  Streaming frame 800/1104
  ████████████████░░░░░░░░░  65%  Streaming frame 801/1104
  ████████████████░░░░░░░░░  65%  Streaming frame 802/1104
  ████████████████░░░░░░░░░  65%  Streaming frame 803/1104
  ████████████████░░░░░░░░░  65%  Streaming frame 804/1104
  ████████████████░░░░░░░░░  65%  Streaming frame 805/1104
  ████████████████░░░░░░░░░  65%  Streaming frame 806/1104
  ████████████████░░░░░░░░░  65%  Streaming frame 807/1104
  ████████████████░░░░░░░░░  65%  Streaming frame 808/1104
  ████████████████░░░░░░░░░  65%  Streaming frame 809/1104
  ████████████████░░░░░░░░░  65%  Streaming frame 810/1104
  ████████████████░░░░░░░░░  65%  Streaming frame 811/1104
  ████████████████░░░░░░░░░  65%  Streaming frame 812/1104
  ████████████████░░░░░░░░░  66%  Streaming frame 813/1104
  ████████████████░░░░░░░░░  66%  Streaming frame 814/1104
  ████████████████░░░░░░░░░  66%  Streaming frame 815/1104
  ████████████████░░░░░░░░░  66%  Streaming frame 816/1104
  ████████████████░░░░░░░░░  66%  Streaming frame 817/1104
  ████████████████░░░░░░░░░  66%  Streaming frame 818/1104
  ████████████████░░░░░░░░░  66%  Streaming frame 819/1104
  ████████████████░░░░░░░░░  66%  Streaming frame 820/1104
  ████████████████░░░░░░░░░  66%  Streaming frame 821/1104
  ████████████████░░░░░░░░░  66%  Streaming frame 822/1104
  ████████████████░░░░░░░░░  66%  Streaming frame 823/1104
  ████████████████░░░░░░░░░  66%  Streaming frame 824/1104
  ████████████████░░░░░░░░░  66%  Streaming frame 825/1104
  ████████████████░░░░░░░░░  66%  Streaming frame 826/1104
  ████████████████░░░░░░░░░  66%  Streaming frame 827/1104
  ████████████████░░░░░░░░░  66%  Streaming frame 828/1104
[INFO] [Render] drawElement self-verify passed {"renderJobId":"633f4e64-8d49-40b4-b764-20b086dd5018","frame":828,"psnrDb":76.2}
  ████████████████░░░░░░░░░  66%  Streaming frame 829/1104
  ████████████████░░░░░░░░░  66%  Streaming frame 830/1104
  ████████████████░░░░░░░░░  66%  Streaming frame 831/1104
  ████████████████░░░░░░░░░  66%  Streaming frame 832/1104
  ████████████████░░░░░░░░░  66%  Streaming frame 833/1104
  ████████████████░░░░░░░░░  67%  Streaming frame 834/1104
  ████████████████░░░░░░░░░  67%  Streaming frame 835/1104
  ████████████████░░░░░░░░░  67%  Streaming frame 836/1104
  ████████████████░░░░░░░░░  67%  Streaming frame 837/1104
  ████████████████░░░░░░░░░  67%  Streaming frame 838/1104
  ████████████████░░░░░░░░░  67%  Streaming frame 839/1104
  ████████████████░░░░░░░░░  67%  Streaming frame 840/1104
  ████████████████░░░░░░░░░  67%  Streaming frame 841/1104
  ████████████████░░░░░░░░░  67%  Streaming frame 842/1104
  ████████████████░░░░░░░░░  67%  Streaming frame 843/1104
  ████████████████░░░░░░░░░  67%  Streaming frame 844/1104
  ████████████████░░░░░░░░░  67%  Streaming frame 845/1104
  ████████████████░░░░░░░░░  67%  Streaming frame 846/1104
  ████████████████░░░░░░░░░  67%  Streaming frame 847/1104
  ████████████████░░░░░░░░░  67%  Streaming frame 848/1104
  ████████████████░░░░░░░░░  67%  Streaming frame 849/1104
  ████████████████░░░░░░░░░  67%  Streaming frame 850/1104
  ████████████████░░░░░░░░░  67%  Streaming frame 851/1104
  ████████████████░░░░░░░░░  67%  Streaming frame 852/1104
  ████████████████░░░░░░░░░  67%  Streaming frame 853/1104
  █████████████████░░░░░░░░  68%  Streaming frame 854/1104
  █████████████████░░░░░░░░  68%  Streaming frame 855/1104
  █████████████████░░░░░░░░  68%  Streaming frame 856/1104
  █████████████████░░░░░░░░  68%  Streaming frame 857/1104
  █████████████████░░░░░░░░  68%  Streaming frame 858/1104
  █████████████████░░░░░░░░  68%  Streaming frame 859/1104
  █████████████████░░░░░░░░  68%  Streaming frame 860/1104
  █████████████████░░░░░░░░  68%  Streaming frame 861/1104
  █████████████████░░░░░░░░  68%  Streaming frame 862/1104
  █████████████████░░░░░░░░  68%  Streaming frame 863/1104
  █████████████████░░░░░░░░  68%  Streaming frame 864/1104
  █████████████████░░░░░░░░  68%  Streaming frame 865/1104
  █████████████████░░░░░░░░  68%  Streaming frame 866/1104
  █████████████████░░░░░░░░  68%  Streaming frame 867/1104
  █████████████████░░░░░░░░  68%  Streaming frame 868/1104
  █████████████████░░░░░░░░  68%  Streaming frame 869/1104
  █████████████████░░░░░░░░  68%  Streaming frame 870/1104
  █████████████████░░░░░░░░  68%  Streaming frame 871/1104
  █████████████████░░░░░░░░  68%  Streaming frame 872/1104
  █████████████████░░░░░░░░  68%  Streaming frame 873/1104
  █████████████████░░░░░░░░  69%  Streaming frame 874/1104
  █████████████████░░░░░░░░  69%  Streaming frame 875/1104
  █████████████████░░░░░░░░  69%  Streaming frame 876/1104
  █████████████████░░░░░░░░  69%  Streaming frame 877/1104
  █████████████████░░░░░░░░  69%  Streaming frame 878/1104
  █████████████████░░░░░░░░  69%  Streaming frame 879/1104
  █████████████████░░░░░░░░  69%  Streaming frame 880/1104
  █████████████████░░░░░░░░  69%  Streaming frame 881/1104
  █████████████████░░░░░░░░  69%  Streaming frame 882/1104
  █████████████████░░░░░░░░  69%  Streaming frame 883/1104
  █████████████████░░░░░░░░  69%  Streaming frame 884/1104
  █████████████████░░░░░░░░  69%  Streaming frame 885/1104
  █████████████████░░░░░░░░  69%  Streaming frame 886/1104
  █████████████████░░░░░░░░  69%  Streaming frame 887/1104
  █████████████████░░░░░░░░  69%  Streaming frame 888/1104
  █████████████████░░░░░░░░  69%  Streaming frame 889/1104
  █████████████████░░░░░░░░  69%  Streaming frame 890/1104
  █████████████████░░░░░░░░  69%  Streaming frame 891/1104
  █████████████████░░░░░░░░  69%  Streaming frame 892/1104
  █████████████████░░░░░░░░  69%  Streaming frame 893/1104
  █████████████████░░░░░░░░  70%  Streaming frame 894/1104
  █████████████████░░░░░░░░  70%  Streaming frame 895/1104
  █████████████████░░░░░░░░  70%  Streaming frame 896/1104
  █████████████████░░░░░░░░  70%  Streaming frame 897/1104
  █████████████████░░░░░░░░  70%  Streaming frame 898/1104
  █████████████████░░░░░░░░  70%  Streaming frame 899/1104
  █████████████████░░░░░░░░  70%  Streaming frame 900/1104
  █████████████████░░░░░░░░  70%  Streaming frame 901/1104
  █████████████████░░░░░░░░  70%  Streaming frame 902/1104
  █████████████████░░░░░░░░  70%  Streaming frame 903/1104
  █████████████████░░░░░░░░  70%  Streaming frame 904/1104
  █████████████████░░░░░░░░  70%  Streaming frame 905/1104
  █████████████████░░░░░░░░  70%  Streaming frame 906/1104
  █████████████████░░░░░░░░  70%  Streaming frame 907/1104
  █████████████████░░░░░░░░  70%  Streaming frame 908/1104
  █████████████████░░░░░░░░  70%  Streaming frame 909/1104
  █████████████████░░░░░░░░  70%  Streaming frame 910/1104
  █████████████████░░░░░░░░  70%  Streaming frame 911/1104
  █████████████████░░░░░░░░  70%  Streaming frame 912/1104
  █████████████████░░░░░░░░  70%  Streaming frame 913/1104
  █████████████████░░░░░░░░  71%  Streaming frame 914/1104
  █████████████████░░░░░░░░  71%  Streaming frame 915/1104
  █████████████████░░░░░░░░  71%  Streaming frame 916/1104
  █████████████████░░░░░░░░  71%  Streaming frame 917/1104
  █████████████████░░░░░░░░  71%  Streaming frame 918/1104
  █████████████████░░░░░░░░  71%  Streaming frame 919/1104
  █████████████████░░░░░░░░  71%  Streaming frame 920/1104
  █████████████████░░░░░░░░  71%  Streaming frame 921/1104
  █████████████████░░░░░░░░  71%  Streaming frame 922/1104
  █████████████████░░░░░░░░  71%  Streaming frame 923/1104
  █████████████████░░░░░░░░  71%  Streaming frame 924/1104
  █████████████████░░░░░░░░  71%  Streaming frame 925/1104
  █████████████████░░░░░░░░  71%  Streaming frame 926/1104
  █████████████████░░░░░░░░  71%  Streaming frame 927/1104
  █████████████████░░░░░░░░  71%  Streaming frame 928/1104
  █████████████████░░░░░░░░  71%  Streaming frame 929/1104
  █████████████████░░░░░░░░  71%  Streaming frame 930/1104
  █████████████████░░░░░░░░  71%  Streaming frame 931/1104
  █████████████████░░░░░░░░  71%  Streaming frame 932/1104
  █████████████████░░░░░░░░  71%  Streaming frame 933/1104
  ██████████████████░░░░░░░  72%  Streaming frame 934/1104
  ██████████████████░░░░░░░  72%  Streaming frame 935/1104
  ██████████████████░░░░░░░  72%  Streaming frame 936/1104
  ██████████████████░░░░░░░  72%  Streaming frame 937/1104
  ██████████████████░░░░░░░  72%  Streaming frame 938/1104
  ██████████████████░░░░░░░  72%  Streaming frame 939/1104
  ██████████████████░░░░░░░  72%  Streaming frame 940/1104
  ██████████████████░░░░░░░  72%  Streaming frame 941/1104
  ██████████████████░░░░░░░  72%  Streaming frame 942/1104
  ██████████████████░░░░░░░  72%  Streaming frame 943/1104
  ██████████████████░░░░░░░  72%  Streaming frame 944/1104
  ██████████████████░░░░░░░  72%  Streaming frame 945/1104
  ██████████████████░░░░░░░  72%  Streaming frame 946/1104
  ██████████████████░░░░░░░  72%  Streaming frame 947/1104
  ██████████████████░░░░░░░  72%  Streaming frame 948/1104
  ██████████████████░░░░░░░  72%  Streaming frame 949/1104
  ██████████████████░░░░░░░  72%  Streaming frame 950/1104
  ██████████████████░░░░░░░  72%  Streaming frame 951/1104
  ██████████████████░░░░░░░  72%  Streaming frame 952/1104
  ██████████████████░░░░░░░  72%  Streaming frame 953/1104
  ██████████████████░░░░░░░  73%  Streaming frame 954/1104
  ██████████████████░░░░░░░  73%  Streaming frame 955/1104
  ██████████████████░░░░░░░  73%  Streaming frame 956/1104
  ██████████████████░░░░░░░  73%  Streaming frame 957/1104
  ██████████████████░░░░░░░  73%  Streaming frame 958/1104
  ██████████████████░░░░░░░  73%  Streaming frame 959/1104
  ██████████████████░░░░░░░  73%  Streaming frame 960/1104
  ██████████████████░░░░░░░  73%  Streaming frame 961/1104
  ██████████████████░░░░░░░  73%  Streaming frame 962/1104
  ██████████████████░░░░░░░  73%  Streaming frame 963/1104
  ██████████████████░░░░░░░  73%  Streaming frame 964/1104
  ██████████████████░░░░░░░  73%  Streaming frame 965/1104
  ██████████████████░░░░░░░  73%  Streaming frame 966/1104
  ██████████████████░░░░░░░  73%  Streaming frame 967/1104
  ██████████████████░░░░░░░  73%  Streaming frame 968/1104
  ██████████████████░░░░░░░  73%  Streaming frame 969/1104
  ██████████████████░░░░░░░  73%  Streaming frame 970/1104
  ██████████████████░░░░░░░  73%  Streaming frame 971/1104
  ██████████████████░░░░░░░  73%  Streaming frame 972/1104
  ██████████████████░░░░░░░  73%  Streaming frame 973/1104
  ██████████████████░░░░░░░  74%  Streaming frame 974/1104
  ██████████████████░░░░░░░  74%  Streaming frame 975/1104
  ██████████████████░░░░░░░  74%  Streaming frame 976/1104
  ██████████████████░░░░░░░  74%  Streaming frame 977/1104
  ██████████████████░░░░░░░  74%  Streaming frame 978/1104
  ██████████████████░░░░░░░  74%  Streaming frame 979/1104
  ██████████████████░░░░░░░  74%  Streaming frame 980/1104
  ██████████████████░░░░░░░  74%  Streaming frame 981/1104
  ██████████████████░░░░░░░  74%  Streaming frame 982/1104
  ██████████████████░░░░░░░  74%  Streaming frame 983/1104
  ██████████████████░░░░░░░  74%  Streaming frame 984/1104
  ██████████████████░░░░░░░  74%  Streaming frame 985/1104
  ██████████████████░░░░░░░  74%  Streaming frame 986/1104
  ██████████████████░░░░░░░  74%  Streaming frame 987/1104
  ██████████████████░░░░░░░  74%  Streaming frame 988/1104
  ██████████████████░░░░░░░  74%  Streaming frame 989/1104
  ██████████████████░░░░░░░  74%  Streaming frame 990/1104
  ██████████████████░░░░░░░  74%  Streaming frame 991/1104
  ██████████████████░░░░░░░  74%  Streaming frame 992/1104
  ██████████████████░░░░░░░  74%  Streaming frame 993/1104
  ██████████████████░░░░░░░  75%  Streaming frame 994/1104
  ██████████████████░░░░░░░  75%  Streaming frame 995/1104
  ██████████████████░░░░░░░  75%  Streaming frame 996/1104
  ██████████████████░░░░░░░  75%  Streaming frame 997/1104
  ██████████████████░░░░░░░  75%  Streaming frame 998/1104
  ██████████████████░░░░░░░  75%  Streaming frame 999/1104
  ██████████████████░░░░░░░  75%  Streaming frame 1000/1104
  ██████████████████░░░░░░░  75%  Streaming frame 1001/1104
  ██████████████████░░░░░░░  75%  Streaming frame 1002/1104
  ██████████████████░░░░░░░  75%  Streaming frame 1003/1104
  ██████████████████░░░░░░░  75%  Streaming frame 1004/1104
  ██████████████████░░░░░░░  75%  Streaming frame 1005/1104
  ██████████████████░░░░░░░  75%  Streaming frame 1006/1104
  ██████████████████░░░░░░░  75%  Streaming frame 1007/1104
  ██████████████████░░░░░░░  75%  Streaming frame 1008/1104
  ██████████████████░░░░░░░  75%  Streaming frame 1009/1104
  ██████████████████░░░░░░░  75%  Streaming frame 1010/1104
  ██████████████████░░░░░░░  75%  Streaming frame 1011/1104
  ██████████████████░░░░░░░  75%  Streaming frame 1012/1104
  ██████████████████░░░░░░░  75%  Streaming frame 1013/1104
  ███████████████████░░░░░░  76%  Streaming frame 1014/1104
  ███████████████████░░░░░░  76%  Streaming frame 1015/1104
  ███████████████████░░░░░░  76%  Streaming frame 1016/1104
  ███████████████████░░░░░░  76%  Streaming frame 1017/1104
  ███████████████████░░░░░░  76%  Streaming frame 1018/1104
  ███████████████████░░░░░░  76%  Streaming frame 1019/1104
  ███████████████████░░░░░░  76%  Streaming frame 1020/1104
  ███████████████████░░░░░░  76%  Streaming frame 1021/1104
  ███████████████████░░░░░░  76%  Streaming frame 1022/1104
  ███████████████████░░░░░░  76%  Streaming frame 1023/1104
  ███████████████████░░░░░░  76%  Streaming frame 1024/1104
  ███████████████████░░░░░░  76%  Streaming frame 1025/1104
  ███████████████████░░░░░░  76%  Streaming frame 1026/1104
  ███████████████████░░░░░░  76%  Streaming frame 1027/1104
  ███████████████████░░░░░░  76%  Streaming frame 1028/1104
  ███████████████████░░░░░░  76%  Streaming frame 1029/1104
  ███████████████████░░░░░░  76%  Streaming frame 1030/1104
  ███████████████████░░░░░░  76%  Streaming frame 1031/1104
  ███████████████████░░░░░░  76%  Streaming frame 1032/1104
  ███████████████████░░░░░░  76%  Streaming frame 1033/1104
  ███████████████████░░░░░░  77%  Streaming frame 1034/1104
  ███████████████████░░░░░░  77%  Streaming frame 1035/1104
  ███████████████████░░░░░░  77%  Streaming frame 1036/1104
  ███████████████████░░░░░░  77%  Streaming frame 1037/1104
  ███████████████████░░░░░░  77%  Streaming frame 1038/1104
  ███████████████████░░░░░░  77%  Streaming frame 1039/1104
  ███████████████████░░░░░░  77%  Streaming frame 1040/1104
  ███████████████████░░░░░░  77%  Streaming frame 1041/1104
  ███████████████████░░░░░░  77%  Streaming frame 1042/1104
  ███████████████████░░░░░░  77%  Streaming frame 1043/1104
  ███████████████████░░░░░░  77%  Streaming frame 1044/1104
  ███████████████████░░░░░░  77%  Streaming frame 1045/1104
  ███████████████████░░░░░░  77%  Streaming frame 1046/1104
  ███████████████████░░░░░░  77%  Streaming frame 1047/1104
  ███████████████████░░░░░░  77%  Streaming frame 1048/1104
  ███████████████████░░░░░░  77%  Streaming frame 1049/1104
[INFO] [Render] drawElement self-verify passed {"renderJobId":"633f4e64-8d49-40b4-b764-20b086dd5018","frame":1049,"psnrDb":"inf"}
  ███████████████████░░░░░░  77%  Streaming frame 1050/1104
  ███████████████████░░░░░░  77%  Streaming frame 1051/1104
  ███████████████████░░░░░░  77%  Streaming frame 1052/1104
  ███████████████████░░░░░░  77%  Streaming frame 1053/1104
  ███████████████████░░░░░░  78%  Streaming frame 1054/1104
  ███████████████████░░░░░░  78%  Streaming frame 1055/1104
  ███████████████████░░░░░░  78%  Streaming frame 1056/1104
  ███████████████████░░░░░░  78%  Streaming frame 1057/1104
  ███████████████████░░░░░░  78%  Streaming frame 1058/1104
  ███████████████████░░░░░░  78%  Streaming frame 1059/1104
  ███████████████████░░░░░░  78%  Streaming frame 1060/1104
  ███████████████████░░░░░░  78%  Streaming frame 1061/1104
  ███████████████████░░░░░░  78%  Streaming frame 1062/1104
  ███████████████████░░░░░░  78%  Streaming frame 1063/1104
  ███████████████████░░░░░░  78%  Streaming frame 1064/1104
  ███████████████████░░░░░░  78%  Streaming frame 1065/1104
  ███████████████████░░░░░░  78%  Streaming frame 1066/1104
  ███████████████████░░░░░░  78%  Streaming frame 1067/1104
  ███████████████████░░░░░░  78%  Streaming frame 1068/1104
  ███████████████████░░░░░░  78%  Streaming frame 1069/1104
  ███████████████████░░░░░░  78%  Streaming frame 1070/1104
  ███████████████████░░░░░░  78%  Streaming frame 1071/1104
  ███████████████████░░░░░░  78%  Streaming frame 1072/1104
  ███████████████████░░░░░░  78%  Streaming frame 1073/1104
  ███████████████████░░░░░░  79%  Streaming frame 1074/1104
  ███████████████████░░░░░░  79%  Streaming frame 1075/1104
  ███████████████████░░░░░░  79%  Streaming frame 1076/1104
  ███████████████████░░░░░░  79%  Streaming frame 1077/1104
  ███████████████████░░░░░░  79%  Streaming frame 1078/1104
  ███████████████████░░░░░░  79%  Streaming frame 1079/1104
  ███████████████████░░░░░░  79%  Streaming frame 1080/1104
  ███████████████████░░░░░░  79%  Streaming frame 1081/1104
  ███████████████████░░░░░░  79%  Streaming frame 1082/1104
  ███████████████████░░░░░░  79%  Streaming frame 1083/1104
  ███████████████████░░░░░░  79%  Streaming frame 1084/1104
  ███████████████████░░░░░░  79%  Streaming frame 1085/1104
  ███████████████████░░░░░░  79%  Streaming frame 1086/1104
  ███████████████████░░░░░░  79%  Streaming frame 1087/1104
  ███████████████████░░░░░░  79%  Streaming frame 1088/1104
  ███████████████████░░░░░░  79%  Streaming frame 1089/1104
  ███████████████████░░░░░░  79%  Streaming frame 1090/1104
  ███████████████████░░░░░░  79%  Streaming frame 1091/1104
  ███████████████████░░░░░░  79%  Streaming frame 1092/1104
  ███████████████████░░░░░░  79%  Streaming frame 1093/1104
  ████████████████████░░░░░  80%  Streaming frame 1094/1104
  ████████████████████░░░░░  80%  Streaming frame 1095/1104
  ████████████████████░░░░░  80%  Streaming frame 1096/1104
  ████████████████████░░░░░  80%  Streaming frame 1097/1104
  ████████████████████░░░░░  80%  Streaming frame 1098/1104
  ████████████████████░░░░░  80%  Streaming frame 1099/1104
  ████████████████████░░░░░  80%  Streaming frame 1100/1104
  ████████████████████░░░░░  80%  Streaming frame 1101/1104
  ████████████████████░░░░░  80%  Streaming frame 1102/1104
  ████████████████████░░░░░  80%  Streaming frame 1103/1104
  ████████████████████░░░░░  80%  Streaming frame 1104/1104
[INFO] [Render:trace] {"renderJobId":"633f4e64-8d49-40b4-b764-20b086dd5018","phase":"capture_streaming","status":"end","elapsedMs":21685,"durationMs":19707,"stagePhase":"capturing","workerCount":1,"forceScreenshot":false,"totalFrames":1104,"framesCompleted":1104,"captureMode":"drawelement","captureOperation":"encode"}
[INFO] [Render:trace] {"renderJobId":"633f4e64-8d49-40b4-b764-20b086dd5018","phase":"assemble","status":"start","elapsedMs":21686,"stagePhase":"capturing","hasAudio":true,"workerCount":1,"forceScreenshot":false,"totalFrames":1104,"framesCompleted":1104,"captureMode":"drawelement","captureOperation":"encode"}
  ██████████████████████░░░  90%  Assembling final video
[INFO] [Render:trace] {"renderJobId":"633f4e64-8d49-40b4-b764-20b086dd5018","phase":"assemble","status":"end","elapsedMs":22696,"durationMs":1010,"stagePhase":"capturing","hasAudio":true,"workerCount":1,"forceScreenshot":false,"totalFrames":1104,"framesCompleted":1104,"captureMode":"drawelement","captureOperation":"encode"}
[INFO] [Render:trace] {"renderJobId":"633f4e64-8d49-40b4-b764-20b086dd5018","phase":"pipeline","status":"checkpoint","elapsedMs":22715,"message":"artifact validated","totalElapsedMs":22715}
  █████████████████████████  100%  Render complete

◇  /Users/brownmanbrain/GitHub/operator-economy/blueprint-cinema/experiments/EP007-NET-NEW-UNFINISHED-ANSWER-003/hyperframes/reviews/r38-progressive-business/qa/s08-r38-visual-draft.mp4
   2.6 MB · 46.0s video · rendered in 22.7s
