{
  "finding": "B-R1-01",
  "video": "blueprint-cinema/experiments/EP009-FULL-BUILD-001/scenes/seg057__seg058/qa/r2/s17ab.r2.mp4",
  "sha256": "f628c449f0dc5a6901ef32d6b166e59cacfbf005b7a648825fa6312ee5342b21",
  "frames": 1757,
  "expected_frames": 1757,
  "frames_ok": true,
  "format": "1280x720 24/1; stereo 48000 Hz",
  "audio_corr_zero_lag": 0.9998334372735553,
  "source_excerpt_vs_master_corr": 0.9999999999999998,
  "trailing_encoder_samples": 368,
  "uniform_frames": [],
  "all_frames_scanned": 1757,
  "transition_sheets": [
    "blueprint-cinema/experiments/EP009-FULL-BUILD-001/scenes/seg057__seg058/qa/r2/eight-all-frames.png",
    "blueprint-cinema/experiments/EP009-FULL-BUILD-001/scenes/seg057__seg058/qa/r2/twelve-all-frames.png"
  ],
  "boundaries_vs_r1": {
    "first": {
      "max_channel_difference": 0,
      "pixels_over_20": 0,
      "mean_absolute_channel_difference": 0.0
    },
    "last": {
      "max_channel_difference": 0,
      "pixels_over_20": 0,
      "mean_absolute_channel_difference": 0.0
    }
  },
  "review_limits": "Frame evidence and waveform correlation; not an audio listening, normal-speed comprehension, whole-episode rhythm or owner acceptance verdict."
}
