
◆  Rendering r48-relationships → /Users/brownmanbrain/GitHub/operator-economy/blueprint-cinema/experiments/EP007-NET-NEW-UNFINISHED-ANSWER-003/hyperframes/reviews/r48-relationships/qa/r48-relationships.mp4
   24fps · high · auto workers (10 cores detected)
   GPU: browser GPU (auto-detect)

[?25l│
◇  Browser: cache
[?25h[INFO] [Render] Pipeline started {"renderJobId":"d87af73a-5767-4d8d-a666-7d9e8dbc0ad1","platform":"darwin","arch":"arm64","nodeVersion":"v25.6.1","fps":{"num":24,"den":1},"format":"mp4","quality":"high","browserGpuMode":"auto","forceScreenshot":false,"protocolTimeout":300000,"browserTimeout":120000,"pageNavigationTimeout":60000,"playerReadyTimeout":45000}
[INFO] [Render:trace] {"renderJobId":"d87af73a-5767-4d8d-a666-7d9e8dbc0ad1","phase":"pipeline","status":"checkpoint","elapsedMs":1,"message":"started","format":"mp4","quality":"high","browserGpuMode":"auto","forceScreenshot":false,"protocolTimeoutMs":300000,"pageNavigationTimeoutMs":60000,"playerReadyTimeoutMs":45000,"requestedWorkers":"auto"}
[INFO] [Render:trace] {"renderJobId":"d87af73a-5767-4d8d-a666-7d9e8dbc0ad1","phase":"compile","status":"start","elapsedMs":2,"needsAlpha":false}
  █░░░░░░░░░░░░░░░░░░░░░░░░  5%  Compiling composition
[INFO] [Compiler] Embedded local font file: public/fonts/boska-700.woff2 (30 KB → data URI)
[INFO] [Compiler] Embedded local font file: public/fonts/supreme-500.woff2 (18 KB → data URI)
[INFO] Compiled composition metadata {"renderJobId":"d87af73a-5767-4d8d-a666-7d9e8dbc0ad1","entryFile":"index.html","staticDuration":8.958333333333334,"width":1280,"height":720,"videoCount":0,"audioCount":1,"renderModeHints":{"recommendScreenshot":false,"reasons":[]}}
[INFO] [Render:trace] {"renderJobId":"d87af73a-5767-4d8d-a666-7d9e8dbc0ad1","phase":"compile","status":"end","elapsedMs":56,"durationMs":54,"needsAlpha":false}
[INFO] [Render:trace] {"renderJobId":"d87af73a-5767-4d8d-a666-7d9e8dbc0ad1","phase":"compile","status":"checkpoint","elapsedMs":56,"message":"composition metadata resolved","width":1280,"height":720,"videoCount":0,"audioCount":1,"imageCount":0,"deviceScaleFactor":1,"forceScreenshot":false,"compositionHash":"e804abbfdc8e6730"}
[INFO] [Render:trace] {"renderJobId":"d87af73a-5767-4d8d-a666-7d9e8dbc0ad1","phase":"browser_probe","status":"start","elapsedMs":56,"forceScreenshot":false,"stagePhase":"calibrating"}
[INFO] [Render:trace] {"renderJobId":"d87af73a-5767-4d8d-a666-7d9e8dbc0ad1","phase":"browser_probe","status":"end","elapsedMs":58,"durationMs":2,"forceScreenshot":false,"stagePhase":"calibrating"}
[INFO] [Render:trace] {"renderJobId":"d87af73a-5767-4d8d-a666-7d9e8dbc0ad1","phase":"browser_probe","status":"checkpoint","elapsedMs":58,"message":"duration resolved","durationSeconds":8.958333333333334,"totalFrames":215,"compositionHash":"e804abbfdc8e6730","beginFrameStalled":false}
[INFO] [Render:trace] {"renderJobId":"d87af73a-5767-4d8d-a666-7d9e8dbc0ad1","phase":"video_extract","status":"start","elapsedMs":58,"videoCount":0}
  ██░░░░░░░░░░░░░░░░░░░░░░░  10%  Extracting video frames
[INFO] [Render:trace] {"renderJobId":"d87af73a-5767-4d8d-a666-7d9e8dbc0ad1","phase":"video_extract","status":"end","elapsedMs":58,"durationMs":0,"videoCount":0}
[INFO] [Render:trace] {"renderJobId":"d87af73a-5767-4d8d-a666-7d9e8dbc0ad1","phase":"video_extract","status":"checkpoint","elapsedMs":59,"message":"frames resolved","videoCount":0,"extractedVideoCount":0,"totalFramesExtracted":0,"maxFramesPerVideo":0,"avgFramesPerExtractedVideo":null,"vfrPreflightCount":null,"vfrPreflightMs":null,"cacheHits":null,"cacheMisses":null,"transientRetries":null,"minVideoFrameCoverageRatio":null,"authoredTimedClipCount":2}
[INFO] [Render] No HDR sources detected — rendering SDR {"renderJobId":"d87af73a-5767-4d8d-a666-7d9e8dbc0ad1"}
[INFO] [Render:trace] {"renderJobId":"d87af73a-5767-4d8d-a666-7d9e8dbc0ad1","phase":"hdr_detection","status":"checkpoint","elapsedMs":59,"message":"resolved","requestedHdrMode":"auto","effectiveHdr":"sdr","nativeHdrVideoCount":0,"nativeHdrImageCount":0}
[INFO] [Render:trace] {"renderJobId":"d87af73a-5767-4d8d-a666-7d9e8dbc0ad1","phase":"audio_process","status":"start","elapsedMs":59,"audioCount":1}
  █████░░░░░░░░░░░░░░░░░░░░  20%  Processing audio tracks
[INFO] [Render:trace] {"renderJobId":"d87af73a-5767-4d8d-a666-7d9e8dbc0ad1","phase":"audio_process","status":"end","elapsedMs":289,"durationMs":230,"audioCount":1}
[INFO] [Render:trace] {"renderJobId":"d87af73a-5767-4d8d-a666-7d9e8dbc0ad1","phase":"file_server","status":"start","elapsedMs":289,"reused":false}
  ██████░░░░░░░░░░░░░░░░░░░  25%  Starting frame capture
[INFO] [Render:trace] {"renderJobId":"d87af73a-5767-4d8d-a666-7d9e8dbc0ad1","phase":"file_server","status":"end","elapsedMs":294,"durationMs":5}
[hyperframes] browserGpuMode probe → hardware (WebGL renderer vendor="Google Inc. (Apple)" renderer="ANGLE (Apple, ANGLE Metal Renderer: Apple M4, Unspecified Version)")
[INFO] [Render:trace] {"renderJobId":"d87af73a-5767-4d8d-a666-7d9e8dbc0ad1","phase":"capture_calibration","status":"start","elapsedMs":434,"stagePhase":"calibrating","forceScreenshot":false,"totalFrames":215,"framesCompleted":0,"captureMode":"drawelement","captureOperation":"drawElement"}
[INFO] [Render] Calibration config {"renderJobId":"d87af73a-5767-4d8d-a666-7d9e8dbc0ad1","protocolTimeout":30000,"parentProtocolTimeout":300000,"forceScreenshot":false,"totalFrames":215}
[INFO] Launching browser for capture calibration... {"renderJobId":"d87af73a-5767-4d8d-a666-7d9e8dbc0ad1"}
[BrowserManager] Browser launched (HeadlessChrome/152.0.7977.30, screenshot, gl=--use-gl=angle --use-angle=metal, headlessShell=true, platform=darwin)
[INFO] Initializing calibration session... {"renderJobId":"d87af73a-5767-4d8d-a666-7d9e8dbc0ad1"}
[initSession:screenshot] page.goto start (0ms)
[HyperFrames] render runtime fps [object Object]
[initSession:screenshot] page.goto complete (113ms)
[initSession:screenshot] GSAP proxy flush complete (115ms)
[initSession:screenshot] pollHfReady complete (115ms)
[initSession:screenshot] pollSubCompositionTimelines complete (ready) (116ms)
[initSession:screenshot] applyVideoMetadataHints complete (116ms)
[initSession:screenshot] media + fonts + tailwind ready (117ms)
[initSession:screenshot] timeline at-risk predictor: 0/215 frames (0%) (139ms)
[initSession:screenshot] static-frame dedup: 126/126 predicted frame(s) reusable (outcome=verified, runs=5/5, screenshots=29, seeks=30, elapsedMs=1141) (1454ms)
[initSession:screenshot] drawElement self-verify armed: 4 ground-truth frame(s) @ [54, 108, 161, 204] of 215 (1824ms)
[initSession:drawelement] drawElement canvas injected (1826ms)
[initSession:drawelement] screenshot fallback: 5 clip-boundary frame(s) (1827ms)
[initSession:drawelement] drawElement worker encode initialized (1829ms)
[INFO] Calibration session ready, capturing test frames... {"renderJobId":"d87af73a-5767-4d8d-a666-7d9e8dbc0ad1"}
[INFO] Calibration: capturing test frame 1/5... {"renderJobId":"d87af73a-5767-4d8d-a666-7d9e8dbc0ad1"}
[INFO] Calibration: capturing test frame 2/5... {"renderJobId":"d87af73a-5767-4d8d-a666-7d9e8dbc0ad1"}
[INFO] Calibration: capturing test frame 3/5... {"renderJobId":"d87af73a-5767-4d8d-a666-7d9e8dbc0ad1"}
[INFO] Calibration: capturing test frame 4/5... {"renderJobId":"d87af73a-5767-4d8d-a666-7d9e8dbc0ad1"}
[INFO] Calibration: capturing test frame 5/5... {"renderJobId":"d87af73a-5767-4d8d-a666-7d9e8dbc0ad1"}
[INFO] Calibration complete, estimated cost: 26ms/frame (p95) {"renderJobId":"d87af73a-5767-4d8d-a666-7d9e8dbc0ad1"}
[INFO] [Render:trace] {"renderJobId":"d87af73a-5767-4d8d-a666-7d9e8dbc0ad1","phase":"capture_calibration","status":"end","elapsedMs":2525,"durationMs":2091,"stagePhase":"calibrating","forceScreenshot":false,"totalFrames":215,"framesCompleted":0,"captureMode":"drawelement","captureOperation":"drawElement"}
[INFO] [Render:trace] {"renderJobId":"d87af73a-5767-4d8d-a666-7d9e8dbc0ad1","phase":"capture_calibration","status":"checkpoint","elapsedMs":2525,"message":"resolved","forceScreenshot":false,"multiplier":1,"p95Ms":26}
[INFO] [Render:trace] {"renderJobId":"d87af73a-5767-4d8d-a666-7d9e8dbc0ad1","phase":"worker_resolution","status":"checkpoint","elapsedMs":2526,"message":"resolved","workerCount":5}
[INFO] [Render] Fast capture: default-on drawElement disabled for this render — parallel capture has no runtime self-verification. Set PRODUCER_EXPERIMENTAL_FAST_CAPTURE=true to override. {"renderJobId":"d87af73a-5767-4d8d-a666-7d9e8dbc0ad1"}
[INFO] streaming-encode gate {"renderJobId":"d87af73a-5767-4d8d-a666-7d9e8dbc0ad1","enabled":false,"configFlag":true,"outputFormat":"mp4","workerCount":5,"durationSeconds":8.958333333333334,"maxDurationSeconds":240}
[INFO] [Render:trace] {"renderJobId":"d87af73a-5767-4d8d-a666-7d9e8dbc0ad1","phase":"capture_strategy","status":"checkpoint","elapsedMs":2526,"message":"resolved","workerCount":5,"forceScreenshot":false,"captureBeyondViewport":null,"useStreamingEncode":false,"useLayeredComposite":false,"usePageSideCompositing":false,"hasHdrContent":false,"hasShaderTransitions":false,"isPngSequence":false}
[INFO] [Render:trace] {"renderJobId":"d87af73a-5767-4d8d-a666-7d9e8dbc0ad1","phase":"capture_disk","status":"start","elapsedMs":2526,"stagePhase":"capturing","needsAlpha":false,"workerCount":5,"forceScreenshot":false,"totalFrames":215,"framesCompleted":0,"captureMode":"beginframe","captureOperation":"beginFrame"}
  ██████░░░░░░░░░░░░░░░░░░░  25%  Capturing frame 0/215 (5 workers)
  ██████░░░░░░░░░░░░░░░░░░░  25%  Capturing frame 0/215 (5 workers)
  ██████░░░░░░░░░░░░░░░░░░░  25%  Capturing frame 0/215 (5 workers)
  ██████░░░░░░░░░░░░░░░░░░░  25%  Capturing frame 0/215 (5 workers)
  ██████░░░░░░░░░░░░░░░░░░░  25%  Capturing frame 0/215 (5 workers)
[BrowserManager] Browser launched (HeadlessChrome/152.0.7977.30, screenshot, gl=--use-gl=angle --use-angle=metal, headlessShell=true, platform=darwin)
  ██████░░░░░░░░░░░░░░░░░░░  25%  Capturing frame 0/215 (5 workers)
[initSession:screenshot] page.goto start (0ms)
  ██████░░░░░░░░░░░░░░░░░░░  25%  Capturing frame 0/215 (5 workers)
  ██████░░░░░░░░░░░░░░░░░░░  25%  Capturing frame 0/215 (5 workers)
[initSession:screenshot] page.goto start (0ms)
  ██████░░░░░░░░░░░░░░░░░░░  25%  Capturing frame 0/215 (5 workers)
  ██████░░░░░░░░░░░░░░░░░░░  25%  Capturing frame 0/215 (5 workers)
[initSession:screenshot] page.goto start (1ms)
  ██████░░░░░░░░░░░░░░░░░░░  25%  Capturing frame 0/215 (5 workers)
  ██████░░░░░░░░░░░░░░░░░░░  25%  Capturing frame 0/215 (5 workers)
[initSession:screenshot] page.goto start (0ms)
  ██████░░░░░░░░░░░░░░░░░░░  25%  Capturing frame 0/215 (5 workers)
  ██████░░░░░░░░░░░░░░░░░░░  25%  Capturing frame 0/215 (5 workers)
[initSession:screenshot] page.goto start (0ms)
  ██████░░░░░░░░░░░░░░░░░░░  25%  Capturing frame 0/215 (5 workers)
[HyperFrames] render runtime fps [object Object]
[HyperFrames] render runtime fps [object Object]
[HyperFrames] render runtime fps [object Object]
[HyperFrames] render runtime fps [object Object]
[HyperFrames] render runtime fps [object Object]
[initSession:screenshot] page.goto complete (108ms)
[initSession:screenshot] page.goto complete (111ms)
[initSession:screenshot] page.goto complete (115ms)
[initSession:screenshot] page.goto complete (126ms)
[initSession:screenshot] page.goto complete (126ms)
[initSession:screenshot] GSAP proxy flush complete (129ms)
[initSession:screenshot] GSAP proxy flush complete (130ms)
[initSession:screenshot] GSAP proxy flush complete (131ms)
[initSession:screenshot] GSAP proxy flush complete (133ms)
[initSession:screenshot] GSAP proxy flush complete (133ms)
[initSession:screenshot] pollHfReady complete (134ms)
[initSession:screenshot] pollHfReady complete (137ms)
[initSession:screenshot] pollHfReady complete (136ms)
[initSession:screenshot] pollHfReady complete (138ms)
[initSession:screenshot] pollHfReady complete (138ms)
[initSession:screenshot] pollSubCompositionTimelines complete (ready) (136ms)
[initSession:screenshot] applyVideoMetadataHints complete (136ms)
[initSession:screenshot] pollSubCompositionTimelines complete (ready) (138ms)
[initSession:screenshot] applyVideoMetadataHints complete (138ms)
[initSession:screenshot] pollSubCompositionTimelines complete (ready) (138ms)
[initSession:screenshot] applyVideoMetadataHints complete (138ms)
[initSession:screenshot] pollSubCompositionTimelines complete (ready) (140ms)
[initSession:screenshot] applyVideoMetadataHints complete (140ms)
[initSession:screenshot] pollSubCompositionTimelines complete (ready) (140ms)
[initSession:screenshot] applyVideoMetadataHints complete (140ms)
[initSession:screenshot] media + fonts + tailwind ready (138ms)
[initSession:screenshot] media + fonts + tailwind ready (140ms)
[initSession:screenshot] media + fonts + tailwind ready (140ms)
[initSession:screenshot] media + fonts + tailwind ready (142ms)
[initSession:screenshot] media + fonts + tailwind ready (142ms)
[initSession:screenshot] static-frame dedup: 126/126 predicted frame(s) reusable (outcome=verified, runs=5/5, screenshots=29, seeks=30, elapsedMs=1132) (1507ms)
  ██████░░░░░░░░░░░░░░░░░░░  25%  Capturing frame 0/215 (5 workers)
[initSession:screenshot] static-frame dedup: 126/126 predicted frame(s) reusable (outcome=verified, runs=5/5, screenshots=29, seeks=30, elapsedMs=1158) (1531ms)
  ██████░░░░░░░░░░░░░░░░░░░  25%  Capturing frame 0/215 (5 workers)
[initSession:screenshot] static-frame dedup: 126/126 predicted frame(s) reusable (outcome=verified, runs=5/5, screenshots=29, seeks=30, elapsedMs=1174) (1551ms)
  ██████░░░░░░░░░░░░░░░░░░░  25%  Capturing frame 0/215 (5 workers)
[initSession:screenshot] static-frame dedup: 126/126 predicted frame(s) reusable (outcome=verified, runs=5/5, screenshots=29, seeks=30, elapsedMs=1170) (1564ms)
  ██████░░░░░░░░░░░░░░░░░░░  25%  Capturing frame 0/215 (5 workers)
[initSession:screenshot] static-frame dedup: 126/126 predicted frame(s) reusable (outcome=verified, runs=5/5, screenshots=29, seeks=30, elapsedMs=1189) (1580ms)
  ██████░░░░░░░░░░░░░░░░░░░  25%  Capturing frame 0/215 (5 workers)
  ███████░░░░░░░░░░░░░░░░░░  31%  Capturing frame 30/215 (5 workers)
  █████████░░░░░░░░░░░░░░░░  38%  Capturing frame 60/215 (5 workers)
[static-dedup] reused 42/43 frame(s) (98%), est. ~2184ms saved (avg 52ms/frame)
  ███████████░░░░░░░░░░░░░░  44%  Capturing frame 90/215 (5 workers)
  ████████████░░░░░░░░░░░░░  50%  Capturing frame 120/215 (5 workers)
  ██████████████░░░░░░░░░░░  56%  Capturing frame 150/215 (5 workers)
[static-dedup] reused 27/43 frame(s) (63%), est. ~1080ms saved (avg 40ms/frame)
  ███████████████░░░░░░░░░░  63%  Capturing frame 180/215 (5 workers)
[static-dedup] reused 21/43 frame(s) (49%), est. ~903ms saved (avg 43ms/frame)
[static-dedup] reused 19/43 frame(s) (44%), est. ~798ms saved (avg 42ms/frame)
  █████████████████░░░░░░░░  69%  Capturing frame 210/215 (5 workers)
  █████████████████░░░░░░░░  70%  Capturing frame 215/215 (5 workers)
[static-dedup] reused 13/43 frame(s) (30%), est. ~559ms saved (avg 43ms/frame)
[INFO] [Render:trace] {"renderJobId":"d87af73a-5767-4d8d-a666-7d9e8dbc0ad1","phase":"capture_disk","status":"end","elapsedMs":5587,"durationMs":3061,"stagePhase":"capturing","needsAlpha":false,"workerCount":5,"forceScreenshot":false,"totalFrames":215,"framesCompleted":215,"captureMode":"beginframe","captureOperation":"encode"}
[INFO] [Render:trace] {"renderJobId":"d87af73a-5767-4d8d-a666-7d9e8dbc0ad1","phase":"encode","status":"start","elapsedMs":5587,"stagePhase":"capturing","hasAudio":true,"isPngSequence":false,"isGif":false,"chunkedEncode":false,"workerCount":5,"forceScreenshot":false,"totalFrames":215,"framesCompleted":215,"captureMode":"beginframe","captureOperation":"encode"}
  ██████████████████░░░░░░░  75%  Encoding video
[INFO] [Render:trace] {"renderJobId":"d87af73a-5767-4d8d-a666-7d9e8dbc0ad1","phase":"encode","status":"end","elapsedMs":5917,"durationMs":330,"stagePhase":"capturing","hasAudio":true,"isPngSequence":false,"isGif":false,"chunkedEncode":false,"workerCount":5,"forceScreenshot":false,"totalFrames":215,"framesCompleted":215,"captureMode":"beginframe","captureOperation":"encode"}
[INFO] [Render:trace] {"renderJobId":"d87af73a-5767-4d8d-a666-7d9e8dbc0ad1","phase":"assemble","status":"start","elapsedMs":5918,"stagePhase":"capturing","hasAudio":true,"workerCount":5,"forceScreenshot":false,"totalFrames":215,"framesCompleted":215,"captureMode":"beginframe","captureOperation":"encode"}
  ██████████████████████░░░  90%  Assembling final video
[INFO] [Render:trace] {"renderJobId":"d87af73a-5767-4d8d-a666-7d9e8dbc0ad1","phase":"assemble","status":"end","elapsedMs":6196,"durationMs":278,"stagePhase":"capturing","hasAudio":true,"workerCount":5,"forceScreenshot":false,"totalFrames":215,"framesCompleted":215,"captureMode":"beginframe","captureOperation":"encode"}
[INFO] [Render:trace] {"renderJobId":"d87af73a-5767-4d8d-a666-7d9e8dbc0ad1","phase":"pipeline","status":"checkpoint","elapsedMs":6218,"message":"artifact validated","totalElapsedMs":6217}
  █████████████████████████  100%  Render complete

◇  /Users/brownmanbrain/GitHub/operator-economy/blueprint-cinema/experiments/EP007-NET-NEW-UNFINISHED-ANSWER-003/hyperframes/reviews/r48-relationships/qa/r48-relationships.mp4
   396.2 KB · 9.0s video · rendered in 6.2s
