
◆  Rendering seg056 → /Users/brownmanbrain/GitHub/operator-economy/blueprint-cinema/experiments/EP009-FULL-BUILD-001/scenes/seg056/qa/seg056.mp4
   24fps · high · auto workers (10 cores detected)
   GPU: browser GPU (auto-detect)

[?25l│
◇  Browser: cache
[?25h[INFO] [Render] Pipeline started {"renderJobId":"a8f7572b-3733-45d1-b445-cf6698e2c896","platform":"darwin","arch":"arm64","nodeVersion":"v25.6.1","fps":{"num":24,"den":1},"format":"mp4","quality":"high","browserGpuMode":"auto","forceScreenshot":false,"protocolTimeout":300000,"browserTimeout":120000,"pageNavigationTimeout":60000,"playerReadyTimeout":45000}
[INFO] [Render:trace] {"renderJobId":"a8f7572b-3733-45d1-b445-cf6698e2c896","phase":"pipeline","status":"checkpoint","elapsedMs":1,"message":"started","format":"mp4","quality":"high","browserGpuMode":"auto","forceScreenshot":false,"protocolTimeoutMs":300000,"pageNavigationTimeoutMs":60000,"playerReadyTimeoutMs":45000,"requestedWorkers":"auto"}
[INFO] [Render:trace] {"renderJobId":"a8f7572b-3733-45d1-b445-cf6698e2c896","phase":"compile","status":"start","elapsedMs":2,"needsAlpha":false}
  █░░░░░░░░░░░░░░░░░░░░░░░░  5%  Compiling composition
[INFO] [Compiler] Embedded local font file: public/fonts/boska-700.woff2 (30 KB → data URI)
[INFO] [Compiler] Embedded local font file: public/fonts/supreme-400.woff2 (18 KB → data URI)
[INFO] [Compiler] Embedded local font file: public/fonts/supreme-500.woff2 (18 KB → data URI)
[INFO] Compiled composition metadata {"renderJobId":"a8f7572b-3733-45d1-b445-cf6698e2c896","entryFile":"index.html","staticDuration":17.458333,"width":1280,"height":720,"videoCount":0,"audioCount":1,"renderModeHints":{"recommendScreenshot":false,"reasons":[]}}
[INFO] [Render:trace] {"renderJobId":"a8f7572b-3733-45d1-b445-cf6698e2c896","phase":"compile","status":"end","elapsedMs":56,"durationMs":54,"needsAlpha":false}
[INFO] [Render:trace] {"renderJobId":"a8f7572b-3733-45d1-b445-cf6698e2c896","phase":"compile","status":"checkpoint","elapsedMs":56,"message":"composition metadata resolved","width":1280,"height":720,"videoCount":0,"audioCount":1,"imageCount":0,"deviceScaleFactor":1,"forceScreenshot":false,"compositionHash":"3c9720fbc260f4c8"}
[INFO] [Render:trace] {"renderJobId":"a8f7572b-3733-45d1-b445-cf6698e2c896","phase":"browser_probe","status":"start","elapsedMs":56,"forceScreenshot":false,"stagePhase":"calibrating"}
[INFO] [Render:trace] {"renderJobId":"a8f7572b-3733-45d1-b445-cf6698e2c896","phase":"browser_probe","status":"end","elapsedMs":61,"durationMs":5,"forceScreenshot":false,"stagePhase":"calibrating"}
[INFO] [Render:trace] {"renderJobId":"a8f7572b-3733-45d1-b445-cf6698e2c896","phase":"browser_probe","status":"checkpoint","elapsedMs":61,"message":"duration resolved","durationSeconds":17.458333,"totalFrames":419,"compositionHash":"3c9720fbc260f4c8","beginFrameStalled":false}
[INFO] [Render:trace] {"renderJobId":"a8f7572b-3733-45d1-b445-cf6698e2c896","phase":"video_extract","status":"start","elapsedMs":61,"videoCount":0}
  ██░░░░░░░░░░░░░░░░░░░░░░░  10%  Extracting video frames
[INFO] [Render:trace] {"renderJobId":"a8f7572b-3733-45d1-b445-cf6698e2c896","phase":"video_extract","status":"end","elapsedMs":61,"durationMs":0,"videoCount":0}
[INFO] [Render:trace] {"renderJobId":"a8f7572b-3733-45d1-b445-cf6698e2c896","phase":"video_extract","status":"checkpoint","elapsedMs":62,"message":"frames resolved","videoCount":0,"extractedVideoCount":0,"totalFramesExtracted":0,"maxFramesPerVideo":0,"avgFramesPerExtractedVideo":null,"vfrPreflightCount":null,"vfrPreflightMs":null,"cacheHits":null,"cacheMisses":null,"transientRetries":null,"minVideoFrameCoverageRatio":null,"authoredTimedClipCount":2}
[INFO] [Render] No HDR sources detected — rendering SDR {"renderJobId":"a8f7572b-3733-45d1-b445-cf6698e2c896"}
[INFO] [Render:trace] {"renderJobId":"a8f7572b-3733-45d1-b445-cf6698e2c896","phase":"hdr_detection","status":"checkpoint","elapsedMs":62,"message":"resolved","requestedHdrMode":"auto","effectiveHdr":"sdr","nativeHdrVideoCount":0,"nativeHdrImageCount":0}
[INFO] [Render:trace] {"renderJobId":"a8f7572b-3733-45d1-b445-cf6698e2c896","phase":"audio_process","status":"start","elapsedMs":62,"audioCount":1}
  █████░░░░░░░░░░░░░░░░░░░░  20%  Processing audio tracks
[INFO] [Render:trace] {"renderJobId":"a8f7572b-3733-45d1-b445-cf6698e2c896","phase":"audio_process","status":"end","elapsedMs":417,"durationMs":355,"audioCount":1}
[INFO] [Render:trace] {"renderJobId":"a8f7572b-3733-45d1-b445-cf6698e2c896","phase":"file_server","status":"start","elapsedMs":417,"reused":false}
  ██████░░░░░░░░░░░░░░░░░░░  25%  Starting frame capture
[INFO] [Render:trace] {"renderJobId":"a8f7572b-3733-45d1-b445-cf6698e2c896","phase":"file_server","status":"end","elapsedMs":422,"durationMs":5}
[hyperframes] browserGpuMode probe → hardware (WebGL renderer vendor="Google Inc. (Apple)" renderer="ANGLE (Apple, ANGLE Metal Renderer: Apple M4, Unspecified Version)")
[INFO] [Render:trace] {"renderJobId":"a8f7572b-3733-45d1-b445-cf6698e2c896","phase":"capture_calibration","status":"start","elapsedMs":570,"stagePhase":"calibrating","forceScreenshot":false,"totalFrames":419,"framesCompleted":0,"captureMode":"drawelement","captureOperation":"drawElement"}
[INFO] [Render] Calibration config {"renderJobId":"a8f7572b-3733-45d1-b445-cf6698e2c896","protocolTimeout":30000,"parentProtocolTimeout":300000,"forceScreenshot":false,"totalFrames":419}
[INFO] Launching browser for capture calibration... {"renderJobId":"a8f7572b-3733-45d1-b445-cf6698e2c896"}
[BrowserManager] Browser launched (HeadlessChrome/152.0.7977.30, screenshot, gl=--use-gl=angle --use-angle=metal, headlessShell=true, platform=darwin)
[INFO] Initializing calibration session... {"renderJobId":"a8f7572b-3733-45d1-b445-cf6698e2c896"}
[initSession:screenshot] page.goto start (0ms)
[HyperFrames] render runtime fps [object Object]
[initSession:screenshot] page.goto complete (105ms)
[initSession:screenshot] GSAP proxy flush complete (135ms)
[initSession:screenshot] pollHfReady complete (135ms)
[initSession:screenshot] pollSubCompositionTimelines complete (ready) (136ms)
[initSession:screenshot] applyVideoMetadataHints complete (136ms)
[initSession:screenshot] media + fonts + tailwind ready (137ms)
[initSession:screenshot] timeline at-risk predictor: 0/419 frames (0%) (162ms)
[initSession:screenshot] static-frame dedup: 291/293 predicted frame(s) reusable (outcome=verified, runs=8/8, screenshots=32, seeks=33, elapsedMs=1266) (1608ms)
[initSession:screenshot] drawElement self-verify armed: 4 ground-truth frame(s) @ [105, 209, 314, 397] of 418 (1974ms)
[initSession:drawelement] drawElement canvas injected (1975ms)
[initSession:drawelement] screenshot fallback: 5 clip-boundary frame(s) (1975ms)
[initSession:drawelement] drawElement worker encode initialized (1977ms)
[INFO] Calibration session ready, capturing test frames... {"renderJobId":"a8f7572b-3733-45d1-b445-cf6698e2c896"}
[INFO] Calibration: capturing test frame 1/5... {"renderJobId":"a8f7572b-3733-45d1-b445-cf6698e2c896"}
[INFO] Calibration: capturing test frame 2/5... {"renderJobId":"a8f7572b-3733-45d1-b445-cf6698e2c896"}
[INFO] Calibration: capturing test frame 3/5... {"renderJobId":"a8f7572b-3733-45d1-b445-cf6698e2c896"}
[INFO] Calibration: capturing test frame 4/5... {"renderJobId":"a8f7572b-3733-45d1-b445-cf6698e2c896"}
[INFO] Calibration: capturing test frame 5/5... {"renderJobId":"a8f7572b-3733-45d1-b445-cf6698e2c896"}
[INFO] Calibration complete, estimated cost: 17ms/frame (p95) {"renderJobId":"a8f7572b-3733-45d1-b445-cf6698e2c896"}
[INFO] [Render:trace] {"renderJobId":"a8f7572b-3733-45d1-b445-cf6698e2c896","phase":"capture_calibration","status":"end","elapsedMs":2802,"durationMs":2232,"stagePhase":"calibrating","forceScreenshot":false,"totalFrames":419,"framesCompleted":0,"captureMode":"drawelement","captureOperation":"drawElement"}
[INFO] [Render:trace] {"renderJobId":"a8f7572b-3733-45d1-b445-cf6698e2c896","phase":"capture_calibration","status":"checkpoint","elapsedMs":2802,"message":"resolved","forceScreenshot":false,"multiplier":1,"p95Ms":17}
[INFO] [Render:trace] {"renderJobId":"a8f7572b-3733-45d1-b445-cf6698e2c896","phase":"worker_resolution","status":"checkpoint","elapsedMs":2803,"message":"resolved","workerCount":4}
[INFO] [Render] Fast capture: default-on drawElement disabled for this render — parallel capture has no runtime self-verification. Set PRODUCER_EXPERIMENTAL_FAST_CAPTURE=true to override. {"renderJobId":"a8f7572b-3733-45d1-b445-cf6698e2c896"}
[INFO] streaming-encode gate {"renderJobId":"a8f7572b-3733-45d1-b445-cf6698e2c896","enabled":false,"configFlag":true,"outputFormat":"mp4","workerCount":4,"durationSeconds":17.458333,"maxDurationSeconds":240}
[INFO] [Render:trace] {"renderJobId":"a8f7572b-3733-45d1-b445-cf6698e2c896","phase":"capture_strategy","status":"checkpoint","elapsedMs":2803,"message":"resolved","workerCount":4,"forceScreenshot":false,"captureBeyondViewport":null,"useStreamingEncode":false,"useLayeredComposite":false,"usePageSideCompositing":false,"hasHdrContent":false,"hasShaderTransitions":false,"isPngSequence":false}
[INFO] [Render:trace] {"renderJobId":"a8f7572b-3733-45d1-b445-cf6698e2c896","phase":"capture_disk","status":"start","elapsedMs":2803,"stagePhase":"capturing","needsAlpha":false,"workerCount":4,"forceScreenshot":false,"totalFrames":419,"framesCompleted":0,"captureMode":"beginframe","captureOperation":"beginFrame"}
  ██████░░░░░░░░░░░░░░░░░░░  25%  Capturing frame 0/419 (4 workers)
  ██████░░░░░░░░░░░░░░░░░░░  25%  Capturing frame 0/419 (4 workers)
  ██████░░░░░░░░░░░░░░░░░░░  25%  Capturing frame 0/419 (4 workers)
  ██████░░░░░░░░░░░░░░░░░░░  25%  Capturing frame 0/419 (4 workers)
[BrowserManager] Browser launched (HeadlessChrome/152.0.7977.30, screenshot, gl=--use-gl=angle --use-angle=metal, headlessShell=true, platform=darwin)
  ██████░░░░░░░░░░░░░░░░░░░  25%  Capturing frame 0/419 (4 workers)
[initSession:screenshot] page.goto start (0ms)
  ██████░░░░░░░░░░░░░░░░░░░  25%  Capturing frame 0/419 (4 workers)
  ██████░░░░░░░░░░░░░░░░░░░  25%  Capturing frame 0/419 (4 workers)
[initSession:screenshot] page.goto start (0ms)
  ██████░░░░░░░░░░░░░░░░░░░  25%  Capturing frame 0/419 (4 workers)
  ██████░░░░░░░░░░░░░░░░░░░  25%  Capturing frame 0/419 (4 workers)
[initSession:screenshot] page.goto start (0ms)
  ██████░░░░░░░░░░░░░░░░░░░  25%  Capturing frame 0/419 (4 workers)
  ██████░░░░░░░░░░░░░░░░░░░  25%  Capturing frame 0/419 (4 workers)
[initSession:screenshot] page.goto start (0ms)
  ██████░░░░░░░░░░░░░░░░░░░  25%  Capturing frame 0/419 (4 workers)
[HyperFrames] render runtime fps [object Object]
[HyperFrames] render runtime fps [object Object]
[HyperFrames] render runtime fps [object Object]
[HyperFrames] render runtime fps [object Object]
[initSession:screenshot] page.goto complete (127ms)
[initSession:screenshot] page.goto complete (127ms)
[initSession:screenshot] page.goto complete (130ms)
[initSession:screenshot] page.goto complete (144ms)
[initSession:screenshot] GSAP proxy flush complete (148ms)
[initSession:screenshot] GSAP proxy flush complete (149ms)
[initSession:screenshot] GSAP proxy flush complete (150ms)
[initSession:screenshot] GSAP proxy flush complete (152ms)
[initSession:screenshot] pollHfReady complete (150ms)
[initSession:screenshot] pollHfReady complete (151ms)
[initSession:screenshot] pollHfReady complete (151ms)
[initSession:screenshot] pollHfReady complete (153ms)
[initSession:screenshot] pollSubCompositionTimelines complete (ready) (151ms)
[initSession:screenshot] applyVideoMetadataHints complete (152ms)
[initSession:screenshot] pollSubCompositionTimelines complete (ready) (153ms)
[initSession:screenshot] applyVideoMetadataHints complete (153ms)
[initSession:screenshot] pollSubCompositionTimelines complete (ready) (154ms)
[initSession:screenshot] applyVideoMetadataHints complete (154ms)
[initSession:screenshot] pollSubCompositionTimelines complete (ready) (155ms)
[initSession:screenshot] applyVideoMetadataHints complete (155ms)
[initSession:screenshot] media + fonts + tailwind ready (154ms)
[initSession:screenshot] media + fonts + tailwind ready (155ms)
[initSession:screenshot] media + fonts + tailwind ready (155ms)
[initSession:screenshot] media + fonts + tailwind ready (156ms)
[initSession:screenshot] static-frame dedup: 291/293 predicted frame(s) reusable (outcome=verified, runs=8/8, screenshots=32, seeks=33, elapsedMs=1262) (1571ms)
  ██████░░░░░░░░░░░░░░░░░░░  25%  Capturing frame 0/419 (4 workers)
[initSession:screenshot] static-frame dedup: 291/293 predicted frame(s) reusable (outcome=verified, runs=8/8, screenshots=32, seeks=33, elapsedMs=1288) (1599ms)
  ██████░░░░░░░░░░░░░░░░░░░  25%  Capturing frame 0/419 (4 workers)
[initSession:screenshot] static-frame dedup: 291/293 predicted frame(s) reusable (outcome=verified, runs=8/8, screenshots=32, seeks=33, elapsedMs=1308) (1618ms)
  ███████░░░░░░░░░░░░░░░░░░  28%  Capturing frame 30/419 (4 workers)
  ███████░░░░░░░░░░░░░░░░░░  31%  Capturing frame 60/419 (4 workers)
  ████████░░░░░░░░░░░░░░░░░  35%  Capturing frame 90/419 (4 workers)
[initSession:screenshot] static-frame dedup: 291/293 predicted frame(s) reusable (outcome=verified, runs=8/8, screenshots=32, seeks=33, elapsedMs=1271) (1682ms)
  █████████░░░░░░░░░░░░░░░░  38%  Capturing frame 120/419 (4 workers)
[static-dedup] reused 97/105 frame(s) (92%), est. ~3977ms saved (avg 41ms/frame)
  ██████████░░░░░░░░░░░░░░░  41%  Capturing frame 150/419 (4 workers)
  ███████████░░░░░░░░░░░░░░  44%  Capturing frame 180/419 (4 workers)
  ████████████░░░░░░░░░░░░░  48%  Capturing frame 210/419 (4 workers)
  ████████████░░░░░░░░░░░░░  51%  Capturing frame 240/419 (4 workers)
  █████████████░░░░░░░░░░░░  54%  Capturing frame 270/419 (4 workers)
  ██████████████░░░░░░░░░░░  57%  Capturing frame 300/419 (4 workers)
[static-dedup] reused 72/105 frame(s) (69%), est. ~3024ms saved (avg 42ms/frame)
  ███████████████░░░░░░░░░░  60%  Capturing frame 330/419 (4 workers)
  ████████████████░░░░░░░░░  64%  Capturing frame 360/419 (4 workers)
[static-dedup] reused 68/104 frame(s) (65%), est. ~2856ms saved (avg 42ms/frame)
  ████████████████░░░░░░░░░  67%  Capturing frame 390/419 (4 workers)
  █████████████████░░░░░░░░  70%  Capturing frame 419/419 (4 workers)
[static-dedup] reused 52/105 frame(s) (50%), est. ~2132ms saved (avg 41ms/frame)
[INFO] [Render:trace] {"renderJobId":"a8f7572b-3733-45d1-b445-cf6698e2c896","phase":"capture_disk","status":"end","elapsedMs":6807,"durationMs":4004,"stagePhase":"capturing","needsAlpha":false,"workerCount":4,"forceScreenshot":false,"totalFrames":419,"framesCompleted":419,"captureMode":"beginframe","captureOperation":"encode"}
[INFO] [Render:trace] {"renderJobId":"a8f7572b-3733-45d1-b445-cf6698e2c896","phase":"encode","status":"start","elapsedMs":6808,"stagePhase":"capturing","hasAudio":true,"isPngSequence":false,"isGif":false,"chunkedEncode":false,"workerCount":4,"forceScreenshot":false,"totalFrames":419,"framesCompleted":419,"captureMode":"beginframe","captureOperation":"encode"}
  ██████████████████░░░░░░░  75%  Encoding video
[INFO] [Render:trace] {"renderJobId":"a8f7572b-3733-45d1-b445-cf6698e2c896","phase":"encode","status":"end","elapsedMs":7430,"durationMs":622,"stagePhase":"capturing","hasAudio":true,"isPngSequence":false,"isGif":false,"chunkedEncode":false,"workerCount":4,"forceScreenshot":false,"totalFrames":419,"framesCompleted":419,"captureMode":"beginframe","captureOperation":"encode"}
[INFO] [Render:trace] {"renderJobId":"a8f7572b-3733-45d1-b445-cf6698e2c896","phase":"assemble","status":"start","elapsedMs":7430,"stagePhase":"capturing","hasAudio":true,"workerCount":4,"forceScreenshot":false,"totalFrames":419,"framesCompleted":419,"captureMode":"beginframe","captureOperation":"encode"}
  ██████████████████████░░░  90%  Assembling final video
[INFO] [Render:trace] {"renderJobId":"a8f7572b-3733-45d1-b445-cf6698e2c896","phase":"assemble","status":"end","elapsedMs":7842,"durationMs":412,"stagePhase":"capturing","hasAudio":true,"workerCount":4,"forceScreenshot":false,"totalFrames":419,"framesCompleted":419,"captureMode":"beginframe","captureOperation":"encode"}
[INFO] [Render:trace] {"renderJobId":"a8f7572b-3733-45d1-b445-cf6698e2c896","phase":"pipeline","status":"checkpoint","elapsedMs":7865,"message":"artifact validated","totalElapsedMs":7863}
  █████████████████████████  100%  Render complete

◇  /Users/brownmanbrain/GitHub/operator-economy/blueprint-cinema/experiments/EP009-FULL-BUILD-001/scenes/seg056/qa/seg056.mp4
   837.3 KB · 17.5s video · rendered in 7.9s
