
◆  Rendering r42-backward-trace → /Users/brownmanbrain/GitHub/operator-economy/blueprint-cinema/experiments/EP007-NET-NEW-UNFINISHED-ANSWER-003/hyperframes/reviews/r42-backward-trace/qa/r42-backward-trace.mp4
   24fps · high · auto workers (10 cores detected)
   GPU: browser GPU (auto-detect)

[?25l│
◇  Browser: cache
[?25h[INFO] [Render] Pipeline started {"renderJobId":"ac96930d-9dca-4818-8f33-bf76f6461e5b","platform":"darwin","arch":"arm64","nodeVersion":"v25.6.1","fps":{"num":24,"den":1},"format":"mp4","quality":"high","browserGpuMode":"auto","forceScreenshot":false,"protocolTimeout":300000,"browserTimeout":120000,"pageNavigationTimeout":60000,"playerReadyTimeout":45000}
[INFO] [Render:trace] {"renderJobId":"ac96930d-9dca-4818-8f33-bf76f6461e5b","phase":"pipeline","status":"checkpoint","elapsedMs":1,"message":"started","format":"mp4","quality":"high","browserGpuMode":"auto","forceScreenshot":false,"protocolTimeoutMs":300000,"pageNavigationTimeoutMs":60000,"playerReadyTimeoutMs":45000,"requestedWorkers":"auto"}
[INFO] [Render:trace] {"renderJobId":"ac96930d-9dca-4818-8f33-bf76f6461e5b","phase":"compile","status":"start","elapsedMs":2,"needsAlpha":false}
  █░░░░░░░░░░░░░░░░░░░░░░░░  5%  Compiling composition
[INFO] [Compiler] Embedded local font file: public/fonts/supreme-400.woff2 (18 KB → data URI)
[INFO] [Compiler] Embedded local font file: public/fonts/supreme-500.woff2 (18 KB → data URI)
[INFO] Compiled composition metadata {"renderJobId":"ac96930d-9dca-4818-8f33-bf76f6461e5b","entryFile":"index.html","staticDuration":20.2916666666667,"width":1280,"height":720,"videoCount":0,"audioCount":1,"renderModeHints":{"recommendScreenshot":false,"reasons":[]}}
[INFO] [Render:trace] {"renderJobId":"ac96930d-9dca-4818-8f33-bf76f6461e5b","phase":"compile","status":"end","elapsedMs":44,"durationMs":42,"needsAlpha":false}
[INFO] [Render:trace] {"renderJobId":"ac96930d-9dca-4818-8f33-bf76f6461e5b","phase":"compile","status":"checkpoint","elapsedMs":44,"message":"composition metadata resolved","width":1280,"height":720,"videoCount":0,"audioCount":1,"imageCount":0,"deviceScaleFactor":1,"forceScreenshot":false,"compositionHash":"d914b312fcc05d5a"}
[INFO] [Render:trace] {"renderJobId":"ac96930d-9dca-4818-8f33-bf76f6461e5b","phase":"browser_probe","status":"start","elapsedMs":44,"forceScreenshot":false,"stagePhase":"calibrating"}
[INFO] [Render:trace] {"renderJobId":"ac96930d-9dca-4818-8f33-bf76f6461e5b","phase":"browser_probe","status":"end","elapsedMs":46,"durationMs":2,"forceScreenshot":false,"stagePhase":"calibrating"}
[INFO] [Render:trace] {"renderJobId":"ac96930d-9dca-4818-8f33-bf76f6461e5b","phase":"browser_probe","status":"checkpoint","elapsedMs":47,"message":"duration resolved","durationSeconds":20.2916666666667,"totalFrames":487,"compositionHash":"d914b312fcc05d5a","beginFrameStalled":false}
[INFO] [Render:trace] {"renderJobId":"ac96930d-9dca-4818-8f33-bf76f6461e5b","phase":"video_extract","status":"start","elapsedMs":47,"videoCount":0}
  ██░░░░░░░░░░░░░░░░░░░░░░░  10%  Extracting video frames
[INFO] [Render:trace] {"renderJobId":"ac96930d-9dca-4818-8f33-bf76f6461e5b","phase":"video_extract","status":"end","elapsedMs":47,"durationMs":0,"videoCount":0}
[INFO] [Render:trace] {"renderJobId":"ac96930d-9dca-4818-8f33-bf76f6461e5b","phase":"video_extract","status":"checkpoint","elapsedMs":50,"message":"frames resolved","videoCount":0,"extractedVideoCount":0,"totalFramesExtracted":0,"maxFramesPerVideo":0,"avgFramesPerExtractedVideo":null,"vfrPreflightCount":null,"vfrPreflightMs":null,"cacheHits":null,"cacheMisses":null,"transientRetries":null,"minVideoFrameCoverageRatio":null,"authoredTimedClipCount":2}
[INFO] [Render] No HDR sources detected — rendering SDR {"renderJobId":"ac96930d-9dca-4818-8f33-bf76f6461e5b"}
[INFO] [Render:trace] {"renderJobId":"ac96930d-9dca-4818-8f33-bf76f6461e5b","phase":"hdr_detection","status":"checkpoint","elapsedMs":50,"message":"resolved","requestedHdrMode":"auto","effectiveHdr":"sdr","nativeHdrVideoCount":0,"nativeHdrImageCount":0}
[INFO] [Render:trace] {"renderJobId":"ac96930d-9dca-4818-8f33-bf76f6461e5b","phase":"audio_process","status":"start","elapsedMs":50,"audioCount":1}
  █████░░░░░░░░░░░░░░░░░░░░  20%  Processing audio tracks
[INFO] [Render:trace] {"renderJobId":"ac96930d-9dca-4818-8f33-bf76f6461e5b","phase":"audio_process","status":"end","elapsedMs":477,"durationMs":427,"audioCount":1}
[INFO] [Render:trace] {"renderJobId":"ac96930d-9dca-4818-8f33-bf76f6461e5b","phase":"file_server","status":"start","elapsedMs":477,"reused":false}
  ██████░░░░░░░░░░░░░░░░░░░  25%  Starting frame capture
[INFO] [Render:trace] {"renderJobId":"ac96930d-9dca-4818-8f33-bf76f6461e5b","phase":"file_server","status":"end","elapsedMs":482,"durationMs":5}
[hyperframes] browserGpuMode probe → hardware (WebGL renderer vendor="Google Inc. (Apple)" renderer="ANGLE (Apple, ANGLE Metal Renderer: Apple M4, Unspecified Version)")
[INFO] [Render:trace] {"renderJobId":"ac96930d-9dca-4818-8f33-bf76f6461e5b","phase":"capture_calibration","status":"start","elapsedMs":630,"stagePhase":"calibrating","forceScreenshot":false,"totalFrames":487,"framesCompleted":0,"captureMode":"drawelement","captureOperation":"drawElement"}
[INFO] [Render] Calibration config {"renderJobId":"ac96930d-9dca-4818-8f33-bf76f6461e5b","protocolTimeout":30000,"parentProtocolTimeout":300000,"forceScreenshot":false,"totalFrames":487}
[INFO] Launching browser for capture calibration... {"renderJobId":"ac96930d-9dca-4818-8f33-bf76f6461e5b"}
[BrowserManager] Browser launched (HeadlessChrome/152.0.7977.30, screenshot, gl=--use-gl=angle --use-angle=metal, headlessShell=true, platform=darwin)
[INFO] Initializing calibration session... {"renderJobId":"ac96930d-9dca-4818-8f33-bf76f6461e5b"}
[initSession:screenshot] page.goto start (0ms)
[HyperFrames] render runtime fps [object Object]
[initSession:screenshot] page.goto complete (116ms)
[initSession:screenshot] GSAP proxy flush complete (119ms)
[initSession:screenshot] pollHfReady complete (119ms)
[initSession:screenshot] pollSubCompositionTimelines complete (ready) (120ms)
[initSession:screenshot] applyVideoMetadataHints complete (120ms)
[initSession:screenshot] media + fonts + tailwind ready (121ms)
[initSession:screenshot] timeline at-risk predictor: 0/488 frames (0%) (148ms)
[initSession:screenshot] static-frame dedup: 198/199 predicted frame(s) reusable (outcome=verified, runs=9/9, screenshots=33, seeks=34, elapsedMs=1402) (1739ms)
[initSession:screenshot] drawElement self-verify armed: 4 ground-truth frame(s) @ [122, 244, 365, 463] of 487 (2110ms)
[initSession:drawelement] drawElement canvas injected (2111ms)
[initSession:drawelement] screenshot fallback: 5 clip-boundary frame(s) (2112ms)
[initSession:drawelement] drawElement worker encode initialized (2114ms)
[INFO] Calibration session ready, capturing test frames... {"renderJobId":"ac96930d-9dca-4818-8f33-bf76f6461e5b"}
[INFO] Calibration: capturing test frame 1/5... {"renderJobId":"ac96930d-9dca-4818-8f33-bf76f6461e5b"}
[INFO] Calibration: capturing test frame 2/5... {"renderJobId":"ac96930d-9dca-4818-8f33-bf76f6461e5b"}
[INFO] Calibration: capturing test frame 3/5... {"renderJobId":"ac96930d-9dca-4818-8f33-bf76f6461e5b"}
[INFO] Calibration: capturing test frame 4/5... {"renderJobId":"ac96930d-9dca-4818-8f33-bf76f6461e5b"}
[INFO] Calibration: capturing test frame 5/5... {"renderJobId":"ac96930d-9dca-4818-8f33-bf76f6461e5b"}
[INFO] Calibration complete, estimated cost: 26ms/frame (p95) {"renderJobId":"ac96930d-9dca-4818-8f33-bf76f6461e5b"}
[INFO] [Render:trace] {"renderJobId":"ac96930d-9dca-4818-8f33-bf76f6461e5b","phase":"capture_calibration","status":"end","elapsedMs":2980,"durationMs":2350,"stagePhase":"calibrating","forceScreenshot":false,"totalFrames":487,"framesCompleted":0,"captureMode":"drawelement","captureOperation":"drawElement"}
[INFO] [Render:trace] {"renderJobId":"ac96930d-9dca-4818-8f33-bf76f6461e5b","phase":"capture_calibration","status":"checkpoint","elapsedMs":2980,"message":"resolved","forceScreenshot":false,"multiplier":1,"p95Ms":26}
[INFO] [Render:trace] {"renderJobId":"ac96930d-9dca-4818-8f33-bf76f6461e5b","phase":"worker_resolution","status":"checkpoint","elapsedMs":2981,"message":"resolved","workerCount":4}
[INFO] [Render] Fast capture: default-on drawElement disabled for this render — parallel capture has no runtime self-verification. Set PRODUCER_EXPERIMENTAL_FAST_CAPTURE=true to override. {"renderJobId":"ac96930d-9dca-4818-8f33-bf76f6461e5b"}
[INFO] streaming-encode gate {"renderJobId":"ac96930d-9dca-4818-8f33-bf76f6461e5b","enabled":false,"configFlag":true,"outputFormat":"mp4","workerCount":4,"durationSeconds":20.2916666666667,"maxDurationSeconds":240}
[INFO] [Render:trace] {"renderJobId":"ac96930d-9dca-4818-8f33-bf76f6461e5b","phase":"capture_strategy","status":"checkpoint","elapsedMs":2981,"message":"resolved","workerCount":4,"forceScreenshot":false,"captureBeyondViewport":null,"useStreamingEncode":false,"useLayeredComposite":false,"usePageSideCompositing":false,"hasHdrContent":false,"hasShaderTransitions":false,"isPngSequence":false}
[INFO] [Render:trace] {"renderJobId":"ac96930d-9dca-4818-8f33-bf76f6461e5b","phase":"capture_disk","status":"start","elapsedMs":2981,"stagePhase":"capturing","needsAlpha":false,"workerCount":4,"forceScreenshot":false,"totalFrames":487,"framesCompleted":0,"captureMode":"beginframe","captureOperation":"beginFrame"}
  ██████░░░░░░░░░░░░░░░░░░░  25%  Capturing frame 0/487 (4 workers)
  ██████░░░░░░░░░░░░░░░░░░░  25%  Capturing frame 0/487 (4 workers)
  ██████░░░░░░░░░░░░░░░░░░░  25%  Capturing frame 0/487 (4 workers)
  ██████░░░░░░░░░░░░░░░░░░░  25%  Capturing frame 0/487 (4 workers)
[BrowserManager] Browser launched (HeadlessChrome/152.0.7977.30, screenshot, gl=--use-gl=angle --use-angle=metal, headlessShell=true, platform=darwin)
  ██████░░░░░░░░░░░░░░░░░░░  25%  Capturing frame 0/487 (4 workers)
[initSession:screenshot] page.goto start (0ms)
  ██████░░░░░░░░░░░░░░░░░░░  25%  Capturing frame 0/487 (4 workers)
  ██████░░░░░░░░░░░░░░░░░░░  25%  Capturing frame 0/487 (4 workers)
[initSession:screenshot] page.goto start (0ms)
  ██████░░░░░░░░░░░░░░░░░░░  25%  Capturing frame 0/487 (4 workers)
  ██████░░░░░░░░░░░░░░░░░░░  25%  Capturing frame 0/487 (4 workers)
[initSession:screenshot] page.goto start (0ms)
  ██████░░░░░░░░░░░░░░░░░░░  25%  Capturing frame 0/487 (4 workers)
  ██████░░░░░░░░░░░░░░░░░░░  25%  Capturing frame 0/487 (4 workers)
[initSession:screenshot] page.goto start (0ms)
  ██████░░░░░░░░░░░░░░░░░░░  25%  Capturing frame 0/487 (4 workers)
[HyperFrames] render runtime fps [object Object]
[HyperFrames] render runtime fps [object Object]
[HyperFrames] render runtime fps [object Object]
[HyperFrames] render runtime fps [object Object]
[initSession:screenshot] page.goto complete (119ms)
[initSession:screenshot] page.goto complete (124ms)
[initSession:screenshot] page.goto complete (120ms)
[initSession:screenshot] page.goto complete (130ms)
[initSession:screenshot] GSAP proxy flush complete (154ms)
[initSession:screenshot] GSAP proxy flush complete (157ms)
[initSession:screenshot] GSAP proxy flush complete (148ms)
[initSession:screenshot] GSAP proxy flush complete (157ms)
[initSession:screenshot] pollHfReady complete (160ms)
[initSession:screenshot] pollHfReady complete (157ms)
[initSession:screenshot] pollHfReady complete (152ms)
[initSession:screenshot] pollHfReady complete (160ms)
[initSession:screenshot] pollSubCompositionTimelines complete (ready) (162ms)
[initSession:screenshot] applyVideoMetadataHints complete (162ms)
[initSession:screenshot] pollSubCompositionTimelines complete (ready) (159ms)
[initSession:screenshot] applyVideoMetadataHints complete (159ms)
[initSession:screenshot] pollSubCompositionTimelines complete (ready) (154ms)
[initSession:screenshot] applyVideoMetadataHints complete (154ms)
[initSession:screenshot] pollSubCompositionTimelines complete (ready) (162ms)
[initSession:screenshot] applyVideoMetadataHints complete (162ms)
[initSession:screenshot] media + fonts + tailwind ready (164ms)
[initSession:screenshot] media + fonts + tailwind ready (161ms)
[initSession:screenshot] media + fonts + tailwind ready (155ms)
[initSession:screenshot] media + fonts + tailwind ready (163ms)
[initSession:screenshot] static-frame dedup: 198/199 predicted frame(s) reusable (outcome=verified, runs=9/9, screenshots=33, seeks=34, elapsedMs=1327) (1646ms)
  ██████░░░░░░░░░░░░░░░░░░░  25%  Capturing frame 0/487 (4 workers)
[initSession:screenshot] static-frame dedup: 198/199 predicted frame(s) reusable (outcome=verified, runs=9/9, screenshots=33, seeks=34, elapsedMs=1350) (1674ms)
[initSession:screenshot] static-frame dedup: 198/199 predicted frame(s) reusable (outcome=verified, runs=9/9, screenshots=33, seeks=34, elapsedMs=1350) (1677ms)
  ██████░░░░░░░░░░░░░░░░░░░  25%  Capturing frame 0/487 (4 workers)
  ██████░░░░░░░░░░░░░░░░░░░  25%  Capturing frame 0/487 (4 workers)
[initSession:screenshot] static-frame dedup: 198/199 predicted frame(s) reusable (outcome=verified, runs=9/9, screenshots=33, seeks=34, elapsedMs=1340) (1764ms)
  ███████░░░░░░░░░░░░░░░░░░  28%  Capturing frame 30/487 (4 workers)
  ███████░░░░░░░░░░░░░░░░░░  31%  Capturing frame 60/487 (4 workers)
  ████████░░░░░░░░░░░░░░░░░  33%  Capturing frame 90/487 (4 workers)
  █████████░░░░░░░░░░░░░░░░  36%  Capturing frame 120/487 (4 workers)
  █████████░░░░░░░░░░░░░░░░  39%  Capturing frame 150/487 (4 workers)
  ██████████░░░░░░░░░░░░░░░  42%  Capturing frame 180/487 (4 workers)
[static-dedup] reused 107/121 frame(s) (88%), est. ~5136ms saved (avg 48ms/frame)
  ███████████░░░░░░░░░░░░░░  44%  Capturing frame 210/487 (4 workers)
  ███████████░░░░░░░░░░░░░░  47%  Capturing frame 240/487 (4 workers)
  ████████████░░░░░░░░░░░░░  50%  Capturing frame 270/487 (4 workers)
  █████████████░░░░░░░░░░░░  53%  Capturing frame 300/487 (4 workers)
  █████████████░░░░░░░░░░░░  55%  Capturing frame 330/487 (4 workers)
  ██████████████░░░░░░░░░░░  58%  Capturing frame 360/487 (4 workers)
  ███████████████░░░░░░░░░░  61%  Capturing frame 390/487 (4 workers)
  ████████████████░░░░░░░░░  64%  Capturing frame 420/487 (4 workers)
[static-dedup] reused 49/122 frame(s) (40%), est. ~2254ms saved (avg 46ms/frame)
  ████████████████░░░░░░░░░  67%  Capturing frame 450/487 (4 workers)
  █████████████████░░░░░░░░  69%  Capturing frame 480/487 (4 workers)
[static-dedup] reused 24/122 frame(s) (20%), est. ~1056ms saved (avg 44ms/frame)
  █████████████████░░░░░░░░  70%  Capturing frame 487/487 (4 workers)
[static-dedup] reused 18/122 frame(s) (15%), est. ~774ms saved (avg 43ms/frame)
[INFO] [Render:trace] {"renderJobId":"ac96930d-9dca-4818-8f33-bf76f6461e5b","phase":"capture_disk","status":"end","elapsedMs":9412,"durationMs":6431,"stagePhase":"capturing","needsAlpha":false,"workerCount":4,"forceScreenshot":false,"totalFrames":487,"framesCompleted":487,"captureMode":"beginframe","captureOperation":"encode"}
[INFO] [Render:trace] {"renderJobId":"ac96930d-9dca-4818-8f33-bf76f6461e5b","phase":"encode","status":"start","elapsedMs":9412,"stagePhase":"capturing","hasAudio":true,"isPngSequence":false,"isGif":false,"chunkedEncode":false,"workerCount":4,"forceScreenshot":false,"totalFrames":487,"framesCompleted":487,"captureMode":"beginframe","captureOperation":"encode"}
  ██████████████████░░░░░░░  75%  Encoding video
[INFO] [Render:trace] {"renderJobId":"ac96930d-9dca-4818-8f33-bf76f6461e5b","phase":"encode","status":"end","elapsedMs":10191,"durationMs":779,"stagePhase":"capturing","hasAudio":true,"isPngSequence":false,"isGif":false,"chunkedEncode":false,"workerCount":4,"forceScreenshot":false,"totalFrames":487,"framesCompleted":487,"captureMode":"beginframe","captureOperation":"encode"}
[INFO] [Render:trace] {"renderJobId":"ac96930d-9dca-4818-8f33-bf76f6461e5b","phase":"assemble","status":"start","elapsedMs":10191,"stagePhase":"capturing","hasAudio":true,"workerCount":4,"forceScreenshot":false,"totalFrames":487,"framesCompleted":487,"captureMode":"beginframe","captureOperation":"encode"}
  ██████████████████████░░░  90%  Assembling final video
[INFO] [Render:trace] {"renderJobId":"ac96930d-9dca-4818-8f33-bf76f6461e5b","phase":"assemble","status":"end","elapsedMs":10676,"durationMs":485,"stagePhase":"capturing","hasAudio":true,"workerCount":4,"forceScreenshot":false,"totalFrames":487,"framesCompleted":487,"captureMode":"beginframe","captureOperation":"encode"}
[INFO] [Render:trace] {"renderJobId":"ac96930d-9dca-4818-8f33-bf76f6461e5b","phase":"pipeline","status":"checkpoint","elapsedMs":10701,"message":"artifact validated","totalElapsedMs":10698}
  █████████████████████████  100%  Render complete

◇  /Users/brownmanbrain/GitHub/operator-economy/blueprint-cinema/experiments/EP007-NET-NEW-UNFINISHED-ANSWER-003/hyperframes/reviews/r42-backward-trace/qa/r42-backward-trace.mp4
   856.9 KB · 20.3s video · rendered in 10.7s
