
◆  Rendering seg018 → /Users/brownmanbrain/GitHub/operator-economy/blueprint-cinema/experiments/EP009-FULL-BUILD-001/scenes/seg018/qa/seg018.mp4
   24fps · high · auto workers (10 cores detected)
   GPU: browser GPU (auto-detect)

[?25l│
◇  Browser: cache
[?25h  █░░░░░░░░░░░░░░░░░░░░░░░░  5%  Compiling composition
  ██░░░░░░░░░░░░░░░░░░░░░░░  10%  Extracting video frames
  █████░░░░░░░░░░░░░░░░░░░░  20%  Processing audio tracks
  ██████░░░░░░░░░░░░░░░░░░░  25%  Starting frame capture
[BrowserManager] Browser launched (HeadlessChrome/152.0.7977.30, screenshot, gl=--use-gl=angle --use-angle=metal, headlessShell=true, platform=darwin)
[initSession:screenshot] page.goto start (0ms)
[HyperFrames] render runtime fps [object Object]
[initSession:screenshot] page.goto complete (89ms)
[initSession:screenshot] GSAP proxy flush complete (119ms)
[initSession:screenshot] pollHfReady complete (119ms)
[initSession:screenshot] pollSubCompositionTimelines complete (ready) (120ms)
[initSession:screenshot] applyVideoMetadataHints complete (120ms)
[initSession:screenshot] media + fonts + tailwind ready (121ms)
[initSession:screenshot] timeline at-risk predictor: 0/345 frames (0%) (147ms)
[initSession:screenshot] static-frame dedup: 261/261 predicted frame(s) reusable (outcome=verified, runs=6/6, screenshots=30, seeks=31, elapsedMs=1211) (1545ms)
[initSession:screenshot] drawElement self-verify armed: 4 ground-truth frame(s) @ [86, 173, 259, 328] of 345 (1919ms)
[initSession:drawelement] drawElement canvas injected (1920ms)
[initSession:drawelement] screenshot fallback: 5 clip-boundary frame(s) (1920ms)
[initSession:drawelement] drawElement worker encode initialized (1921ms)
  ██████░░░░░░░░░░░░░░░░░░░  25%  Capturing frame 0/345 (4 workers)
  ██████░░░░░░░░░░░░░░░░░░░  25%  Capturing frame 0/345 (4 workers)
  ██████░░░░░░░░░░░░░░░░░░░  25%  Capturing frame 0/345 (4 workers)
  ██████░░░░░░░░░░░░░░░░░░░  25%  Capturing frame 0/345 (4 workers)
[BrowserManager] Browser launched (HeadlessChrome/152.0.7977.30, screenshot, gl=--use-gl=angle --use-angle=metal, headlessShell=true, platform=darwin)
  ██████░░░░░░░░░░░░░░░░░░░  25%  Capturing frame 0/345 (4 workers)
[initSession:screenshot] page.goto start (0ms)
  ██████░░░░░░░░░░░░░░░░░░░  25%  Capturing frame 0/345 (4 workers)
  ██████░░░░░░░░░░░░░░░░░░░  25%  Capturing frame 0/345 (4 workers)
[initSession:screenshot] page.goto start (0ms)
  ██████░░░░░░░░░░░░░░░░░░░  25%  Capturing frame 0/345 (4 workers)
  ██████░░░░░░░░░░░░░░░░░░░  25%  Capturing frame 0/345 (4 workers)
[initSession:screenshot] page.goto start (0ms)
  ██████░░░░░░░░░░░░░░░░░░░  25%  Capturing frame 0/345 (4 workers)
  ██████░░░░░░░░░░░░░░░░░░░  25%  Capturing frame 0/345 (4 workers)
[initSession:screenshot] page.goto start (0ms)
  ██████░░░░░░░░░░░░░░░░░░░  25%  Capturing frame 0/345 (4 workers)
[HyperFrames] render runtime fps [object Object]
[HyperFrames] render runtime fps [object Object]
[HyperFrames] render runtime fps [object Object]
[HyperFrames] render runtime fps [object Object]
[initSession:screenshot] page.goto complete (109ms)
[initSession:screenshot] page.goto complete (128ms)
[initSession:screenshot] page.goto complete (134ms)
[initSession:screenshot] page.goto complete (155ms)
[initSession:screenshot] GSAP proxy flush complete (152ms)
[initSession:screenshot] GSAP proxy flush complete (154ms)
[initSession:screenshot] GSAP proxy flush complete (154ms)
[initSession:screenshot] GSAP proxy flush complete (158ms)
[initSession:screenshot] pollHfReady complete (155ms)
[initSession:screenshot] pollHfReady complete (156ms)
[initSession:screenshot] pollHfReady complete (156ms)
[initSession:screenshot] pollHfReady complete (159ms)
[initSession:screenshot] pollSubCompositionTimelines complete (ready) (157ms)
[initSession:screenshot] applyVideoMetadataHints complete (157ms)
[initSession:screenshot] pollSubCompositionTimelines complete (ready) (156ms)
[initSession:screenshot] applyVideoMetadataHints complete (156ms)
[initSession:screenshot] pollSubCompositionTimelines complete (ready) (161ms)
[initSession:screenshot] applyVideoMetadataHints complete (161ms)
[initSession:screenshot] pollSubCompositionTimelines complete (ready) (158ms)
[initSession:screenshot] applyVideoMetadataHints complete (158ms)
[initSession:screenshot] media + fonts + tailwind ready (159ms)
[initSession:screenshot] media + fonts + tailwind ready (158ms)
[initSession:screenshot] media + fonts + tailwind ready (162ms)
[initSession:screenshot] media + fonts + tailwind ready (159ms)
[initSession:screenshot] static-frame dedup: 261/261 predicted frame(s) reusable (outcome=verified, runs=6/6, screenshots=30, seeks=31, elapsedMs=1200) (1503ms)
  ██████░░░░░░░░░░░░░░░░░░░  25%  Capturing frame 0/345 (4 workers)
[initSession:screenshot] static-frame dedup: 261/261 predicted frame(s) reusable (outcome=verified, runs=6/6, screenshots=30, seeks=31, elapsedMs=1214) (1516ms)
  ██████░░░░░░░░░░░░░░░░░░░  25%  Capturing frame 0/345 (4 workers)
  ███████░░░░░░░░░░░░░░░░░░  29%  Capturing frame 30/345 (4 workers)
  ████████░░░░░░░░░░░░░░░░░  33%  Capturing frame 60/345 (4 workers)
  █████████░░░░░░░░░░░░░░░░  37%  Capturing frame 90/345 (4 workers)
[static-dedup] reused 82/84 frame(s) (98%), est. ~3444ms saved (avg 42ms/frame)
[initSession:screenshot] static-frame dedup: 261/261 predicted frame(s) reusable (outcome=verified, runs=6/6, screenshots=30, seeks=31, elapsedMs=1218) (1626ms)
[initSession:screenshot] static-frame dedup: 261/261 predicted frame(s) reusable (outcome=verified, runs=6/6, screenshots=30, seeks=31, elapsedMs=1220) (1636ms)
  ██████████░░░░░░░░░░░░░░░  41%  Capturing frame 120/345 (4 workers)
  ███████████░░░░░░░░░░░░░░  45%  Capturing frame 150/345 (4 workers)
  ████████████░░░░░░░░░░░░░  48%  Capturing frame 180/345 (4 workers)
  █████████████░░░░░░░░░░░░  52%  Capturing frame 210/345 (4 workers)
  ██████████████░░░░░░░░░░░  56%  Capturing frame 240/345 (4 workers)
  ███████████████░░░░░░░░░░  60%  Capturing frame 270/345 (4 workers)
  ████████████████░░░░░░░░░  64%  Capturing frame 300/345 (4 workers)
  █████████████████░░░░░░░░  68%  Capturing frame 330/345 (4 workers)
[static-dedup] reused 64/87 frame(s) (74%), est. ~2816ms saved (avg 44ms/frame)
[static-dedup] reused 58/87 frame(s) (67%), est. ~2436ms saved (avg 42ms/frame)
  █████████████████░░░░░░░░  70%  Capturing frame 345/345 (4 workers)
[static-dedup] reused 55/87 frame(s) (63%), est. ~2365ms saved (avg 43ms/frame)
  ██████████████████░░░░░░░  75%  Encoding video
  ██████████████████████░░░  90%  Assembling final video
  █████████████████████████  100%  Render complete

◇  /Users/brownmanbrain/GitHub/operator-economy/blueprint-cinema/experiments/EP009-FULL-BUILD-001/scenes/seg018/qa/seg018.mp4
   729.8 KB · 14.4s video · rendered in 6.8s
[INFO] [Render] Pipeline started {"renderJobId":"3e3e6971-7baa-4f7e-b0e9-83d540c2327e","platform":"darwin","arch":"arm64","nodeVersion":"v25.6.1","fps":{"num":24,"den":1},"format":"mp4","quality":"high","browserGpuMode":"auto","forceScreenshot":false,"protocolTimeout":300000,"browserTimeout":120000,"pageNavigationTimeout":60000,"playerReadyTimeout":45000}
[INFO] [Render:trace] {"renderJobId":"3e3e6971-7baa-4f7e-b0e9-83d540c2327e","phase":"pipeline","status":"checkpoint","elapsedMs":1,"message":"started","format":"mp4","quality":"high","browserGpuMode":"auto","forceScreenshot":false,"protocolTimeoutMs":300000,"pageNavigationTimeoutMs":60000,"playerReadyTimeoutMs":45000,"requestedWorkers":"auto"}
[INFO] [Render:trace] {"renderJobId":"3e3e6971-7baa-4f7e-b0e9-83d540c2327e","phase":"compile","status":"start","elapsedMs":2,"needsAlpha":false}
[INFO] [Compiler] Embedded local font file: public/fonts/boska-700.woff2 (30 KB → data URI)
[INFO] [Compiler] Embedded local font file: public/fonts/supreme-400.woff2 (18 KB → data URI)
[INFO] [Compiler] Embedded local font file: public/fonts/supreme-500.woff2 (18 KB → data URI)
[INFO] Compiled composition metadata {"renderJobId":"3e3e6971-7baa-4f7e-b0e9-83d540c2327e","entryFile":"index.html","staticDuration":14.375,"width":1280,"height":720,"videoCount":0,"audioCount":1,"renderModeHints":{"recommendScreenshot":false,"reasons":[]}}
[INFO] [Render:trace] {"renderJobId":"3e3e6971-7baa-4f7e-b0e9-83d540c2327e","phase":"compile","status":"end","elapsedMs":60,"durationMs":58,"needsAlpha":false}
[INFO] [Render:trace] {"renderJobId":"3e3e6971-7baa-4f7e-b0e9-83d540c2327e","phase":"compile","status":"checkpoint","elapsedMs":60,"message":"composition metadata resolved","width":1280,"height":720,"videoCount":0,"audioCount":1,"imageCount":0,"deviceScaleFactor":1,"forceScreenshot":false,"compositionHash":"945c8d441e0d3284"}
[INFO] [Render:trace] {"renderJobId":"3e3e6971-7baa-4f7e-b0e9-83d540c2327e","phase":"browser_probe","status":"start","elapsedMs":60,"forceScreenshot":false,"stagePhase":"calibrating"}
[INFO] [Render:trace] {"renderJobId":"3e3e6971-7baa-4f7e-b0e9-83d540c2327e","phase":"browser_probe","status":"end","elapsedMs":62,"durationMs":2,"forceScreenshot":false,"stagePhase":"calibrating"}
[INFO] [Render:trace] {"renderJobId":"3e3e6971-7baa-4f7e-b0e9-83d540c2327e","phase":"browser_probe","status":"checkpoint","elapsedMs":62,"message":"duration resolved","durationSeconds":14.375,"totalFrames":345,"compositionHash":"945c8d441e0d3284","beginFrameStalled":false}
[INFO] [Render:trace] {"renderJobId":"3e3e6971-7baa-4f7e-b0e9-83d540c2327e","phase":"video_extract","status":"start","elapsedMs":62,"videoCount":0}
[INFO] [Render:trace] {"renderJobId":"3e3e6971-7baa-4f7e-b0e9-83d540c2327e","phase":"video_extract","status":"end","elapsedMs":63,"durationMs":1,"videoCount":0}
[INFO] [Render:trace] {"renderJobId":"3e3e6971-7baa-4f7e-b0e9-83d540c2327e","phase":"video_extract","status":"checkpoint","elapsedMs":63,"message":"frames resolved","videoCount":0,"extractedVideoCount":0,"totalFramesExtracted":0,"maxFramesPerVideo":0,"avgFramesPerExtractedVideo":null,"vfrPreflightCount":null,"vfrPreflightMs":null,"cacheHits":null,"cacheMisses":null,"transientRetries":null,"minVideoFrameCoverageRatio":null,"authoredTimedClipCount":2}
[INFO] [Render] No HDR sources detected — rendering SDR {"renderJobId":"3e3e6971-7baa-4f7e-b0e9-83d540c2327e"}
[INFO] [Render:trace] {"renderJobId":"3e3e6971-7baa-4f7e-b0e9-83d540c2327e","phase":"hdr_detection","status":"checkpoint","elapsedMs":63,"message":"resolved","requestedHdrMode":"auto","effectiveHdr":"sdr","nativeHdrVideoCount":0,"nativeHdrImageCount":0}
[INFO] [Render:trace] {"renderJobId":"3e3e6971-7baa-4f7e-b0e9-83d540c2327e","phase":"audio_process","status":"start","elapsedMs":63,"audioCount":1}
[INFO] [Render:trace] {"renderJobId":"3e3e6971-7baa-4f7e-b0e9-83d540c2327e","phase":"audio_process","status":"end","elapsedMs":370,"durationMs":307,"audioCount":1}
[INFO] [Render:trace] {"renderJobId":"3e3e6971-7baa-4f7e-b0e9-83d540c2327e","phase":"file_server","status":"start","elapsedMs":370,"reused":false}
[INFO] [Render:trace] {"renderJobId":"3e3e6971-7baa-4f7e-b0e9-83d540c2327e","phase":"file_server","status":"end","elapsedMs":375,"durationMs":5}
[hyperframes] browserGpuMode probe → hardware (WebGL renderer vendor="Google Inc. (Apple)" renderer="ANGLE (Apple, ANGLE Metal Renderer: Apple M4, Unspecified Version)")
[INFO] [Render:trace] {"renderJobId":"3e3e6971-7baa-4f7e-b0e9-83d540c2327e","phase":"capture_calibration","status":"start","elapsedMs":525,"stagePhase":"calibrating","forceScreenshot":false,"totalFrames":345,"framesCompleted":0,"captureMode":"drawelement","captureOperation":"drawElement"}
[INFO] [Render] Calibration config {"renderJobId":"3e3e6971-7baa-4f7e-b0e9-83d540c2327e","protocolTimeout":30000,"parentProtocolTimeout":300000,"forceScreenshot":false,"totalFrames":345}
[INFO] Launching browser for capture calibration... {"renderJobId":"3e3e6971-7baa-4f7e-b0e9-83d540c2327e"}
[INFO] Initializing calibration session... {"renderJobId":"3e3e6971-7baa-4f7e-b0e9-83d540c2327e"}
[INFO] Calibration session ready, capturing test frames... {"renderJobId":"3e3e6971-7baa-4f7e-b0e9-83d540c2327e"}
[INFO] Calibration: capturing test frame 1/5... {"renderJobId":"3e3e6971-7baa-4f7e-b0e9-83d540c2327e"}
[INFO] Calibration: capturing test frame 2/5... {"renderJobId":"3e3e6971-7baa-4f7e-b0e9-83d540c2327e"}
[INFO] Calibration: capturing test frame 3/5... {"renderJobId":"3e3e6971-7baa-4f7e-b0e9-83d540c2327e"}
[INFO] Calibration: capturing test frame 4/5... {"renderJobId":"3e3e6971-7baa-4f7e-b0e9-83d540c2327e"}
[INFO] Calibration: capturing test frame 5/5... {"renderJobId":"3e3e6971-7baa-4f7e-b0e9-83d540c2327e"}
[INFO] Calibration complete, estimated cost: 17ms/frame (p95) {"renderJobId":"3e3e6971-7baa-4f7e-b0e9-83d540c2327e"}
[INFO] [Render:trace] {"renderJobId":"3e3e6971-7baa-4f7e-b0e9-83d540c2327e","phase":"capture_calibration","status":"end","elapsedMs":2709,"durationMs":2184,"stagePhase":"calibrating","forceScreenshot":false,"totalFrames":345,"framesCompleted":0,"captureMode":"drawelement","captureOperation":"drawElement"}
[INFO] [Render:trace] {"renderJobId":"3e3e6971-7baa-4f7e-b0e9-83d540c2327e","phase":"capture_calibration","status":"checkpoint","elapsedMs":2709,"message":"resolved","forceScreenshot":false,"multiplier":1,"p95Ms":17}
[INFO] [Render:trace] {"renderJobId":"3e3e6971-7baa-4f7e-b0e9-83d540c2327e","phase":"worker_resolution","status":"checkpoint","elapsedMs":2710,"message":"resolved","workerCount":4}
[INFO] [Render] Fast capture: default-on drawElement disabled for this render — parallel capture has no runtime self-verification. Set PRODUCER_EXPERIMENTAL_FAST_CAPTURE=true to override. {"renderJobId":"3e3e6971-7baa-4f7e-b0e9-83d540c2327e"}
[INFO] streaming-encode gate {"renderJobId":"3e3e6971-7baa-4f7e-b0e9-83d540c2327e","enabled":false,"configFlag":true,"outputFormat":"mp4","workerCount":4,"durationSeconds":14.375,"maxDurationSeconds":240}
[INFO] [Render:trace] {"renderJobId":"3e3e6971-7baa-4f7e-b0e9-83d540c2327e","phase":"capture_strategy","status":"checkpoint","elapsedMs":2710,"message":"resolved","workerCount":4,"forceScreenshot":false,"captureBeyondViewport":null,"useStreamingEncode":false,"useLayeredComposite":false,"usePageSideCompositing":false,"hasHdrContent":false,"hasShaderTransitions":false,"isPngSequence":false}
[INFO] [Render:trace] {"renderJobId":"3e3e6971-7baa-4f7e-b0e9-83d540c2327e","phase":"capture_disk","status":"start","elapsedMs":2710,"stagePhase":"capturing","needsAlpha":false,"workerCount":4,"forceScreenshot":false,"totalFrames":345,"framesCompleted":0,"captureMode":"beginframe","captureOperation":"beginFrame"}
[INFO] [Render:trace] {"renderJobId":"3e3e6971-7baa-4f7e-b0e9-83d540c2327e","phase":"capture_disk","status":"end","elapsedMs":5850,"durationMs":3140,"stagePhase":"capturing","needsAlpha":false,"workerCount":4,"forceScreenshot":false,"totalFrames":345,"framesCompleted":345,"captureMode":"beginframe","captureOperation":"encode"}
[INFO] [Render:trace] {"renderJobId":"3e3e6971-7baa-4f7e-b0e9-83d540c2327e","phase":"encode","status":"start","elapsedMs":5850,"stagePhase":"capturing","hasAudio":true,"isPngSequence":false,"isGif":false,"chunkedEncode":false,"workerCount":4,"forceScreenshot":false,"totalFrames":345,"framesCompleted":345,"captureMode":"beginframe","captureOperation":"encode"}
[INFO] [Render:trace] {"renderJobId":"3e3e6971-7baa-4f7e-b0e9-83d540c2327e","phase":"encode","status":"end","elapsedMs":6404,"durationMs":554,"stagePhase":"capturing","hasAudio":true,"isPngSequence":false,"isGif":false,"chunkedEncode":false,"workerCount":4,"forceScreenshot":false,"totalFrames":345,"framesCompleted":345,"captureMode":"beginframe","captureOperation":"encode"}
[INFO] [Render:trace] {"renderJobId":"3e3e6971-7baa-4f7e-b0e9-83d540c2327e","phase":"assemble","status":"start","elapsedMs":6405,"stagePhase":"capturing","hasAudio":true,"workerCount":4,"forceScreenshot":false,"totalFrames":345,"framesCompleted":345,"captureMode":"beginframe","captureOperation":"encode"}
[INFO] [Render:trace] {"renderJobId":"3e3e6971-7baa-4f7e-b0e9-83d540c2327e","phase":"assemble","status":"end","elapsedMs":6764,"durationMs":359,"stagePhase":"capturing","hasAudio":true,"workerCount":4,"forceScreenshot":false,"totalFrames":345,"framesCompleted":345,"captureMode":"beginframe","captureOperation":"encode"}
[INFO] [Render:trace] {"renderJobId":"3e3e6971-7baa-4f7e-b0e9-83d540c2327e","phase":"pipeline","status":"checkpoint","elapsedMs":6786,"message":"artifact validated","totalElapsedMs":6784}
