
◆  Rendering r49-concentration → /Users/brownmanbrain/GitHub/operator-economy/blueprint-cinema/experiments/EP007-NET-NEW-UNFINISHED-ANSWER-003/hyperframes/reviews/r49-concentration/qa/r49-concentration.mp4
   24fps · high · auto workers (10 cores detected)
   GPU: browser GPU (auto-detect)

[?25l│
◇  Browser: cache
[?25h[INFO] [Render] Pipeline started {"renderJobId":"cd15224a-e928-41fd-929d-cb4c2e098e6b","platform":"darwin","arch":"arm64","nodeVersion":"v25.6.1","fps":{"num":24,"den":1},"format":"mp4","quality":"high","browserGpuMode":"auto","forceScreenshot":false,"protocolTimeout":300000,"browserTimeout":120000,"pageNavigationTimeout":60000,"playerReadyTimeout":45000}
[INFO] [Render:trace] {"renderJobId":"cd15224a-e928-41fd-929d-cb4c2e098e6b","phase":"pipeline","status":"checkpoint","elapsedMs":2,"message":"started","format":"mp4","quality":"high","browserGpuMode":"auto","forceScreenshot":false,"protocolTimeoutMs":300000,"pageNavigationTimeoutMs":60000,"playerReadyTimeoutMs":45000,"requestedWorkers":"auto"}
[INFO] [Render:trace] {"renderJobId":"cd15224a-e928-41fd-929d-cb4c2e098e6b","phase":"compile","status":"start","elapsedMs":2,"needsAlpha":false}
  █░░░░░░░░░░░░░░░░░░░░░░░░  5%  Compiling composition
[INFO] [Compiler] Embedded local font file: public/fonts/boska-700.woff2 (30 KB → data URI)
[INFO] [Compiler] Embedded local font file: public/fonts/supreme-500.woff2 (18 KB → data URI)
[INFO] Compiled composition metadata {"renderJobId":"cd15224a-e928-41fd-929d-cb4c2e098e6b","entryFile":"index.html","staticDuration":6.791666666666667,"width":1280,"height":720,"videoCount":0,"audioCount":1,"renderModeHints":{"recommendScreenshot":false,"reasons":[]}}
[INFO] [Render:trace] {"renderJobId":"cd15224a-e928-41fd-929d-cb4c2e098e6b","phase":"compile","status":"end","elapsedMs":61,"durationMs":59,"needsAlpha":false}
[INFO] [Render:trace] {"renderJobId":"cd15224a-e928-41fd-929d-cb4c2e098e6b","phase":"compile","status":"checkpoint","elapsedMs":61,"message":"composition metadata resolved","width":1280,"height":720,"videoCount":0,"audioCount":1,"imageCount":0,"deviceScaleFactor":1,"forceScreenshot":false,"compositionHash":"927e5caf96056a50"}
[INFO] [Render:trace] {"renderJobId":"cd15224a-e928-41fd-929d-cb4c2e098e6b","phase":"browser_probe","status":"start","elapsedMs":61,"forceScreenshot":false,"stagePhase":"calibrating"}
[INFO] [Render:trace] {"renderJobId":"cd15224a-e928-41fd-929d-cb4c2e098e6b","phase":"browser_probe","status":"end","elapsedMs":63,"durationMs":2,"forceScreenshot":false,"stagePhase":"calibrating"}
[INFO] [Render:trace] {"renderJobId":"cd15224a-e928-41fd-929d-cb4c2e098e6b","phase":"browser_probe","status":"checkpoint","elapsedMs":63,"message":"duration resolved","durationSeconds":6.791666666666667,"totalFrames":163,"compositionHash":"927e5caf96056a50","beginFrameStalled":false}
[INFO] [Render:trace] {"renderJobId":"cd15224a-e928-41fd-929d-cb4c2e098e6b","phase":"video_extract","status":"start","elapsedMs":63,"videoCount":0}
  ██░░░░░░░░░░░░░░░░░░░░░░░  10%  Extracting video frames
[INFO] [Render:trace] {"renderJobId":"cd15224a-e928-41fd-929d-cb4c2e098e6b","phase":"video_extract","status":"end","elapsedMs":64,"durationMs":1,"videoCount":0}
[INFO] [Render:trace] {"renderJobId":"cd15224a-e928-41fd-929d-cb4c2e098e6b","phase":"video_extract","status":"checkpoint","elapsedMs":64,"message":"frames resolved","videoCount":0,"extractedVideoCount":0,"totalFramesExtracted":0,"maxFramesPerVideo":0,"avgFramesPerExtractedVideo":null,"vfrPreflightCount":null,"vfrPreflightMs":null,"cacheHits":null,"cacheMisses":null,"transientRetries":null,"minVideoFrameCoverageRatio":null,"authoredTimedClipCount":2}
[INFO] [Render] No HDR sources detected — rendering SDR {"renderJobId":"cd15224a-e928-41fd-929d-cb4c2e098e6b"}
[INFO] [Render:trace] {"renderJobId":"cd15224a-e928-41fd-929d-cb4c2e098e6b","phase":"hdr_detection","status":"checkpoint","elapsedMs":64,"message":"resolved","requestedHdrMode":"auto","effectiveHdr":"sdr","nativeHdrVideoCount":0,"nativeHdrImageCount":0}
[INFO] [Render:trace] {"renderJobId":"cd15224a-e928-41fd-929d-cb4c2e098e6b","phase":"audio_process","status":"start","elapsedMs":64,"audioCount":1}
  █████░░░░░░░░░░░░░░░░░░░░  20%  Processing audio tracks
[INFO] [Render:trace] {"renderJobId":"cd15224a-e928-41fd-929d-cb4c2e098e6b","phase":"audio_process","status":"end","elapsedMs":279,"durationMs":215,"audioCount":1}
[INFO] [Render:trace] {"renderJobId":"cd15224a-e928-41fd-929d-cb4c2e098e6b","phase":"file_server","status":"start","elapsedMs":279,"reused":false}
  ██████░░░░░░░░░░░░░░░░░░░  25%  Starting frame capture
[INFO] [Render:trace] {"renderJobId":"cd15224a-e928-41fd-929d-cb4c2e098e6b","phase":"file_server","status":"end","elapsedMs":285,"durationMs":6}
[hyperframes] browserGpuMode probe → hardware (WebGL renderer vendor="Google Inc. (Apple)" renderer="ANGLE (Apple, ANGLE Metal Renderer: Apple M4, Unspecified Version)")
[INFO] [Render:trace] {"renderJobId":"cd15224a-e928-41fd-929d-cb4c2e098e6b","phase":"capture_calibration","status":"start","elapsedMs":448,"stagePhase":"calibrating","forceScreenshot":false,"totalFrames":163,"framesCompleted":0,"captureMode":"drawelement","captureOperation":"drawElement"}
[INFO] [Render] Calibration config {"renderJobId":"cd15224a-e928-41fd-929d-cb4c2e098e6b","protocolTimeout":30000,"parentProtocolTimeout":300000,"forceScreenshot":false,"totalFrames":163}
[INFO] Launching browser for capture calibration... {"renderJobId":"cd15224a-e928-41fd-929d-cb4c2e098e6b"}
[BrowserManager] Browser launched (HeadlessChrome/152.0.7977.30, screenshot, gl=--use-gl=angle --use-angle=metal, headlessShell=true, platform=darwin)
[INFO] Initializing calibration session... {"renderJobId":"cd15224a-e928-41fd-929d-cb4c2e098e6b"}
[initSession:screenshot] page.goto start (0ms)
[HyperFrames] render runtime fps [object Object]
[initSession:screenshot] page.goto complete (103ms)
[initSession:screenshot] GSAP proxy flush complete (133ms)
[initSession:screenshot] pollHfReady complete (134ms)
[initSession:screenshot] pollSubCompositionTimelines complete (ready) (135ms)
[initSession:screenshot] applyVideoMetadataHints complete (135ms)
[initSession:screenshot] media + fonts + tailwind ready (136ms)
[initSession:screenshot] timeline at-risk predictor: 0/164 frames (0%) (166ms)
[initSession:screenshot] static-frame dedup: 73/73 predicted frame(s) reusable (outcome=verified, runs=4/4, screenshots=28, seeks=29, elapsedMs=1146) (1502ms)
[initSession:screenshot] drawElement self-verify armed: 4 ground-truth frame(s) @ [41, 82, 122, 155] of 163 (1879ms)
[initSession:drawelement] drawElement canvas injected (1882ms)
[initSession:drawelement] screenshot fallback: 5 clip-boundary frame(s) (1886ms)
[initSession:drawelement] drawElement worker encode initialized (1889ms)
[INFO] Calibration session ready, capturing test frames... {"renderJobId":"cd15224a-e928-41fd-929d-cb4c2e098e6b"}
[INFO] Calibration: capturing test frame 1/5... {"renderJobId":"cd15224a-e928-41fd-929d-cb4c2e098e6b"}
[INFO] Calibration: capturing test frame 2/5... {"renderJobId":"cd15224a-e928-41fd-929d-cb4c2e098e6b"}
[INFO] Calibration: capturing test frame 3/5... {"renderJobId":"cd15224a-e928-41fd-929d-cb4c2e098e6b"}
[INFO] Calibration: capturing test frame 4/5... {"renderJobId":"cd15224a-e928-41fd-929d-cb4c2e098e6b"}
[INFO] Calibration: capturing test frame 5/5... {"renderJobId":"cd15224a-e928-41fd-929d-cb4c2e098e6b"}
[INFO] Calibration complete, estimated cost: 22ms/frame (p95) {"renderJobId":"cd15224a-e928-41fd-929d-cb4c2e098e6b"}
[INFO] [Render:trace] {"renderJobId":"cd15224a-e928-41fd-929d-cb4c2e098e6b","phase":"capture_calibration","status":"end","elapsedMs":2610,"durationMs":2162,"stagePhase":"calibrating","forceScreenshot":false,"totalFrames":163,"framesCompleted":0,"captureMode":"drawelement","captureOperation":"drawElement"}
[INFO] [Render:trace] {"renderJobId":"cd15224a-e928-41fd-929d-cb4c2e098e6b","phase":"capture_calibration","status":"checkpoint","elapsedMs":2610,"message":"resolved","forceScreenshot":false,"multiplier":1,"p95Ms":22}
[INFO] [Render:trace] {"renderJobId":"cd15224a-e928-41fd-929d-cb4c2e098e6b","phase":"worker_resolution","status":"checkpoint","elapsedMs":2611,"message":"resolved","workerCount":5}
[INFO] [Render] Fast capture: default-on drawElement disabled for this render — parallel capture has no runtime self-verification. Set PRODUCER_EXPERIMENTAL_FAST_CAPTURE=true to override. {"renderJobId":"cd15224a-e928-41fd-929d-cb4c2e098e6b"}
[INFO] streaming-encode gate {"renderJobId":"cd15224a-e928-41fd-929d-cb4c2e098e6b","enabled":false,"configFlag":true,"outputFormat":"mp4","workerCount":5,"durationSeconds":6.791666666666667,"maxDurationSeconds":240}
[INFO] [Render:trace] {"renderJobId":"cd15224a-e928-41fd-929d-cb4c2e098e6b","phase":"capture_strategy","status":"checkpoint","elapsedMs":2611,"message":"resolved","workerCount":5,"forceScreenshot":false,"captureBeyondViewport":null,"useStreamingEncode":false,"useLayeredComposite":false,"usePageSideCompositing":false,"hasHdrContent":false,"hasShaderTransitions":false,"isPngSequence":false}
[INFO] [Render:trace] {"renderJobId":"cd15224a-e928-41fd-929d-cb4c2e098e6b","phase":"capture_disk","status":"start","elapsedMs":2611,"stagePhase":"capturing","needsAlpha":false,"workerCount":5,"forceScreenshot":false,"totalFrames":163,"framesCompleted":0,"captureMode":"beginframe","captureOperation":"beginFrame"}
  ██████░░░░░░░░░░░░░░░░░░░  25%  Capturing frame 0/163 (5 workers)
  ██████░░░░░░░░░░░░░░░░░░░  25%  Capturing frame 0/163 (5 workers)
  ██████░░░░░░░░░░░░░░░░░░░  25%  Capturing frame 0/163 (5 workers)
  ██████░░░░░░░░░░░░░░░░░░░  25%  Capturing frame 0/163 (5 workers)
  ██████░░░░░░░░░░░░░░░░░░░  25%  Capturing frame 0/163 (5 workers)
[BrowserManager] Browser launched (HeadlessChrome/152.0.7977.30, screenshot, gl=--use-gl=angle --use-angle=metal, headlessShell=true, platform=darwin)
  ██████░░░░░░░░░░░░░░░░░░░  25%  Capturing frame 0/163 (5 workers)
[initSession:screenshot] page.goto start (0ms)
  ██████░░░░░░░░░░░░░░░░░░░  25%  Capturing frame 0/163 (5 workers)
  ██████░░░░░░░░░░░░░░░░░░░  25%  Capturing frame 0/163 (5 workers)
[initSession:screenshot] page.goto start (0ms)
  ██████░░░░░░░░░░░░░░░░░░░  25%  Capturing frame 0/163 (5 workers)
  ██████░░░░░░░░░░░░░░░░░░░  25%  Capturing frame 0/163 (5 workers)
[initSession:screenshot] page.goto start (0ms)
  ██████░░░░░░░░░░░░░░░░░░░  25%  Capturing frame 0/163 (5 workers)
  ██████░░░░░░░░░░░░░░░░░░░  25%  Capturing frame 0/163 (5 workers)
[initSession:screenshot] page.goto start (0ms)
  ██████░░░░░░░░░░░░░░░░░░░  25%  Capturing frame 0/163 (5 workers)
  ██████░░░░░░░░░░░░░░░░░░░  25%  Capturing frame 0/163 (5 workers)
[initSession:screenshot] page.goto start (0ms)
  ██████░░░░░░░░░░░░░░░░░░░  25%  Capturing frame 0/163 (5 workers)
[HyperFrames] render runtime fps [object Object]
[HyperFrames] render runtime fps [object Object]
[HyperFrames] render runtime fps [object Object]
[HyperFrames] render runtime fps [object Object]
[HyperFrames] render runtime fps [object Object]
[initSession:screenshot] page.goto complete (198ms)
[initSession:screenshot] page.goto complete (197ms)
[initSession:screenshot] page.goto complete (199ms)
[initSession:screenshot] page.goto complete (201ms)
[initSession:screenshot] page.goto complete (200ms)
[initSession:screenshot] GSAP proxy flush complete (204ms)
[initSession:screenshot] GSAP proxy flush complete (202ms)
[initSession:screenshot] GSAP proxy flush complete (204ms)
[initSession:screenshot] GSAP proxy flush complete (203ms)
[initSession:screenshot] GSAP proxy flush complete (204ms)
[initSession:screenshot] pollHfReady complete (204ms)
[initSession:screenshot] pollHfReady complete (203ms)
[initSession:screenshot] pollHfReady complete (205ms)
[initSession:screenshot] pollHfReady complete (204ms)
[initSession:screenshot] pollHfReady complete (205ms)
[initSession:screenshot] pollSubCompositionTimelines complete (ready) (207ms)
[initSession:screenshot] applyVideoMetadataHints complete (207ms)
[initSession:screenshot] pollSubCompositionTimelines complete (ready) (206ms)
[initSession:screenshot] applyVideoMetadataHints complete (206ms)
[initSession:screenshot] pollSubCompositionTimelines complete (ready) (208ms)
[initSession:screenshot] applyVideoMetadataHints complete (208ms)
[initSession:screenshot] pollSubCompositionTimelines complete (ready) (207ms)
[initSession:screenshot] applyVideoMetadataHints complete (207ms)
[initSession:screenshot] pollSubCompositionTimelines complete (ready) (209ms)
[initSession:screenshot] applyVideoMetadataHints complete (209ms)
[initSession:screenshot] media + fonts + tailwind ready (210ms)
[initSession:screenshot] media + fonts + tailwind ready (208ms)
[initSession:screenshot] media + fonts + tailwind ready (210ms)
[initSession:screenshot] media + fonts + tailwind ready (210ms)
[initSession:screenshot] media + fonts + tailwind ready (211ms)
[initSession:screenshot] static-frame dedup: 73/73 predicted frame(s) reusable (outcome=verified, runs=4/4, screenshots=28, seeks=29, elapsedMs=1142) (1554ms)
  ██████░░░░░░░░░░░░░░░░░░░  25%  Capturing frame 0/163 (5 workers)
[initSession:screenshot] static-frame dedup: 73/73 predicted frame(s) reusable (outcome=verified, runs=4/4, screenshots=28, seeks=29, elapsedMs=1129) (1636ms)
[initSession:screenshot] static-frame dedup: 73/73 predicted frame(s) reusable (outcome=verified, runs=4/4, screenshots=28, seeks=29, elapsedMs=1147) (1652ms)
[initSession:screenshot] static-frame dedup: 73/73 predicted frame(s) reusable (outcome=verified, runs=4/4, screenshots=28, seeks=29, elapsedMs=1165) (1674ms)
[initSession:screenshot] static-frame dedup: 73/73 predicted frame(s) reusable (outcome=verified, runs=4/4, screenshots=28, seeks=29, elapsedMs=1152) (1722ms)
  ████████░░░░░░░░░░░░░░░░░  33%  Capturing frame 30/163 (5 workers)
  ██████████░░░░░░░░░░░░░░░  42%  Capturing frame 60/163 (5 workers)
  ████████████░░░░░░░░░░░░░  50%  Capturing frame 90/163 (5 workers)
[static-dedup] reused 24/31 frame(s) (77%), est. ~1008ms saved (avg 42ms/frame)
  ██████████████░░░░░░░░░░░  58%  Capturing frame 120/163 (5 workers)
[static-dedup] reused 13/33 frame(s) (39%), est. ~559ms saved (avg 43ms/frame)
[static-dedup] reused 15/33 frame(s) (45%), est. ~645ms saved (avg 43ms/frame)
  ████████████████░░░░░░░░░  66%  Capturing frame 150/163 (5 workers)
[static-dedup] reused 11/33 frame(s) (33%), est. ~462ms saved (avg 42ms/frame)
  █████████████████░░░░░░░░  70%  Capturing frame 163/163 (5 workers)
[static-dedup] reused 9/33 frame(s) (27%), est. ~378ms saved (avg 42ms/frame)
[INFO] [Render:trace] {"renderJobId":"cd15224a-e928-41fd-929d-cb4c2e098e6b","phase":"capture_disk","status":"end","elapsedMs":5554,"durationMs":2943,"stagePhase":"capturing","needsAlpha":false,"workerCount":5,"forceScreenshot":false,"totalFrames":163,"framesCompleted":163,"captureMode":"beginframe","captureOperation":"encode"}
[INFO] [Render:trace] {"renderJobId":"cd15224a-e928-41fd-929d-cb4c2e098e6b","phase":"encode","status":"start","elapsedMs":5555,"stagePhase":"capturing","hasAudio":true,"isPngSequence":false,"isGif":false,"chunkedEncode":false,"workerCount":5,"forceScreenshot":false,"totalFrames":163,"framesCompleted":163,"captureMode":"beginframe","captureOperation":"encode"}
  ██████████████████░░░░░░░  75%  Encoding video
[INFO] [Render:trace] {"renderJobId":"cd15224a-e928-41fd-929d-cb4c2e098e6b","phase":"encode","status":"end","elapsedMs":5906,"durationMs":351,"stagePhase":"capturing","hasAudio":true,"isPngSequence":false,"isGif":false,"chunkedEncode":false,"workerCount":5,"forceScreenshot":false,"totalFrames":163,"framesCompleted":163,"captureMode":"beginframe","captureOperation":"encode"}
[INFO] [Render:trace] {"renderJobId":"cd15224a-e928-41fd-929d-cb4c2e098e6b","phase":"assemble","status":"start","elapsedMs":5906,"stagePhase":"capturing","hasAudio":true,"workerCount":5,"forceScreenshot":false,"totalFrames":163,"framesCompleted":163,"captureMode":"beginframe","captureOperation":"encode"}
  ██████████████████████░░░  90%  Assembling final video
[INFO] [Render:trace] {"renderJobId":"cd15224a-e928-41fd-929d-cb4c2e098e6b","phase":"assemble","status":"end","elapsedMs":6145,"durationMs":239,"stagePhase":"capturing","hasAudio":true,"workerCount":5,"forceScreenshot":false,"totalFrames":163,"framesCompleted":163,"captureMode":"beginframe","captureOperation":"encode"}
[INFO] [Render:trace] {"renderJobId":"cd15224a-e928-41fd-929d-cb4c2e098e6b","phase":"pipeline","status":"checkpoint","elapsedMs":6168,"message":"artifact validated","totalElapsedMs":6167}
  █████████████████████████  100%  Render complete

◇  /Users/brownmanbrain/GitHub/operator-economy/blueprint-cinema/experiments/EP007-NET-NEW-UNFINISHED-ANSWER-003/hyperframes/reviews/r49-concentration/qa/r49-concentration.mp4
   450.0 KB · 6.8s video · rendered in 6.2s
