
◆  Rendering r55-s12d → /Users/brownmanbrain/GitHub/operator-economy/blueprint-cinema/experiments/EP007-NET-NEW-UNFINISHED-ANSWER-003/hyperframes/reviews/r55-s12d/qa/r55-s12d.mp4
   24fps · high · auto workers (10 cores detected)
   GPU: browser GPU (auto-detect)

[?25l│
◇  Browser: cache
[?25h[INFO] [Render] Pipeline started {"renderJobId":"f39ab5fb-65b4-4ab7-a16e-41b136ba35f2","platform":"darwin","arch":"arm64","nodeVersion":"v25.6.1","fps":{"num":24,"den":1},"format":"mp4","quality":"high","browserGpuMode":"auto","forceScreenshot":false,"protocolTimeout":300000,"browserTimeout":120000,"pageNavigationTimeout":60000,"playerReadyTimeout":45000}
[INFO] [Render:trace] {"renderJobId":"f39ab5fb-65b4-4ab7-a16e-41b136ba35f2","phase":"pipeline","status":"checkpoint","elapsedMs":1,"message":"started","format":"mp4","quality":"high","browserGpuMode":"auto","forceScreenshot":false,"protocolTimeoutMs":300000,"pageNavigationTimeoutMs":60000,"playerReadyTimeoutMs":45000,"requestedWorkers":"auto"}
[INFO] [Render:trace] {"renderJobId":"f39ab5fb-65b4-4ab7-a16e-41b136ba35f2","phase":"compile","status":"start","elapsedMs":2,"needsAlpha":false}
  █░░░░░░░░░░░░░░░░░░░░░░░░  5%  Compiling composition
[INFO] [Compiler] Embedded local font file: public/fonts/boska-700.woff2 (30 KB → data URI)
[INFO] [Compiler] Embedded local font file: public/fonts/supreme-400.woff2 (18 KB → data URI)
[INFO] [Compiler] Embedded local font file: public/fonts/supreme-500.woff2 (18 KB → data URI)
[INFO] Compiled composition metadata {"renderJobId":"f39ab5fb-65b4-4ab7-a16e-41b136ba35f2","entryFile":"index.html","staticDuration":21.041666666666668,"width":1280,"height":720,"videoCount":0,"audioCount":1,"renderModeHints":{"recommendScreenshot":false,"reasons":[]}}
[INFO] [Render:trace] {"renderJobId":"f39ab5fb-65b4-4ab7-a16e-41b136ba35f2","phase":"compile","status":"end","elapsedMs":74,"durationMs":72,"needsAlpha":false}
[INFO] [Render:trace] {"renderJobId":"f39ab5fb-65b4-4ab7-a16e-41b136ba35f2","phase":"compile","status":"checkpoint","elapsedMs":74,"message":"composition metadata resolved","width":1280,"height":720,"videoCount":0,"audioCount":1,"imageCount":1,"deviceScaleFactor":1,"forceScreenshot":false,"compositionHash":"d8b7debba9d30d3c"}
[INFO] [Render:trace] {"renderJobId":"f39ab5fb-65b4-4ab7-a16e-41b136ba35f2","phase":"browser_probe","status":"start","elapsedMs":74,"forceScreenshot":false,"stagePhase":"calibrating"}
[INFO] [Render:trace] {"renderJobId":"f39ab5fb-65b4-4ab7-a16e-41b136ba35f2","phase":"browser_probe","status":"end","elapsedMs":78,"durationMs":4,"forceScreenshot":false,"stagePhase":"calibrating"}
[INFO] [Render:trace] {"renderJobId":"f39ab5fb-65b4-4ab7-a16e-41b136ba35f2","phase":"browser_probe","status":"checkpoint","elapsedMs":78,"message":"duration resolved","durationSeconds":21.041666666666668,"totalFrames":505,"compositionHash":"d8b7debba9d30d3c","beginFrameStalled":false}
[INFO] [Render:trace] {"renderJobId":"f39ab5fb-65b4-4ab7-a16e-41b136ba35f2","phase":"video_extract","status":"start","elapsedMs":78,"videoCount":0}
  ██░░░░░░░░░░░░░░░░░░░░░░░  10%  Extracting video frames
[INFO] [Render:trace] {"renderJobId":"f39ab5fb-65b4-4ab7-a16e-41b136ba35f2","phase":"video_extract","status":"end","elapsedMs":78,"durationMs":0,"videoCount":0}
[INFO] [Render:trace] {"renderJobId":"f39ab5fb-65b4-4ab7-a16e-41b136ba35f2","phase":"video_extract","status":"checkpoint","elapsedMs":79,"message":"frames resolved","videoCount":0,"extractedVideoCount":0,"totalFramesExtracted":0,"maxFramesPerVideo":0,"avgFramesPerExtractedVideo":null,"vfrPreflightCount":null,"vfrPreflightMs":null,"cacheHits":null,"cacheMisses":null,"transientRetries":null,"minVideoFrameCoverageRatio":null,"authoredTimedClipCount":2}
[INFO] [Render] No HDR sources detected — rendering SDR {"renderJobId":"f39ab5fb-65b4-4ab7-a16e-41b136ba35f2"}
[INFO] [Render:trace] {"renderJobId":"f39ab5fb-65b4-4ab7-a16e-41b136ba35f2","phase":"hdr_detection","status":"checkpoint","elapsedMs":79,"message":"resolved","requestedHdrMode":"auto","effectiveHdr":"sdr","nativeHdrVideoCount":0,"nativeHdrImageCount":0}
[INFO] [Render:trace] {"renderJobId":"f39ab5fb-65b4-4ab7-a16e-41b136ba35f2","phase":"audio_process","status":"start","elapsedMs":79,"audioCount":1}
  █████░░░░░░░░░░░░░░░░░░░░  20%  Processing audio tracks
[INFO] [Render:trace] {"renderJobId":"f39ab5fb-65b4-4ab7-a16e-41b136ba35f2","phase":"audio_process","status":"end","elapsedMs":522,"durationMs":443,"audioCount":1}
[INFO] [Render:trace] {"renderJobId":"f39ab5fb-65b4-4ab7-a16e-41b136ba35f2","phase":"file_server","status":"start","elapsedMs":522,"reused":false}
  ██████░░░░░░░░░░░░░░░░░░░  25%  Starting frame capture
[INFO] [Render:trace] {"renderJobId":"f39ab5fb-65b4-4ab7-a16e-41b136ba35f2","phase":"file_server","status":"end","elapsedMs":528,"durationMs":6}
[hyperframes] browserGpuMode probe → hardware (WebGL renderer vendor="Google Inc. (Apple)" renderer="ANGLE (Apple, ANGLE Metal Renderer: Apple M4, Unspecified Version)")
[INFO] [Render:trace] {"renderJobId":"f39ab5fb-65b4-4ab7-a16e-41b136ba35f2","phase":"capture_calibration","status":"start","elapsedMs":703,"stagePhase":"calibrating","forceScreenshot":false,"totalFrames":505,"framesCompleted":0,"captureMode":"drawelement","captureOperation":"drawElement"}
[INFO] [Render] Calibration config {"renderJobId":"f39ab5fb-65b4-4ab7-a16e-41b136ba35f2","protocolTimeout":30000,"parentProtocolTimeout":300000,"forceScreenshot":false,"totalFrames":505}
[INFO] Launching browser for capture calibration... {"renderJobId":"f39ab5fb-65b4-4ab7-a16e-41b136ba35f2"}
[BrowserManager] Browser launched (HeadlessChrome/152.0.7977.30, screenshot, gl=--use-gl=angle --use-angle=metal, headlessShell=true, platform=darwin)
[INFO] Initializing calibration session... {"renderJobId":"f39ab5fb-65b4-4ab7-a16e-41b136ba35f2"}
[initSession:screenshot] page.goto start (1ms)
[HyperFrames] render runtime fps [object Object]
[initSession:screenshot] page.goto complete (112ms)
[initSession:screenshot] GSAP proxy flush complete (115ms)
[initSession:screenshot] pollHfReady complete (117ms)
[initSession:screenshot] pollSubCompositionTimelines complete (ready) (119ms)
[initSession:screenshot] applyVideoMetadataHints complete (119ms)
[initSession:screenshot] media + fonts + tailwind ready (120ms)
[initSession:screenshot] timeline at-risk predictor: 25/506 frames (5%) (148ms)
[engine] fast capture: falling back to screenshot capture — 25/506 frames animate a compositor-incompatible prop (blend/3D/clip/mask); drawElementImage drops these mid-animation (deterministic timeline gate; see fast-capture-limitations.md Lim 7)
[initSession:screenshot] static-frame dedup: 367/367 predicted frame(s) reusable (outcome=verified, runs=7/7, screenshots=31, seeks=32, elapsedMs=1230) (1605ms)
[INFO] Calibration session ready, capturing test frames... {"renderJobId":"f39ab5fb-65b4-4ab7-a16e-41b136ba35f2"}
[INFO] Calibration: capturing test frame 1/5... {"renderJobId":"f39ab5fb-65b4-4ab7-a16e-41b136ba35f2"}
[INFO] Calibration: capturing test frame 2/5... {"renderJobId":"f39ab5fb-65b4-4ab7-a16e-41b136ba35f2"}
[INFO] Calibration: capturing test frame 3/5... {"renderJobId":"f39ab5fb-65b4-4ab7-a16e-41b136ba35f2"}
[INFO] Calibration: capturing test frame 4/5... {"renderJobId":"f39ab5fb-65b4-4ab7-a16e-41b136ba35f2"}
[INFO] Calibration: capturing test frame 5/5... {"renderJobId":"f39ab5fb-65b4-4ab7-a16e-41b136ba35f2"}
[INFO] Calibration complete, estimated cost: 48ms/frame (p95) {"renderJobId":"f39ab5fb-65b4-4ab7-a16e-41b136ba35f2"}
[INFO] [Render:trace] {"renderJobId":"f39ab5fb-65b4-4ab7-a16e-41b136ba35f2","phase":"capture_calibration","status":"end","elapsedMs":2649,"durationMs":1946,"stagePhase":"calibrating","forceScreenshot":false,"totalFrames":505,"framesCompleted":0,"captureMode":"drawelement","captureOperation":"drawElement"}
[INFO] [Render:trace] {"renderJobId":"f39ab5fb-65b4-4ab7-a16e-41b136ba35f2","phase":"capture_calibration","status":"checkpoint","elapsedMs":2649,"message":"resolved","forceScreenshot":false,"multiplier":1,"p95Ms":48}
[INFO] [Render:trace] {"renderJobId":"f39ab5fb-65b4-4ab7-a16e-41b136ba35f2","phase":"worker_resolution","status":"checkpoint","elapsedMs":2649,"message":"resolved","workerCount":4}
[INFO] [Render] Fast capture: default-on drawElement disabled for this render — parallel capture has no runtime self-verification. Set PRODUCER_EXPERIMENTAL_FAST_CAPTURE=true to override. {"renderJobId":"f39ab5fb-65b4-4ab7-a16e-41b136ba35f2"}
[INFO] streaming-encode gate {"renderJobId":"f39ab5fb-65b4-4ab7-a16e-41b136ba35f2","enabled":false,"configFlag":true,"outputFormat":"mp4","workerCount":4,"durationSeconds":21.041666666666668,"maxDurationSeconds":240}
[INFO] [Render:trace] {"renderJobId":"f39ab5fb-65b4-4ab7-a16e-41b136ba35f2","phase":"capture_strategy","status":"checkpoint","elapsedMs":2650,"message":"resolved","workerCount":4,"forceScreenshot":false,"captureBeyondViewport":null,"useStreamingEncode":false,"useLayeredComposite":false,"usePageSideCompositing":false,"hasHdrContent":false,"hasShaderTransitions":false,"isPngSequence":false}
[INFO] [Render:trace] {"renderJobId":"f39ab5fb-65b4-4ab7-a16e-41b136ba35f2","phase":"capture_disk","status":"start","elapsedMs":2650,"stagePhase":"capturing","needsAlpha":false,"workerCount":4,"forceScreenshot":false,"totalFrames":505,"framesCompleted":0,"captureMode":"beginframe","captureOperation":"beginFrame"}
  ██████░░░░░░░░░░░░░░░░░░░  25%  Capturing frame 0/505 (4 workers)
  ██████░░░░░░░░░░░░░░░░░░░  25%  Capturing frame 0/505 (4 workers)
  ██████░░░░░░░░░░░░░░░░░░░  25%  Capturing frame 0/505 (4 workers)
  ██████░░░░░░░░░░░░░░░░░░░  25%  Capturing frame 0/505 (4 workers)
[BrowserManager] Browser launched (HeadlessChrome/152.0.7977.30, screenshot, gl=--use-gl=angle --use-angle=metal, headlessShell=true, platform=darwin)
  ██████░░░░░░░░░░░░░░░░░░░  25%  Capturing frame 0/505 (4 workers)
[initSession:screenshot] page.goto start (0ms)
  ██████░░░░░░░░░░░░░░░░░░░  25%  Capturing frame 0/505 (4 workers)
  ██████░░░░░░░░░░░░░░░░░░░  25%  Capturing frame 0/505 (4 workers)
[initSession:screenshot] page.goto start (0ms)
  ██████░░░░░░░░░░░░░░░░░░░  25%  Capturing frame 0/505 (4 workers)
  ██████░░░░░░░░░░░░░░░░░░░  25%  Capturing frame 0/505 (4 workers)
[initSession:screenshot] page.goto start (0ms)
  ██████░░░░░░░░░░░░░░░░░░░  25%  Capturing frame 0/505 (4 workers)
  ██████░░░░░░░░░░░░░░░░░░░  25%  Capturing frame 0/505 (4 workers)
[initSession:screenshot] page.goto start (0ms)
  ██████░░░░░░░░░░░░░░░░░░░  25%  Capturing frame 0/505 (4 workers)
[HyperFrames] render runtime fps [object Object]
[HyperFrames] render runtime fps [object Object]
[HyperFrames] render runtime fps [object Object]
[HyperFrames] render runtime fps [object Object]
[initSession:screenshot] page.goto complete (118ms)
[initSession:screenshot] page.goto complete (117ms)
[initSession:screenshot] page.goto complete (121ms)
[initSession:screenshot] page.goto complete (133ms)
[initSession:screenshot] GSAP proxy flush complete (137ms)
[initSession:screenshot] GSAP proxy flush complete (139ms)
[initSession:screenshot] GSAP proxy flush complete (143ms)
[initSession:screenshot] GSAP proxy flush complete (145ms)
[initSession:screenshot] pollHfReady complete (146ms)
[initSession:screenshot] pollHfReady complete (144ms)
[initSession:screenshot] pollHfReady complete (144ms)
[initSession:screenshot] pollHfReady complete (147ms)
[initSession:screenshot] pollSubCompositionTimelines complete (ready) (145ms)
[initSession:screenshot] applyVideoMetadataHints complete (145ms)
[initSession:screenshot] pollSubCompositionTimelines complete (ready) (148ms)
[initSession:screenshot] applyVideoMetadataHints complete (148ms)
[initSession:screenshot] pollSubCompositionTimelines complete (ready) (146ms)
[initSession:screenshot] applyVideoMetadataHints complete (146ms)
[initSession:screenshot] pollSubCompositionTimelines complete (ready) (148ms)
[initSession:screenshot] applyVideoMetadataHints complete (148ms)
[initSession:screenshot] media + fonts + tailwind ready (147ms)
[initSession:screenshot] media + fonts + tailwind ready (149ms)
[initSession:screenshot] media + fonts + tailwind ready (147ms)
[initSession:screenshot] media + fonts + tailwind ready (149ms)
[initSession:screenshot] static-frame dedup: 367/367 predicted frame(s) reusable (outcome=verified, runs=7/7, screenshots=31, seeks=32, elapsedMs=1221) (1553ms)
  ██████░░░░░░░░░░░░░░░░░░░  25%  Capturing frame 0/505 (4 workers)
[initSession:screenshot] static-frame dedup: 367/367 predicted frame(s) reusable (outcome=verified, runs=7/7, screenshots=31, seeks=32, elapsedMs=1295) (1623ms)
[initSession:screenshot] static-frame dedup: 367/367 predicted frame(s) reusable (outcome=verified, runs=7/7, screenshots=31, seeks=32, elapsedMs=1219) (1650ms)
[initSession:screenshot] static-frame dedup: 367/367 predicted frame(s) reusable (outcome=verified, runs=7/7, screenshots=31, seeks=32, elapsedMs=1241) (1673ms)
  ███████░░░░░░░░░░░░░░░░░░  28%  Capturing frame 30/505 (4 workers)
  ███████░░░░░░░░░░░░░░░░░░  30%  Capturing frame 60/505 (4 workers)
  ████████░░░░░░░░░░░░░░░░░  33%  Capturing frame 90/505 (4 workers)
  █████████░░░░░░░░░░░░░░░░  36%  Capturing frame 120/505 (4 workers)
  █████████░░░░░░░░░░░░░░░░  38%  Capturing frame 150/505 (4 workers)
[static-dedup] reused 109/124 frame(s) (88%), est. ~4796ms saved (avg 44ms/frame)
  ██████████░░░░░░░░░░░░░░░  41%  Capturing frame 180/505 (4 workers)
  ███████████░░░░░░░░░░░░░░  44%  Capturing frame 210/505 (4 workers)
  ███████████░░░░░░░░░░░░░░  46%  Capturing frame 240/505 (4 workers)
  ████████████░░░░░░░░░░░░░  49%  Capturing frame 270/505 (4 workers)
  █████████████░░░░░░░░░░░░  52%  Capturing frame 300/505 (4 workers)
  █████████████░░░░░░░░░░░░  54%  Capturing frame 330/505 (4 workers)
  ██████████████░░░░░░░░░░░  57%  Capturing frame 360/505 (4 workers)
[static-dedup] reused 95/127 frame(s) (75%), est. ~4085ms saved (avg 43ms/frame)
  ███████████████░░░░░░░░░░  60%  Capturing frame 390/505 (4 workers)
  ███████████████░░░░░░░░░░  62%  Capturing frame 420/505 (4 workers)
  ████████████████░░░░░░░░░  65%  Capturing frame 450/505 (4 workers)
  █████████████████░░░░░░░░  68%  Capturing frame 480/505 (4 workers)
[static-dedup] reused 82/127 frame(s) (65%), est. ~3444ms saved (avg 42ms/frame)
  █████████████████░░░░░░░░  70%  Capturing frame 505/505 (4 workers)
[static-dedup] reused 80/127 frame(s) (63%), est. ~3440ms saved (avg 43ms/frame)
[INFO] [Render:trace] {"renderJobId":"f39ab5fb-65b4-4ab7-a16e-41b136ba35f2","phase":"capture_disk","status":"end","elapsedMs":6455,"durationMs":3805,"stagePhase":"capturing","needsAlpha":false,"workerCount":4,"forceScreenshot":false,"totalFrames":505,"framesCompleted":505,"captureMode":"beginframe","captureOperation":"encode"}
[INFO] [Render:trace] {"renderJobId":"f39ab5fb-65b4-4ab7-a16e-41b136ba35f2","phase":"encode","status":"start","elapsedMs":6456,"stagePhase":"capturing","hasAudio":true,"isPngSequence":false,"isGif":false,"chunkedEncode":false,"workerCount":4,"forceScreenshot":false,"totalFrames":505,"framesCompleted":505,"captureMode":"beginframe","captureOperation":"encode"}
  ██████████████████░░░░░░░  75%  Encoding video
[INFO] [Render:trace] {"renderJobId":"f39ab5fb-65b4-4ab7-a16e-41b136ba35f2","phase":"encode","status":"end","elapsedMs":7261,"durationMs":805,"stagePhase":"capturing","hasAudio":true,"isPngSequence":false,"isGif":false,"chunkedEncode":false,"workerCount":4,"forceScreenshot":false,"totalFrames":505,"framesCompleted":505,"captureMode":"beginframe","captureOperation":"encode"}
[INFO] [Render:trace] {"renderJobId":"f39ab5fb-65b4-4ab7-a16e-41b136ba35f2","phase":"assemble","status":"start","elapsedMs":7262,"stagePhase":"capturing","hasAudio":true,"workerCount":4,"forceScreenshot":false,"totalFrames":505,"framesCompleted":505,"captureMode":"beginframe","captureOperation":"encode"}
  ██████████████████████░░░  90%  Assembling final video
[INFO] [Render:trace] {"renderJobId":"f39ab5fb-65b4-4ab7-a16e-41b136ba35f2","phase":"assemble","status":"end","elapsedMs":7753,"durationMs":491,"stagePhase":"capturing","hasAudio":true,"workerCount":4,"forceScreenshot":false,"totalFrames":505,"framesCompleted":505,"captureMode":"beginframe","captureOperation":"encode"}
[INFO] [Render:trace] {"renderJobId":"f39ab5fb-65b4-4ab7-a16e-41b136ba35f2","phase":"pipeline","status":"checkpoint","elapsedMs":7777,"message":"artifact validated","totalElapsedMs":7775}
  █████████████████████████  100%  Render complete

◇  /Users/brownmanbrain/GitHub/operator-economy/blueprint-cinema/experiments/EP007-NET-NEW-UNFINISHED-ANSWER-003/hyperframes/reviews/r55-s12d/qa/r55-s12d.mp4
   1.2 MB · 21.0s video · rendered in 7.8s
  [hyperframes] Agent feedback: hyperframes feedback --rating <0-10> --comment "..."
