
◆  Rendering r47-transfer-criterion → /Users/brownmanbrain/GitHub/operator-economy/blueprint-cinema/experiments/EP007-NET-NEW-UNFINISHED-ANSWER-003/hyperframes/reviews/r47-transfer-criterion/qa/r47-transfer-criterion.mp4
   24fps · high · auto workers (10 cores detected)
   GPU: browser GPU (auto-detect)

[?25l│
◇  Browser: cache
[?25h[INFO] [Render] Pipeline started {"renderJobId":"02c836de-6d78-4bfe-9b7a-20855176d29e","platform":"darwin","arch":"arm64","nodeVersion":"v25.6.1","fps":{"num":24,"den":1},"format":"mp4","quality":"high","browserGpuMode":"auto","forceScreenshot":false,"protocolTimeout":300000,"browserTimeout":120000,"pageNavigationTimeout":60000,"playerReadyTimeout":45000}
[INFO] [Render:trace] {"renderJobId":"02c836de-6d78-4bfe-9b7a-20855176d29e","phase":"pipeline","status":"checkpoint","elapsedMs":2,"message":"started","format":"mp4","quality":"high","browserGpuMode":"auto","forceScreenshot":false,"protocolTimeoutMs":300000,"pageNavigationTimeoutMs":60000,"playerReadyTimeoutMs":45000,"requestedWorkers":"auto"}
[INFO] [Render:trace] {"renderJobId":"02c836de-6d78-4bfe-9b7a-20855176d29e","phase":"compile","status":"start","elapsedMs":2,"needsAlpha":false}
  █░░░░░░░░░░░░░░░░░░░░░░░░  5%  Compiling composition
[INFO] Compiled composition metadata {"renderJobId":"02c836de-6d78-4bfe-9b7a-20855176d29e","entryFile":"index.html","staticDuration":11.208333333333334,"width":1280,"height":720,"videoCount":1,"audioCount":1,"renderModeHints":{"recommendScreenshot":false,"reasons":[]}}
[INFO] [Render:trace] {"renderJobId":"02c836de-6d78-4bfe-9b7a-20855176d29e","phase":"compile","status":"end","elapsedMs":55,"durationMs":53,"needsAlpha":false}
[INFO] [Render:trace] {"renderJobId":"02c836de-6d78-4bfe-9b7a-20855176d29e","phase":"compile","status":"checkpoint","elapsedMs":56,"message":"composition metadata resolved","width":1280,"height":720,"videoCount":1,"audioCount":1,"imageCount":0,"deviceScaleFactor":1,"forceScreenshot":false,"compositionHash":"866a273ea81a6428"}
[INFO] [Render:trace] {"renderJobId":"02c836de-6d78-4bfe-9b7a-20855176d29e","phase":"browser_probe","status":"start","elapsedMs":56,"forceScreenshot":false,"stagePhase":"calibrating"}
[INFO] [Render:trace] {"renderJobId":"02c836de-6d78-4bfe-9b7a-20855176d29e","phase":"browser_probe","status":"end","elapsedMs":57,"durationMs":1,"forceScreenshot":false,"stagePhase":"calibrating"}
[INFO] [Render:trace] {"renderJobId":"02c836de-6d78-4bfe-9b7a-20855176d29e","phase":"browser_probe","status":"checkpoint","elapsedMs":58,"message":"duration resolved","durationSeconds":11.208333333333334,"totalFrames":269,"compositionHash":"866a273ea81a6428","beginFrameStalled":false}
[INFO] [Render:trace] {"renderJobId":"02c836de-6d78-4bfe-9b7a-20855176d29e","phase":"video_extract","status":"start","elapsedMs":58,"videoCount":1}
[INFO] Probing video color spaces... {"renderJobId":"02c836de-6d78-4bfe-9b7a-20855176d29e","videoCount":1}
  ██░░░░░░░░░░░░░░░░░░░░░░░  10%  Extracting video frames
[INFO] Extracting frames from video 1/1 {"renderJobId":"02c836de-6d78-4bfe-9b7a-20855176d29e","sourceType":"local"}
[WARN] [Compiler] WARNING: Video "r47-presenter" has sparse keyframes (max interval: 10.42s). This causes seek failures and frame freezing. Re-encode with: ffmpeg -i "public/media/restored-source.mp4" -c:v libx264 -r 30 -g 30 -keyint_min 30 -movflags +faststart -c:a copy output.mp4
[INFO] [Render:trace] {"renderJobId":"02c836de-6d78-4bfe-9b7a-20855176d29e","phase":"video_extract","status":"end","elapsedMs":1052,"durationMs":994,"videoCount":1}
[INFO] [Render:trace] {"renderJobId":"02c836de-6d78-4bfe-9b7a-20855176d29e","phase":"video_extract","status":"checkpoint","elapsedMs":1053,"message":"frames resolved","videoCount":1,"extractedVideoCount":1,"totalFramesExtracted":269,"maxFramesPerVideo":269,"avgFramesPerExtractedVideo":269,"vfrPreflightCount":0,"vfrPreflightMs":0,"cacheHits":0,"cacheMisses":1,"transientRetries":0,"minVideoFrameCoverageRatio":1,"authoredTimedClipCount":3}
[INFO] [Render] No HDR sources detected — rendering SDR {"renderJobId":"02c836de-6d78-4bfe-9b7a-20855176d29e"}
[INFO] [Render:trace] {"renderJobId":"02c836de-6d78-4bfe-9b7a-20855176d29e","phase":"hdr_detection","status":"checkpoint","elapsedMs":1053,"message":"resolved","requestedHdrMode":"auto","effectiveHdr":"sdr","nativeHdrVideoCount":0,"nativeHdrImageCount":0}
[INFO] [Render:trace] {"renderJobId":"02c836de-6d78-4bfe-9b7a-20855176d29e","phase":"audio_process","status":"start","elapsedMs":1054,"audioCount":1}
  █████░░░░░░░░░░░░░░░░░░░░  20%  Processing audio tracks
[INFO] [Render:trace] {"renderJobId":"02c836de-6d78-4bfe-9b7a-20855176d29e","phase":"audio_process","status":"end","elapsedMs":1335,"durationMs":281,"audioCount":1}
[INFO] [Render:trace] {"renderJobId":"02c836de-6d78-4bfe-9b7a-20855176d29e","phase":"file_server","status":"start","elapsedMs":1335,"reused":false}
  ██████░░░░░░░░░░░░░░░░░░░  25%  Starting frame capture
[INFO] [Render:trace] {"renderJobId":"02c836de-6d78-4bfe-9b7a-20855176d29e","phase":"file_server","status":"end","elapsedMs":1342,"durationMs":7}
[hyperframes] browserGpuMode probe → hardware (WebGL renderer vendor="Google Inc. (Apple)" renderer="ANGLE (Apple, ANGLE Metal Renderer: Apple M4, Unspecified Version)")
[INFO] [Render:trace] {"renderJobId":"02c836de-6d78-4bfe-9b7a-20855176d29e","phase":"capture_calibration","status":"start","elapsedMs":1814,"stagePhase":"calibrating","forceScreenshot":false,"totalFrames":269,"framesCompleted":0,"captureMode":"drawelement","captureOperation":"drawElement"}
[INFO] [Render] Calibration config {"renderJobId":"02c836de-6d78-4bfe-9b7a-20855176d29e","protocolTimeout":30000,"parentProtocolTimeout":300000,"forceScreenshot":false,"totalFrames":269}
[INFO] Launching browser for capture calibration... {"renderJobId":"02c836de-6d78-4bfe-9b7a-20855176d29e"}
[BrowserManager] Browser launched (HeadlessChrome/152.0.7977.30, screenshot, gl=--use-gl=angle --use-angle=metal, headlessShell=true, platform=darwin)
[INFO] Initializing calibration session... {"renderJobId":"02c836de-6d78-4bfe-9b7a-20855176d29e"}
[initSession:screenshot] page.goto start (0ms)
[HyperFrames] render runtime fps [object Object]
[initSession:screenshot] page.goto complete (171ms)
[initSession:screenshot] GSAP proxy flush complete (187ms)
[initSession:screenshot] pollHfReady complete (189ms)
[initSession:screenshot] pollSubCompositionTimelines complete (ready) (191ms)
[initSession:screenshot] applyVideoMetadataHints complete (192ms)
[initSession:screenshot] media + fonts + tailwind ready (239ms)
[initSession:screenshot] captureBeyondViewport downgraded: page content fits the capture viewport (242ms)
[initSession:screenshot] timeline at-risk predictor: 0/269 frames (0%) (281ms)
[initSession:screenshot] static-frame dedup: disabled (before-capture hook / video injection active) (283ms)
[initSession:screenshot] drawElement self-verify armed: 4 ground-truth frame(s) @ [67, 135, 202, 256] of 269 (717ms)
[initSession:drawelement] drawElement canvas injected (720ms)
[initSession:drawelement] screenshot fallback: 5 clip-boundary frame(s) (720ms)
[initSession:drawelement] drawElement worker encode initialized (724ms)
[INFO] Calibration session ready, capturing test frames... {"renderJobId":"02c836de-6d78-4bfe-9b7a-20855176d29e"}
[INFO] Calibration: capturing test frame 1/5... {"renderJobId":"02c836de-6d78-4bfe-9b7a-20855176d29e"}
[INFO] Calibration: capturing test frame 2/5... {"renderJobId":"02c836de-6d78-4bfe-9b7a-20855176d29e"}
[INFO] Calibration: capturing test frame 3/5... {"renderJobId":"02c836de-6d78-4bfe-9b7a-20855176d29e"}
[INFO] Calibration: capturing test frame 4/5... {"renderJobId":"02c836de-6d78-4bfe-9b7a-20855176d29e"}
[INFO] Calibration: capturing test frame 5/5... {"renderJobId":"02c836de-6d78-4bfe-9b7a-20855176d29e"}
[INFO] Calibration complete, estimated cost: 34ms/frame (p95) {"renderJobId":"02c836de-6d78-4bfe-9b7a-20855176d29e"}
[INFO] [Render:trace] {"renderJobId":"02c836de-6d78-4bfe-9b7a-20855176d29e","phase":"capture_calibration","status":"end","elapsedMs":2884,"durationMs":1069,"stagePhase":"calibrating","forceScreenshot":false,"totalFrames":269,"framesCompleted":0,"captureMode":"drawelement","captureOperation":"drawElement"}
[INFO] [Render:trace] {"renderJobId":"02c836de-6d78-4bfe-9b7a-20855176d29e","phase":"capture_calibration","status":"checkpoint","elapsedMs":2884,"message":"resolved","forceScreenshot":false,"multiplier":1,"p95Ms":34}
[INFO] [Render:trace] {"renderJobId":"02c836de-6d78-4bfe-9b7a-20855176d29e","phase":"worker_resolution","status":"checkpoint","elapsedMs":2885,"message":"resolved","workerCount":5}
[INFO] [Render] Fast capture: default-on drawElement disabled for this render — parallel capture has no runtime self-verification. Set PRODUCER_EXPERIMENTAL_FAST_CAPTURE=true to override. {"renderJobId":"02c836de-6d78-4bfe-9b7a-20855176d29e"}
[INFO] streaming-encode gate {"renderJobId":"02c836de-6d78-4bfe-9b7a-20855176d29e","enabled":false,"configFlag":true,"outputFormat":"mp4","workerCount":5,"durationSeconds":11.208333333333334,"maxDurationSeconds":240}
[INFO] [Render:trace] {"renderJobId":"02c836de-6d78-4bfe-9b7a-20855176d29e","phase":"capture_strategy","status":"checkpoint","elapsedMs":2885,"message":"resolved","workerCount":5,"forceScreenshot":false,"captureBeyondViewport":true,"useStreamingEncode":false,"useLayeredComposite":false,"usePageSideCompositing":false,"hasHdrContent":false,"hasShaderTransitions":false,"isPngSequence":false}
[INFO] [Render:trace] {"renderJobId":"02c836de-6d78-4bfe-9b7a-20855176d29e","phase":"capture_disk","status":"start","elapsedMs":2885,"stagePhase":"capturing","needsAlpha":false,"workerCount":5,"forceScreenshot":false,"totalFrames":269,"framesCompleted":0,"captureMode":"beginframe","captureOperation":"beginFrame"}
  ██████░░░░░░░░░░░░░░░░░░░  25%  Capturing frame 0/269 (5 workers)
  ██████░░░░░░░░░░░░░░░░░░░  25%  Capturing frame 0/269 (5 workers)
  ██████░░░░░░░░░░░░░░░░░░░  25%  Capturing frame 0/269 (5 workers)
  ██████░░░░░░░░░░░░░░░░░░░  25%  Capturing frame 0/269 (5 workers)
  ██████░░░░░░░░░░░░░░░░░░░  25%  Capturing frame 0/269 (5 workers)
[BrowserManager] Browser launched (HeadlessChrome/152.0.7977.30, screenshot, gl=--use-gl=angle --use-angle=metal, headlessShell=true, platform=darwin)
  ██████░░░░░░░░░░░░░░░░░░░  25%  Capturing frame 0/269 (5 workers)
[initSession:screenshot] page.goto start (0ms)
  ██████░░░░░░░░░░░░░░░░░░░  25%  Capturing frame 0/269 (5 workers)
  ██████░░░░░░░░░░░░░░░░░░░  25%  Capturing frame 0/269 (5 workers)
[initSession:screenshot] page.goto start (0ms)
  ██████░░░░░░░░░░░░░░░░░░░  25%  Capturing frame 0/269 (5 workers)
  ██████░░░░░░░░░░░░░░░░░░░  25%  Capturing frame 0/269 (5 workers)
[initSession:screenshot] page.goto start (0ms)
  ██████░░░░░░░░░░░░░░░░░░░  25%  Capturing frame 0/269 (5 workers)
  ██████░░░░░░░░░░░░░░░░░░░  25%  Capturing frame 0/269 (5 workers)
[initSession:screenshot] page.goto start (0ms)
  ██████░░░░░░░░░░░░░░░░░░░  25%  Capturing frame 0/269 (5 workers)
  ██████░░░░░░░░░░░░░░░░░░░  25%  Capturing frame 0/269 (5 workers)
[initSession:screenshot] page.goto start (0ms)
  ██████░░░░░░░░░░░░░░░░░░░  25%  Capturing frame 0/269 (5 workers)
[HyperFrames] render runtime fps [object Object]
[HyperFrames] render runtime fps [object Object]
[HyperFrames] render runtime fps [object Object]
[HyperFrames] render runtime fps [object Object]
[initSession:screenshot] page.goto complete (216ms)
[initSession:screenshot] page.goto complete (221ms)
[initSession:screenshot] page.goto complete (335ms)
[initSession:screenshot] page.goto complete (348ms)
[HyperFrames] render runtime fps [object Object]
[initSession:screenshot] page.goto complete (404ms)
[initSession:screenshot] GSAP proxy flush complete (410ms)
[initSession:screenshot] GSAP proxy flush complete (411ms)
[initSession:screenshot] GSAP proxy flush complete (416ms)
[initSession:screenshot] GSAP proxy flush complete (416ms)
[initSession:screenshot] pollHfReady complete (423ms)
[initSession:screenshot] pollHfReady complete (424ms)
[initSession:screenshot] GSAP proxy flush complete (421ms)
[initSession:screenshot] pollHfReady complete (424ms)
[initSession:screenshot] pollHfReady complete (423ms)
[initSession:screenshot] pollHfReady complete (421ms)
[initSession:screenshot] pollSubCompositionTimelines complete (ready) (425ms)
[initSession:screenshot] pollSubCompositionTimelines complete (ready) (425ms)
[initSession:screenshot] pollSubCompositionTimelines complete (ready) (426ms)
[initSession:screenshot] pollSubCompositionTimelines complete (ready) (425ms)
[initSession:screenshot] pollSubCompositionTimelines complete (ready) (423ms)
[initSession:screenshot] applyVideoMetadataHints complete (426ms)
[initSession:screenshot] applyVideoMetadataHints complete (426ms)
[initSession:screenshot] applyVideoMetadataHints complete (427ms)
[initSession:screenshot] applyVideoMetadataHints complete (426ms)
[initSession:screenshot] applyVideoMetadataHints complete (424ms)
[initSession:screenshot] media + fonts + tailwind ready (428ms)
[initSession:screenshot] media + fonts + tailwind ready (427ms)
[initSession:screenshot] media + fonts + tailwind ready (428ms)
[initSession:screenshot] media + fonts + tailwind ready (427ms)
[initSession:screenshot] media + fonts + tailwind ready (426ms)
[initSession:screenshot] captureBeyondViewport downgraded: page content fits the capture viewport (431ms)
[initSession:screenshot] static-frame dedup: disabled (before-capture hook / video injection active) (431ms)
[initSession:screenshot] captureBeyondViewport downgraded: page content fits the capture viewport (432ms)
[initSession:screenshot] static-frame dedup: disabled (before-capture hook / video injection active) (432ms)
[initSession:screenshot] captureBeyondViewport downgraded: page content fits the capture viewport (433ms)
[initSession:screenshot] static-frame dedup: disabled (before-capture hook / video injection active) (433ms)
[initSession:screenshot] captureBeyondViewport downgraded: page content fits the capture viewport (432ms)
[initSession:screenshot] static-frame dedup: disabled (before-capture hook / video injection active) (432ms)
[initSession:screenshot] captureBeyondViewport downgraded: page content fits the capture viewport (430ms)
[initSession:screenshot] static-frame dedup: disabled (before-capture hook / video injection active) (430ms)
  ██████░░░░░░░░░░░░░░░░░░░  25%  Capturing frame 0/269 (5 workers)
  ██████░░░░░░░░░░░░░░░░░░░  25%  Capturing frame 0/269 (5 workers)
  ██████░░░░░░░░░░░░░░░░░░░  25%  Capturing frame 0/269 (5 workers)
  ██████░░░░░░░░░░░░░░░░░░░  25%  Capturing frame 0/269 (5 workers)
  ██████░░░░░░░░░░░░░░░░░░░  25%  Capturing frame 0/269 (5 workers)
  ███████░░░░░░░░░░░░░░░░░░  30%  Capturing frame 30/269 (5 workers)
  ████████░░░░░░░░░░░░░░░░░  35%  Capturing frame 60/269 (5 workers)
  ██████████░░░░░░░░░░░░░░░  40%  Capturing frame 90/269 (5 workers)
  ███████████░░░░░░░░░░░░░░  45%  Capturing frame 120/269 (5 workers)
  ████████████░░░░░░░░░░░░░  50%  Capturing frame 150/269 (5 workers)
  █████████████░░░░░░░░░░░░  55%  Capturing frame 180/269 (5 workers)
  ███████████████░░░░░░░░░░  60%  Capturing frame 210/269 (5 workers)
  ████████████████░░░░░░░░░  65%  Capturing frame 240/269 (5 workers)
  █████████████████░░░░░░░░  70%  Capturing frame 269/269 (5 workers)
[INFO] [Render:trace] {"renderJobId":"02c836de-6d78-4bfe-9b7a-20855176d29e","phase":"capture_disk","status":"end","elapsedMs":7592,"durationMs":4707,"stagePhase":"capturing","needsAlpha":false,"workerCount":5,"forceScreenshot":false,"totalFrames":269,"framesCompleted":269,"captureMode":"beginframe","captureOperation":"encode"}
[INFO] [Render:trace] {"renderJobId":"02c836de-6d78-4bfe-9b7a-20855176d29e","phase":"encode","status":"start","elapsedMs":7592,"stagePhase":"capturing","hasAudio":true,"isPngSequence":false,"isGif":false,"chunkedEncode":false,"workerCount":5,"forceScreenshot":false,"totalFrames":269,"framesCompleted":269,"captureMode":"beginframe","captureOperation":"encode"}
  ██████████████████░░░░░░░  75%  Encoding video
[INFO] [Render:trace] {"renderJobId":"02c836de-6d78-4bfe-9b7a-20855176d29e","phase":"encode","status":"end","elapsedMs":10567,"durationMs":2975,"stagePhase":"capturing","hasAudio":true,"isPngSequence":false,"isGif":false,"chunkedEncode":false,"workerCount":5,"forceScreenshot":false,"totalFrames":269,"framesCompleted":269,"captureMode":"beginframe","captureOperation":"encode"}
[INFO] [Render:trace] {"renderJobId":"02c836de-6d78-4bfe-9b7a-20855176d29e","phase":"assemble","status":"start","elapsedMs":10567,"stagePhase":"capturing","hasAudio":true,"workerCount":5,"forceScreenshot":false,"totalFrames":269,"framesCompleted":269,"captureMode":"beginframe","captureOperation":"encode"}
  ██████████████████████░░░  90%  Assembling final video
[INFO] [Render:trace] {"renderJobId":"02c836de-6d78-4bfe-9b7a-20855176d29e","phase":"assemble","status":"end","elapsedMs":10894,"durationMs":327,"stagePhase":"capturing","hasAudio":true,"workerCount":5,"forceScreenshot":false,"totalFrames":269,"framesCompleted":269,"captureMode":"beginframe","captureOperation":"encode"}
[INFO] [Render:trace] {"renderJobId":"02c836de-6d78-4bfe-9b7a-20855176d29e","phase":"pipeline","status":"checkpoint","elapsedMs":10921,"message":"artifact validated","totalElapsedMs":10917}
  █████████████████████████  100%  Render complete

◇  /Users/brownmanbrain/GitHub/operator-economy/blueprint-cinema/experiments/EP007-NET-NEW-UNFINISHED-ANSWER-003/hyperframes/reviews/r47-transfer-criterion/qa/r47-transfer-criterion.mp4
   4.8 MB · 11.2s video · rendered in 10.9s
