
◆  Rendering 03-guest-relationship → /Users/brownmanbrain/GitHub/operator-economy/blueprint-cinema/experiments/EP009-SHORTS-003/03-guest-relationship/review/ep009-short03-avatar-forward-r3-review.mp4
   24fps · draft · 1 workers
   GPU: browser GPU (forced)

[?25l│
◒  Checking browser[1G[J◐  Checking browser[1G[J◓  Checking browser[1G[J◑  Checking browser[1G[J◇  Browser: cache
[?25h
  Lint: 0 error(s), 3 warning(s) — run with --lint-verbose for full output.
  Continuing render despite lint issues. Use --strict to block errors.

[INFO] [Render] Pipeline started {"renderJobId":"0542586c-ecd0-4479-ba92-f07b83acf613","platform":"darwin","arch":"arm64","nodeVersion":"v25.6.1","fps":{"num":24,"den":1},"format":"mp4","quality":"draft","browserGpuMode":"hardware","forceScreenshot":false,"protocolTimeout":300000,"browserTimeout":120000,"pageNavigationTimeout":60000,"playerReadyTimeout":45000}
[INFO] [Render:trace] {"renderJobId":"0542586c-ecd0-4479-ba92-f07b83acf613","phase":"pipeline","status":"checkpoint","elapsedMs":4,"message":"started","format":"mp4","quality":"draft","browserGpuMode":"hardware","forceScreenshot":false,"protocolTimeoutMs":300000,"pageNavigationTimeoutMs":60000,"playerReadyTimeoutMs":45000,"requestedWorkers":1}
[INFO] [Render:trace] {"renderJobId":"0542586c-ecd0-4479-ba92-f07b83acf613","phase":"compile","status":"start","elapsedMs":5,"needsAlpha":false}
  █░░░░░░░░░░░░░░░░░░░░░░░░  5%  Compiling composition
[INFO] [Compiler] Fetched 11 font face(s) for "Inter" from Google Fonts (cached to /Users/brownmanbrain/.cache/hyperframes/fonts/inter)
[INFO] [Compiler] Injected deterministic @font-face rules for 1 requested font families
[INFO] [Compiler] Embedded local font file: assets/fonts/supreme-500.woff2 (18 KB → data URI)
[INFO] [Compiler] Embedded local font file: assets/fonts/zodiak-700.woff2 (21 KB → data URI)
[INFO] Compiled composition metadata {"renderJobId":"0542586c-ecd0-4479-ba92-f07b83acf613","entryFile":"index.html","staticDuration":16.166666667,"width":1080,"height":1920,"videoCount":2,"audioCount":1,"renderModeHints":{"recommendScreenshot":false,"reasons":[]}}
[INFO] [Render:trace] {"renderJobId":"0542586c-ecd0-4479-ba92-f07b83acf613","phase":"compile","status":"end","elapsedMs":837,"durationMs":832,"needsAlpha":false}
[INFO] [Render:trace] {"renderJobId":"0542586c-ecd0-4479-ba92-f07b83acf613","phase":"compile","status":"checkpoint","elapsedMs":838,"message":"composition metadata resolved","width":1080,"height":1920,"videoCount":2,"audioCount":1,"imageCount":0,"deviceScaleFactor":1,"forceScreenshot":false,"compositionHash":"1001b54616705e23"}
[INFO] [Render:trace] {"renderJobId":"0542586c-ecd0-4479-ba92-f07b83acf613","phase":"browser_probe","status":"start","elapsedMs":839,"forceScreenshot":false,"stagePhase":"calibrating"}
[WARN] [Compiler] WARNING: Video "wide-video" has sparse keyframes (max interval: 10.42s). This causes seek failures and frame freezing. Re-encode with: ffmpeg -i "assets/avatar-wide-r3.mp4" -c:v libx264 -r 30 -g 30 -keyint_min 30 -movflags +faststart -c:a copy output.mp4
[INFO] [Render:trace] {"renderJobId":"0542586c-ecd0-4479-ba92-f07b83acf613","phase":"browser_probe","status":"end","elapsedMs":984,"durationMs":145,"forceScreenshot":false,"stagePhase":"calibrating"}
[INFO] [Render:trace] {"renderJobId":"0542586c-ecd0-4479-ba92-f07b83acf613","phase":"browser_probe","status":"checkpoint","elapsedMs":985,"message":"duration resolved","durationSeconds":16.166666667,"totalFrames":388,"compositionHash":"1001b54616705e23","beginFrameStalled":false}
[INFO] [Render:trace] {"renderJobId":"0542586c-ecd0-4479-ba92-f07b83acf613","phase":"video_extract","status":"start","elapsedMs":986,"videoCount":2}
[INFO] Probing video color spaces... {"renderJobId":"0542586c-ecd0-4479-ba92-f07b83acf613","videoCount":2}
  ██░░░░░░░░░░░░░░░░░░░░░░░  10%  Extracting video frames
[INFO] Extracting frames from video 1/2 {"renderJobId":"0542586c-ecd0-4479-ba92-f07b83acf613","sourceType":"local"}
[INFO] Extracting frames from video 2/2 {"renderJobId":"0542586c-ecd0-4479-ba92-f07b83acf613","sourceType":"local"}
[INFO] [Render:trace] {"renderJobId":"0542586c-ecd0-4479-ba92-f07b83acf613","phase":"video_extract","status":"end","elapsedMs":2771,"durationMs":1785,"videoCount":2}
[INFO] [Render:trace] {"renderJobId":"0542586c-ecd0-4479-ba92-f07b83acf613","phase":"video_extract","status":"checkpoint","elapsedMs":2773,"message":"frames resolved","videoCount":2,"extractedVideoCount":2,"totalFramesExtracted":334,"maxFramesPerVideo":273,"avgFramesPerExtractedVideo":167,"vfrPreflightCount":0,"vfrPreflightMs":0,"cacheHits":0,"cacheMisses":2,"transientRetries":0,"minVideoFrameCoverageRatio":1,"authoredTimedClipCount":17}
[INFO] [Render] No HDR sources detected — rendering SDR {"renderJobId":"0542586c-ecd0-4479-ba92-f07b83acf613"}
[INFO] [Render:trace] {"renderJobId":"0542586c-ecd0-4479-ba92-f07b83acf613","phase":"hdr_detection","status":"checkpoint","elapsedMs":2773,"message":"resolved","requestedHdrMode":"auto","effectiveHdr":"sdr","nativeHdrVideoCount":0,"nativeHdrImageCount":0}
[INFO] [Render:trace] {"renderJobId":"0542586c-ecd0-4479-ba92-f07b83acf613","phase":"audio_process","status":"start","elapsedMs":2773,"audioCount":1}
  █████░░░░░░░░░░░░░░░░░░░░  20%  Processing audio tracks
[INFO] [Render:trace] {"renderJobId":"0542586c-ecd0-4479-ba92-f07b83acf613","phase":"audio_process","status":"end","elapsedMs":3390,"durationMs":617,"audioCount":1}
[INFO] [Render:trace] {"renderJobId":"0542586c-ecd0-4479-ba92-f07b83acf613","phase":"file_server","status":"start","elapsedMs":3390,"reused":false}
  ██████░░░░░░░░░░░░░░░░░░░  25%  Starting frame capture
[INFO] [Render:trace] {"renderJobId":"0542586c-ecd0-4479-ba92-f07b83acf613","phase":"file_server","status":"end","elapsedMs":3395,"durationMs":5}
[hyperframes] browserGpuMode probe → hardware (WebGL renderer vendor="Google Inc. (Apple)" renderer="ANGLE (Apple, ANGLE Metal Renderer: Apple M4, Unspecified Version)")
[INFO] [Render:trace] {"renderJobId":"0542586c-ecd0-4479-ba92-f07b83acf613","phase":"capture_calibration","status":"checkpoint","elapsedMs":3787,"message":"skipped","requestedWorkers":1,"totalFrames":388,"htmlInCanvasDetected":false,"lowMemoryMode":false,"deInversionEligible":false,"deParallelRouterEligible":false}
[INFO] [Render:trace] {"renderJobId":"0542586c-ecd0-4479-ba92-f07b83acf613","phase":"worker_resolution","status":"checkpoint","elapsedMs":3788,"message":"resolved","workerCount":1}
[INFO] streaming-encode gate {"renderJobId":"0542586c-ecd0-4479-ba92-f07b83acf613","enabled":true,"reason":"single_worker","configFlag":true,"durationCapEnabled":false,"outputFormat":"mp4","workerCount":1,"durationSeconds":16.166666667,"maxDurationSeconds":240}
[INFO] [Render:trace] {"renderJobId":"0542586c-ecd0-4479-ba92-f07b83acf613","phase":"capture_strategy","status":"checkpoint","elapsedMs":3788,"message":"resolved","workerCount":1,"forceScreenshot":false,"captureBeyondViewport":true,"useStreamingEncode":true,"useLayeredComposite":false,"usePageSideCompositing":false,"hasHdrContent":false,"hasShaderTransitions":false,"isPngSequence":false}
[INFO] [Render:trace] {"renderJobId":"0542586c-ecd0-4479-ba92-f07b83acf613","phase":"capture_streaming","status":"start","elapsedMs":3789,"stagePhase":"capturing","workerCount":1,"forceScreenshot":false,"totalFrames":388,"framesCompleted":0,"captureMode":"drawelement","captureOperation":"drawElement"}
[BrowserManager] Browser launched (HeadlessChrome/152.0.7977.30, screenshot, gl=--use-gl=angle --use-angle=metal, headlessShell=true, platform=darwin)
[initSession:screenshot] page.goto start (0ms)
[HyperFrames] render runtime fps [object Object]
[initSession:screenshot] page.goto complete (245ms)
[initSession:screenshot] GSAP proxy flush complete (268ms)
[initSession:screenshot] pollHfReady complete (298ms)
[initSession:screenshot] pollSubCompositionTimelines complete (ready) (310ms)
[initSession:screenshot] applyVideoMetadataHints complete (326ms)
[initSession:screenshot] media + fonts + tailwind ready (387ms)
[initSession:screenshot] captureBeyondViewport downgraded: page content fits the capture viewport (428ms)
[initSession:screenshot] timeline at-risk predictor: 0/389 frames (0%) (492ms)
[initSession:screenshot] static-frame dedup: disabled (before-capture hook / video injection active) (494ms)
[initSession:screenshot] drawElement self-verify armed: 4 ground-truth frame(s) @ [97, 194, 291, 369] of 388 (979ms)
[initSession:drawelement] drawElement canvas injected (980ms)
[initSession:drawelement] screenshot fallback: 58 clip-boundary frame(s) (980ms)
[initSession:drawelement] drawElement worker encode initialized (985ms)
  ██████░░░░░░░░░░░░░░░░░░░  25%  Streaming frame 1/388
  ██████░░░░░░░░░░░░░░░░░░░  25%  Streaming frame 2/388
  ██████░░░░░░░░░░░░░░░░░░░  25%  Streaming frame 3/388
  ██████░░░░░░░░░░░░░░░░░░░  26%  Streaming frame 4/388
  ██████░░░░░░░░░░░░░░░░░░░  26%  Streaming frame 5/388
  ██████░░░░░░░░░░░░░░░░░░░  26%  Streaming frame 6/388
  ██████░░░░░░░░░░░░░░░░░░░  26%  Streaming frame 7/388
  ██████░░░░░░░░░░░░░░░░░░░  26%  Streaming frame 8/388
  ██████░░░░░░░░░░░░░░░░░░░  26%  Streaming frame 9/388
  ██████░░░░░░░░░░░░░░░░░░░  26%  Streaming frame 10/388
  ██████░░░░░░░░░░░░░░░░░░░  27%  Streaming frame 11/388
  ██████░░░░░░░░░░░░░░░░░░░  27%  Streaming frame 12/388
  ██████░░░░░░░░░░░░░░░░░░░  27%  Streaming frame 13/388
  ██████░░░░░░░░░░░░░░░░░░░  27%  Streaming frame 14/388
  ██████░░░░░░░░░░░░░░░░░░░  27%  Streaming frame 15/388
  ██████░░░░░░░░░░░░░░░░░░░  27%  Streaming frame 16/388
  ██████░░░░░░░░░░░░░░░░░░░  27%  Streaming frame 17/388
  ███████░░░░░░░░░░░░░░░░░░  28%  Streaming frame 18/388
  ███████░░░░░░░░░░░░░░░░░░  28%  Streaming frame 19/388
  ███████░░░░░░░░░░░░░░░░░░  28%  Streaming frame 20/388
  ███████░░░░░░░░░░░░░░░░░░  28%  Streaming frame 21/388
  ███████░░░░░░░░░░░░░░░░░░  28%  Streaming frame 22/388
  ███████░░░░░░░░░░░░░░░░░░  28%  Streaming frame 23/388
  ███████░░░░░░░░░░░░░░░░░░  28%  Streaming frame 24/388
  ███████░░░░░░░░░░░░░░░░░░  29%  Streaming frame 25/388
  ███████░░░░░░░░░░░░░░░░░░  29%  Streaming frame 26/388
  ███████░░░░░░░░░░░░░░░░░░  29%  Streaming frame 27/388
  ███████░░░░░░░░░░░░░░░░░░  29%  Streaming frame 28/388
  ███████░░░░░░░░░░░░░░░░░░  29%  Streaming frame 29/388
  ███████░░░░░░░░░░░░░░░░░░  29%  Streaming frame 30/388
  ███████░░░░░░░░░░░░░░░░░░  29%  Streaming frame 31/388
  ███████░░░░░░░░░░░░░░░░░░  30%  Streaming frame 32/388
  ███████░░░░░░░░░░░░░░░░░░  30%  Streaming frame 33/388
  ███████░░░░░░░░░░░░░░░░░░  30%  Streaming frame 34/388
  ███████░░░░░░░░░░░░░░░░░░  30%  Streaming frame 35/388
  ███████░░░░░░░░░░░░░░░░░░  30%  Streaming frame 36/388
  ███████░░░░░░░░░░░░░░░░░░  30%  Streaming frame 37/388
  ███████░░░░░░░░░░░░░░░░░░  30%  Streaming frame 38/388
  ███████░░░░░░░░░░░░░░░░░░  31%  Streaming frame 39/388
  ███████░░░░░░░░░░░░░░░░░░  31%  Streaming frame 40/388
  ███████░░░░░░░░░░░░░░░░░░  31%  Streaming frame 41/388
  ███████░░░░░░░░░░░░░░░░░░  31%  Streaming frame 42/388
  ███████░░░░░░░░░░░░░░░░░░  31%  Streaming frame 43/388
  ███████░░░░░░░░░░░░░░░░░░  31%  Streaming frame 44/388
  ███████░░░░░░░░░░░░░░░░░░  31%  Streaming frame 45/388
  ████████░░░░░░░░░░░░░░░░░  32%  Streaming frame 46/388
  ████████░░░░░░░░░░░░░░░░░  32%  Streaming frame 47/388
  ████████░░░░░░░░░░░░░░░░░  32%  Streaming frame 48/388
  ████████░░░░░░░░░░░░░░░░░  32%  Streaming frame 49/388
  ████████░░░░░░░░░░░░░░░░░  32%  Streaming frame 50/388
  ████████░░░░░░░░░░░░░░░░░  32%  Streaming frame 51/388
  ████████░░░░░░░░░░░░░░░░░  32%  Streaming frame 52/388
  ████████░░░░░░░░░░░░░░░░░  33%  Streaming frame 53/388
  ████████░░░░░░░░░░░░░░░░░  33%  Streaming frame 54/388
  ████████░░░░░░░░░░░░░░░░░  33%  Streaming frame 55/388
  ████████░░░░░░░░░░░░░░░░░  33%  Streaming frame 56/388
  ████████░░░░░░░░░░░░░░░░░  33%  Streaming frame 57/388
  ████████░░░░░░░░░░░░░░░░░  33%  Streaming frame 58/388
  ████████░░░░░░░░░░░░░░░░░  33%  Streaming frame 59/388
  ████████░░░░░░░░░░░░░░░░░  34%  Streaming frame 60/388
  ████████░░░░░░░░░░░░░░░░░  34%  Streaming frame 61/388
  ████████░░░░░░░░░░░░░░░░░  34%  Streaming frame 62/388
  ████████░░░░░░░░░░░░░░░░░  34%  Streaming frame 63/388
  ████████░░░░░░░░░░░░░░░░░  34%  Streaming frame 64/388
  ████████░░░░░░░░░░░░░░░░░  34%  Streaming frame 65/388
  ████████░░░░░░░░░░░░░░░░░  34%  Streaming frame 66/388
  ████████░░░░░░░░░░░░░░░░░  34%  Streaming frame 67/388
  ████████░░░░░░░░░░░░░░░░░  35%  Streaming frame 68/388
  ████████░░░░░░░░░░░░░░░░░  35%  Streaming frame 69/388
  ████████░░░░░░░░░░░░░░░░░  35%  Streaming frame 70/388
  ████████░░░░░░░░░░░░░░░░░  35%  Streaming frame 71/388
  ████████░░░░░░░░░░░░░░░░░  35%  Streaming frame 72/388
  ████████░░░░░░░░░░░░░░░░░  35%  Streaming frame 73/388
  ████████░░░░░░░░░░░░░░░░░  35%  Streaming frame 74/388
  █████████░░░░░░░░░░░░░░░░  36%  Streaming frame 75/388
  █████████░░░░░░░░░░░░░░░░  36%  Streaming frame 76/388
  █████████░░░░░░░░░░░░░░░░  36%  Streaming frame 77/388
  █████████░░░░░░░░░░░░░░░░  36%  Streaming frame 78/388
  █████████░░░░░░░░░░░░░░░░  36%  Streaming frame 79/388
  █████████░░░░░░░░░░░░░░░░  36%  Streaming frame 80/388
  █████████░░░░░░░░░░░░░░░░  36%  Streaming frame 81/388
  █████████░░░░░░░░░░░░░░░░  37%  Streaming frame 82/388
  █████████░░░░░░░░░░░░░░░░  37%  Streaming frame 83/388
  █████████░░░░░░░░░░░░░░░░  37%  Streaming frame 84/388
  █████████░░░░░░░░░░░░░░░░  37%  Streaming frame 85/388
  █████████░░░░░░░░░░░░░░░░  37%  Streaming frame 86/388
  █████████░░░░░░░░░░░░░░░░  37%  Streaming frame 87/388
  █████████░░░░░░░░░░░░░░░░  37%  Streaming frame 88/388
  █████████░░░░░░░░░░░░░░░░  38%  Streaming frame 89/388
  █████████░░░░░░░░░░░░░░░░  38%  Streaming frame 90/388
  █████████░░░░░░░░░░░░░░░░  38%  Streaming frame 91/388
  █████████░░░░░░░░░░░░░░░░  38%  Streaming frame 92/388
  █████████░░░░░░░░░░░░░░░░  38%  Streaming frame 93/388
  █████████░░░░░░░░░░░░░░░░  38%  Streaming frame 94/388
  █████████░░░░░░░░░░░░░░░░  38%  Streaming frame 95/388
  █████████░░░░░░░░░░░░░░░░  39%  Streaming frame 96/388
  █████████░░░░░░░░░░░░░░░░  39%  Streaming frame 97/388
[INFO] [Render] drawElement self-verify passed {"renderJobId":"0542586c-ecd0-4479-ba92-f07b83acf613","frame":97,"psnrDb":"inf"}
  █████████░░░░░░░░░░░░░░░░  39%  Streaming frame 98/388
  █████████░░░░░░░░░░░░░░░░  39%  Streaming frame 99/388
  █████████░░░░░░░░░░░░░░░░  39%  Streaming frame 100/388
  █████████░░░░░░░░░░░░░░░░  39%  Streaming frame 101/388
  █████████░░░░░░░░░░░░░░░░  39%  Streaming frame 102/388
  ██████████░░░░░░░░░░░░░░░  40%  Streaming frame 103/388
  ██████████░░░░░░░░░░░░░░░  40%  Streaming frame 104/388
  ██████████░░░░░░░░░░░░░░░  40%  Streaming frame 105/388
  ██████████░░░░░░░░░░░░░░░  40%  Streaming frame 106/388
  ██████████░░░░░░░░░░░░░░░  40%  Streaming frame 107/388
  ██████████░░░░░░░░░░░░░░░  40%  Streaming frame 108/388
  ██████████░░░░░░░░░░░░░░░  40%  Streaming frame 109/388
  ██████████░░░░░░░░░░░░░░░  41%  Streaming frame 110/388
  ██████████░░░░░░░░░░░░░░░  41%  Streaming frame 111/388
  ██████████░░░░░░░░░░░░░░░  41%  Streaming frame 112/388
  ██████████░░░░░░░░░░░░░░░  41%  Streaming frame 113/388
  ██████████░░░░░░░░░░░░░░░  41%  Streaming frame 114/388
  ██████████░░░░░░░░░░░░░░░  41%  Streaming frame 115/388
  ██████████░░░░░░░░░░░░░░░  41%  Streaming frame 116/388
  ██████████░░░░░░░░░░░░░░░  42%  Streaming frame 117/388
  ██████████░░░░░░░░░░░░░░░  42%  Streaming frame 118/388
  ██████████░░░░░░░░░░░░░░░  42%  Streaming frame 119/388
  ██████████░░░░░░░░░░░░░░░  42%  Streaming frame 120/388
  ██████████░░░░░░░░░░░░░░░  42%  Streaming frame 121/388
  ██████████░░░░░░░░░░░░░░░  42%  Streaming frame 122/388
  ██████████░░░░░░░░░░░░░░░  42%  Streaming frame 123/388
  ██████████░░░░░░░░░░░░░░░  43%  Streaming frame 124/388
  ██████████░░░░░░░░░░░░░░░  43%  Streaming frame 125/388
  ██████████░░░░░░░░░░░░░░░  43%  Streaming frame 126/388
  ██████████░░░░░░░░░░░░░░░  43%  Streaming frame 127/388
  ██████████░░░░░░░░░░░░░░░  43%  Streaming frame 128/388
  ██████████░░░░░░░░░░░░░░░  43%  Streaming frame 129/388
  ██████████░░░░░░░░░░░░░░░  43%  Streaming frame 130/388
  ███████████░░░░░░░░░░░░░░  44%  Streaming frame 131/388
  ███████████░░░░░░░░░░░░░░  44%  Streaming frame 132/388
  ███████████░░░░░░░░░░░░░░  44%  Streaming frame 133/388
  ███████████░░░░░░░░░░░░░░  44%  Streaming frame 134/388
  ███████████░░░░░░░░░░░░░░  44%  Streaming frame 135/388
  ███████████░░░░░░░░░░░░░░  44%  Streaming frame 136/388
  ███████████░░░░░░░░░░░░░░  44%  Streaming frame 137/388
  ███████████░░░░░░░░░░░░░░  45%  Streaming frame 138/388
  ███████████░░░░░░░░░░░░░░  45%  Streaming frame 139/388
  ███████████░░░░░░░░░░░░░░  45%  Streaming frame 140/388
  ███████████░░░░░░░░░░░░░░  45%  Streaming frame 141/388
  ███████████░░░░░░░░░░░░░░  45%  Streaming frame 142/388
  ███████████░░░░░░░░░░░░░░  45%  Streaming frame 143/388
  ███████████░░░░░░░░░░░░░░  45%  Streaming frame 144/388
  ███████████░░░░░░░░░░░░░░  46%  Streaming frame 145/388
  ███████████░░░░░░░░░░░░░░  46%  Streaming frame 146/388
  ███████████░░░░░░░░░░░░░░  46%  Streaming frame 147/388
  ███████████░░░░░░░░░░░░░░  46%  Streaming frame 148/388
  ███████████░░░░░░░░░░░░░░  46%  Streaming frame 149/388
  ███████████░░░░░░░░░░░░░░  46%  Streaming frame 150/388
  ███████████░░░░░░░░░░░░░░  46%  Streaming frame 151/388
  ███████████░░░░░░░░░░░░░░  47%  Streaming frame 152/388
  ███████████░░░░░░░░░░░░░░  47%  Streaming frame 153/388
  ███████████░░░░░░░░░░░░░░  47%  Streaming frame 154/388
  ███████████░░░░░░░░░░░░░░  47%  Streaming frame 155/388
  ███████████░░░░░░░░░░░░░░  47%  Streaming frame 156/388
  ███████████░░░░░░░░░░░░░░  47%  Streaming frame 157/388
  ███████████░░░░░░░░░░░░░░  47%  Streaming frame 158/388
  ████████████░░░░░░░░░░░░░  48%  Streaming frame 159/388
  ████████████░░░░░░░░░░░░░  48%  Streaming frame 160/388
  ████████████░░░░░░░░░░░░░  48%  Streaming frame 161/388
  ████████████░░░░░░░░░░░░░  48%  Streaming frame 162/388
  ████████████░░░░░░░░░░░░░  48%  Streaming frame 163/388
  ████████████░░░░░░░░░░░░░  48%  Streaming frame 164/388
  ████████████░░░░░░░░░░░░░  48%  Streaming frame 165/388
  ████████████░░░░░░░░░░░░░  49%  Streaming frame 166/388
  ████████████░░░░░░░░░░░░░  49%  Streaming frame 167/388
  ████████████░░░░░░░░░░░░░  49%  Streaming frame 168/388
  ████████████░░░░░░░░░░░░░  49%  Streaming frame 169/388
  ████████████░░░░░░░░░░░░░  49%  Streaming frame 170/388
  ████████████░░░░░░░░░░░░░  49%  Streaming frame 171/388
  ████████████░░░░░░░░░░░░░  49%  Streaming frame 172/388
  ████████████░░░░░░░░░░░░░  50%  Streaming frame 173/388
  ████████████░░░░░░░░░░░░░  50%  Streaming frame 174/388
  ████████████░░░░░░░░░░░░░  50%  Streaming frame 175/388
  ████████████░░░░░░░░░░░░░  50%  Streaming frame 176/388
  ████████████░░░░░░░░░░░░░  50%  Streaming frame 177/388
  ████████████░░░░░░░░░░░░░  50%  Streaming frame 178/388
  ████████████░░░░░░░░░░░░░  50%  Streaming frame 179/388
  ████████████░░░░░░░░░░░░░  51%  Streaming frame 180/388
  ████████████░░░░░░░░░░░░░  51%  Streaming frame 181/388
  ████████████░░░░░░░░░░░░░  51%  Streaming frame 182/388
  ████████████░░░░░░░░░░░░░  51%  Streaming frame 183/388
  ████████████░░░░░░░░░░░░░  51%  Streaming frame 184/388
  ████████████░░░░░░░░░░░░░  51%  Streaming frame 185/388
  ████████████░░░░░░░░░░░░░  51%  Streaming frame 186/388
  █████████████░░░░░░░░░░░░  52%  Streaming frame 187/388
  █████████████░░░░░░░░░░░░  52%  Streaming frame 188/388
  █████████████░░░░░░░░░░░░  52%  Streaming frame 189/388
  █████████████░░░░░░░░░░░░  52%  Streaming frame 190/388
  █████████████░░░░░░░░░░░░  52%  Streaming frame 191/388
  █████████████░░░░░░░░░░░░  52%  Streaming frame 192/388
  █████████████░░░░░░░░░░░░  52%  Streaming frame 193/388
  █████████████░░░░░░░░░░░░  53%  Streaming frame 194/388
[INFO] [Render] drawElement self-verify passed {"renderJobId":"0542586c-ecd0-4479-ba92-f07b83acf613","frame":194,"psnrDb":"inf"}
  █████████████░░░░░░░░░░░░  53%  Streaming frame 195/388
  █████████████░░░░░░░░░░░░  53%  Streaming frame 196/388
  █████████████░░░░░░░░░░░░  53%  Streaming frame 197/388
  █████████████░░░░░░░░░░░░  53%  Streaming frame 198/388
  █████████████░░░░░░░░░░░░  53%  Streaming frame 199/388
  █████████████░░░░░░░░░░░░  53%  Streaming frame 200/388
  █████████████░░░░░░░░░░░░  53%  Streaming frame 201/388
  █████████████░░░░░░░░░░░░  54%  Streaming frame 202/388
  █████████████░░░░░░░░░░░░  54%  Streaming frame 203/388
  █████████████░░░░░░░░░░░░  54%  Streaming frame 204/388
  █████████████░░░░░░░░░░░░  54%  Streaming frame 205/388
  █████████████░░░░░░░░░░░░  54%  Streaming frame 206/388
  █████████████░░░░░░░░░░░░  54%  Streaming frame 207/388
  █████████████░░░░░░░░░░░░  54%  Streaming frame 208/388
  █████████████░░░░░░░░░░░░  55%  Streaming frame 209/388
  █████████████░░░░░░░░░░░░  55%  Streaming frame 210/388
  █████████████░░░░░░░░░░░░  55%  Streaming frame 211/388
  █████████████░░░░░░░░░░░░  55%  Streaming frame 212/388
  █████████████░░░░░░░░░░░░  55%  Streaming frame 213/388
  █████████████░░░░░░░░░░░░  55%  Streaming frame 214/388
  █████████████░░░░░░░░░░░░  55%  Streaming frame 215/388
  ██████████████░░░░░░░░░░░  56%  Streaming frame 216/388
  ██████████████░░░░░░░░░░░  56%  Streaming frame 217/388
  ██████████████░░░░░░░░░░░  56%  Streaming frame 218/388
  ██████████████░░░░░░░░░░░  56%  Streaming frame 219/388
  ██████████████░░░░░░░░░░░  56%  Streaming frame 220/388
  ██████████████░░░░░░░░░░░  56%  Streaming frame 221/388
  ██████████████░░░░░░░░░░░  56%  Streaming frame 222/388
  ██████████████░░░░░░░░░░░  57%  Streaming frame 223/388
  ██████████████░░░░░░░░░░░  57%  Streaming frame 224/388
  ██████████████░░░░░░░░░░░  57%  Streaming frame 225/388
  ██████████████░░░░░░░░░░░  57%  Streaming frame 226/388
  ██████████████░░░░░░░░░░░  57%  Streaming frame 227/388
  ██████████████░░░░░░░░░░░  57%  Streaming frame 228/388
  ██████████████░░░░░░░░░░░  57%  Streaming frame 229/388
  ██████████████░░░░░░░░░░░  58%  Streaming frame 230/388
  ██████████████░░░░░░░░░░░  58%  Streaming frame 231/388
  ██████████████░░░░░░░░░░░  58%  Streaming frame 232/388
  ██████████████░░░░░░░░░░░  58%  Streaming frame 233/388
  ██████████████░░░░░░░░░░░  58%  Streaming frame 234/388
  ██████████████░░░░░░░░░░░  58%  Streaming frame 235/388
  ██████████████░░░░░░░░░░░  58%  Streaming frame 236/388
  ██████████████░░░░░░░░░░░  59%  Streaming frame 237/388
  ██████████████░░░░░░░░░░░  59%  Streaming frame 238/388
  ██████████████░░░░░░░░░░░  59%  Streaming frame 239/388
  ██████████████░░░░░░░░░░░  59%  Streaming frame 240/388
  ██████████████░░░░░░░░░░░  59%  Streaming frame 241/388
  ██████████████░░░░░░░░░░░  59%  Streaming frame 242/388
  ██████████████░░░░░░░░░░░  59%  Streaming frame 243/388
  ███████████████░░░░░░░░░░  60%  Streaming frame 244/388
  ███████████████░░░░░░░░░░  60%  Streaming frame 245/388
  ███████████████░░░░░░░░░░  60%  Streaming frame 246/388
  ███████████████░░░░░░░░░░  60%  Streaming frame 247/388
  ███████████████░░░░░░░░░░  60%  Streaming frame 248/388
  ███████████████░░░░░░░░░░  60%  Streaming frame 249/388
  ███████████████░░░░░░░░░░  60%  Streaming frame 250/388
  ███████████████░░░░░░░░░░  61%  Streaming frame 251/388
  ███████████████░░░░░░░░░░  61%  Streaming frame 252/388
  ███████████████░░░░░░░░░░  61%  Streaming frame 253/388
  ███████████████░░░░░░░░░░  61%  Streaming frame 254/388
  ███████████████░░░░░░░░░░  61%  Streaming frame 255/388
  ███████████████░░░░░░░░░░  61%  Streaming frame 256/388
  ███████████████░░░░░░░░░░  61%  Streaming frame 257/388
  ███████████████░░░░░░░░░░  62%  Streaming frame 258/388
  ███████████████░░░░░░░░░░  62%  Streaming frame 259/388
  ███████████████░░░░░░░░░░  62%  Streaming frame 260/388
  ███████████████░░░░░░░░░░  62%  Streaming frame 261/388
  ███████████████░░░░░░░░░░  62%  Streaming frame 262/388
  ███████████████░░░░░░░░░░  62%  Streaming frame 263/388
  ███████████████░░░░░░░░░░  62%  Streaming frame 264/388
  ███████████████░░░░░░░░░░  63%  Streaming frame 265/388
  ███████████████░░░░░░░░░░  63%  Streaming frame 266/388
  ███████████████░░░░░░░░░░  63%  Streaming frame 267/388
  ███████████████░░░░░░░░░░  63%  Streaming frame 268/388
  ███████████████░░░░░░░░░░  63%  Streaming frame 269/388
  ███████████████░░░░░░░░░░  63%  Streaming frame 270/388
  ███████████████░░░░░░░░░░  63%  Streaming frame 271/388
  ████████████████░░░░░░░░░  64%  Streaming frame 272/388
  ████████████████░░░░░░░░░  64%  Streaming frame 273/388
  ████████████████░░░░░░░░░  64%  Streaming frame 274/388
  ████████████████░░░░░░░░░  64%  Streaming frame 275/388
  ████████████████░░░░░░░░░  64%  Streaming frame 276/388
  ████████████████░░░░░░░░░  64%  Streaming frame 277/388
  ████████████████░░░░░░░░░  64%  Streaming frame 278/388
  ████████████████░░░░░░░░░  65%  Streaming frame 279/388
  ████████████████░░░░░░░░░  65%  Streaming frame 280/388
  ████████████████░░░░░░░░░  65%  Streaming frame 281/388
  ████████████████░░░░░░░░░  65%  Streaming frame 282/388
  ████████████████░░░░░░░░░  65%  Streaming frame 283/388
  ████████████████░░░░░░░░░  65%  Streaming frame 284/388
  ████████████████░░░░░░░░░  65%  Streaming frame 285/388
  ████████████████░░░░░░░░░  66%  Streaming frame 286/388
  ████████████████░░░░░░░░░  66%  Streaming frame 287/388
  ████████████████░░░░░░░░░  66%  Streaming frame 288/388
  ████████████████░░░░░░░░░  66%  Streaming frame 289/388
  ████████████████░░░░░░░░░  66%  Streaming frame 290/388
  ████████████████░░░░░░░░░  66%  Streaming frame 291/388
[INFO] [Render] drawElement self-verify passed {"renderJobId":"0542586c-ecd0-4479-ba92-f07b83acf613","frame":291,"psnrDb":"inf"}
  ████████████████░░░░░░░░░  66%  Streaming frame 292/388
  ████████████████░░░░░░░░░  67%  Streaming frame 293/388
  ████████████████░░░░░░░░░  67%  Streaming frame 294/388
  ████████████████░░░░░░░░░  67%  Streaming frame 295/388
  ████████████████░░░░░░░░░  67%  Streaming frame 296/388
  ████████████████░░░░░░░░░  67%  Streaming frame 297/388
  ████████████████░░░░░░░░░  67%  Streaming frame 298/388
  ████████████████░░░░░░░░░  67%  Streaming frame 299/388
  █████████████████░░░░░░░░  68%  Streaming frame 300/388
  █████████████████░░░░░░░░  68%  Streaming frame 301/388
  █████████████████░░░░░░░░  68%  Streaming frame 302/388
  █████████████████░░░░░░░░  68%  Streaming frame 303/388
  █████████████████░░░░░░░░  68%  Streaming frame 304/388
  █████████████████░░░░░░░░  68%  Streaming frame 305/388
  █████████████████░░░░░░░░  68%  Streaming frame 306/388
  █████████████████░░░░░░░░  69%  Streaming frame 307/388
  █████████████████░░░░░░░░  69%  Streaming frame 308/388
  █████████████████░░░░░░░░  69%  Streaming frame 309/388
  █████████████████░░░░░░░░  69%  Streaming frame 310/388
  █████████████████░░░░░░░░  69%  Streaming frame 311/388
  █████████████████░░░░░░░░  69%  Streaming frame 312/388
  █████████████████░░░░░░░░  69%  Streaming frame 313/388
  █████████████████░░░░░░░░  70%  Streaming frame 314/388
  █████████████████░░░░░░░░  70%  Streaming frame 315/388
  █████████████████░░░░░░░░  70%  Streaming frame 316/388
  █████████████████░░░░░░░░  70%  Streaming frame 317/388
  █████████████████░░░░░░░░  70%  Streaming frame 318/388
  █████████████████░░░░░░░░  70%  Streaming frame 319/388
  █████████████████░░░░░░░░  70%  Streaming frame 320/388
  █████████████████░░░░░░░░  71%  Streaming frame 321/388
  █████████████████░░░░░░░░  71%  Streaming frame 322/388
  █████████████████░░░░░░░░  71%  Streaming frame 323/388
  █████████████████░░░░░░░░  71%  Streaming frame 324/388
  █████████████████░░░░░░░░  71%  Streaming frame 325/388
  █████████████████░░░░░░░░  71%  Streaming frame 326/388
  █████████████████░░░░░░░░  71%  Streaming frame 327/388
  █████████████████░░░░░░░░  71%  Streaming frame 328/388
  ██████████████████░░░░░░░  72%  Streaming frame 329/388
  ██████████████████░░░░░░░  72%  Streaming frame 330/388
  ██████████████████░░░░░░░  72%  Streaming frame 331/388
  ██████████████████░░░░░░░  72%  Streaming frame 332/388
  ██████████████████░░░░░░░  72%  Streaming frame 333/388
  ██████████████████░░░░░░░  72%  Streaming frame 334/388
  ██████████████████░░░░░░░  72%  Streaming frame 335/388
  ██████████████████░░░░░░░  73%  Streaming frame 336/388
  ██████████████████░░░░░░░  73%  Streaming frame 337/388
  ██████████████████░░░░░░░  73%  Streaming frame 338/388
  ██████████████████░░░░░░░  73%  Streaming frame 339/388
  ██████████████████░░░░░░░  73%  Streaming frame 340/388
  ██████████████████░░░░░░░  73%  Streaming frame 341/388
  ██████████████████░░░░░░░  73%  Streaming frame 342/388
  ██████████████████░░░░░░░  74%  Streaming frame 343/388
  ██████████████████░░░░░░░  74%  Streaming frame 344/388
  ██████████████████░░░░░░░  74%  Streaming frame 345/388
  ██████████████████░░░░░░░  74%  Streaming frame 346/388
  ██████████████████░░░░░░░  74%  Streaming frame 347/388
  ██████████████████░░░░░░░  74%  Streaming frame 348/388
  ██████████████████░░░░░░░  74%  Streaming frame 349/388
  ██████████████████░░░░░░░  75%  Streaming frame 350/388
  ██████████████████░░░░░░░  75%  Streaming frame 351/388
  ██████████████████░░░░░░░  75%  Streaming frame 352/388
  ██████████████████░░░░░░░  75%  Streaming frame 353/388
  ██████████████████░░░░░░░  75%  Streaming frame 354/388
  ██████████████████░░░░░░░  75%  Streaming frame 355/388
  ██████████████████░░░░░░░  75%  Streaming frame 356/388
  ███████████████████░░░░░░  76%  Streaming frame 357/388
  ███████████████████░░░░░░  76%  Streaming frame 358/388
  ███████████████████░░░░░░  76%  Streaming frame 359/388
  ███████████████████░░░░░░  76%  Streaming frame 360/388
  ███████████████████░░░░░░  76%  Streaming frame 361/388
  ███████████████████░░░░░░  76%  Streaming frame 362/388
  ███████████████████░░░░░░  76%  Streaming frame 363/388
  ███████████████████░░░░░░  77%  Streaming frame 364/388
  ███████████████████░░░░░░  77%  Streaming frame 365/388
  ███████████████████░░░░░░  77%  Streaming frame 366/388
  ███████████████████░░░░░░  77%  Streaming frame 367/388
  ███████████████████░░░░░░  77%  Streaming frame 368/388
  ███████████████████░░░░░░  77%  Streaming frame 369/388
[INFO] [Render] drawElement self-verify passed {"renderJobId":"0542586c-ecd0-4479-ba92-f07b83acf613","frame":369,"psnrDb":"inf"}
  ███████████████████░░░░░░  77%  Streaming frame 370/388
  ███████████████████░░░░░░  78%  Streaming frame 371/388
  ███████████████████░░░░░░  78%  Streaming frame 372/388
  ███████████████████░░░░░░  78%  Streaming frame 373/388
  ███████████████████░░░░░░  78%  Streaming frame 374/388
  ███████████████████░░░░░░  78%  Streaming frame 375/388
  ███████████████████░░░░░░  78%  Streaming frame 376/388
  ███████████████████░░░░░░  78%  Streaming frame 377/388
  ███████████████████░░░░░░  79%  Streaming frame 378/388
  ███████████████████░░░░░░  79%  Streaming frame 379/388
  ███████████████████░░░░░░  79%  Streaming frame 380/388
  ███████████████████░░░░░░  79%  Streaming frame 381/388
  ███████████████████░░░░░░  79%  Streaming frame 382/388
  ███████████████████░░░░░░  79%  Streaming frame 383/388
  ███████████████████░░░░░░  79%  Streaming frame 384/388
  ████████████████████░░░░░  80%  Streaming frame 385/388
  ████████████████████░░░░░  80%  Streaming frame 386/388
  ████████████████████░░░░░  80%  Streaming frame 387/388
  ████████████████████░░░░░  80%  Streaming frame 388/388
[INFO] [Render:trace] {"renderJobId":"0542586c-ecd0-4479-ba92-f07b83acf613","phase":"capture_streaming","status":"end","elapsedMs":16567,"durationMs":12778,"stagePhase":"capturing","workerCount":1,"forceScreenshot":false,"totalFrames":388,"framesCompleted":388,"captureMode":"drawelement","captureOperation":"encode"}
[INFO] [Render:trace] {"renderJobId":"0542586c-ecd0-4479-ba92-f07b83acf613","phase":"assemble","status":"start","elapsedMs":16570,"stagePhase":"capturing","hasAudio":true,"workerCount":1,"forceScreenshot":false,"totalFrames":388,"framesCompleted":388,"captureMode":"drawelement","captureOperation":"encode"}
  ██████████████████████░░░  90%  Assembling final video
[INFO] [Render:trace] {"renderJobId":"0542586c-ecd0-4479-ba92-f07b83acf613","phase":"assemble","status":"end","elapsedMs":17067,"durationMs":496,"stagePhase":"capturing","hasAudio":true,"workerCount":1,"forceScreenshot":false,"totalFrames":388,"framesCompleted":388,"captureMode":"drawelement","captureOperation":"encode"}
[INFO] [Render:trace] {"renderJobId":"0542586c-ecd0-4479-ba92-f07b83acf613","phase":"pipeline","status":"checkpoint","elapsedMs":17097,"message":"artifact validated","totalElapsedMs":17095}
  █████████████████████████  100%  Render complete

◇  /Users/brownmanbrain/GitHub/operator-economy/blueprint-cinema/experiments/EP009-SHORTS-003/03-guest-relationship/review/ep009-short03-avatar-forward-r3-review.mp4
   4.9 MB · 16.2s video · rendered in 17.1s
   drawelement capture · hardware gpu · compile 1.0s · extract 1.8s · audio 0.6s · probe 0.1s · setup 0.4s · capture 12.8s · encode (during capture) 12.8s · assemble 0.5s
