
◆  Rendering seg017 → /Users/brownmanbrain/GitHub/operator-economy/blueprint-cinema/experiments/EP009-FULL-BUILD-001/scenes/seg017/qa/seg017.mp4
   24fps · high · auto workers (10 cores detected)
   GPU: browser GPU (auto-detect)

[?25l│
◇  Browser: cache
[?25h  █░░░░░░░░░░░░░░░░░░░░░░░░  5%  Compiling composition
  ██░░░░░░░░░░░░░░░░░░░░░░░  10%  Extracting video frames
  █████░░░░░░░░░░░░░░░░░░░░  20%  Processing audio tracks
  ██████░░░░░░░░░░░░░░░░░░░  25%  Starting frame capture
[BrowserManager] Browser launched (HeadlessChrome/152.0.7977.30, screenshot, gl=--use-gl=angle --use-angle=metal, headlessShell=true, platform=darwin)
[initSession:screenshot] page.goto start (0ms)
[HyperFrames] render runtime fps [object Object]
[initSession:screenshot] page.goto complete (92ms)
[initSession:screenshot] GSAP proxy flush complete (123ms)
[initSession:screenshot] pollHfReady complete (123ms)
[initSession:screenshot] pollSubCompositionTimelines complete (ready) (124ms)
[initSession:screenshot] applyVideoMetadataHints complete (124ms)
[initSession:screenshot] media + fonts + tailwind ready (125ms)
[initSession:screenshot] timeline at-risk predictor: 0/809 frames (0%) (150ms)
[initSession:screenshot] static-frame dedup: 664/664 predicted frame(s) reusable (outcome=verified, runs=12/12, screenshots=45, seeks=46, elapsedMs=1840) (2164ms)
[initSession:screenshot] drawElement self-verify armed: 4 ground-truth frame(s) @ [202, 404, 606, 768] of 808 (2526ms)
[initSession:drawelement] drawElement canvas injected (2528ms)
[initSession:drawelement] screenshot fallback: 5 clip-boundary frame(s) (2529ms)
[initSession:drawelement] drawElement worker encode initialized (2532ms)
  ██████░░░░░░░░░░░░░░░░░░░  25%  Capturing frame 0/808 (4 workers)
  ██████░░░░░░░░░░░░░░░░░░░  25%  Capturing frame 0/808 (4 workers)
  ██████░░░░░░░░░░░░░░░░░░░  25%  Capturing frame 0/808 (4 workers)
  ██████░░░░░░░░░░░░░░░░░░░  25%  Capturing frame 0/808 (4 workers)
[BrowserManager] Browser launched (HeadlessChrome/152.0.7977.30, screenshot, gl=--use-gl=angle --use-angle=metal, headlessShell=true, platform=darwin)
  ██████░░░░░░░░░░░░░░░░░░░  25%  Capturing frame 0/808 (4 workers)
[initSession:screenshot] page.goto start (0ms)
  ██████░░░░░░░░░░░░░░░░░░░  25%  Capturing frame 0/808 (4 workers)
  ██████░░░░░░░░░░░░░░░░░░░  25%  Capturing frame 0/808 (4 workers)
[initSession:screenshot] page.goto start (0ms)
  ██████░░░░░░░░░░░░░░░░░░░  25%  Capturing frame 0/808 (4 workers)
  ██████░░░░░░░░░░░░░░░░░░░  25%  Capturing frame 0/808 (4 workers)
[initSession:screenshot] page.goto start (0ms)
  ██████░░░░░░░░░░░░░░░░░░░  25%  Capturing frame 0/808 (4 workers)
  ██████░░░░░░░░░░░░░░░░░░░  25%  Capturing frame 0/808 (4 workers)
[initSession:screenshot] page.goto start (0ms)
  ██████░░░░░░░░░░░░░░░░░░░  25%  Capturing frame 0/808 (4 workers)
[HyperFrames] render runtime fps [object Object]
[HyperFrames] render runtime fps [object Object]
[HyperFrames] render runtime fps [object Object]
[HyperFrames] render runtime fps [object Object]
[initSession:screenshot] page.goto complete (113ms)
[initSession:screenshot] page.goto complete (130ms)
[initSession:screenshot] page.goto complete (133ms)
[initSession:screenshot] page.goto complete (135ms)
[initSession:screenshot] GSAP proxy flush complete (148ms)
[initSession:screenshot] GSAP proxy flush complete (152ms)
[initSession:screenshot] GSAP proxy flush complete (152ms)
[initSession:screenshot] GSAP proxy flush complete (151ms)
[initSession:screenshot] pollHfReady complete (152ms)
[initSession:screenshot] pollHfReady complete (154ms)
[initSession:screenshot] pollHfReady complete (155ms)
[initSession:screenshot] pollHfReady complete (153ms)
[initSession:screenshot] pollSubCompositionTimelines complete (ready) (153ms)
[initSession:screenshot] applyVideoMetadataHints complete (153ms)
[initSession:screenshot] pollSubCompositionTimelines complete (ready) (156ms)
[initSession:screenshot] applyVideoMetadataHints complete (156ms)
[initSession:screenshot] pollSubCompositionTimelines complete (ready) (156ms)
[initSession:screenshot] applyVideoMetadataHints complete (156ms)
[initSession:screenshot] pollSubCompositionTimelines complete (ready) (154ms)
[initSession:screenshot] applyVideoMetadataHints complete (154ms)
[initSession:screenshot] media + fonts + tailwind ready (155ms)
[initSession:screenshot] media + fonts + tailwind ready (157ms)
[initSession:screenshot] media + fonts + tailwind ready (157ms)
[initSession:screenshot] media + fonts + tailwind ready (156ms)
[initSession:screenshot] static-frame dedup: 664/664 predicted frame(s) reusable (outcome=verified, runs=12/12, screenshots=45, seeks=46, elapsedMs=1829) (2158ms)
[initSession:screenshot] static-frame dedup: 664/664 predicted frame(s) reusable (outcome=verified, runs=12/12, screenshots=45, seeks=46, elapsedMs=1829) (2168ms)
  ██████░░░░░░░░░░░░░░░░░░░  25%  Capturing frame 0/808 (4 workers)
  ██████░░░░░░░░░░░░░░░░░░░  25%  Capturing frame 0/808 (4 workers)
[initSession:screenshot] static-frame dedup: 664/664 predicted frame(s) reusable (outcome=verified, runs=12/12, screenshots=45, seeks=46, elapsedMs=1860) (2186ms)
[initSession:screenshot] static-frame dedup: 664/664 predicted frame(s) reusable (outcome=verified, runs=12/12, screenshots=45, seeks=46, elapsedMs=1861) (2197ms)
  ██████░░░░░░░░░░░░░░░░░░░  25%  Capturing frame 0/808 (4 workers)
  ██████░░░░░░░░░░░░░░░░░░░  25%  Capturing frame 0/808 (4 workers)
  ██████░░░░░░░░░░░░░░░░░░░  27%  Capturing frame 30/808 (4 workers)
  ███████░░░░░░░░░░░░░░░░░░  28%  Capturing frame 60/808 (4 workers)
  ███████░░░░░░░░░░░░░░░░░░  30%  Capturing frame 90/808 (4 workers)
  ████████░░░░░░░░░░░░░░░░░  32%  Capturing frame 120/808 (4 workers)
  ████████░░░░░░░░░░░░░░░░░  33%  Capturing frame 150/808 (4 workers)
  ████████░░░░░░░░░░░░░░░░░  35%  Capturing frame 180/808 (4 workers)
  █████████░░░░░░░░░░░░░░░░  37%  Capturing frame 210/808 (4 workers)
  █████████░░░░░░░░░░░░░░░░  38%  Capturing frame 240/808 (4 workers)
  ██████████░░░░░░░░░░░░░░░  40%  Capturing frame 270/808 (4 workers)
  ██████████░░░░░░░░░░░░░░░  42%  Capturing frame 300/808 (4 workers)
  ██████████░░░░░░░░░░░░░░░  43%  Capturing frame 330/808 (4 workers)
  ███████████░░░░░░░░░░░░░░  45%  Capturing frame 360/808 (4 workers)
  ███████████░░░░░░░░░░░░░░  47%  Capturing frame 390/808 (4 workers)
  ████████████░░░░░░░░░░░░░  48%  Capturing frame 420/808 (4 workers)
  ████████████░░░░░░░░░░░░░  50%  Capturing frame 450/808 (4 workers)
  █████████████░░░░░░░░░░░░  52%  Capturing frame 480/808 (4 workers)
  █████████████░░░░░░░░░░░░  53%  Capturing frame 510/808 (4 workers)
  █████████████░░░░░░░░░░░░  55%  Capturing frame 540/808 (4 workers)
  ██████████████░░░░░░░░░░░  57%  Capturing frame 570/808 (4 workers)
[static-dedup] reused 178/202 frame(s) (88%), est. ~7654ms saved (avg 43ms/frame)
  ██████████████░░░░░░░░░░░  58%  Capturing frame 600/808 (4 workers)
  ███████████████░░░░░░░░░░  60%  Capturing frame 630/808 (4 workers)
  ███████████████░░░░░░░░░░  62%  Capturing frame 660/808 (4 workers)
[static-dedup] reused 177/202 frame(s) (88%), est. ~7434ms saved (avg 42ms/frame)
  ███████████████░░░░░░░░░░  63%  Capturing frame 690/808 (4 workers)
  ████████████████░░░░░░░░░  65%  Capturing frame 720/808 (4 workers)
  ████████████████░░░░░░░░░  67%  Capturing frame 750/808 (4 workers)
[static-dedup] reused 163/202 frame(s) (81%), est. ~6683ms saved (avg 41ms/frame)
  █████████████████░░░░░░░░  68%  Capturing frame 780/808 (4 workers)
  █████████████████░░░░░░░░  70%  Capturing frame 808/808 (4 workers)
[static-dedup] reused 143/202 frame(s) (71%), est. ~6006ms saved (avg 42ms/frame)
  ██████████████████░░░░░░░  75%  Encoding video
  ██████████████████████░░░  90%  Assembling final video
  █████████████████████████  100%  Render complete

◇  /Users/brownmanbrain/GitHub/operator-economy/blueprint-cinema/experiments/EP009-FULL-BUILD-001/scenes/seg017/qa/seg017.mp4
   1.7 MB · 33.7s video · rendered in 10.7s
[INFO] [Render] Pipeline started {"renderJobId":"33f67ddd-b704-40e3-8691-de9c4a9120a5","platform":"darwin","arch":"arm64","nodeVersion":"v25.6.1","fps":{"num":24,"den":1},"format":"mp4","quality":"high","browserGpuMode":"auto","forceScreenshot":false,"protocolTimeout":300000,"browserTimeout":120000,"pageNavigationTimeout":60000,"playerReadyTimeout":45000}
[INFO] [Render:trace] {"renderJobId":"33f67ddd-b704-40e3-8691-de9c4a9120a5","phase":"pipeline","status":"checkpoint","elapsedMs":1,"message":"started","format":"mp4","quality":"high","browserGpuMode":"auto","forceScreenshot":false,"protocolTimeoutMs":300000,"pageNavigationTimeoutMs":60000,"playerReadyTimeoutMs":45000,"requestedWorkers":"auto"}
[INFO] [Render:trace] {"renderJobId":"33f67ddd-b704-40e3-8691-de9c4a9120a5","phase":"compile","status":"start","elapsedMs":2,"needsAlpha":false}
[INFO] [Compiler] Embedded local font file: public/fonts/boska-700.woff2 (30 KB → data URI)
[INFO] [Compiler] Embedded local font file: public/fonts/supreme-400.woff2 (18 KB → data URI)
[INFO] [Compiler] Embedded local font file: public/fonts/supreme-500.woff2 (18 KB → data URI)
[INFO] Compiled composition metadata {"renderJobId":"33f67ddd-b704-40e3-8691-de9c4a9120a5","entryFile":"index.html","staticDuration":33.666666666666664,"width":1280,"height":720,"videoCount":0,"audioCount":1,"renderModeHints":{"recommendScreenshot":false,"reasons":[]}}
[INFO] [Render:trace] {"renderJobId":"33f67ddd-b704-40e3-8691-de9c4a9120a5","phase":"compile","status":"end","elapsedMs":57,"durationMs":55,"needsAlpha":false}
[INFO] [Render:trace] {"renderJobId":"33f67ddd-b704-40e3-8691-de9c4a9120a5","phase":"compile","status":"checkpoint","elapsedMs":57,"message":"composition metadata resolved","width":1280,"height":720,"videoCount":0,"audioCount":1,"imageCount":0,"deviceScaleFactor":1,"forceScreenshot":false,"compositionHash":"cb6cb6e1dc99489e"}
[INFO] [Render:trace] {"renderJobId":"33f67ddd-b704-40e3-8691-de9c4a9120a5","phase":"browser_probe","status":"start","elapsedMs":58,"forceScreenshot":false,"stagePhase":"calibrating"}
[INFO] [Render:trace] {"renderJobId":"33f67ddd-b704-40e3-8691-de9c4a9120a5","phase":"browser_probe","status":"end","elapsedMs":60,"durationMs":2,"forceScreenshot":false,"stagePhase":"calibrating"}
[INFO] [Render:trace] {"renderJobId":"33f67ddd-b704-40e3-8691-de9c4a9120a5","phase":"browser_probe","status":"checkpoint","elapsedMs":60,"message":"duration resolved","durationSeconds":33.666666666666664,"totalFrames":808,"compositionHash":"cb6cb6e1dc99489e","beginFrameStalled":false}
[INFO] [Render:trace] {"renderJobId":"33f67ddd-b704-40e3-8691-de9c4a9120a5","phase":"video_extract","status":"start","elapsedMs":60,"videoCount":0}
[INFO] [Render:trace] {"renderJobId":"33f67ddd-b704-40e3-8691-de9c4a9120a5","phase":"video_extract","status":"end","elapsedMs":60,"durationMs":0,"videoCount":0}
[INFO] [Render:trace] {"renderJobId":"33f67ddd-b704-40e3-8691-de9c4a9120a5","phase":"video_extract","status":"checkpoint","elapsedMs":60,"message":"frames resolved","videoCount":0,"extractedVideoCount":0,"totalFramesExtracted":0,"maxFramesPerVideo":0,"avgFramesPerExtractedVideo":null,"vfrPreflightCount":null,"vfrPreflightMs":null,"cacheHits":null,"cacheMisses":null,"transientRetries":null,"minVideoFrameCoverageRatio":null,"authoredTimedClipCount":2}
[INFO] [Render] No HDR sources detected — rendering SDR {"renderJobId":"33f67ddd-b704-40e3-8691-de9c4a9120a5"}
[INFO] [Render:trace] {"renderJobId":"33f67ddd-b704-40e3-8691-de9c4a9120a5","phase":"hdr_detection","status":"checkpoint","elapsedMs":60,"message":"resolved","requestedHdrMode":"auto","effectiveHdr":"sdr","nativeHdrVideoCount":0,"nativeHdrImageCount":0}
[INFO] [Render:trace] {"renderJobId":"33f67ddd-b704-40e3-8691-de9c4a9120a5","phase":"audio_process","status":"start","elapsedMs":60,"audioCount":1}
[INFO] [Render:trace] {"renderJobId":"33f67ddd-b704-40e3-8691-de9c4a9120a5","phase":"audio_process","status":"end","elapsedMs":763,"durationMs":703,"audioCount":1}
[INFO] [Render:trace] {"renderJobId":"33f67ddd-b704-40e3-8691-de9c4a9120a5","phase":"file_server","status":"start","elapsedMs":763,"reused":false}
[INFO] [Render:trace] {"renderJobId":"33f67ddd-b704-40e3-8691-de9c4a9120a5","phase":"file_server","status":"end","elapsedMs":769,"durationMs":6}
[hyperframes] browserGpuMode probe → hardware (WebGL renderer vendor="Google Inc. (Apple)" renderer="ANGLE (Apple, ANGLE Metal Renderer: Apple M4, Unspecified Version)")
[INFO] [Render:trace] {"renderJobId":"33f67ddd-b704-40e3-8691-de9c4a9120a5","phase":"capture_calibration","status":"start","elapsedMs":906,"stagePhase":"calibrating","forceScreenshot":false,"totalFrames":808,"framesCompleted":0,"captureMode":"drawelement","captureOperation":"drawElement"}
[INFO] [Render] Calibration config {"renderJobId":"33f67ddd-b704-40e3-8691-de9c4a9120a5","protocolTimeout":30000,"parentProtocolTimeout":300000,"forceScreenshot":false,"totalFrames":808}
[INFO] Launching browser for capture calibration... {"renderJobId":"33f67ddd-b704-40e3-8691-de9c4a9120a5"}
[INFO] Initializing calibration session... {"renderJobId":"33f67ddd-b704-40e3-8691-de9c4a9120a5"}
[INFO] Calibration session ready, capturing test frames... {"renderJobId":"33f67ddd-b704-40e3-8691-de9c4a9120a5"}
[INFO] Calibration: capturing test frame 1/5... {"renderJobId":"33f67ddd-b704-40e3-8691-de9c4a9120a5"}
[INFO] Calibration: capturing test frame 2/5... {"renderJobId":"33f67ddd-b704-40e3-8691-de9c4a9120a5"}
[INFO] Calibration: capturing test frame 3/5... {"renderJobId":"33f67ddd-b704-40e3-8691-de9c4a9120a5"}
[INFO] Calibration: capturing test frame 4/5... {"renderJobId":"33f67ddd-b704-40e3-8691-de9c4a9120a5"}
[INFO] Calibration: capturing test frame 5/5... {"renderJobId":"33f67ddd-b704-40e3-8691-de9c4a9120a5"}
[INFO] Calibration complete, estimated cost: 22ms/frame (p95) {"renderJobId":"33f67ddd-b704-40e3-8691-de9c4a9120a5"}
[INFO] [Render:trace] {"renderJobId":"33f67ddd-b704-40e3-8691-de9c4a9120a5","phase":"capture_calibration","status":"end","elapsedMs":3706,"durationMs":2799,"stagePhase":"calibrating","forceScreenshot":false,"totalFrames":808,"framesCompleted":0,"captureMode":"drawelement","captureOperation":"drawElement"}
[INFO] [Render:trace] {"renderJobId":"33f67ddd-b704-40e3-8691-de9c4a9120a5","phase":"capture_calibration","status":"checkpoint","elapsedMs":3706,"message":"resolved","forceScreenshot":false,"multiplier":1,"p95Ms":22}
[INFO] [Render:trace] {"renderJobId":"33f67ddd-b704-40e3-8691-de9c4a9120a5","phase":"worker_resolution","status":"checkpoint","elapsedMs":3707,"message":"resolved","workerCount":4}
[INFO] [Render] Fast capture: default-on drawElement disabled for this render — parallel capture has no runtime self-verification. Set PRODUCER_EXPERIMENTAL_FAST_CAPTURE=true to override. {"renderJobId":"33f67ddd-b704-40e3-8691-de9c4a9120a5"}
[INFO] streaming-encode gate {"renderJobId":"33f67ddd-b704-40e3-8691-de9c4a9120a5","enabled":false,"configFlag":true,"outputFormat":"mp4","workerCount":4,"durationSeconds":33.666666666666664,"maxDurationSeconds":240}
[INFO] [Render:trace] {"renderJobId":"33f67ddd-b704-40e3-8691-de9c4a9120a5","phase":"capture_strategy","status":"checkpoint","elapsedMs":3707,"message":"resolved","workerCount":4,"forceScreenshot":false,"captureBeyondViewport":null,"useStreamingEncode":false,"useLayeredComposite":false,"usePageSideCompositing":false,"hasHdrContent":false,"hasShaderTransitions":false,"isPngSequence":false}
[INFO] [Render:trace] {"renderJobId":"33f67ddd-b704-40e3-8691-de9c4a9120a5","phase":"capture_disk","status":"start","elapsedMs":3707,"stagePhase":"capturing","needsAlpha":false,"workerCount":4,"forceScreenshot":false,"totalFrames":808,"framesCompleted":0,"captureMode":"beginframe","captureOperation":"beginFrame"}
[INFO] [Render:trace] {"renderJobId":"33f67ddd-b704-40e3-8691-de9c4a9120a5","phase":"capture_disk","status":"end","elapsedMs":8658,"durationMs":4951,"stagePhase":"capturing","needsAlpha":false,"workerCount":4,"forceScreenshot":false,"totalFrames":808,"framesCompleted":808,"captureMode":"beginframe","captureOperation":"encode"}
[INFO] [Render:trace] {"renderJobId":"33f67ddd-b704-40e3-8691-de9c4a9120a5","phase":"encode","status":"start","elapsedMs":8658,"stagePhase":"capturing","hasAudio":true,"isPngSequence":false,"isGif":false,"chunkedEncode":false,"workerCount":4,"forceScreenshot":false,"totalFrames":808,"framesCompleted":808,"captureMode":"beginframe","captureOperation":"encode"}
[INFO] [Render:trace] {"renderJobId":"33f67ddd-b704-40e3-8691-de9c4a9120a5","phase":"encode","status":"end","elapsedMs":9882,"durationMs":1224,"stagePhase":"capturing","hasAudio":true,"isPngSequence":false,"isGif":false,"chunkedEncode":false,"workerCount":4,"forceScreenshot":false,"totalFrames":808,"framesCompleted":808,"captureMode":"beginframe","captureOperation":"encode"}
[INFO] [Render:trace] {"renderJobId":"33f67ddd-b704-40e3-8691-de9c4a9120a5","phase":"assemble","status":"start","elapsedMs":9882,"stagePhase":"capturing","hasAudio":true,"workerCount":4,"forceScreenshot":false,"totalFrames":808,"framesCompleted":808,"captureMode":"beginframe","captureOperation":"encode"}
[INFO] [Render:trace] {"renderJobId":"33f67ddd-b704-40e3-8691-de9c4a9120a5","phase":"assemble","status":"end","elapsedMs":10639,"durationMs":756,"stagePhase":"capturing","hasAudio":true,"workerCount":4,"forceScreenshot":false,"totalFrames":808,"framesCompleted":808,"captureMode":"beginframe","captureOperation":"encode"}
[INFO] [Render:trace] {"renderJobId":"33f67ddd-b704-40e3-8691-de9c4a9120a5","phase":"pipeline","status":"checkpoint","elapsedMs":10662,"message":"artifact validated","totalElapsedMs":10659}
