
◆  Rendering r54-s11a → /Users/brownmanbrain/GitHub/operator-economy/blueprint-cinema/experiments/EP007-NET-NEW-UNFINISHED-ANSWER-003/hyperframes/reviews/r54-s11a/qa/r54-s11a.mp4
   24fps · high · auto workers (10 cores detected)
   GPU: browser GPU (auto-detect)

[?25l│
◇  Browser: cache
[?25h[INFO] [Render] Pipeline started {"renderJobId":"6b912b32-fb27-4f33-aa63-d78bcd0db022","platform":"darwin","arch":"arm64","nodeVersion":"v25.6.1","fps":{"num":24,"den":1},"format":"mp4","quality":"high","browserGpuMode":"auto","forceScreenshot":false,"protocolTimeout":300000,"browserTimeout":120000,"pageNavigationTimeout":60000,"playerReadyTimeout":45000}
[INFO] [Render:trace] {"renderJobId":"6b912b32-fb27-4f33-aa63-d78bcd0db022","phase":"pipeline","status":"checkpoint","elapsedMs":2,"message":"started","format":"mp4","quality":"high","browserGpuMode":"auto","forceScreenshot":false,"protocolTimeoutMs":300000,"pageNavigationTimeoutMs":60000,"playerReadyTimeoutMs":45000,"requestedWorkers":"auto"}
[INFO] [Render:trace] {"renderJobId":"6b912b32-fb27-4f33-aa63-d78bcd0db022","phase":"compile","status":"start","elapsedMs":3,"needsAlpha":false}
  █░░░░░░░░░░░░░░░░░░░░░░░░  5%  Compiling composition
[INFO] [Compiler] Embedded local font file: public/fonts/boska-700.woff2 (30 KB → data URI)
[INFO] [Compiler] Embedded local font file: public/fonts/supreme-400.woff2 (18 KB → data URI)
[INFO] [Compiler] Embedded local font file: public/fonts/supreme-500.woff2 (18 KB → data URI)
[INFO] Compiled composition metadata {"renderJobId":"6b912b32-fb27-4f33-aa63-d78bcd0db022","entryFile":"index.html","staticDuration":26.875,"width":1280,"height":720,"videoCount":0,"audioCount":1,"renderModeHints":{"recommendScreenshot":false,"reasons":[]}}
[INFO] [Render:trace] {"renderJobId":"6b912b32-fb27-4f33-aa63-d78bcd0db022","phase":"compile","status":"end","elapsedMs":83,"durationMs":80,"needsAlpha":false}
[INFO] [Render:trace] {"renderJobId":"6b912b32-fb27-4f33-aa63-d78bcd0db022","phase":"compile","status":"checkpoint","elapsedMs":83,"message":"composition metadata resolved","width":1280,"height":720,"videoCount":0,"audioCount":1,"imageCount":1,"deviceScaleFactor":1,"forceScreenshot":false,"compositionHash":"19775e5ac30cbafd"}
[INFO] [Render:trace] {"renderJobId":"6b912b32-fb27-4f33-aa63-d78bcd0db022","phase":"browser_probe","status":"start","elapsedMs":83,"forceScreenshot":false,"stagePhase":"calibrating"}
[INFO] [Render:trace] {"renderJobId":"6b912b32-fb27-4f33-aa63-d78bcd0db022","phase":"browser_probe","status":"end","elapsedMs":87,"durationMs":3,"forceScreenshot":false,"stagePhase":"calibrating"}
[INFO] [Render:trace] {"renderJobId":"6b912b32-fb27-4f33-aa63-d78bcd0db022","phase":"browser_probe","status":"checkpoint","elapsedMs":87,"message":"duration resolved","durationSeconds":26.875,"totalFrames":645,"compositionHash":"19775e5ac30cbafd","beginFrameStalled":false}
[INFO] [Render:trace] {"renderJobId":"6b912b32-fb27-4f33-aa63-d78bcd0db022","phase":"video_extract","status":"start","elapsedMs":87,"videoCount":0}
  ██░░░░░░░░░░░░░░░░░░░░░░░  10%  Extracting video frames
[INFO] [Render:trace] {"renderJobId":"6b912b32-fb27-4f33-aa63-d78bcd0db022","phase":"video_extract","status":"end","elapsedMs":88,"durationMs":1,"videoCount":0}
[INFO] [Render:trace] {"renderJobId":"6b912b32-fb27-4f33-aa63-d78bcd0db022","phase":"video_extract","status":"checkpoint","elapsedMs":88,"message":"frames resolved","videoCount":0,"extractedVideoCount":0,"totalFramesExtracted":0,"maxFramesPerVideo":0,"avgFramesPerExtractedVideo":null,"vfrPreflightCount":null,"vfrPreflightMs":null,"cacheHits":null,"cacheMisses":null,"transientRetries":null,"minVideoFrameCoverageRatio":null,"authoredTimedClipCount":2}
[INFO] [Render] No HDR sources detected — rendering SDR {"renderJobId":"6b912b32-fb27-4f33-aa63-d78bcd0db022"}
[INFO] [Render:trace] {"renderJobId":"6b912b32-fb27-4f33-aa63-d78bcd0db022","phase":"hdr_detection","status":"checkpoint","elapsedMs":88,"message":"resolved","requestedHdrMode":"auto","effectiveHdr":"sdr","nativeHdrVideoCount":0,"nativeHdrImageCount":0}
[INFO] [Render:trace] {"renderJobId":"6b912b32-fb27-4f33-aa63-d78bcd0db022","phase":"audio_process","status":"start","elapsedMs":88,"audioCount":1}
  █████░░░░░░░░░░░░░░░░░░░░  20%  Processing audio tracks
[INFO] [Render:trace] {"renderJobId":"6b912b32-fb27-4f33-aa63-d78bcd0db022","phase":"audio_process","status":"end","elapsedMs":606,"durationMs":518,"audioCount":1}
[INFO] [Render:trace] {"renderJobId":"6b912b32-fb27-4f33-aa63-d78bcd0db022","phase":"file_server","status":"start","elapsedMs":606,"reused":false}
  ██████░░░░░░░░░░░░░░░░░░░  25%  Starting frame capture
[INFO] [Render:trace] {"renderJobId":"6b912b32-fb27-4f33-aa63-d78bcd0db022","phase":"file_server","status":"end","elapsedMs":611,"durationMs":5}
[hyperframes] browserGpuMode probe → hardware (WebGL renderer vendor="Google Inc. (Apple)" renderer="ANGLE (Apple, ANGLE Metal Renderer: Apple M4, Unspecified Version)")
[INFO] [Render:trace] {"renderJobId":"6b912b32-fb27-4f33-aa63-d78bcd0db022","phase":"capture_calibration","status":"start","elapsedMs":758,"stagePhase":"calibrating","forceScreenshot":false,"totalFrames":645,"framesCompleted":0,"captureMode":"drawelement","captureOperation":"drawElement"}
[INFO] [Render] Calibration config {"renderJobId":"6b912b32-fb27-4f33-aa63-d78bcd0db022","protocolTimeout":30000,"parentProtocolTimeout":300000,"forceScreenshot":false,"totalFrames":645}
[INFO] Launching browser for capture calibration... {"renderJobId":"6b912b32-fb27-4f33-aa63-d78bcd0db022"}
[BrowserManager] Browser launched (HeadlessChrome/152.0.7977.30, screenshot, gl=--use-gl=angle --use-angle=metal, headlessShell=true, platform=darwin)
[INFO] Initializing calibration session... {"renderJobId":"6b912b32-fb27-4f33-aa63-d78bcd0db022"}
[initSession:screenshot] page.goto start (0ms)
[HyperFrames] render runtime fps [object Object]
[initSession:screenshot] page.goto complete (103ms)
[initSession:screenshot] GSAP proxy flush complete (106ms)
[initSession:screenshot] pollHfReady complete (107ms)
[initSession:screenshot] pollSubCompositionTimelines complete (ready) (108ms)
[initSession:screenshot] applyVideoMetadataHints complete (108ms)
[initSession:screenshot] media + fonts + tailwind ready (109ms)
[initSession:screenshot] timeline at-risk predictor: 0/645 frames (0%) (135ms)
[initSession:screenshot] static-frame dedup: 519/520 predicted frame(s) reusable (outcome=verified, runs=12/12, screenshots=39, seeks=40, elapsedMs=1527) (1892ms)
[initSession:screenshot] drawElement self-verify armed: 4 ground-truth frame(s) @ [161, 323, 484, 613] of 645 (2260ms)
[initSession:drawelement] drawElement canvas injected (2262ms)
[initSession:drawelement] screenshot fallback: 5 clip-boundary frame(s) (2262ms)
[initSession:drawelement] drawElement worker encode initialized (2266ms)
[INFO] Calibration session ready, capturing test frames... {"renderJobId":"6b912b32-fb27-4f33-aa63-d78bcd0db022"}
[INFO] Calibration: capturing test frame 1/5... {"renderJobId":"6b912b32-fb27-4f33-aa63-d78bcd0db022"}
[WARN] [Render] Auto-worker calibration failed; using conservative worker budget. {"renderJobId":"6b912b32-fb27-4f33-aa63-d78bcd0db022","protocolTimeout":30000,"error":"drawElement capture failed at frame 0: suspect small frame (18810B < 20000B); fresh screenshot capture required"}
[INFO] [Render:trace] {"renderJobId":"6b912b32-fb27-4f33-aa63-d78bcd0db022","phase":"capture_calibration","status":"end","elapsedMs":3288,"durationMs":2530,"stagePhase":"calibrating","forceScreenshot":false,"totalFrames":645,"framesCompleted":0,"captureMode":"drawelement","captureOperation":"drawElement"}
[INFO] [Render:trace] {"renderJobId":"6b912b32-fb27-4f33-aa63-d78bcd0db022","phase":"capture_calibration","status":"checkpoint","elapsedMs":3288,"message":"resolved","forceScreenshot":false,"multiplier":8,"p95Ms":null}
[WARN] [Render] Reduced auto worker count for high-cost capture workload to avoid Chrome compositor starvation. {"renderJobId":"6b912b32-fb27-4f33-aa63-d78bcd0db022","from":4,"to":1,"costMultiplier":8,"reasons":["calibration-failed"]}
[INFO] [Render:trace] {"renderJobId":"6b912b32-fb27-4f33-aa63-d78bcd0db022","phase":"worker_resolution","status":"checkpoint","elapsedMs":3288,"message":"resolved","workerCount":1}
[INFO] streaming-encode gate {"renderJobId":"6b912b32-fb27-4f33-aa63-d78bcd0db022","enabled":true,"configFlag":true,"outputFormat":"mp4","workerCount":1,"durationSeconds":26.875,"maxDurationSeconds":240}
[INFO] [Render:trace] {"renderJobId":"6b912b32-fb27-4f33-aa63-d78bcd0db022","phase":"capture_strategy","status":"checkpoint","elapsedMs":3289,"message":"resolved","workerCount":1,"forceScreenshot":false,"captureBeyondViewport":null,"useStreamingEncode":true,"useLayeredComposite":false,"usePageSideCompositing":false,"hasHdrContent":false,"hasShaderTransitions":false,"isPngSequence":false}
[INFO] [Render:trace] {"renderJobId":"6b912b32-fb27-4f33-aa63-d78bcd0db022","phase":"capture_streaming","status":"start","elapsedMs":3289,"stagePhase":"capturing","workerCount":1,"forceScreenshot":false,"totalFrames":645,"framesCompleted":0,"captureMode":"drawelement","captureOperation":"drawElement"}
[BrowserManager] Browser launched (HeadlessChrome/152.0.7977.30, screenshot, gl=--use-gl=angle --use-angle=metal, headlessShell=true, platform=darwin)
[initSession:screenshot] page.goto start (0ms)
[HyperFrames] render runtime fps [object Object]
[initSession:screenshot] page.goto complete (78ms)
[initSession:screenshot] GSAP proxy flush complete (82ms)
[initSession:screenshot] pollHfReady complete (85ms)
[initSession:screenshot] pollSubCompositionTimelines complete (ready) (91ms)
[initSession:screenshot] applyVideoMetadataHints complete (91ms)
[initSession:screenshot] media + fonts + tailwind ready (94ms)
[initSession:screenshot] timeline at-risk predictor: 0/645 frames (0%) (101ms)
[initSession:screenshot] static-frame dedup: 519/520 predicted frame(s) reusable (outcome=verified, runs=12/12, screenshots=39, seeks=40, elapsedMs=1535) (1812ms)
[initSession:screenshot] drawElement self-verify armed: 4 ground-truth frame(s) @ [161, 323, 484, 613] of 645 (2176ms)
[initSession:drawelement] drawElement canvas injected (2177ms)
[initSession:drawelement] screenshot fallback: 5 clip-boundary frame(s) (2178ms)
[initSession:drawelement] drawElement worker encode initialized (2179ms)
  ██████░░░░░░░░░░░░░░░░░░░  25%  Streaming frame 1/645
  ██████░░░░░░░░░░░░░░░░░░░  25%  Streaming frame 2/645
  ██████░░░░░░░░░░░░░░░░░░░  25%  Streaming frame 3/645
  ██████░░░░░░░░░░░░░░░░░░░  25%  Streaming frame 4/645
  ██████░░░░░░░░░░░░░░░░░░░  25%  Streaming frame 5/645
  ██████░░░░░░░░░░░░░░░░░░░  26%  Streaming frame 6/645
  ██████░░░░░░░░░░░░░░░░░░░  26%  Streaming frame 7/645
  ██████░░░░░░░░░░░░░░░░░░░  26%  Streaming frame 8/645
  ██████░░░░░░░░░░░░░░░░░░░  26%  Streaming frame 9/645
  ██████░░░░░░░░░░░░░░░░░░░  26%  Streaming frame 10/645
  ██████░░░░░░░░░░░░░░░░░░░  26%  Streaming frame 11/645
  ██████░░░░░░░░░░░░░░░░░░░  26%  Streaming frame 12/645
[WARN] [Render] drawElement blank-frame suspect; re-capturing {"renderJobId":"6b912b32-fb27-4f33-aa63-d78bcd0db022","frame":12,"bytes":18810,"floor":20000}
[INFO] [Render] drawElement small frame is deterministic; accepted {"renderJobId":"6b912b32-fb27-4f33-aa63-d78bcd0db022","frame":12,"bytes":18810}
  ██████░░░░░░░░░░░░░░░░░░░  26%  Streaming frame 13/645
  ██████░░░░░░░░░░░░░░░░░░░  26%  Streaming frame 14/645
  ██████░░░░░░░░░░░░░░░░░░░  26%  Streaming frame 15/645
  ██████░░░░░░░░░░░░░░░░░░░  26%  Streaming frame 16/645
  ██████░░░░░░░░░░░░░░░░░░░  26%  Streaming frame 17/645
  ██████░░░░░░░░░░░░░░░░░░░  27%  Streaming frame 18/645
  ██████░░░░░░░░░░░░░░░░░░░  27%  Streaming frame 19/645
  ██████░░░░░░░░░░░░░░░░░░░  27%  Streaming frame 20/645
  ██████░░░░░░░░░░░░░░░░░░░  27%  Streaming frame 21/645
  ██████░░░░░░░░░░░░░░░░░░░  27%  Streaming frame 22/645
  ██████░░░░░░░░░░░░░░░░░░░  27%  Streaming frame 23/645
  ██████░░░░░░░░░░░░░░░░░░░  27%  Streaming frame 24/645
  ██████░░░░░░░░░░░░░░░░░░░  27%  Streaming frame 25/645
  ██████░░░░░░░░░░░░░░░░░░░  27%  Streaming frame 26/645
  ██████░░░░░░░░░░░░░░░░░░░  27%  Streaming frame 27/645
  ██████░░░░░░░░░░░░░░░░░░░  27%  Streaming frame 28/645
  ██████░░░░░░░░░░░░░░░░░░░  27%  Streaming frame 29/645
  ███████░░░░░░░░░░░░░░░░░░  28%  Streaming frame 30/645
  ███████░░░░░░░░░░░░░░░░░░  28%  Streaming frame 31/645
  ███████░░░░░░░░░░░░░░░░░░  28%  Streaming frame 32/645
  ███████░░░░░░░░░░░░░░░░░░  28%  Streaming frame 33/645
  ███████░░░░░░░░░░░░░░░░░░  28%  Streaming frame 34/645
  ███████░░░░░░░░░░░░░░░░░░  28%  Streaming frame 35/645
  ███████░░░░░░░░░░░░░░░░░░  28%  Streaming frame 36/645
  ███████░░░░░░░░░░░░░░░░░░  28%  Streaming frame 37/645
  ███████░░░░░░░░░░░░░░░░░░  28%  Streaming frame 38/645
  ███████░░░░░░░░░░░░░░░░░░  28%  Streaming frame 39/645
  ███████░░░░░░░░░░░░░░░░░░  28%  Streaming frame 40/645
  ███████░░░░░░░░░░░░░░░░░░  28%  Streaming frame 41/645
  ███████░░░░░░░░░░░░░░░░░░  29%  Streaming frame 42/645
  ███████░░░░░░░░░░░░░░░░░░  29%  Streaming frame 43/645
  ███████░░░░░░░░░░░░░░░░░░  29%  Streaming frame 44/645
  ███████░░░░░░░░░░░░░░░░░░  29%  Streaming frame 45/645
  ███████░░░░░░░░░░░░░░░░░░  29%  Streaming frame 46/645
  ███████░░░░░░░░░░░░░░░░░░  29%  Streaming frame 47/645
  ███████░░░░░░░░░░░░░░░░░░  29%  Streaming frame 48/645
  ███████░░░░░░░░░░░░░░░░░░  29%  Streaming frame 49/645
  ███████░░░░░░░░░░░░░░░░░░  29%  Streaming frame 50/645
  ███████░░░░░░░░░░░░░░░░░░  29%  Streaming frame 51/645
  ███████░░░░░░░░░░░░░░░░░░  29%  Streaming frame 52/645
  ███████░░░░░░░░░░░░░░░░░░  30%  Streaming frame 53/645
  ███████░░░░░░░░░░░░░░░░░░  30%  Streaming frame 54/645
  ███████░░░░░░░░░░░░░░░░░░  30%  Streaming frame 55/645
  ███████░░░░░░░░░░░░░░░░░░  30%  Streaming frame 56/645
  ███████░░░░░░░░░░░░░░░░░░  30%  Streaming frame 57/645
  ███████░░░░░░░░░░░░░░░░░░  30%  Streaming frame 58/645
  ███████░░░░░░░░░░░░░░░░░░  30%  Streaming frame 59/645
  ███████░░░░░░░░░░░░░░░░░░  30%  Streaming frame 60/645
  ███████░░░░░░░░░░░░░░░░░░  30%  Streaming frame 61/645
  ███████░░░░░░░░░░░░░░░░░░  30%  Streaming frame 62/645
  ███████░░░░░░░░░░░░░░░░░░  30%  Streaming frame 63/645
  ███████░░░░░░░░░░░░░░░░░░  30%  Streaming frame 64/645
  ███████░░░░░░░░░░░░░░░░░░  31%  Streaming frame 65/645
  ███████░░░░░░░░░░░░░░░░░░  31%  Streaming frame 66/645
  ███████░░░░░░░░░░░░░░░░░░  31%  Streaming frame 67/645
  ███████░░░░░░░░░░░░░░░░░░  31%  Streaming frame 68/645
  ███████░░░░░░░░░░░░░░░░░░  31%  Streaming frame 69/645
  ███████░░░░░░░░░░░░░░░░░░  31%  Streaming frame 70/645
  ███████░░░░░░░░░░░░░░░░░░  31%  Streaming frame 71/645
  ███████░░░░░░░░░░░░░░░░░░  31%  Streaming frame 72/645
  ███████░░░░░░░░░░░░░░░░░░  31%  Streaming frame 73/645
  ███████░░░░░░░░░░░░░░░░░░  31%  Streaming frame 74/645
  ███████░░░░░░░░░░░░░░░░░░  31%  Streaming frame 75/645
  ███████░░░░░░░░░░░░░░░░░░  31%  Streaming frame 76/645
  ████████░░░░░░░░░░░░░░░░░  32%  Streaming frame 77/645
  ████████░░░░░░░░░░░░░░░░░  32%  Streaming frame 78/645
  ████████░░░░░░░░░░░░░░░░░  32%  Streaming frame 79/645
  ████████░░░░░░░░░░░░░░░░░  32%  Streaming frame 80/645
  ████████░░░░░░░░░░░░░░░░░  32%  Streaming frame 81/645
  ████████░░░░░░░░░░░░░░░░░  32%  Streaming frame 82/645
  ████████░░░░░░░░░░░░░░░░░  32%  Streaming frame 83/645
  ████████░░░░░░░░░░░░░░░░░  32%  Streaming frame 84/645
  ████████░░░░░░░░░░░░░░░░░  32%  Streaming frame 85/645
  ████████░░░░░░░░░░░░░░░░░  32%  Streaming frame 86/645
  ████████░░░░░░░░░░░░░░░░░  32%  Streaming frame 87/645
  ████████░░░░░░░░░░░░░░░░░  33%  Streaming frame 88/645
  ████████░░░░░░░░░░░░░░░░░  33%  Streaming frame 89/645
  ████████░░░░░░░░░░░░░░░░░  33%  Streaming frame 90/645
  ████████░░░░░░░░░░░░░░░░░  33%  Streaming frame 91/645
  ████████░░░░░░░░░░░░░░░░░  33%  Streaming frame 92/645
  ████████░░░░░░░░░░░░░░░░░  33%  Streaming frame 93/645
  ████████░░░░░░░░░░░░░░░░░  33%  Streaming frame 94/645
  ████████░░░░░░░░░░░░░░░░░  33%  Streaming frame 95/645
  ████████░░░░░░░░░░░░░░░░░  33%  Streaming frame 96/645
  ████████░░░░░░░░░░░░░░░░░  33%  Streaming frame 97/645
  ████████░░░░░░░░░░░░░░░░░  33%  Streaming frame 98/645
  ████████░░░░░░░░░░░░░░░░░  33%  Streaming frame 99/645
  ████████░░░░░░░░░░░░░░░░░  34%  Streaming frame 100/645
  ████████░░░░░░░░░░░░░░░░░  34%  Streaming frame 101/645
  ████████░░░░░░░░░░░░░░░░░  34%  Streaming frame 102/645
  ████████░░░░░░░░░░░░░░░░░  34%  Streaming frame 103/645
  ████████░░░░░░░░░░░░░░░░░  34%  Streaming frame 104/645
  ████████░░░░░░░░░░░░░░░░░  34%  Streaming frame 105/645
  ████████░░░░░░░░░░░░░░░░░  34%  Streaming frame 106/645
  ████████░░░░░░░░░░░░░░░░░  34%  Streaming frame 107/645
  ████████░░░░░░░░░░░░░░░░░  34%  Streaming frame 108/645
  ████████░░░░░░░░░░░░░░░░░  34%  Streaming frame 109/645
  ████████░░░░░░░░░░░░░░░░░  34%  Streaming frame 110/645
  ████████░░░░░░░░░░░░░░░░░  34%  Streaming frame 111/645
  ████████░░░░░░░░░░░░░░░░░  35%  Streaming frame 112/645
  ████████░░░░░░░░░░░░░░░░░  35%  Streaming frame 113/645
  ████████░░░░░░░░░░░░░░░░░  35%  Streaming frame 114/645
  ████████░░░░░░░░░░░░░░░░░  35%  Streaming frame 115/645
  ████████░░░░░░░░░░░░░░░░░  35%  Streaming frame 116/645
  ████████░░░░░░░░░░░░░░░░░  35%  Streaming frame 117/645
  ████████░░░░░░░░░░░░░░░░░  35%  Streaming frame 118/645
  ████████░░░░░░░░░░░░░░░░░  35%  Streaming frame 119/645
  ████████░░░░░░░░░░░░░░░░░  35%  Streaming frame 120/645
  ████████░░░░░░░░░░░░░░░░░  35%  Streaming frame 121/645
  ████████░░░░░░░░░░░░░░░░░  35%  Streaming frame 122/645
  ████████░░░░░░░░░░░░░░░░░  35%  Streaming frame 123/645
  █████████░░░░░░░░░░░░░░░░  36%  Streaming frame 124/645
  █████████░░░░░░░░░░░░░░░░  36%  Streaming frame 125/645
  █████████░░░░░░░░░░░░░░░░  36%  Streaming frame 126/645
  █████████░░░░░░░░░░░░░░░░  36%  Streaming frame 127/645
  █████████░░░░░░░░░░░░░░░░  36%  Streaming frame 128/645
  █████████░░░░░░░░░░░░░░░░  36%  Streaming frame 129/645
  █████████░░░░░░░░░░░░░░░░  36%  Streaming frame 130/645
  █████████░░░░░░░░░░░░░░░░  36%  Streaming frame 131/645
  █████████░░░░░░░░░░░░░░░░  36%  Streaming frame 132/645
  █████████░░░░░░░░░░░░░░░░  36%  Streaming frame 133/645
  █████████░░░░░░░░░░░░░░░░  36%  Streaming frame 134/645
  █████████░░░░░░░░░░░░░░░░  37%  Streaming frame 135/645
  █████████░░░░░░░░░░░░░░░░  37%  Streaming frame 136/645
  █████████░░░░░░░░░░░░░░░░  37%  Streaming frame 137/645
  █████████░░░░░░░░░░░░░░░░  37%  Streaming frame 138/645
  █████████░░░░░░░░░░░░░░░░  37%  Streaming frame 139/645
  █████████░░░░░░░░░░░░░░░░  37%  Streaming frame 140/645
  █████████░░░░░░░░░░░░░░░░  37%  Streaming frame 141/645
  █████████░░░░░░░░░░░░░░░░  37%  Streaming frame 142/645
  █████████░░░░░░░░░░░░░░░░  37%  Streaming frame 143/645
  █████████░░░░░░░░░░░░░░░░  37%  Streaming frame 144/645
  █████████░░░░░░░░░░░░░░░░  37%  Streaming frame 145/645
  █████████░░░░░░░░░░░░░░░░  37%  Streaming frame 146/645
  █████████░░░░░░░░░░░░░░░░  38%  Streaming frame 147/645
  █████████░░░░░░░░░░░░░░░░  38%  Streaming frame 148/645
  █████████░░░░░░░░░░░░░░░░  38%  Streaming frame 149/645
  █████████░░░░░░░░░░░░░░░░  38%  Streaming frame 150/645
  █████████░░░░░░░░░░░░░░░░  38%  Streaming frame 151/645
  █████████░░░░░░░░░░░░░░░░  38%  Streaming frame 152/645
  █████████░░░░░░░░░░░░░░░░  38%  Streaming frame 153/645
  █████████░░░░░░░░░░░░░░░░  38%  Streaming frame 154/645
  █████████░░░░░░░░░░░░░░░░  38%  Streaming frame 155/645
  █████████░░░░░░░░░░░░░░░░  38%  Streaming frame 156/645
  █████████░░░░░░░░░░░░░░░░  38%  Streaming frame 157/645
  █████████░░░░░░░░░░░░░░░░  38%  Streaming frame 158/645
  █████████░░░░░░░░░░░░░░░░  39%  Streaming frame 159/645
  █████████░░░░░░░░░░░░░░░░  39%  Streaming frame 160/645
  █████████░░░░░░░░░░░░░░░░  39%  Streaming frame 161/645
[INFO] [Render] drawElement self-verify passed {"renderJobId":"6b912b32-fb27-4f33-aa63-d78bcd0db022","frame":161,"psnrDb":"inf"}
  █████████░░░░░░░░░░░░░░░░  39%  Streaming frame 162/645
  █████████░░░░░░░░░░░░░░░░  39%  Streaming frame 163/645
  █████████░░░░░░░░░░░░░░░░  39%  Streaming frame 164/645
  █████████░░░░░░░░░░░░░░░░  39%  Streaming frame 165/645
  █████████░░░░░░░░░░░░░░░░  39%  Streaming frame 166/645
  █████████░░░░░░░░░░░░░░░░  39%  Streaming frame 167/645
  █████████░░░░░░░░░░░░░░░░  39%  Streaming frame 168/645
  █████████░░░░░░░░░░░░░░░░  39%  Streaming frame 169/645
  █████████░░░░░░░░░░░░░░░░  39%  Streaming frame 170/645
  ██████████░░░░░░░░░░░░░░░  40%  Streaming frame 171/645
  ██████████░░░░░░░░░░░░░░░  40%  Streaming frame 172/645
  ██████████░░░░░░░░░░░░░░░  40%  Streaming frame 173/645
  ██████████░░░░░░░░░░░░░░░  40%  Streaming frame 174/645
  ██████████░░░░░░░░░░░░░░░  40%  Streaming frame 175/645
  ██████████░░░░░░░░░░░░░░░  40%  Streaming frame 176/645
  ██████████░░░░░░░░░░░░░░░  40%  Streaming frame 177/645
  ██████████░░░░░░░░░░░░░░░  40%  Streaming frame 178/645
  ██████████░░░░░░░░░░░░░░░  40%  Streaming frame 179/645
  ██████████░░░░░░░░░░░░░░░  40%  Streaming frame 180/645
  ██████████░░░░░░░░░░░░░░░  40%  Streaming frame 181/645
  ██████████░░░░░░░░░░░░░░░  41%  Streaming frame 182/645
  ██████████░░░░░░░░░░░░░░░  41%  Streaming frame 183/645
  ██████████░░░░░░░░░░░░░░░  41%  Streaming frame 184/645
  ██████████░░░░░░░░░░░░░░░  41%  Streaming frame 185/645
  ██████████░░░░░░░░░░░░░░░  41%  Streaming frame 186/645
  ██████████░░░░░░░░░░░░░░░  41%  Streaming frame 187/645
  ██████████░░░░░░░░░░░░░░░  41%  Streaming frame 188/645
  ██████████░░░░░░░░░░░░░░░  41%  Streaming frame 189/645
  ██████████░░░░░░░░░░░░░░░  41%  Streaming frame 190/645
  ██████████░░░░░░░░░░░░░░░  41%  Streaming frame 191/645
  ██████████░░░░░░░░░░░░░░░  41%  Streaming frame 192/645
  ██████████░░░░░░░░░░░░░░░  41%  Streaming frame 193/645
  ██████████░░░░░░░░░░░░░░░  42%  Streaming frame 194/645
  ██████████░░░░░░░░░░░░░░░  42%  Streaming frame 195/645
  ██████████░░░░░░░░░░░░░░░  42%  Streaming frame 196/645
  ██████████░░░░░░░░░░░░░░░  42%  Streaming frame 197/645
  ██████████░░░░░░░░░░░░░░░  42%  Streaming frame 198/645
  ██████████░░░░░░░░░░░░░░░  42%  Streaming frame 199/645
  ██████████░░░░░░░░░░░░░░░  42%  Streaming frame 200/645
  ██████████░░░░░░░░░░░░░░░  42%  Streaming frame 201/645
  ██████████░░░░░░░░░░░░░░░  42%  Streaming frame 202/645
  ██████████░░░░░░░░░░░░░░░  42%  Streaming frame 203/645
  ██████████░░░░░░░░░░░░░░░  42%  Streaming frame 204/645
  ██████████░░░░░░░░░░░░░░░  42%  Streaming frame 205/645
  ██████████░░░░░░░░░░░░░░░  43%  Streaming frame 206/645
  ██████████░░░░░░░░░░░░░░░  43%  Streaming frame 207/645
  ██████████░░░░░░░░░░░░░░░  43%  Streaming frame 208/645
  ██████████░░░░░░░░░░░░░░░  43%  Streaming frame 209/645
  ██████████░░░░░░░░░░░░░░░  43%  Streaming frame 210/645
  ██████████░░░░░░░░░░░░░░░  43%  Streaming frame 211/645
  ██████████░░░░░░░░░░░░░░░  43%  Streaming frame 212/645
  ██████████░░░░░░░░░░░░░░░  43%  Streaming frame 213/645
  ██████████░░░░░░░░░░░░░░░  43%  Streaming frame 214/645
  ██████████░░░░░░░░░░░░░░░  43%  Streaming frame 215/645
  ██████████░░░░░░░░░░░░░░░  43%  Streaming frame 216/645
  ███████████░░░░░░░░░░░░░░  44%  Streaming frame 217/645
  ███████████░░░░░░░░░░░░░░  44%  Streaming frame 218/645
  ███████████░░░░░░░░░░░░░░  44%  Streaming frame 219/645
  ███████████░░░░░░░░░░░░░░  44%  Streaming frame 220/645
  ███████████░░░░░░░░░░░░░░  44%  Streaming frame 221/645
  ███████████░░░░░░░░░░░░░░  44%  Streaming frame 222/645
  ███████████░░░░░░░░░░░░░░  44%  Streaming frame 223/645
  ███████████░░░░░░░░░░░░░░  44%  Streaming frame 224/645
  ███████████░░░░░░░░░░░░░░  44%  Streaming frame 225/645
  ███████████░░░░░░░░░░░░░░  44%  Streaming frame 226/645
  ███████████░░░░░░░░░░░░░░  44%  Streaming frame 227/645
  ███████████░░░░░░░░░░░░░░  44%  Streaming frame 228/645
  ███████████░░░░░░░░░░░░░░  45%  Streaming frame 229/645
  ███████████░░░░░░░░░░░░░░  45%  Streaming frame 230/645
  ███████████░░░░░░░░░░░░░░  45%  Streaming frame 231/645
  ███████████░░░░░░░░░░░░░░  45%  Streaming frame 232/645
  ███████████░░░░░░░░░░░░░░  45%  Streaming frame 233/645
  ███████████░░░░░░░░░░░░░░  45%  Streaming frame 234/645
  ███████████░░░░░░░░░░░░░░  45%  Streaming frame 235/645
  ███████████░░░░░░░░░░░░░░  45%  Streaming frame 236/645
  ███████████░░░░░░░░░░░░░░  45%  Streaming frame 237/645
  ███████████░░░░░░░░░░░░░░  45%  Streaming frame 238/645
  ███████████░░░░░░░░░░░░░░  45%  Streaming frame 239/645
  ███████████░░░░░░░░░░░░░░  45%  Streaming frame 240/645
  ███████████░░░░░░░░░░░░░░  46%  Streaming frame 241/645
  ███████████░░░░░░░░░░░░░░  46%  Streaming frame 242/645
  ███████████░░░░░░░░░░░░░░  46%  Streaming frame 243/645
  ███████████░░░░░░░░░░░░░░  46%  Streaming frame 244/645
  ███████████░░░░░░░░░░░░░░  46%  Streaming frame 245/645
  ███████████░░░░░░░░░░░░░░  46%  Streaming frame 246/645
  ███████████░░░░░░░░░░░░░░  46%  Streaming frame 247/645
  ███████████░░░░░░░░░░░░░░  46%  Streaming frame 248/645
  ███████████░░░░░░░░░░░░░░  46%  Streaming frame 249/645
  ███████████░░░░░░░░░░░░░░  46%  Streaming frame 250/645
  ███████████░░░░░░░░░░░░░░  46%  Streaming frame 251/645
  ███████████░░░░░░░░░░░░░░  46%  Streaming frame 252/645
  ███████████░░░░░░░░░░░░░░  47%  Streaming frame 253/645
  ███████████░░░░░░░░░░░░░░  47%  Streaming frame 254/645
  ███████████░░░░░░░░░░░░░░  47%  Streaming frame 255/645
  ███████████░░░░░░░░░░░░░░  47%  Streaming frame 256/645
  ███████████░░░░░░░░░░░░░░  47%  Streaming frame 257/645
  ███████████░░░░░░░░░░░░░░  47%  Streaming frame 258/645
  ███████████░░░░░░░░░░░░░░  47%  Streaming frame 259/645
  ███████████░░░░░░░░░░░░░░  47%  Streaming frame 260/645
  ███████████░░░░░░░░░░░░░░  47%  Streaming frame 261/645
  ███████████░░░░░░░░░░░░░░  47%  Streaming frame 262/645
  ███████████░░░░░░░░░░░░░░  47%  Streaming frame 263/645
  ████████████░░░░░░░░░░░░░  48%  Streaming frame 264/645
  ████████████░░░░░░░░░░░░░  48%  Streaming frame 265/645
  ████████████░░░░░░░░░░░░░  48%  Streaming frame 266/645
  ████████████░░░░░░░░░░░░░  48%  Streaming frame 267/645
  ████████████░░░░░░░░░░░░░  48%  Streaming frame 268/645
  ████████████░░░░░░░░░░░░░  48%  Streaming frame 269/645
  ████████████░░░░░░░░░░░░░  48%  Streaming frame 270/645
  ████████████░░░░░░░░░░░░░  48%  Streaming frame 271/645
  ████████████░░░░░░░░░░░░░  48%  Streaming frame 272/645
  ████████████░░░░░░░░░░░░░  48%  Streaming frame 273/645
  ████████████░░░░░░░░░░░░░  48%  Streaming frame 274/645
  ████████████░░░░░░░░░░░░░  48%  Streaming frame 275/645
  ████████████░░░░░░░░░░░░░  49%  Streaming frame 276/645
  ████████████░░░░░░░░░░░░░  49%  Streaming frame 277/645
  ████████████░░░░░░░░░░░░░  49%  Streaming frame 278/645
  ████████████░░░░░░░░░░░░░  49%  Streaming frame 279/645
  ████████████░░░░░░░░░░░░░  49%  Streaming frame 280/645
  ████████████░░░░░░░░░░░░░  49%  Streaming frame 281/645
  ████████████░░░░░░░░░░░░░  49%  Streaming frame 282/645
  ████████████░░░░░░░░░░░░░  49%  Streaming frame 283/645
  ████████████░░░░░░░░░░░░░  49%  Streaming frame 284/645
  ████████████░░░░░░░░░░░░░  49%  Streaming frame 285/645
  ████████████░░░░░░░░░░░░░  49%  Streaming frame 286/645
  ████████████░░░░░░░░░░░░░  49%  Streaming frame 287/645
  ████████████░░░░░░░░░░░░░  50%  Streaming frame 288/645
  ████████████░░░░░░░░░░░░░  50%  Streaming frame 289/645
  ████████████░░░░░░░░░░░░░  50%  Streaming frame 290/645
  ████████████░░░░░░░░░░░░░  50%  Streaming frame 291/645
  ████████████░░░░░░░░░░░░░  50%  Streaming frame 292/645
  ████████████░░░░░░░░░░░░░  50%  Streaming frame 293/645
  ████████████░░░░░░░░░░░░░  50%  Streaming frame 294/645
  ████████████░░░░░░░░░░░░░  50%  Streaming frame 295/645
  ████████████░░░░░░░░░░░░░  50%  Streaming frame 296/645
  ████████████░░░░░░░░░░░░░  50%  Streaming frame 297/645
  ████████████░░░░░░░░░░░░░  50%  Streaming frame 298/645
  ████████████░░░░░░░░░░░░░  50%  Streaming frame 299/645
  ████████████░░░░░░░░░░░░░  51%  Streaming frame 300/645
  ████████████░░░░░░░░░░░░░  51%  Streaming frame 301/645
  ████████████░░░░░░░░░░░░░  51%  Streaming frame 302/645
  ████████████░░░░░░░░░░░░░  51%  Streaming frame 303/645
  ████████████░░░░░░░░░░░░░  51%  Streaming frame 304/645
  ████████████░░░░░░░░░░░░░  51%  Streaming frame 305/645
  ████████████░░░░░░░░░░░░░  51%  Streaming frame 306/645
  ████████████░░░░░░░░░░░░░  51%  Streaming frame 307/645
  ████████████░░░░░░░░░░░░░  51%  Streaming frame 308/645
  ████████████░░░░░░░░░░░░░  51%  Streaming frame 309/645
  ████████████░░░░░░░░░░░░░  51%  Streaming frame 310/645
  █████████████░░░░░░░░░░░░  52%  Streaming frame 311/645
  █████████████░░░░░░░░░░░░  52%  Streaming frame 312/645
  █████████████░░░░░░░░░░░░  52%  Streaming frame 313/645
  █████████████░░░░░░░░░░░░  52%  Streaming frame 314/645
  █████████████░░░░░░░░░░░░  52%  Streaming frame 315/645
  █████████████░░░░░░░░░░░░  52%  Streaming frame 316/645
  █████████████░░░░░░░░░░░░  52%  Streaming frame 317/645
  █████████████░░░░░░░░░░░░  52%  Streaming frame 318/645
  █████████████░░░░░░░░░░░░  52%  Streaming frame 319/645
  █████████████░░░░░░░░░░░░  52%  Streaming frame 320/645
  █████████████░░░░░░░░░░░░  52%  Streaming frame 321/645
  █████████████░░░░░░░░░░░░  52%  Streaming frame 322/645
  █████████████░░░░░░░░░░░░  53%  Streaming frame 323/645
[INFO] [Render] drawElement self-verify passed {"renderJobId":"6b912b32-fb27-4f33-aa63-d78bcd0db022","frame":323,"psnrDb":"inf"}
  █████████████░░░░░░░░░░░░  53%  Streaming frame 324/645
  █████████████░░░░░░░░░░░░  53%  Streaming frame 325/645
  █████████████░░░░░░░░░░░░  53%  Streaming frame 326/645
  █████████████░░░░░░░░░░░░  53%  Streaming frame 327/645
  █████████████░░░░░░░░░░░░  53%  Streaming frame 328/645
  █████████████░░░░░░░░░░░░  53%  Streaming frame 329/645
  █████████████░░░░░░░░░░░░  53%  Streaming frame 330/645
  █████████████░░░░░░░░░░░░  53%  Streaming frame 331/645
  █████████████░░░░░░░░░░░░  53%  Streaming frame 332/645
  █████████████░░░░░░░░░░░░  53%  Streaming frame 333/645
  █████████████░░░░░░░░░░░░  53%  Streaming frame 334/645
  █████████████░░░░░░░░░░░░  54%  Streaming frame 335/645
  █████████████░░░░░░░░░░░░  54%  Streaming frame 336/645
  █████████████░░░░░░░░░░░░  54%  Streaming frame 337/645
  █████████████░░░░░░░░░░░░  54%  Streaming frame 338/645
  █████████████░░░░░░░░░░░░  54%  Streaming frame 339/645
  █████████████░░░░░░░░░░░░  54%  Streaming frame 340/645
  █████████████░░░░░░░░░░░░  54%  Streaming frame 341/645
  █████████████░░░░░░░░░░░░  54%  Streaming frame 342/645
  █████████████░░░░░░░░░░░░  54%  Streaming frame 343/645
  █████████████░░░░░░░░░░░░  54%  Streaming frame 344/645
  █████████████░░░░░░░░░░░░  54%  Streaming frame 345/645
  █████████████░░░░░░░░░░░░  55%  Streaming frame 346/645
  █████████████░░░░░░░░░░░░  55%  Streaming frame 347/645
  █████████████░░░░░░░░░░░░  55%  Streaming frame 348/645
  █████████████░░░░░░░░░░░░  55%  Streaming frame 349/645
  █████████████░░░░░░░░░░░░  55%  Streaming frame 350/645
  █████████████░░░░░░░░░░░░  55%  Streaming frame 351/645
  █████████████░░░░░░░░░░░░  55%  Streaming frame 352/645
  █████████████░░░░░░░░░░░░  55%  Streaming frame 353/645
  █████████████░░░░░░░░░░░░  55%  Streaming frame 354/645
  █████████████░░░░░░░░░░░░  55%  Streaming frame 355/645
  █████████████░░░░░░░░░░░░  55%  Streaming frame 356/645
  █████████████░░░░░░░░░░░░  55%  Streaming frame 357/645
  ██████████████░░░░░░░░░░░  56%  Streaming frame 358/645
  ██████████████░░░░░░░░░░░  56%  Streaming frame 359/645
  ██████████████░░░░░░░░░░░  56%  Streaming frame 360/645
  ██████████████░░░░░░░░░░░  56%  Streaming frame 361/645
  ██████████████░░░░░░░░░░░  56%  Streaming frame 362/645
  ██████████████░░░░░░░░░░░  56%  Streaming frame 363/645
  ██████████████░░░░░░░░░░░  56%  Streaming frame 364/645
  ██████████████░░░░░░░░░░░  56%  Streaming frame 365/645
  ██████████████░░░░░░░░░░░  56%  Streaming frame 366/645
  ██████████████░░░░░░░░░░░  56%  Streaming frame 367/645
  ██████████████░░░░░░░░░░░  56%  Streaming frame 368/645
  ██████████████░░░░░░░░░░░  56%  Streaming frame 369/645
  ██████████████░░░░░░░░░░░  57%  Streaming frame 370/645
  ██████████████░░░░░░░░░░░  57%  Streaming frame 371/645
  ██████████████░░░░░░░░░░░  57%  Streaming frame 372/645
  ██████████████░░░░░░░░░░░  57%  Streaming frame 373/645
  ██████████████░░░░░░░░░░░  57%  Streaming frame 374/645
  ██████████████░░░░░░░░░░░  57%  Streaming frame 375/645
  ██████████████░░░░░░░░░░░  57%  Streaming frame 376/645
  ██████████████░░░░░░░░░░░  57%  Streaming frame 377/645
  ██████████████░░░░░░░░░░░  57%  Streaming frame 378/645
  ██████████████░░░░░░░░░░░  57%  Streaming frame 379/645
  ██████████████░░░░░░░░░░░  57%  Streaming frame 380/645
  ██████████████░░░░░░░░░░░  57%  Streaming frame 381/645
  ██████████████░░░░░░░░░░░  58%  Streaming frame 382/645
  ██████████████░░░░░░░░░░░  58%  Streaming frame 383/645
  ██████████████░░░░░░░░░░░  58%  Streaming frame 384/645
  ██████████████░░░░░░░░░░░  58%  Streaming frame 385/645
  ██████████████░░░░░░░░░░░  58%  Streaming frame 386/645
  ██████████████░░░░░░░░░░░  58%  Streaming frame 387/645
  ██████████████░░░░░░░░░░░  58%  Streaming frame 388/645
  ██████████████░░░░░░░░░░░  58%  Streaming frame 389/645
  ██████████████░░░░░░░░░░░  58%  Streaming frame 390/645
  ██████████████░░░░░░░░░░░  58%  Streaming frame 391/645
  ██████████████░░░░░░░░░░░  58%  Streaming frame 392/645
  ██████████████░░░░░░░░░░░  59%  Streaming frame 393/645
  ██████████████░░░░░░░░░░░  59%  Streaming frame 394/645
  ██████████████░░░░░░░░░░░  59%  Streaming frame 395/645
  ██████████████░░░░░░░░░░░  59%  Streaming frame 396/645
  ██████████████░░░░░░░░░░░  59%  Streaming frame 397/645
  ██████████████░░░░░░░░░░░  59%  Streaming frame 398/645
  ██████████████░░░░░░░░░░░  59%  Streaming frame 399/645
  ██████████████░░░░░░░░░░░  59%  Streaming frame 400/645
  ██████████████░░░░░░░░░░░  59%  Streaming frame 401/645
  ██████████████░░░░░░░░░░░  59%  Streaming frame 402/645
  ██████████████░░░░░░░░░░░  59%  Streaming frame 403/645
  ██████████████░░░░░░░░░░░  59%  Streaming frame 404/645
  ███████████████░░░░░░░░░░  60%  Streaming frame 405/645
  ███████████████░░░░░░░░░░  60%  Streaming frame 406/645
  ███████████████░░░░░░░░░░  60%  Streaming frame 407/645
  ███████████████░░░░░░░░░░  60%  Streaming frame 408/645
  ███████████████░░░░░░░░░░  60%  Streaming frame 409/645
  ███████████████░░░░░░░░░░  60%  Streaming frame 410/645
  ███████████████░░░░░░░░░░  60%  Streaming frame 411/645
  ███████████████░░░░░░░░░░  60%  Streaming frame 412/645
  ███████████████░░░░░░░░░░  60%  Streaming frame 413/645
  ███████████████░░░░░░░░░░  60%  Streaming frame 414/645
  ███████████████░░░░░░░░░░  60%  Streaming frame 415/645
  ███████████████░░░░░░░░░░  60%  Streaming frame 416/645
  ███████████████░░░░░░░░░░  61%  Streaming frame 417/645
  ███████████████░░░░░░░░░░  61%  Streaming frame 418/645
  ███████████████░░░░░░░░░░  61%  Streaming frame 419/645
  ███████████████░░░░░░░░░░  61%  Streaming frame 420/645
  ███████████████░░░░░░░░░░  61%  Streaming frame 421/645
  ███████████████░░░░░░░░░░  61%  Streaming frame 422/645
  ███████████████░░░░░░░░░░  61%  Streaming frame 423/645
  ███████████████░░░░░░░░░░  61%  Streaming frame 424/645
  ███████████████░░░░░░░░░░  61%  Streaming frame 425/645
  ███████████████░░░░░░░░░░  61%  Streaming frame 426/645
  ███████████████░░░░░░░░░░  61%  Streaming frame 427/645
  ███████████████░░░░░░░░░░  61%  Streaming frame 428/645
  ███████████████░░░░░░░░░░  62%  Streaming frame 429/645
  ███████████████░░░░░░░░░░  62%  Streaming frame 430/645
  ███████████████░░░░░░░░░░  62%  Streaming frame 431/645
  ███████████████░░░░░░░░░░  62%  Streaming frame 432/645
  ███████████████░░░░░░░░░░  62%  Streaming frame 433/645
  ███████████████░░░░░░░░░░  62%  Streaming frame 434/645
  ███████████████░░░░░░░░░░  62%  Streaming frame 435/645
  ███████████████░░░░░░░░░░  62%  Streaming frame 436/645
  ███████████████░░░░░░░░░░  62%  Streaming frame 437/645
  ███████████████░░░░░░░░░░  62%  Streaming frame 438/645
  ███████████████░░░░░░░░░░  62%  Streaming frame 439/645
  ███████████████░░░░░░░░░░  63%  Streaming frame 440/645
  ███████████████░░░░░░░░░░  63%  Streaming frame 441/645
  ███████████████░░░░░░░░░░  63%  Streaming frame 442/645
  ███████████████░░░░░░░░░░  63%  Streaming frame 443/645
  ███████████████░░░░░░░░░░  63%  Streaming frame 444/645
  ███████████████░░░░░░░░░░  63%  Streaming frame 445/645
  ███████████████░░░░░░░░░░  63%  Streaming frame 446/645
  ███████████████░░░░░░░░░░  63%  Streaming frame 447/645
  ███████████████░░░░░░░░░░  63%  Streaming frame 448/645
  ███████████████░░░░░░░░░░  63%  Streaming frame 449/645
  ███████████████░░░░░░░░░░  63%  Streaming frame 450/645
  ███████████████░░░░░░░░░░  63%  Streaming frame 451/645
  ████████████████░░░░░░░░░  64%  Streaming frame 452/645
  ████████████████░░░░░░░░░  64%  Streaming frame 453/645
  ████████████████░░░░░░░░░  64%  Streaming frame 454/645
  ████████████████░░░░░░░░░  64%  Streaming frame 455/645
  ████████████████░░░░░░░░░  64%  Streaming frame 456/645
  ████████████████░░░░░░░░░  64%  Streaming frame 457/645
  ████████████████░░░░░░░░░  64%  Streaming frame 458/645
  ████████████████░░░░░░░░░  64%  Streaming frame 459/645
  ████████████████░░░░░░░░░  64%  Streaming frame 460/645
  ████████████████░░░░░░░░░  64%  Streaming frame 461/645
  ████████████████░░░░░░░░░  64%  Streaming frame 462/645
  ████████████████░░░░░░░░░  64%  Streaming frame 463/645
  ████████████████░░░░░░░░░  65%  Streaming frame 464/645
  ████████████████░░░░░░░░░  65%  Streaming frame 465/645
  ████████████████░░░░░░░░░  65%  Streaming frame 466/645
  ████████████████░░░░░░░░░  65%  Streaming frame 467/645
  ████████████████░░░░░░░░░  65%  Streaming frame 468/645
  ████████████████░░░░░░░░░  65%  Streaming frame 469/645
  ████████████████░░░░░░░░░  65%  Streaming frame 470/645
  ████████████████░░░░░░░░░  65%  Streaming frame 471/645
  ████████████████░░░░░░░░░  65%  Streaming frame 472/645
  ████████████████░░░░░░░░░  65%  Streaming frame 473/645
  ████████████████░░░░░░░░░  65%  Streaming frame 474/645
  ████████████████░░░░░░░░░  66%  Streaming frame 475/645
  ████████████████░░░░░░░░░  66%  Streaming frame 476/645
  ████████████████░░░░░░░░░  66%  Streaming frame 477/645
  ████████████████░░░░░░░░░  66%  Streaming frame 478/645
  ████████████████░░░░░░░░░  66%  Streaming frame 479/645
  ████████████████░░░░░░░░░  66%  Streaming frame 480/645
  ████████████████░░░░░░░░░  66%  Streaming frame 481/645
  ████████████████░░░░░░░░░  66%  Streaming frame 482/645
  ████████████████░░░░░░░░░  66%  Streaming frame 483/645
  ████████████████░░░░░░░░░  66%  Streaming frame 484/645
[INFO] [Render] drawElement self-verify passed {"renderJobId":"6b912b32-fb27-4f33-aa63-d78bcd0db022","frame":484,"psnrDb":66.6}
  ████████████████░░░░░░░░░  66%  Streaming frame 485/645
  ████████████████░░░░░░░░░  66%  Streaming frame 486/645
  ████████████████░░░░░░░░░  67%  Streaming frame 487/645
  ████████████████░░░░░░░░░  67%  Streaming frame 488/645
  ████████████████░░░░░░░░░  67%  Streaming frame 489/645
  ████████████████░░░░░░░░░  67%  Streaming frame 490/645
  ████████████████░░░░░░░░░  67%  Streaming frame 491/645
  ████████████████░░░░░░░░░  67%  Streaming frame 492/645
  ████████████████░░░░░░░░░  67%  Streaming frame 493/645
  ████████████████░░░░░░░░░  67%  Streaming frame 494/645
  ████████████████░░░░░░░░░  67%  Streaming frame 495/645
  ████████████████░░░░░░░░░  67%  Streaming frame 496/645
  ████████████████░░░░░░░░░  67%  Streaming frame 497/645
  ████████████████░░░░░░░░░  67%  Streaming frame 498/645
  █████████████████░░░░░░░░  68%  Streaming frame 499/645
  █████████████████░░░░░░░░  68%  Streaming frame 500/645
  █████████████████░░░░░░░░  68%  Streaming frame 501/645
  █████████████████░░░░░░░░  68%  Streaming frame 502/645
  █████████████████░░░░░░░░  68%  Streaming frame 503/645
  █████████████████░░░░░░░░  68%  Streaming frame 504/645
  █████████████████░░░░░░░░  68%  Streaming frame 505/645
  █████████████████░░░░░░░░  68%  Streaming frame 506/645
  █████████████████░░░░░░░░  68%  Streaming frame 507/645
  █████████████████░░░░░░░░  68%  Streaming frame 508/645
  █████████████████░░░░░░░░  68%  Streaming frame 509/645
  █████████████████░░░░░░░░  68%  Streaming frame 510/645
  █████████████████░░░░░░░░  69%  Streaming frame 511/645
  █████████████████░░░░░░░░  69%  Streaming frame 512/645
  █████████████████░░░░░░░░  69%  Streaming frame 513/645
  █████████████████░░░░░░░░  69%  Streaming frame 514/645
  █████████████████░░░░░░░░  69%  Streaming frame 515/645
  █████████████████░░░░░░░░  69%  Streaming frame 516/645
  █████████████████░░░░░░░░  69%  Streaming frame 517/645
  █████████████████░░░░░░░░  69%  Streaming frame 518/645
  █████████████████░░░░░░░░  69%  Streaming frame 519/645
  █████████████████░░░░░░░░  69%  Streaming frame 520/645
  █████████████████░░░░░░░░  69%  Streaming frame 521/645
  █████████████████░░░░░░░░  70%  Streaming frame 522/645
  █████████████████░░░░░░░░  70%  Streaming frame 523/645
  █████████████████░░░░░░░░  70%  Streaming frame 524/645
  █████████████████░░░░░░░░  70%  Streaming frame 525/645
  █████████████████░░░░░░░░  70%  Streaming frame 526/645
  █████████████████░░░░░░░░  70%  Streaming frame 527/645
  █████████████████░░░░░░░░  70%  Streaming frame 528/645
  █████████████████░░░░░░░░  70%  Streaming frame 529/645
  █████████████████░░░░░░░░  70%  Streaming frame 530/645
  █████████████████░░░░░░░░  70%  Streaming frame 531/645
  █████████████████░░░░░░░░  70%  Streaming frame 532/645
  █████████████████░░░░░░░░  70%  Streaming frame 533/645
  █████████████████░░░░░░░░  71%  Streaming frame 534/645
  █████████████████░░░░░░░░  71%  Streaming frame 535/645
  █████████████████░░░░░░░░  71%  Streaming frame 536/645
  █████████████████░░░░░░░░  71%  Streaming frame 537/645
  █████████████████░░░░░░░░  71%  Streaming frame 538/645
  █████████████████░░░░░░░░  71%  Streaming frame 539/645
  █████████████████░░░░░░░░  71%  Streaming frame 540/645
  █████████████████░░░░░░░░  71%  Streaming frame 541/645
  █████████████████░░░░░░░░  71%  Streaming frame 542/645
  █████████████████░░░░░░░░  71%  Streaming frame 543/645
  █████████████████░░░░░░░░  71%  Streaming frame 544/645
  █████████████████░░░░░░░░  71%  Streaming frame 545/645
  ██████████████████░░░░░░░  72%  Streaming frame 546/645
  ██████████████████░░░░░░░  72%  Streaming frame 547/645
  ██████████████████░░░░░░░  72%  Streaming frame 548/645
  ██████████████████░░░░░░░  72%  Streaming frame 549/645
  ██████████████████░░░░░░░  72%  Streaming frame 550/645
  ██████████████████░░░░░░░  72%  Streaming frame 551/645
  ██████████████████░░░░░░░  72%  Streaming frame 552/645
  ██████████████████░░░░░░░  72%  Streaming frame 553/645
  ██████████████████░░░░░░░  72%  Streaming frame 554/645
  ██████████████████░░░░░░░  72%  Streaming frame 555/645
  ██████████████████░░░░░░░  72%  Streaming frame 556/645
  ██████████████████░░░░░░░  72%  Streaming frame 557/645
  ██████████████████░░░░░░░  73%  Streaming frame 558/645
  ██████████████████░░░░░░░  73%  Streaming frame 559/645
  ██████████████████░░░░░░░  73%  Streaming frame 560/645
  ██████████████████░░░░░░░  73%  Streaming frame 561/645
  ██████████████████░░░░░░░  73%  Streaming frame 562/645
  ██████████████████░░░░░░░  73%  Streaming frame 563/645
  ██████████████████░░░░░░░  73%  Streaming frame 564/645
  ██████████████████░░░░░░░  73%  Streaming frame 565/645
  ██████████████████░░░░░░░  73%  Streaming frame 566/645
  ██████████████████░░░░░░░  73%  Streaming frame 567/645
  ██████████████████░░░░░░░  73%  Streaming frame 568/645
  ██████████████████░░░░░░░  74%  Streaming frame 569/645
  ██████████████████░░░░░░░  74%  Streaming frame 570/645
  ██████████████████░░░░░░░  74%  Streaming frame 571/645
  ██████████████████░░░░░░░  74%  Streaming frame 572/645
  ██████████████████░░░░░░░  74%  Streaming frame 573/645
  ██████████████████░░░░░░░  74%  Streaming frame 574/645
  ██████████████████░░░░░░░  74%  Streaming frame 575/645
  ██████████████████░░░░░░░  74%  Streaming frame 576/645
  ██████████████████░░░░░░░  74%  Streaming frame 577/645
  ██████████████████░░░░░░░  74%  Streaming frame 578/645
  ██████████████████░░░░░░░  74%  Streaming frame 579/645
  ██████████████████░░░░░░░  74%  Streaming frame 580/645
  ██████████████████░░░░░░░  75%  Streaming frame 581/645
  ██████████████████░░░░░░░  75%  Streaming frame 582/645
  ██████████████████░░░░░░░  75%  Streaming frame 583/645
  ██████████████████░░░░░░░  75%  Streaming frame 584/645
  ██████████████████░░░░░░░  75%  Streaming frame 585/645
  ██████████████████░░░░░░░  75%  Streaming frame 586/645
  ██████████████████░░░░░░░  75%  Streaming frame 587/645
  ██████████████████░░░░░░░  75%  Streaming frame 588/645
  ██████████████████░░░░░░░  75%  Streaming frame 589/645
  ██████████████████░░░░░░░  75%  Streaming frame 590/645
  ██████████████████░░░░░░░  75%  Streaming frame 591/645
  ██████████████████░░░░░░░  75%  Streaming frame 592/645
  ███████████████████░░░░░░  76%  Streaming frame 593/645
  ███████████████████░░░░░░  76%  Streaming frame 594/645
  ███████████████████░░░░░░  76%  Streaming frame 595/645
  ███████████████████░░░░░░  76%  Streaming frame 596/645
  ███████████████████░░░░░░  76%  Streaming frame 597/645
  ███████████████████░░░░░░  76%  Streaming frame 598/645
  ███████████████████░░░░░░  76%  Streaming frame 599/645
  ███████████████████░░░░░░  76%  Streaming frame 600/645
  ███████████████████░░░░░░  76%  Streaming frame 601/645
  ███████████████████░░░░░░  76%  Streaming frame 602/645
  ███████████████████░░░░░░  76%  Streaming frame 603/645
  ███████████████████░░░░░░  77%  Streaming frame 604/645
  ███████████████████░░░░░░  77%  Streaming frame 605/645
  ███████████████████░░░░░░  77%  Streaming frame 606/645
  ███████████████████░░░░░░  77%  Streaming frame 607/645
  ███████████████████░░░░░░  77%  Streaming frame 608/645
  ███████████████████░░░░░░  77%  Streaming frame 609/645
  ███████████████████░░░░░░  77%  Streaming frame 610/645
  ███████████████████░░░░░░  77%  Streaming frame 611/645
  ███████████████████░░░░░░  77%  Streaming frame 612/645
  ███████████████████░░░░░░  77%  Streaming frame 613/645
[INFO] [Render] drawElement self-verify passed {"renderJobId":"6b912b32-fb27-4f33-aa63-d78bcd0db022","frame":613,"psnrDb":"inf"}
  ███████████████████░░░░░░  77%  Streaming frame 614/645
  ███████████████████░░░░░░  77%  Streaming frame 615/645
  ███████████████████░░░░░░  78%  Streaming frame 616/645
  ███████████████████░░░░░░  78%  Streaming frame 617/645
  ███████████████████░░░░░░  78%  Streaming frame 618/645
  ███████████████████░░░░░░  78%  Streaming frame 619/645
  ███████████████████░░░░░░  78%  Streaming frame 620/645
  ███████████████████░░░░░░  78%  Streaming frame 621/645
  ███████████████████░░░░░░  78%  Streaming frame 622/645
  ███████████████████░░░░░░  78%  Streaming frame 623/645
  ███████████████████░░░░░░  78%  Streaming frame 624/645
  ███████████████████░░░░░░  78%  Streaming frame 625/645
  ███████████████████░░░░░░  78%  Streaming frame 626/645
  ███████████████████░░░░░░  78%  Streaming frame 627/645
  ███████████████████░░░░░░  79%  Streaming frame 628/645
  ███████████████████░░░░░░  79%  Streaming frame 629/645
  ███████████████████░░░░░░  79%  Streaming frame 630/645
  ███████████████████░░░░░░  79%  Streaming frame 631/645
  ███████████████████░░░░░░  79%  Streaming frame 632/645
  ███████████████████░░░░░░  79%  Streaming frame 633/645
  ███████████████████░░░░░░  79%  Streaming frame 634/645
  ███████████████████░░░░░░  79%  Streaming frame 635/645
  ███████████████████░░░░░░  79%  Streaming frame 636/645
  ███████████████████░░░░░░  79%  Streaming frame 637/645
  ███████████████████░░░░░░  79%  Streaming frame 638/645
  ███████████████████░░░░░░  79%  Streaming frame 639/645
  ████████████████████░░░░░  80%  Streaming frame 640/645
  ████████████████████░░░░░  80%  Streaming frame 641/645
  ████████████████████░░░░░  80%  Streaming frame 642/645
  ████████████████████░░░░░  80%  Streaming frame 643/645
  ████████████████████░░░░░  80%  Streaming frame 644/645
  ████████████████████░░░░░  80%  Streaming frame 645/645
[static-dedup] reused 508/1153 frame(s) (44%), est. ~1524ms saved (avg 3ms/frame)
[INFO] [Render:trace] {"renderJobId":"6b912b32-fb27-4f33-aa63-d78bcd0db022","phase":"capture_streaming","status":"end","elapsedMs":8441,"durationMs":5152,"stagePhase":"capturing","workerCount":1,"forceScreenshot":false,"totalFrames":645,"framesCompleted":645,"captureMode":"drawelement","captureOperation":"encode"}
[INFO] [Render:trace] {"renderJobId":"6b912b32-fb27-4f33-aa63-d78bcd0db022","phase":"assemble","status":"start","elapsedMs":8441,"stagePhase":"capturing","hasAudio":true,"workerCount":1,"forceScreenshot":false,"totalFrames":645,"framesCompleted":645,"captureMode":"drawelement","captureOperation":"encode"}
  ██████████████████████░░░  90%  Assembling final video
[INFO] [Render:trace] {"renderJobId":"6b912b32-fb27-4f33-aa63-d78bcd0db022","phase":"assemble","status":"end","elapsedMs":9013,"durationMs":572,"stagePhase":"capturing","hasAudio":true,"workerCount":1,"forceScreenshot":false,"totalFrames":645,"framesCompleted":645,"captureMode":"drawelement","captureOperation":"encode"}
[INFO] [Render:trace] {"renderJobId":"6b912b32-fb27-4f33-aa63-d78bcd0db022","phase":"pipeline","status":"checkpoint","elapsedMs":9030,"message":"artifact validated","totalElapsedMs":9030}
  █████████████████████████  100%  Render complete

◇  /Users/brownmanbrain/GitHub/operator-economy/blueprint-cinema/experiments/EP007-NET-NEW-UNFINISHED-ANSWER-003/hyperframes/reviews/r54-s11a/qa/r54-s11a.mp4
   1.3 MB · 26.9s video · rendered in 9.0s
