
◆  Rendering seg020 → /Users/brownmanbrain/GitHub/operator-economy/blueprint-cinema/experiments/EP009-FULL-BUILD-001/scenes/seg020/qa/r2/seg020.r2.mp4
   24fps · high · 1 workers
   GPU: browser GPU (auto-detect)

[?25l│
◇  Browser: cache
[?25h[INFO] [Render] Pipeline started {"renderJobId":"30b2b21e-57da-467d-92cf-9ded9cdac2e8","platform":"darwin","arch":"arm64","nodeVersion":"v25.6.1","fps":{"num":24,"den":1},"format":"mp4","quality":"high","browserGpuMode":"auto","forceScreenshot":false,"protocolTimeout":300000,"browserTimeout":120000,"pageNavigationTimeout":60000,"playerReadyTimeout":45000}
[INFO] [Render:trace] {"renderJobId":"30b2b21e-57da-467d-92cf-9ded9cdac2e8","phase":"pipeline","status":"checkpoint","elapsedMs":2,"message":"started","format":"mp4","quality":"high","browserGpuMode":"auto","forceScreenshot":false,"protocolTimeoutMs":300000,"pageNavigationTimeoutMs":60000,"playerReadyTimeoutMs":45000,"requestedWorkers":1}
[INFO] [Render:trace] {"renderJobId":"30b2b21e-57da-467d-92cf-9ded9cdac2e8","phase":"compile","status":"start","elapsedMs":6,"needsAlpha":false}
  █░░░░░░░░░░░░░░░░░░░░░░░░  5%  Compiling composition
[INFO] [Compiler] Embedded local font file: public/fonts/boska-700.woff2 (30 KB → data URI)
[INFO] [Compiler] Embedded local font file: public/fonts/supreme-400.woff2 (18 KB → data URI)
[INFO] [Compiler] Embedded local font file: public/fonts/supreme-500.woff2 (18 KB → data URI)
[INFO] Compiled composition metadata {"renderJobId":"30b2b21e-57da-467d-92cf-9ded9cdac2e8","entryFile":"index.html","staticDuration":21.125,"width":1280,"height":720,"videoCount":0,"audioCount":1,"renderModeHints":{"recommendScreenshot":false,"reasons":[]}}
[INFO] [Render:trace] {"renderJobId":"30b2b21e-57da-467d-92cf-9ded9cdac2e8","phase":"compile","status":"end","elapsedMs":107,"durationMs":100,"needsAlpha":false}
[INFO] [Render:trace] {"renderJobId":"30b2b21e-57da-467d-92cf-9ded9cdac2e8","phase":"compile","status":"checkpoint","elapsedMs":107,"message":"composition metadata resolved","width":1280,"height":720,"videoCount":0,"audioCount":1,"imageCount":0,"deviceScaleFactor":1,"forceScreenshot":false,"compositionHash":"9711fd1e042fa79b"}
[INFO] [Render:trace] {"renderJobId":"30b2b21e-57da-467d-92cf-9ded9cdac2e8","phase":"browser_probe","status":"start","elapsedMs":107,"forceScreenshot":false,"stagePhase":"calibrating"}
[INFO] [Render:trace] {"renderJobId":"30b2b21e-57da-467d-92cf-9ded9cdac2e8","phase":"browser_probe","status":"end","elapsedMs":113,"durationMs":6,"forceScreenshot":false,"stagePhase":"calibrating"}
[INFO] [Render:trace] {"renderJobId":"30b2b21e-57da-467d-92cf-9ded9cdac2e8","phase":"browser_probe","status":"checkpoint","elapsedMs":113,"message":"duration resolved","durationSeconds":21.125,"totalFrames":507,"compositionHash":"9711fd1e042fa79b","beginFrameStalled":false}
[INFO] [Render:trace] {"renderJobId":"30b2b21e-57da-467d-92cf-9ded9cdac2e8","phase":"video_extract","status":"start","elapsedMs":113,"videoCount":0}
  ██░░░░░░░░░░░░░░░░░░░░░░░  10%  Extracting video frames
[INFO] [Render:trace] {"renderJobId":"30b2b21e-57da-467d-92cf-9ded9cdac2e8","phase":"video_extract","status":"end","elapsedMs":114,"durationMs":1,"videoCount":0}
[INFO] [Render:trace] {"renderJobId":"30b2b21e-57da-467d-92cf-9ded9cdac2e8","phase":"video_extract","status":"checkpoint","elapsedMs":115,"message":"frames resolved","videoCount":0,"extractedVideoCount":0,"totalFramesExtracted":0,"maxFramesPerVideo":0,"avgFramesPerExtractedVideo":null,"vfrPreflightCount":null,"vfrPreflightMs":null,"cacheHits":null,"cacheMisses":null,"transientRetries":null,"minVideoFrameCoverageRatio":null,"authoredTimedClipCount":2}
[INFO] [Render] No HDR sources detected — rendering SDR {"renderJobId":"30b2b21e-57da-467d-92cf-9ded9cdac2e8"}
[INFO] [Render:trace] {"renderJobId":"30b2b21e-57da-467d-92cf-9ded9cdac2e8","phase":"hdr_detection","status":"checkpoint","elapsedMs":115,"message":"resolved","requestedHdrMode":"auto","effectiveHdr":"sdr","nativeHdrVideoCount":0,"nativeHdrImageCount":0}
[INFO] [Render:trace] {"renderJobId":"30b2b21e-57da-467d-92cf-9ded9cdac2e8","phase":"audio_process","status":"start","elapsedMs":115,"audioCount":1}
  █████░░░░░░░░░░░░░░░░░░░░  20%  Processing audio tracks
[INFO] [Render:trace] {"renderJobId":"30b2b21e-57da-467d-92cf-9ded9cdac2e8","phase":"audio_process","status":"end","elapsedMs":690,"durationMs":575,"audioCount":1}
[INFO] [Render:trace] {"renderJobId":"30b2b21e-57da-467d-92cf-9ded9cdac2e8","phase":"file_server","status":"start","elapsedMs":690,"reused":false}
  ██████░░░░░░░░░░░░░░░░░░░  25%  Starting frame capture
[INFO] [Render:trace] {"renderJobId":"30b2b21e-57da-467d-92cf-9ded9cdac2e8","phase":"file_server","status":"end","elapsedMs":696,"durationMs":6}
[hyperframes] browserGpuMode probe → hardware (WebGL renderer vendor="Google Inc. (Apple)" renderer="ANGLE (Apple, ANGLE Metal Renderer: Apple M4, Unspecified Version)")
[INFO] [Render:trace] {"renderJobId":"30b2b21e-57da-467d-92cf-9ded9cdac2e8","phase":"capture_calibration","status":"checkpoint","elapsedMs":1240,"message":"skipped","requestedWorkers":1,"totalFrames":507,"htmlInCanvasDetected":false,"lowMemoryMode":false,"deInversionEligible":false,"deParallelRouterEligible":false}
[INFO] [Render:trace] {"renderJobId":"30b2b21e-57da-467d-92cf-9ded9cdac2e8","phase":"worker_resolution","status":"checkpoint","elapsedMs":1241,"message":"resolved","workerCount":1}
[INFO] streaming-encode gate {"renderJobId":"30b2b21e-57da-467d-92cf-9ded9cdac2e8","enabled":true,"configFlag":true,"outputFormat":"mp4","workerCount":1,"durationSeconds":21.125,"maxDurationSeconds":240}
[INFO] [Render:trace] {"renderJobId":"30b2b21e-57da-467d-92cf-9ded9cdac2e8","phase":"capture_strategy","status":"checkpoint","elapsedMs":1241,"message":"resolved","workerCount":1,"forceScreenshot":false,"captureBeyondViewport":null,"useStreamingEncode":true,"useLayeredComposite":false,"usePageSideCompositing":false,"hasHdrContent":false,"hasShaderTransitions":false,"isPngSequence":false}
[INFO] [Render:trace] {"renderJobId":"30b2b21e-57da-467d-92cf-9ded9cdac2e8","phase":"capture_streaming","status":"start","elapsedMs":1241,"stagePhase":"capturing","workerCount":1,"forceScreenshot":false,"totalFrames":507,"framesCompleted":0,"captureMode":"drawelement","captureOperation":"drawElement"}
[BrowserManager] Browser launched (HeadlessChrome/152.0.7977.30, screenshot, gl=--use-gl=angle --use-angle=metal, headlessShell=true, platform=darwin)
[initSession:screenshot] page.goto start (0ms)
[HyperFrames] render runtime fps [object Object]
[initSession:screenshot] page.goto complete (302ms)
[initSession:screenshot] GSAP proxy flush complete (332ms)
[initSession:screenshot] pollHfReady complete (334ms)
[initSession:screenshot] pollSubCompositionTimelines complete (ready) (337ms)
[initSession:screenshot] applyVideoMetadataHints complete (337ms)
[initSession:screenshot] media + fonts + tailwind ready (339ms)
[initSession:screenshot] timeline at-risk predictor: 0/507 frames (0%) (396ms)
[initSession:screenshot] static-frame dedup: 348/350 predicted frame(s) reusable (outcome=verified, runs=6/6, screenshots=30, seeks=31, elapsedMs=1287) (1944ms)
[initSession:screenshot] drawElement self-verify armed: 4 ground-truth frame(s) @ [127, 254, 380, 482] of 507 (2320ms)
[initSession:drawelement] drawElement canvas injected (2323ms)
[initSession:drawelement] screenshot fallback: 5 clip-boundary frame(s) (2323ms)
[initSession:drawelement] drawElement worker encode initialized (2329ms)
  ██████░░░░░░░░░░░░░░░░░░░  25%  Streaming frame 1/507
  ██████░░░░░░░░░░░░░░░░░░░  25%  Streaming frame 2/507
  ██████░░░░░░░░░░░░░░░░░░░  25%  Streaming frame 3/507
  ██████░░░░░░░░░░░░░░░░░░░  25%  Streaming frame 4/507
  ██████░░░░░░░░░░░░░░░░░░░  26%  Streaming frame 5/507
  ██████░░░░░░░░░░░░░░░░░░░  26%  Streaming frame 6/507
  ██████░░░░░░░░░░░░░░░░░░░  26%  Streaming frame 7/507
  ██████░░░░░░░░░░░░░░░░░░░  26%  Streaming frame 8/507
  ██████░░░░░░░░░░░░░░░░░░░  26%  Streaming frame 9/507
  ██████░░░░░░░░░░░░░░░░░░░  26%  Streaming frame 10/507
  ██████░░░░░░░░░░░░░░░░░░░  26%  Streaming frame 11/507
  ██████░░░░░░░░░░░░░░░░░░░  26%  Streaming frame 12/507
  ██████░░░░░░░░░░░░░░░░░░░  26%  Streaming frame 13/507
  ██████░░░░░░░░░░░░░░░░░░░  27%  Streaming frame 14/507
  ██████░░░░░░░░░░░░░░░░░░░  27%  Streaming frame 15/507
  ██████░░░░░░░░░░░░░░░░░░░  27%  Streaming frame 16/507
  ██████░░░░░░░░░░░░░░░░░░░  27%  Streaming frame 17/507
  ██████░░░░░░░░░░░░░░░░░░░  27%  Streaming frame 18/507
  ██████░░░░░░░░░░░░░░░░░░░  27%  Streaming frame 19/507
  ██████░░░░░░░░░░░░░░░░░░░  27%  Streaming frame 20/507
  ██████░░░░░░░░░░░░░░░░░░░  27%  Streaming frame 21/507
  ██████░░░░░░░░░░░░░░░░░░░  27%  Streaming frame 22/507
  ██████░░░░░░░░░░░░░░░░░░░  27%  Streaming frame 23/507
  ███████░░░░░░░░░░░░░░░░░░  28%  Streaming frame 24/507
  ███████░░░░░░░░░░░░░░░░░░  28%  Streaming frame 25/507
  ███████░░░░░░░░░░░░░░░░░░  28%  Streaming frame 26/507
  ███████░░░░░░░░░░░░░░░░░░  28%  Streaming frame 27/507
  ███████░░░░░░░░░░░░░░░░░░  28%  Streaming frame 28/507
  ███████░░░░░░░░░░░░░░░░░░  28%  Streaming frame 29/507
  ███████░░░░░░░░░░░░░░░░░░  28%  Streaming frame 30/507
  ███████░░░░░░░░░░░░░░░░░░  28%  Streaming frame 31/507
  ███████░░░░░░░░░░░░░░░░░░  28%  Streaming frame 32/507
  ███████░░░░░░░░░░░░░░░░░░  29%  Streaming frame 33/507
  ███████░░░░░░░░░░░░░░░░░░  29%  Streaming frame 34/507
  ███████░░░░░░░░░░░░░░░░░░  29%  Streaming frame 35/507
  ███████░░░░░░░░░░░░░░░░░░  29%  Streaming frame 36/507
  ███████░░░░░░░░░░░░░░░░░░  29%  Streaming frame 37/507
  ███████░░░░░░░░░░░░░░░░░░  29%  Streaming frame 38/507
  ███████░░░░░░░░░░░░░░░░░░  29%  Streaming frame 39/507
  ███████░░░░░░░░░░░░░░░░░░  29%  Streaming frame 40/507
  ███████░░░░░░░░░░░░░░░░░░  29%  Streaming frame 41/507
  ███████░░░░░░░░░░░░░░░░░░  30%  Streaming frame 42/507
  ███████░░░░░░░░░░░░░░░░░░  30%  Streaming frame 43/507
  ███████░░░░░░░░░░░░░░░░░░  30%  Streaming frame 44/507
  ███████░░░░░░░░░░░░░░░░░░  30%  Streaming frame 45/507
  ███████░░░░░░░░░░░░░░░░░░  30%  Streaming frame 46/507
  ███████░░░░░░░░░░░░░░░░░░  30%  Streaming frame 47/507
  ███████░░░░░░░░░░░░░░░░░░  30%  Streaming frame 48/507
  ███████░░░░░░░░░░░░░░░░░░  30%  Streaming frame 49/507
  ███████░░░░░░░░░░░░░░░░░░  30%  Streaming frame 50/507
  ███████░░░░░░░░░░░░░░░░░░  31%  Streaming frame 51/507
  ███████░░░░░░░░░░░░░░░░░░  31%  Streaming frame 52/507
  ███████░░░░░░░░░░░░░░░░░░  31%  Streaming frame 53/507
  ███████░░░░░░░░░░░░░░░░░░  31%  Streaming frame 54/507
  ███████░░░░░░░░░░░░░░░░░░  31%  Streaming frame 55/507
  ███████░░░░░░░░░░░░░░░░░░  31%  Streaming frame 56/507
  ███████░░░░░░░░░░░░░░░░░░  31%  Streaming frame 57/507
  ███████░░░░░░░░░░░░░░░░░░  31%  Streaming frame 58/507
  ███████░░░░░░░░░░░░░░░░░░  31%  Streaming frame 59/507
  ████████░░░░░░░░░░░░░░░░░  32%  Streaming frame 60/507
  ████████░░░░░░░░░░░░░░░░░  32%  Streaming frame 61/507
  ████████░░░░░░░░░░░░░░░░░  32%  Streaming frame 62/507
  ████████░░░░░░░░░░░░░░░░░  32%  Streaming frame 63/507
  ████████░░░░░░░░░░░░░░░░░  32%  Streaming frame 64/507
  ████████░░░░░░░░░░░░░░░░░  32%  Streaming frame 65/507
  ████████░░░░░░░░░░░░░░░░░  32%  Streaming frame 66/507
  ████████░░░░░░░░░░░░░░░░░  32%  Streaming frame 67/507
  ████████░░░░░░░░░░░░░░░░░  32%  Streaming frame 68/507
  ████████░░░░░░░░░░░░░░░░░  32%  Streaming frame 69/507
  ████████░░░░░░░░░░░░░░░░░  33%  Streaming frame 70/507
  ████████░░░░░░░░░░░░░░░░░  33%  Streaming frame 71/507
  ████████░░░░░░░░░░░░░░░░░  33%  Streaming frame 72/507
  ████████░░░░░░░░░░░░░░░░░  33%  Streaming frame 73/507
  ████████░░░░░░░░░░░░░░░░░  33%  Streaming frame 74/507
  ████████░░░░░░░░░░░░░░░░░  33%  Streaming frame 75/507
  ████████░░░░░░░░░░░░░░░░░  33%  Streaming frame 76/507
  ████████░░░░░░░░░░░░░░░░░  33%  Streaming frame 77/507
  ████████░░░░░░░░░░░░░░░░░  33%  Streaming frame 78/507
  ████████░░░░░░░░░░░░░░░░░  34%  Streaming frame 79/507
  ████████░░░░░░░░░░░░░░░░░  34%  Streaming frame 80/507
  ████████░░░░░░░░░░░░░░░░░  34%  Streaming frame 81/507
  ████████░░░░░░░░░░░░░░░░░  34%  Streaming frame 82/507
  ████████░░░░░░░░░░░░░░░░░  34%  Streaming frame 83/507
  ████████░░░░░░░░░░░░░░░░░  34%  Streaming frame 84/507
  ████████░░░░░░░░░░░░░░░░░  34%  Streaming frame 85/507
  ████████░░░░░░░░░░░░░░░░░  34%  Streaming frame 86/507
  ████████░░░░░░░░░░░░░░░░░  34%  Streaming frame 87/507
  ████████░░░░░░░░░░░░░░░░░  35%  Streaming frame 88/507
  ████████░░░░░░░░░░░░░░░░░  35%  Streaming frame 89/507
  ████████░░░░░░░░░░░░░░░░░  35%  Streaming frame 90/507
  ████████░░░░░░░░░░░░░░░░░  35%  Streaming frame 91/507
  ████████░░░░░░░░░░░░░░░░░  35%  Streaming frame 92/507
  ████████░░░░░░░░░░░░░░░░░  35%  Streaming frame 93/507
  ████████░░░░░░░░░░░░░░░░░  35%  Streaming frame 94/507
  ████████░░░░░░░░░░░░░░░░░  35%  Streaming frame 95/507
  ████████░░░░░░░░░░░░░░░░░  35%  Streaming frame 96/507
  █████████░░░░░░░░░░░░░░░░  36%  Streaming frame 97/507
  █████████░░░░░░░░░░░░░░░░  36%  Streaming frame 98/507
  █████████░░░░░░░░░░░░░░░░  36%  Streaming frame 99/507
  █████████░░░░░░░░░░░░░░░░  36%  Streaming frame 100/507
  █████████░░░░░░░░░░░░░░░░  36%  Streaming frame 101/507
  █████████░░░░░░░░░░░░░░░░  36%  Streaming frame 102/507
  █████████░░░░░░░░░░░░░░░░  36%  Streaming frame 103/507
  █████████░░░░░░░░░░░░░░░░  36%  Streaming frame 104/507
  █████████░░░░░░░░░░░░░░░░  36%  Streaming frame 105/507
  █████████░░░░░░░░░░░░░░░░  36%  Streaming frame 106/507
  █████████░░░░░░░░░░░░░░░░  37%  Streaming frame 107/507
  █████████░░░░░░░░░░░░░░░░  37%  Streaming frame 108/507
  █████████░░░░░░░░░░░░░░░░  37%  Streaming frame 109/507
  █████████░░░░░░░░░░░░░░░░  37%  Streaming frame 110/507
  █████████░░░░░░░░░░░░░░░░  37%  Streaming frame 111/507
  █████████░░░░░░░░░░░░░░░░  37%  Streaming frame 112/507
  █████████░░░░░░░░░░░░░░░░  37%  Streaming frame 113/507
  █████████░░░░░░░░░░░░░░░░  37%  Streaming frame 114/507
  █████████░░░░░░░░░░░░░░░░  37%  Streaming frame 115/507
  █████████░░░░░░░░░░░░░░░░  38%  Streaming frame 116/507
  █████████░░░░░░░░░░░░░░░░  38%  Streaming frame 117/507
  █████████░░░░░░░░░░░░░░░░  38%  Streaming frame 118/507
  █████████░░░░░░░░░░░░░░░░  38%  Streaming frame 119/507
  █████████░░░░░░░░░░░░░░░░  38%  Streaming frame 120/507
  █████████░░░░░░░░░░░░░░░░  38%  Streaming frame 121/507
  █████████░░░░░░░░░░░░░░░░  38%  Streaming frame 122/507
  █████████░░░░░░░░░░░░░░░░  38%  Streaming frame 123/507
  █████████░░░░░░░░░░░░░░░░  38%  Streaming frame 124/507
  █████████░░░░░░░░░░░░░░░░  39%  Streaming frame 125/507
  █████████░░░░░░░░░░░░░░░░  39%  Streaming frame 126/507
  █████████░░░░░░░░░░░░░░░░  39%  Streaming frame 127/507
[INFO] [Render] drawElement self-verify passed {"renderJobId":"30b2b21e-57da-467d-92cf-9ded9cdac2e8","frame":127,"psnrDb":69.9}
  █████████░░░░░░░░░░░░░░░░  39%  Streaming frame 128/507
  █████████░░░░░░░░░░░░░░░░  39%  Streaming frame 129/507
  █████████░░░░░░░░░░░░░░░░  39%  Streaming frame 130/507
  █████████░░░░░░░░░░░░░░░░  39%  Streaming frame 131/507
  █████████░░░░░░░░░░░░░░░░  39%  Streaming frame 132/507
  █████████░░░░░░░░░░░░░░░░  39%  Streaming frame 133/507
  ██████████░░░░░░░░░░░░░░░  40%  Streaming frame 134/507
  ██████████░░░░░░░░░░░░░░░  40%  Streaming frame 135/507
  ██████████░░░░░░░░░░░░░░░  40%  Streaming frame 136/507
  ██████████░░░░░░░░░░░░░░░  40%  Streaming frame 137/507
  ██████████░░░░░░░░░░░░░░░  40%  Streaming frame 138/507
  ██████████░░░░░░░░░░░░░░░  40%  Streaming frame 139/507
  ██████████░░░░░░░░░░░░░░░  40%  Streaming frame 140/507
  ██████████░░░░░░░░░░░░░░░  40%  Streaming frame 141/507
  ██████████░░░░░░░░░░░░░░░  40%  Streaming frame 142/507
  ██████████░░░░░░░░░░░░░░░  41%  Streaming frame 143/507
  ██████████░░░░░░░░░░░░░░░  41%  Streaming frame 144/507
  ██████████░░░░░░░░░░░░░░░  41%  Streaming frame 145/507
  ██████████░░░░░░░░░░░░░░░  41%  Streaming frame 146/507
  ██████████░░░░░░░░░░░░░░░  41%  Streaming frame 147/507
  ██████████░░░░░░░░░░░░░░░  41%  Streaming frame 148/507
  ██████████░░░░░░░░░░░░░░░  41%  Streaming frame 149/507
  ██████████░░░░░░░░░░░░░░░  41%  Streaming frame 150/507
  ██████████░░░░░░░░░░░░░░░  41%  Streaming frame 151/507
  ██████████░░░░░░░░░░░░░░░  41%  Streaming frame 152/507
  ██████████░░░░░░░░░░░░░░░  42%  Streaming frame 153/507
  ██████████░░░░░░░░░░░░░░░  42%  Streaming frame 154/507
  ██████████░░░░░░░░░░░░░░░  42%  Streaming frame 155/507
  ██████████░░░░░░░░░░░░░░░  42%  Streaming frame 156/507
  ██████████░░░░░░░░░░░░░░░  42%  Streaming frame 157/507
  ██████████░░░░░░░░░░░░░░░  42%  Streaming frame 158/507
  ██████████░░░░░░░░░░░░░░░  42%  Streaming frame 159/507
  ██████████░░░░░░░░░░░░░░░  42%  Streaming frame 160/507
  ██████████░░░░░░░░░░░░░░░  42%  Streaming frame 161/507
  ██████████░░░░░░░░░░░░░░░  43%  Streaming frame 162/507
  ██████████░░░░░░░░░░░░░░░  43%  Streaming frame 163/507
  ██████████░░░░░░░░░░░░░░░  43%  Streaming frame 164/507
  ██████████░░░░░░░░░░░░░░░  43%  Streaming frame 165/507
  ██████████░░░░░░░░░░░░░░░  43%  Streaming frame 166/507
  ██████████░░░░░░░░░░░░░░░  43%  Streaming frame 167/507
  ██████████░░░░░░░░░░░░░░░  43%  Streaming frame 168/507
  ██████████░░░░░░░░░░░░░░░  43%  Streaming frame 169/507
  ██████████░░░░░░░░░░░░░░░  43%  Streaming frame 170/507
  ███████████░░░░░░░░░░░░░░  44%  Streaming frame 171/507
  ███████████░░░░░░░░░░░░░░  44%  Streaming frame 172/507
  ███████████░░░░░░░░░░░░░░  44%  Streaming frame 173/507
  ███████████░░░░░░░░░░░░░░  44%  Streaming frame 174/507
  ███████████░░░░░░░░░░░░░░  44%  Streaming frame 175/507
  ███████████░░░░░░░░░░░░░░  44%  Streaming frame 176/507
  ███████████░░░░░░░░░░░░░░  44%  Streaming frame 177/507
  ███████████░░░░░░░░░░░░░░  44%  Streaming frame 178/507
  ███████████░░░░░░░░░░░░░░  44%  Streaming frame 179/507
  ███████████░░░░░░░░░░░░░░  45%  Streaming frame 180/507
  ███████████░░░░░░░░░░░░░░  45%  Streaming frame 181/507
  ███████████░░░░░░░░░░░░░░  45%  Streaming frame 182/507
  ███████████░░░░░░░░░░░░░░  45%  Streaming frame 183/507
  ███████████░░░░░░░░░░░░░░  45%  Streaming frame 184/507
  ███████████░░░░░░░░░░░░░░  45%  Streaming frame 185/507
  ███████████░░░░░░░░░░░░░░  45%  Streaming frame 186/507
  ███████████░░░░░░░░░░░░░░  45%  Streaming frame 187/507
  ███████████░░░░░░░░░░░░░░  45%  Streaming frame 188/507
  ███████████░░░░░░░░░░░░░░  46%  Streaming frame 189/507
  ███████████░░░░░░░░░░░░░░  46%  Streaming frame 190/507
  ███████████░░░░░░░░░░░░░░  46%  Streaming frame 191/507
  ███████████░░░░░░░░░░░░░░  46%  Streaming frame 192/507
  ███████████░░░░░░░░░░░░░░  46%  Streaming frame 193/507
  ███████████░░░░░░░░░░░░░░  46%  Streaming frame 194/507
  ███████████░░░░░░░░░░░░░░  46%  Streaming frame 195/507
  ███████████░░░░░░░░░░░░░░  46%  Streaming frame 196/507
  ███████████░░░░░░░░░░░░░░  46%  Streaming frame 197/507
  ███████████░░░░░░░░░░░░░░  46%  Streaming frame 198/507
  ███████████░░░░░░░░░░░░░░  47%  Streaming frame 199/507
  ███████████░░░░░░░░░░░░░░  47%  Streaming frame 200/507
  ███████████░░░░░░░░░░░░░░  47%  Streaming frame 201/507
  ███████████░░░░░░░░░░░░░░  47%  Streaming frame 202/507
  ███████████░░░░░░░░░░░░░░  47%  Streaming frame 203/507
  ███████████░░░░░░░░░░░░░░  47%  Streaming frame 204/507
  ███████████░░░░░░░░░░░░░░  47%  Streaming frame 205/507
  ███████████░░░░░░░░░░░░░░  47%  Streaming frame 206/507
  ███████████░░░░░░░░░░░░░░  47%  Streaming frame 207/507
  ████████████░░░░░░░░░░░░░  48%  Streaming frame 208/507
  ████████████░░░░░░░░░░░░░  48%  Streaming frame 209/507
  ████████████░░░░░░░░░░░░░  48%  Streaming frame 210/507
  ████████████░░░░░░░░░░░░░  48%  Streaming frame 211/507
  ████████████░░░░░░░░░░░░░  48%  Streaming frame 212/507
  ████████████░░░░░░░░░░░░░  48%  Streaming frame 213/507
  ████████████░░░░░░░░░░░░░  48%  Streaming frame 214/507
  ████████████░░░░░░░░░░░░░  48%  Streaming frame 215/507
  ████████████░░░░░░░░░░░░░  48%  Streaming frame 216/507
  ████████████░░░░░░░░░░░░░  49%  Streaming frame 217/507
  ████████████░░░░░░░░░░░░░  49%  Streaming frame 218/507
  ████████████░░░░░░░░░░░░░  49%  Streaming frame 219/507
  ████████████░░░░░░░░░░░░░  49%  Streaming frame 220/507
  ████████████░░░░░░░░░░░░░  49%  Streaming frame 221/507
  ████████████░░░░░░░░░░░░░  49%  Streaming frame 222/507
  ████████████░░░░░░░░░░░░░  49%  Streaming frame 223/507
  ████████████░░░░░░░░░░░░░  49%  Streaming frame 224/507
  ████████████░░░░░░░░░░░░░  49%  Streaming frame 225/507
  ████████████░░░░░░░░░░░░░  50%  Streaming frame 226/507
  ████████████░░░░░░░░░░░░░  50%  Streaming frame 227/507
  ████████████░░░░░░░░░░░░░  50%  Streaming frame 228/507
  ████████████░░░░░░░░░░░░░  50%  Streaming frame 229/507
  ████████████░░░░░░░░░░░░░  50%  Streaming frame 230/507
  ████████████░░░░░░░░░░░░░  50%  Streaming frame 231/507
  ████████████░░░░░░░░░░░░░  50%  Streaming frame 232/507
  ████████████░░░░░░░░░░░░░  50%  Streaming frame 233/507
  ████████████░░░░░░░░░░░░░  50%  Streaming frame 234/507
  ████████████░░░░░░░░░░░░░  50%  Streaming frame 235/507
  ████████████░░░░░░░░░░░░░  51%  Streaming frame 236/507
  ████████████░░░░░░░░░░░░░  51%  Streaming frame 237/507
  ████████████░░░░░░░░░░░░░  51%  Streaming frame 238/507
  ████████████░░░░░░░░░░░░░  51%  Streaming frame 239/507
  ████████████░░░░░░░░░░░░░  51%  Streaming frame 240/507
  ████████████░░░░░░░░░░░░░  51%  Streaming frame 241/507
  ████████████░░░░░░░░░░░░░  51%  Streaming frame 242/507
  ████████████░░░░░░░░░░░░░  51%  Streaming frame 243/507
  ████████████░░░░░░░░░░░░░  51%  Streaming frame 244/507
  █████████████░░░░░░░░░░░░  52%  Streaming frame 245/507
  █████████████░░░░░░░░░░░░  52%  Streaming frame 246/507
  █████████████░░░░░░░░░░░░  52%  Streaming frame 247/507
  █████████████░░░░░░░░░░░░  52%  Streaming frame 248/507
  █████████████░░░░░░░░░░░░  52%  Streaming frame 249/507
  █████████████░░░░░░░░░░░░  52%  Streaming frame 250/507
  █████████████░░░░░░░░░░░░  52%  Streaming frame 251/507
  █████████████░░░░░░░░░░░░  52%  Streaming frame 252/507
  █████████████░░░░░░░░░░░░  52%  Streaming frame 253/507
  █████████████░░░░░░░░░░░░  53%  Streaming frame 254/507
[INFO] [Render] drawElement self-verify passed {"renderJobId":"30b2b21e-57da-467d-92cf-9ded9cdac2e8","frame":254,"psnrDb":72.1}
  █████████████░░░░░░░░░░░░  53%  Streaming frame 255/507
  █████████████░░░░░░░░░░░░  53%  Streaming frame 256/507
  █████████████░░░░░░░░░░░░  53%  Streaming frame 257/507
  █████████████░░░░░░░░░░░░  53%  Streaming frame 258/507
  █████████████░░░░░░░░░░░░  53%  Streaming frame 259/507
  █████████████░░░░░░░░░░░░  53%  Streaming frame 260/507
  █████████████░░░░░░░░░░░░  53%  Streaming frame 261/507
  █████████████░░░░░░░░░░░░  53%  Streaming frame 262/507
  █████████████░░░░░░░░░░░░  54%  Streaming frame 263/507
  █████████████░░░░░░░░░░░░  54%  Streaming frame 264/507
  █████████████░░░░░░░░░░░░  54%  Streaming frame 265/507
  █████████████░░░░░░░░░░░░  54%  Streaming frame 266/507
  █████████████░░░░░░░░░░░░  54%  Streaming frame 267/507
  █████████████░░░░░░░░░░░░  54%  Streaming frame 268/507
  █████████████░░░░░░░░░░░░  54%  Streaming frame 269/507
  █████████████░░░░░░░░░░░░  54%  Streaming frame 270/507
  █████████████░░░░░░░░░░░░  54%  Streaming frame 271/507
  █████████████░░░░░░░░░░░░  55%  Streaming frame 272/507
  █████████████░░░░░░░░░░░░  55%  Streaming frame 273/507
  █████████████░░░░░░░░░░░░  55%  Streaming frame 274/507
  █████████████░░░░░░░░░░░░  55%  Streaming frame 275/507
  █████████████░░░░░░░░░░░░  55%  Streaming frame 276/507
  █████████████░░░░░░░░░░░░  55%  Streaming frame 277/507
  █████████████░░░░░░░░░░░░  55%  Streaming frame 278/507
  █████████████░░░░░░░░░░░░  55%  Streaming frame 279/507
  █████████████░░░░░░░░░░░░  55%  Streaming frame 280/507
  █████████████░░░░░░░░░░░░  55%  Streaming frame 281/507
  ██████████████░░░░░░░░░░░  56%  Streaming frame 282/507
  ██████████████░░░░░░░░░░░  56%  Streaming frame 283/507
  ██████████████░░░░░░░░░░░  56%  Streaming frame 284/507
  ██████████████░░░░░░░░░░░  56%  Streaming frame 285/507
  ██████████████░░░░░░░░░░░  56%  Streaming frame 286/507
  ██████████████░░░░░░░░░░░  56%  Streaming frame 287/507
  ██████████████░░░░░░░░░░░  56%  Streaming frame 288/507
  ██████████████░░░░░░░░░░░  56%  Streaming frame 289/507
  ██████████████░░░░░░░░░░░  56%  Streaming frame 290/507
  ██████████████░░░░░░░░░░░  57%  Streaming frame 291/507
  ██████████████░░░░░░░░░░░  57%  Streaming frame 292/507
  ██████████████░░░░░░░░░░░  57%  Streaming frame 293/507
  ██████████████░░░░░░░░░░░  57%  Streaming frame 294/507
  ██████████████░░░░░░░░░░░  57%  Streaming frame 295/507
  ██████████████░░░░░░░░░░░  57%  Streaming frame 296/507
  ██████████████░░░░░░░░░░░  57%  Streaming frame 297/507
  ██████████████░░░░░░░░░░░  57%  Streaming frame 298/507
  ██████████████░░░░░░░░░░░  57%  Streaming frame 299/507
  ██████████████░░░░░░░░░░░  58%  Streaming frame 300/507
  ██████████████░░░░░░░░░░░  58%  Streaming frame 301/507
  ██████████████░░░░░░░░░░░  58%  Streaming frame 302/507
  ██████████████░░░░░░░░░░░  58%  Streaming frame 303/507
  ██████████████░░░░░░░░░░░  58%  Streaming frame 304/507
  ██████████████░░░░░░░░░░░  58%  Streaming frame 305/507
  ██████████████░░░░░░░░░░░  58%  Streaming frame 306/507
  ██████████████░░░░░░░░░░░  58%  Streaming frame 307/507
  ██████████████░░░░░░░░░░░  58%  Streaming frame 308/507
  ██████████████░░░░░░░░░░░  59%  Streaming frame 309/507
  ██████████████░░░░░░░░░░░  59%  Streaming frame 310/507
  ██████████████░░░░░░░░░░░  59%  Streaming frame 311/507
  ██████████████░░░░░░░░░░░  59%  Streaming frame 312/507
  ██████████████░░░░░░░░░░░  59%  Streaming frame 313/507
  ██████████████░░░░░░░░░░░  59%  Streaming frame 314/507
  ██████████████░░░░░░░░░░░  59%  Streaming frame 315/507
  ██████████████░░░░░░░░░░░  59%  Streaming frame 316/507
  ██████████████░░░░░░░░░░░  59%  Streaming frame 317/507
  ██████████████░░░░░░░░░░░  59%  Streaming frame 318/507
  ███████████████░░░░░░░░░░  60%  Streaming frame 319/507
  ███████████████░░░░░░░░░░  60%  Streaming frame 320/507
  ███████████████░░░░░░░░░░  60%  Streaming frame 321/507
  ███████████████░░░░░░░░░░  60%  Streaming frame 322/507
  ███████████████░░░░░░░░░░  60%  Streaming frame 323/507
  ███████████████░░░░░░░░░░  60%  Streaming frame 324/507
  ███████████████░░░░░░░░░░  60%  Streaming frame 325/507
  ███████████████░░░░░░░░░░  60%  Streaming frame 326/507
  ███████████████░░░░░░░░░░  60%  Streaming frame 327/507
  ███████████████░░░░░░░░░░  61%  Streaming frame 328/507
  ███████████████░░░░░░░░░░  61%  Streaming frame 329/507
  ███████████████░░░░░░░░░░  61%  Streaming frame 330/507
  ███████████████░░░░░░░░░░  61%  Streaming frame 331/507
  ███████████████░░░░░░░░░░  61%  Streaming frame 332/507
  ███████████████░░░░░░░░░░  61%  Streaming frame 333/507
  ███████████████░░░░░░░░░░  61%  Streaming frame 334/507
  ███████████████░░░░░░░░░░  61%  Streaming frame 335/507
  ███████████████░░░░░░░░░░  61%  Streaming frame 336/507
  ███████████████░░░░░░░░░░  62%  Streaming frame 337/507
  ███████████████░░░░░░░░░░  62%  Streaming frame 338/507
  ███████████████░░░░░░░░░░  62%  Streaming frame 339/507
  ███████████████░░░░░░░░░░  62%  Streaming frame 340/507
  ███████████████░░░░░░░░░░  62%  Streaming frame 341/507
  ███████████████░░░░░░░░░░  62%  Streaming frame 342/507
  ███████████████░░░░░░░░░░  62%  Streaming frame 343/507
  ███████████████░░░░░░░░░░  62%  Streaming frame 344/507
  ███████████████░░░░░░░░░░  62%  Streaming frame 345/507
  ███████████████░░░░░░░░░░  63%  Streaming frame 346/507
  ███████████████░░░░░░░░░░  63%  Streaming frame 347/507
  ███████████████░░░░░░░░░░  63%  Streaming frame 348/507
  ███████████████░░░░░░░░░░  63%  Streaming frame 349/507
  ███████████████░░░░░░░░░░  63%  Streaming frame 350/507
  ███████████████░░░░░░░░░░  63%  Streaming frame 351/507
  ███████████████░░░░░░░░░░  63%  Streaming frame 352/507
  ███████████████░░░░░░░░░░  63%  Streaming frame 353/507
  ███████████████░░░░░░░░░░  63%  Streaming frame 354/507
  ████████████████░░░░░░░░░  64%  Streaming frame 355/507
  ████████████████░░░░░░░░░  64%  Streaming frame 356/507
  ████████████████░░░░░░░░░  64%  Streaming frame 357/507
  ████████████████░░░░░░░░░  64%  Streaming frame 358/507
  ████████████████░░░░░░░░░  64%  Streaming frame 359/507
  ████████████████░░░░░░░░░  64%  Streaming frame 360/507
  ████████████████░░░░░░░░░  64%  Streaming frame 361/507
  ████████████████░░░░░░░░░  64%  Streaming frame 362/507
  ████████████████░░░░░░░░░  64%  Streaming frame 363/507
  ████████████████░░░░░░░░░  64%  Streaming frame 364/507
  ████████████████░░░░░░░░░  65%  Streaming frame 365/507
  ████████████████░░░░░░░░░  65%  Streaming frame 366/507
  ████████████████░░░░░░░░░  65%  Streaming frame 367/507
  ████████████████░░░░░░░░░  65%  Streaming frame 368/507
  ████████████████░░░░░░░░░  65%  Streaming frame 369/507
  ████████████████░░░░░░░░░  65%  Streaming frame 370/507
  ████████████████░░░░░░░░░  65%  Streaming frame 371/507
  ████████████████░░░░░░░░░  65%  Streaming frame 372/507
  ████████████████░░░░░░░░░  65%  Streaming frame 373/507
  ████████████████░░░░░░░░░  66%  Streaming frame 374/507
  ████████████████░░░░░░░░░  66%  Streaming frame 375/507
  ████████████████░░░░░░░░░  66%  Streaming frame 376/507
  ████████████████░░░░░░░░░  66%  Streaming frame 377/507
  ████████████████░░░░░░░░░  66%  Streaming frame 378/507
  ████████████████░░░░░░░░░  66%  Streaming frame 379/507
  ████████████████░░░░░░░░░  66%  Streaming frame 380/507
[INFO] [Render] drawElement self-verify passed {"renderJobId":"30b2b21e-57da-467d-92cf-9ded9cdac2e8","frame":380,"psnrDb":70}
  ████████████████░░░░░░░░░  66%  Streaming frame 381/507
  ████████████████░░░░░░░░░  66%  Streaming frame 382/507
  ████████████████░░░░░░░░░  67%  Streaming frame 383/507
  ████████████████░░░░░░░░░  67%  Streaming frame 384/507
  ████████████████░░░░░░░░░  67%  Streaming frame 385/507
  ████████████████░░░░░░░░░  67%  Streaming frame 386/507
  ████████████████░░░░░░░░░  67%  Streaming frame 387/507
  ████████████████░░░░░░░░░  67%  Streaming frame 388/507
  ████████████████░░░░░░░░░  67%  Streaming frame 389/507
  ████████████████░░░░░░░░░  67%  Streaming frame 390/507
  ████████████████░░░░░░░░░  67%  Streaming frame 391/507
  █████████████████░░░░░░░░  68%  Streaming frame 392/507
  █████████████████░░░░░░░░  68%  Streaming frame 393/507
  █████████████████░░░░░░░░  68%  Streaming frame 394/507
  █████████████████░░░░░░░░  68%  Streaming frame 395/507
  █████████████████░░░░░░░░  68%  Streaming frame 396/507
  █████████████████░░░░░░░░  68%  Streaming frame 397/507
  █████████████████░░░░░░░░  68%  Streaming frame 398/507
  █████████████████░░░░░░░░  68%  Streaming frame 399/507
  █████████████████░░░░░░░░  68%  Streaming frame 400/507
  █████████████████░░░░░░░░  69%  Streaming frame 401/507
  █████████████████░░░░░░░░  69%  Streaming frame 402/507
  █████████████████░░░░░░░░  69%  Streaming frame 403/507
  █████████████████░░░░░░░░  69%  Streaming frame 404/507
  █████████████████░░░░░░░░  69%  Streaming frame 405/507
  █████████████████░░░░░░░░  69%  Streaming frame 406/507
  █████████████████░░░░░░░░  69%  Streaming frame 407/507
  █████████████████░░░░░░░░  69%  Streaming frame 408/507
  █████████████████░░░░░░░░  69%  Streaming frame 409/507
  █████████████████░░░░░░░░  69%  Streaming frame 410/507
  █████████████████░░░░░░░░  70%  Streaming frame 411/507
  █████████████████░░░░░░░░  70%  Streaming frame 412/507
  █████████████████░░░░░░░░  70%  Streaming frame 413/507
  █████████████████░░░░░░░░  70%  Streaming frame 414/507
  █████████████████░░░░░░░░  70%  Streaming frame 415/507
  █████████████████░░░░░░░░  70%  Streaming frame 416/507
  █████████████████░░░░░░░░  70%  Streaming frame 417/507
  █████████████████░░░░░░░░  70%  Streaming frame 418/507
  █████████████████░░░░░░░░  70%  Streaming frame 419/507
  █████████████████░░░░░░░░  71%  Streaming frame 420/507
  █████████████████░░░░░░░░  71%  Streaming frame 421/507
  █████████████████░░░░░░░░  71%  Streaming frame 422/507
  █████████████████░░░░░░░░  71%  Streaming frame 423/507
  █████████████████░░░░░░░░  71%  Streaming frame 424/507
  █████████████████░░░░░░░░  71%  Streaming frame 425/507
  █████████████████░░░░░░░░  71%  Streaming frame 426/507
  █████████████████░░░░░░░░  71%  Streaming frame 427/507
  █████████████████░░░░░░░░  71%  Streaming frame 428/507
  ██████████████████░░░░░░░  72%  Streaming frame 429/507
  ██████████████████░░░░░░░  72%  Streaming frame 430/507
  ██████████████████░░░░░░░  72%  Streaming frame 431/507
  ██████████████████░░░░░░░  72%  Streaming frame 432/507
  ██████████████████░░░░░░░  72%  Streaming frame 433/507
  ██████████████████░░░░░░░  72%  Streaming frame 434/507
  ██████████████████░░░░░░░  72%  Streaming frame 435/507
  ██████████████████░░░░░░░  72%  Streaming frame 436/507
  ██████████████████░░░░░░░  72%  Streaming frame 437/507
  ██████████████████░░░░░░░  73%  Streaming frame 438/507
  ██████████████████░░░░░░░  73%  Streaming frame 439/507
  ██████████████████░░░░░░░  73%  Streaming frame 440/507
  ██████████████████░░░░░░░  73%  Streaming frame 441/507
  ██████████████████░░░░░░░  73%  Streaming frame 442/507
  ██████████████████░░░░░░░  73%  Streaming frame 443/507
  ██████████████████░░░░░░░  73%  Streaming frame 444/507
  ██████████████████░░░░░░░  73%  Streaming frame 445/507
  ██████████████████░░░░░░░  73%  Streaming frame 446/507
  ██████████████████░░░░░░░  73%  Streaming frame 447/507
  ██████████████████░░░░░░░  74%  Streaming frame 448/507
  ██████████████████░░░░░░░  74%  Streaming frame 449/507
  ██████████████████░░░░░░░  74%  Streaming frame 450/507
  ██████████████████░░░░░░░  74%  Streaming frame 451/507
  ██████████████████░░░░░░░  74%  Streaming frame 452/507
  ██████████████████░░░░░░░  74%  Streaming frame 453/507
  ██████████████████░░░░░░░  74%  Streaming frame 454/507
  ██████████████████░░░░░░░  74%  Streaming frame 455/507
  ██████████████████░░░░░░░  74%  Streaming frame 456/507
  ██████████████████░░░░░░░  75%  Streaming frame 457/507
  ██████████████████░░░░░░░  75%  Streaming frame 458/507
  ██████████████████░░░░░░░  75%  Streaming frame 459/507
  ██████████████████░░░░░░░  75%  Streaming frame 460/507
  ██████████████████░░░░░░░  75%  Streaming frame 461/507
  ██████████████████░░░░░░░  75%  Streaming frame 462/507
  ██████████████████░░░░░░░  75%  Streaming frame 463/507
  ██████████████████░░░░░░░  75%  Streaming frame 464/507
  ██████████████████░░░░░░░  75%  Streaming frame 465/507
  ███████████████████░░░░░░  76%  Streaming frame 466/507
  ███████████████████░░░░░░  76%  Streaming frame 467/507
  ███████████████████░░░░░░  76%  Streaming frame 468/507
  ███████████████████░░░░░░  76%  Streaming frame 469/507
  ███████████████████░░░░░░  76%  Streaming frame 470/507
  ███████████████████░░░░░░  76%  Streaming frame 471/507
  ███████████████████░░░░░░  76%  Streaming frame 472/507
  ███████████████████░░░░░░  76%  Streaming frame 473/507
  ███████████████████░░░░░░  76%  Streaming frame 474/507
  ███████████████████░░░░░░  77%  Streaming frame 475/507
  ███████████████████░░░░░░  77%  Streaming frame 476/507
  ███████████████████░░░░░░  77%  Streaming frame 477/507
  ███████████████████░░░░░░  77%  Streaming frame 478/507
  ███████████████████░░░░░░  77%  Streaming frame 479/507
  ███████████████████░░░░░░  77%  Streaming frame 480/507
  ███████████████████░░░░░░  77%  Streaming frame 481/507
  ███████████████████░░░░░░  77%  Streaming frame 482/507
[INFO] [Render] drawElement self-verify passed {"renderJobId":"30b2b21e-57da-467d-92cf-9ded9cdac2e8","frame":482,"psnrDb":66.1}
  ███████████████████░░░░░░  77%  Streaming frame 483/507
  ███████████████████░░░░░░  78%  Streaming frame 484/507
  ███████████████████░░░░░░  78%  Streaming frame 485/507
  ███████████████████░░░░░░  78%  Streaming frame 486/507
  ███████████████████░░░░░░  78%  Streaming frame 487/507
  ███████████████████░░░░░░  78%  Streaming frame 488/507
  ███████████████████░░░░░░  78%  Streaming frame 489/507
  ███████████████████░░░░░░  78%  Streaming frame 490/507
  ███████████████████░░░░░░  78%  Streaming frame 491/507
  ███████████████████░░░░░░  78%  Streaming frame 492/507
  ███████████████████░░░░░░  78%  Streaming frame 493/507
  ███████████████████░░░░░░  79%  Streaming frame 494/507
  ███████████████████░░░░░░  79%  Streaming frame 495/507
  ███████████████████░░░░░░  79%  Streaming frame 496/507
  ███████████████████░░░░░░  79%  Streaming frame 497/507
  ███████████████████░░░░░░  79%  Streaming frame 498/507
  ███████████████████░░░░░░  79%  Streaming frame 499/507
  ███████████████████░░░░░░  79%  Streaming frame 500/507
  ███████████████████░░░░░░  79%  Streaming frame 501/507
  ███████████████████░░░░░░  79%  Streaming frame 502/507
  ████████████████████░░░░░  80%  Streaming frame 503/507
  ████████████████████░░░░░  80%  Streaming frame 504/507
  ████████████████████░░░░░  80%  Streaming frame 505/507
  ████████████████████░░░░░  80%  Streaming frame 506/507
  ████████████████████░░░░░  80%  Streaming frame 507/507
[static-dedup] reused 343/850 frame(s) (40%), est. ~1715ms saved (avg 5ms/frame)
[INFO] [Render:trace] {"renderJobId":"30b2b21e-57da-467d-92cf-9ded9cdac2e8","phase":"capture_streaming","status":"end","elapsedMs":7488,"durationMs":6247,"stagePhase":"capturing","workerCount":1,"forceScreenshot":false,"totalFrames":507,"framesCompleted":507,"captureMode":"drawelement","captureOperation":"encode"}
[INFO] [Render:trace] {"renderJobId":"30b2b21e-57da-467d-92cf-9ded9cdac2e8","phase":"assemble","status":"start","elapsedMs":7489,"stagePhase":"capturing","hasAudio":true,"workerCount":1,"forceScreenshot":false,"totalFrames":507,"framesCompleted":507,"captureMode":"drawelement","captureOperation":"encode"}
  ██████████████████████░░░  90%  Assembling final video
[INFO] [Render:trace] {"renderJobId":"30b2b21e-57da-467d-92cf-9ded9cdac2e8","phase":"assemble","status":"end","elapsedMs":8198,"durationMs":709,"stagePhase":"capturing","hasAudio":true,"workerCount":1,"forceScreenshot":false,"totalFrames":507,"framesCompleted":507,"captureMode":"drawelement","captureOperation":"encode"}
[INFO] [Render:trace] {"renderJobId":"30b2b21e-57da-467d-92cf-9ded9cdac2e8","phase":"pipeline","status":"checkpoint","elapsedMs":8223,"message":"artifact validated","totalElapsedMs":8222}
  █████████████████████████  100%  Render complete

◇  /Users/brownmanbrain/GitHub/operator-economy/blueprint-cinema/experiments/EP009-FULL-BUILD-001/scenes/seg020/qa/r2/seg020.r2.mp4
   787.1 KB · 21.1s video · rendered in 8.2s
