{
  "finding": "B-26",
  "scene": "seg004__seg006",
  "video": "blueprint-cinema/experiments/EP009-FULL-BUILD-001/scenes/seg004__seg006/qa/r2/seg004__seg006.r2.mp4",
  "sha256": "059e3dbe3d5ed71445a03459b3b481ca5c1895c4aa2ba72d2f352af2359d4c98",
  "frames": 468,
  "frames_ok": true,
  "duration": 19.5,
  "format": "1280x720 24/1; stereo 48000 Hz",
  "instance_check": "S00 instance equals S20 instance excluding the later guest-book overlay.",
  "instance_match": true,
  "timeline_javascript_unchanged": true,
  "timeline_javascript_sha256": "2e22f2297b1c42fc6e4aea1b8790e6ac44259a209d3afa2e29189d6e05471c23",
  "audio_corr_zero_lag": 0.9997650951777717,
  "source_excerpt_vs_master_corr": 1.0,
  "trailing_encoder_samples": 960,
  "uniform_frames": [],
  "review_limits": "Frame and geometry review with audio correlation; no normal-speed audiovisual playback or owner verdict."
}
{
  "finding": "B-26",
  "scene": "seg020",
  "video": "blueprint-cinema/experiments/EP009-FULL-BUILD-001/scenes/seg020/qa/r2/seg020.r2.mp4",
  "sha256": "37b3df2d60d5e4cf18407765093e6816edad21ee265293f4656a5cb802c0e55d",
  "frames": 507,
  "frames_ok": true,
  "duration": 21.125,
  "format": "1280x720 24/1; stereo 48000 Hz",
  "instance_check": "S05 instance equals S11 instance including transform and every listing card.",
  "instance_match": true,
  "timeline_javascript_unchanged": true,
  "timeline_javascript_sha256": "d4b1df8bf615932af90a8573c76e08dc81f03245a5eec24bbd32b4d9c57910f9",
  "audio_corr_zero_lag": 0.9997994536540253,
  "source_excerpt_vs_master_corr": 0.9999999999999998,
  "trailing_encoder_samples": 784,
  "uniform_frames": [],
  "review_limits": "Frame and geometry review with audio correlation; no normal-speed audiovisual playback or owner verdict."
}
