
◆  Rendering seg061__seg062 → /Users/brownmanbrain/GitHub/operator-economy/blueprint-cinema/experiments/EP009-FULL-BUILD-001/scenes/seg061__seg062/qa/s18.mp4
   24fps · high · auto workers (10 cores detected)
   GPU: browser GPU (auto-detect)

[?25l│
◇  Browser: cache
[?25h[INFO] [Render] Pipeline started {"renderJobId":"9d44dd7e-0740-481e-9ee0-3a1940a9cb7b","platform":"darwin","arch":"arm64","nodeVersion":"v25.6.1","fps":{"num":24,"den":1},"format":"mp4","quality":"high","browserGpuMode":"auto","forceScreenshot":false,"protocolTimeout":300000,"browserTimeout":120000,"pageNavigationTimeout":60000,"playerReadyTimeout":45000}
[INFO] [Render:trace] {"renderJobId":"9d44dd7e-0740-481e-9ee0-3a1940a9cb7b","phase":"pipeline","status":"checkpoint","elapsedMs":2,"message":"started","format":"mp4","quality":"high","browserGpuMode":"auto","forceScreenshot":false,"protocolTimeoutMs":300000,"pageNavigationTimeoutMs":60000,"playerReadyTimeoutMs":45000,"requestedWorkers":"auto"}
[INFO] [Render:trace] {"renderJobId":"9d44dd7e-0740-481e-9ee0-3a1940a9cb7b","phase":"compile","status":"start","elapsedMs":2,"needsAlpha":false}
  █░░░░░░░░░░░░░░░░░░░░░░░░  5%  Compiling composition
[INFO] [Compiler] Embedded local font file: public/fonts/boska-700.woff2 (30 KB → data URI)
[INFO] [Compiler] Embedded local font file: public/fonts/supreme-400.woff2 (18 KB → data URI)
[INFO] [Compiler] Embedded local font file: public/fonts/supreme-500.woff2 (18 KB → data URI)
[INFO] Compiled composition metadata {"renderJobId":"9d44dd7e-0740-481e-9ee0-3a1940a9cb7b","entryFile":"index.html","staticDuration":56,"width":1280,"height":720,"videoCount":0,"audioCount":1,"renderModeHints":{"recommendScreenshot":false,"reasons":[]}}
[INFO] [Render:trace] {"renderJobId":"9d44dd7e-0740-481e-9ee0-3a1940a9cb7b","phase":"compile","status":"end","elapsedMs":77,"durationMs":75,"needsAlpha":false}
[INFO] [Render:trace] {"renderJobId":"9d44dd7e-0740-481e-9ee0-3a1940a9cb7b","phase":"compile","status":"checkpoint","elapsedMs":77,"message":"composition metadata resolved","width":1280,"height":720,"videoCount":0,"audioCount":1,"imageCount":0,"deviceScaleFactor":1,"forceScreenshot":false,"compositionHash":"7592fce562b912a2"}
[INFO] [Render:trace] {"renderJobId":"9d44dd7e-0740-481e-9ee0-3a1940a9cb7b","phase":"browser_probe","status":"start","elapsedMs":78,"forceScreenshot":false,"stagePhase":"calibrating"}
[INFO] [Render:trace] {"renderJobId":"9d44dd7e-0740-481e-9ee0-3a1940a9cb7b","phase":"browser_probe","status":"end","elapsedMs":83,"durationMs":5,"forceScreenshot":false,"stagePhase":"calibrating"}
[INFO] [Render:trace] {"renderJobId":"9d44dd7e-0740-481e-9ee0-3a1940a9cb7b","phase":"browser_probe","status":"checkpoint","elapsedMs":83,"message":"duration resolved","durationSeconds":56,"totalFrames":1344,"compositionHash":"7592fce562b912a2","beginFrameStalled":false}
[INFO] [Render:trace] {"renderJobId":"9d44dd7e-0740-481e-9ee0-3a1940a9cb7b","phase":"video_extract","status":"start","elapsedMs":83,"videoCount":0}
  ██░░░░░░░░░░░░░░░░░░░░░░░  10%  Extracting video frames
[INFO] [Render:trace] {"renderJobId":"9d44dd7e-0740-481e-9ee0-3a1940a9cb7b","phase":"video_extract","status":"end","elapsedMs":84,"durationMs":0,"videoCount":0}
[INFO] [Render:trace] {"renderJobId":"9d44dd7e-0740-481e-9ee0-3a1940a9cb7b","phase":"video_extract","status":"checkpoint","elapsedMs":85,"message":"frames resolved","videoCount":0,"extractedVideoCount":0,"totalFramesExtracted":0,"maxFramesPerVideo":0,"avgFramesPerExtractedVideo":null,"vfrPreflightCount":null,"vfrPreflightMs":null,"cacheHits":null,"cacheMisses":null,"transientRetries":null,"minVideoFrameCoverageRatio":null,"authoredTimedClipCount":2}
[INFO] [Render] No HDR sources detected — rendering SDR {"renderJobId":"9d44dd7e-0740-481e-9ee0-3a1940a9cb7b"}
[INFO] [Render:trace] {"renderJobId":"9d44dd7e-0740-481e-9ee0-3a1940a9cb7b","phase":"hdr_detection","status":"checkpoint","elapsedMs":85,"message":"resolved","requestedHdrMode":"auto","effectiveHdr":"sdr","nativeHdrVideoCount":0,"nativeHdrImageCount":0}
[INFO] [Render:trace] {"renderJobId":"9d44dd7e-0740-481e-9ee0-3a1940a9cb7b","phase":"audio_process","status":"start","elapsedMs":85,"audioCount":1}
  █████░░░░░░░░░░░░░░░░░░░░  20%  Processing audio tracks
[INFO] [Render:trace] {"renderJobId":"9d44dd7e-0740-481e-9ee0-3a1940a9cb7b","phase":"audio_process","status":"end","elapsedMs":1165,"durationMs":1080,"audioCount":1}
[INFO] [Render:trace] {"renderJobId":"9d44dd7e-0740-481e-9ee0-3a1940a9cb7b","phase":"file_server","status":"start","elapsedMs":1165,"reused":false}
  ██████░░░░░░░░░░░░░░░░░░░  25%  Starting frame capture
[INFO] [Render:trace] {"renderJobId":"9d44dd7e-0740-481e-9ee0-3a1940a9cb7b","phase":"file_server","status":"end","elapsedMs":1169,"durationMs":4}
[hyperframes] browserGpuMode probe → hardware (WebGL renderer vendor="Google Inc. (Apple)" renderer="ANGLE (Apple, ANGLE Metal Renderer: Apple M4, Unspecified Version)")
[INFO] [Render:trace] {"renderJobId":"9d44dd7e-0740-481e-9ee0-3a1940a9cb7b","phase":"capture_calibration","status":"checkpoint","elapsedMs":1317,"message":"skipped","requestedWorkers":"auto","totalFrames":1344,"htmlInCanvasDetected":false,"lowMemoryMode":false,"deInversionEligible":true,"deParallelRouterEligible":false}
[INFO] [Render] Fast capture: single-worker drawElement streaming preferred over 4-worker screenshot capture (1344 frames >= 900; verified path, measured faster at every worker count). Set HF_DE_SINGLE_MIN_FRAMES=0 or --workers N to override. {"renderJobId":"9d44dd7e-0740-481e-9ee0-3a1940a9cb7b"}
[INFO] [Render:trace] {"renderJobId":"9d44dd7e-0740-481e-9ee0-3a1940a9cb7b","phase":"worker_resolution","status":"checkpoint","elapsedMs":1317,"message":"resolved","workerCount":1}
[INFO] streaming-encode gate {"renderJobId":"9d44dd7e-0740-481e-9ee0-3a1940a9cb7b","enabled":true,"configFlag":true,"outputFormat":"mp4","workerCount":1,"durationSeconds":56,"maxDurationSeconds":240}
[INFO] [Render:trace] {"renderJobId":"9d44dd7e-0740-481e-9ee0-3a1940a9cb7b","phase":"capture_strategy","status":"checkpoint","elapsedMs":1317,"message":"resolved","workerCount":1,"forceScreenshot":false,"captureBeyondViewport":null,"useStreamingEncode":true,"useLayeredComposite":false,"usePageSideCompositing":false,"hasHdrContent":false,"hasShaderTransitions":false,"isPngSequence":false}
[INFO] [Render:trace] {"renderJobId":"9d44dd7e-0740-481e-9ee0-3a1940a9cb7b","phase":"capture_streaming","status":"start","elapsedMs":1318,"stagePhase":"capturing","workerCount":1,"forceScreenshot":false,"totalFrames":1344,"framesCompleted":0,"captureMode":"drawelement","captureOperation":"drawElement"}
[BrowserManager] Browser launched (HeadlessChrome/152.0.7977.30, screenshot, gl=--use-gl=angle --use-angle=metal, headlessShell=true, platform=darwin)
[initSession:screenshot] page.goto start (0ms)
[HyperFrames] render runtime fps [object Object]
[initSession:screenshot] page.goto complete (114ms)
[initSession:screenshot] GSAP proxy flush complete (144ms)
[initSession:screenshot] pollHfReady complete (145ms)
[initSession:screenshot] pollSubCompositionTimelines complete (ready) (145ms)
[initSession:screenshot] applyVideoMetadataHints complete (146ms)
[initSession:screenshot] media + fonts + tailwind ready (152ms)
[initSession:screenshot] timeline at-risk predictor: 0/1344 frames (0%) (179ms)
[initSession:screenshot] static-frame dedup: 904/904 predicted frame(s) reusable (outcome=verified, runs=22/22, screenshots=69, seeks=70, elapsedMs=2844) (3225ms)
[initSession:screenshot] drawElement self-verify armed: 4 ground-truth frame(s) @ [336, 672, 1008, 1277] of 1344 (3589ms)
[initSession:drawelement] drawElement canvas injected (3590ms)
[initSession:drawelement] screenshot fallback: 5 clip-boundary frame(s) (3590ms)
[initSession:drawelement] drawElement worker encode initialized (3591ms)
  ██████░░░░░░░░░░░░░░░░░░░  25%  Streaming frame 1/1344
  ██████░░░░░░░░░░░░░░░░░░░  25%  Streaming frame 2/1344
  ██████░░░░░░░░░░░░░░░░░░░  25%  Streaming frame 3/1344
  ██████░░░░░░░░░░░░░░░░░░░  25%  Streaming frame 4/1344
  ██████░░░░░░░░░░░░░░░░░░░  25%  Streaming frame 5/1344
  ██████░░░░░░░░░░░░░░░░░░░  25%  Streaming frame 6/1344
  ██████░░░░░░░░░░░░░░░░░░░  25%  Streaming frame 7/1344
  ██████░░░░░░░░░░░░░░░░░░░  25%  Streaming frame 8/1344
  ██████░░░░░░░░░░░░░░░░░░░  25%  Streaming frame 9/1344
  ██████░░░░░░░░░░░░░░░░░░░  25%  Streaming frame 10/1344
  ██████░░░░░░░░░░░░░░░░░░░  25%  Streaming frame 11/1344
  ██████░░░░░░░░░░░░░░░░░░░  25%  Streaming frame 12/1344
  ██████░░░░░░░░░░░░░░░░░░░  26%  Streaming frame 13/1344
  ██████░░░░░░░░░░░░░░░░░░░  26%  Streaming frame 14/1344
  ██████░░░░░░░░░░░░░░░░░░░  26%  Streaming frame 15/1344
  ██████░░░░░░░░░░░░░░░░░░░  26%  Streaming frame 16/1344
  ██████░░░░░░░░░░░░░░░░░░░  26%  Streaming frame 17/1344
  ██████░░░░░░░░░░░░░░░░░░░  26%  Streaming frame 18/1344
  ██████░░░░░░░░░░░░░░░░░░░  26%  Streaming frame 19/1344
  ██████░░░░░░░░░░░░░░░░░░░  26%  Streaming frame 20/1344
  ██████░░░░░░░░░░░░░░░░░░░  26%  Streaming frame 21/1344
  ██████░░░░░░░░░░░░░░░░░░░  26%  Streaming frame 22/1344
  ██████░░░░░░░░░░░░░░░░░░░  26%  Streaming frame 23/1344
  ██████░░░░░░░░░░░░░░░░░░░  26%  Streaming frame 24/1344
  ██████░░░░░░░░░░░░░░░░░░░  26%  Streaming frame 25/1344
  ██████░░░░░░░░░░░░░░░░░░░  26%  Streaming frame 26/1344
  ██████░░░░░░░░░░░░░░░░░░░  26%  Streaming frame 27/1344
  ██████░░░░░░░░░░░░░░░░░░░  26%  Streaming frame 28/1344
  ██████░░░░░░░░░░░░░░░░░░░  26%  Streaming frame 29/1344
  ██████░░░░░░░░░░░░░░░░░░░  26%  Streaming frame 30/1344
  ██████░░░░░░░░░░░░░░░░░░░  26%  Streaming frame 31/1344
  ██████░░░░░░░░░░░░░░░░░░░  26%  Streaming frame 32/1344
  ██████░░░░░░░░░░░░░░░░░░░  26%  Streaming frame 33/1344
  ██████░░░░░░░░░░░░░░░░░░░  26%  Streaming frame 34/1344
  ██████░░░░░░░░░░░░░░░░░░░  26%  Streaming frame 35/1344
  ██████░░░░░░░░░░░░░░░░░░░  26%  Streaming frame 36/1344
  ██████░░░░░░░░░░░░░░░░░░░  27%  Streaming frame 37/1344
  ██████░░░░░░░░░░░░░░░░░░░  27%  Streaming frame 38/1344
  ██████░░░░░░░░░░░░░░░░░░░  27%  Streaming frame 39/1344
  ██████░░░░░░░░░░░░░░░░░░░  27%  Streaming frame 40/1344
  ██████░░░░░░░░░░░░░░░░░░░  27%  Streaming frame 41/1344
  ██████░░░░░░░░░░░░░░░░░░░  27%  Streaming frame 42/1344
  ██████░░░░░░░░░░░░░░░░░░░  27%  Streaming frame 43/1344
  ██████░░░░░░░░░░░░░░░░░░░  27%  Streaming frame 44/1344
  ██████░░░░░░░░░░░░░░░░░░░  27%  Streaming frame 45/1344
  ██████░░░░░░░░░░░░░░░░░░░  27%  Streaming frame 46/1344
  ██████░░░░░░░░░░░░░░░░░░░  27%  Streaming frame 47/1344
  ██████░░░░░░░░░░░░░░░░░░░  27%  Streaming frame 48/1344
  ██████░░░░░░░░░░░░░░░░░░░  27%  Streaming frame 49/1344
  ██████░░░░░░░░░░░░░░░░░░░  27%  Streaming frame 50/1344
  ██████░░░░░░░░░░░░░░░░░░░  27%  Streaming frame 51/1344
  ██████░░░░░░░░░░░░░░░░░░░  27%  Streaming frame 52/1344
  ██████░░░░░░░░░░░░░░░░░░░  27%  Streaming frame 53/1344
  ██████░░░░░░░░░░░░░░░░░░░  27%  Streaming frame 54/1344
  ██████░░░░░░░░░░░░░░░░░░░  27%  Streaming frame 55/1344
  ██████░░░░░░░░░░░░░░░░░░░  27%  Streaming frame 56/1344
  ██████░░░░░░░░░░░░░░░░░░░  27%  Streaming frame 57/1344
  ██████░░░░░░░░░░░░░░░░░░░  27%  Streaming frame 58/1344
  ██████░░░░░░░░░░░░░░░░░░░  27%  Streaming frame 59/1344
  ██████░░░░░░░░░░░░░░░░░░░  27%  Streaming frame 60/1344
  ██████░░░░░░░░░░░░░░░░░░░  27%  Streaming frame 61/1344
  ███████░░░░░░░░░░░░░░░░░░  28%  Streaming frame 62/1344
  ███████░░░░░░░░░░░░░░░░░░  28%  Streaming frame 63/1344
  ███████░░░░░░░░░░░░░░░░░░  28%  Streaming frame 64/1344
  ███████░░░░░░░░░░░░░░░░░░  28%  Streaming frame 65/1344
  ███████░░░░░░░░░░░░░░░░░░  28%  Streaming frame 66/1344
  ███████░░░░░░░░░░░░░░░░░░  28%  Streaming frame 67/1344
  ███████░░░░░░░░░░░░░░░░░░  28%  Streaming frame 68/1344
  ███████░░░░░░░░░░░░░░░░░░  28%  Streaming frame 69/1344
  ███████░░░░░░░░░░░░░░░░░░  28%  Streaming frame 70/1344
  ███████░░░░░░░░░░░░░░░░░░  28%  Streaming frame 71/1344
  ███████░░░░░░░░░░░░░░░░░░  28%  Streaming frame 72/1344
  ███████░░░░░░░░░░░░░░░░░░  28%  Streaming frame 73/1344
  ███████░░░░░░░░░░░░░░░░░░  28%  Streaming frame 74/1344
  ███████░░░░░░░░░░░░░░░░░░  28%  Streaming frame 75/1344
  ███████░░░░░░░░░░░░░░░░░░  28%  Streaming frame 76/1344
  ███████░░░░░░░░░░░░░░░░░░  28%  Streaming frame 77/1344
  ███████░░░░░░░░░░░░░░░░░░  28%  Streaming frame 78/1344
  ███████░░░░░░░░░░░░░░░░░░  28%  Streaming frame 79/1344
  ███████░░░░░░░░░░░░░░░░░░  28%  Streaming frame 80/1344
  ███████░░░░░░░░░░░░░░░░░░  28%  Streaming frame 81/1344
  ███████░░░░░░░░░░░░░░░░░░  28%  Streaming frame 82/1344
  ███████░░░░░░░░░░░░░░░░░░  28%  Streaming frame 83/1344
  ███████░░░░░░░░░░░░░░░░░░  28%  Streaming frame 84/1344
  ███████░░░░░░░░░░░░░░░░░░  28%  Streaming frame 85/1344
  ███████░░░░░░░░░░░░░░░░░░  29%  Streaming frame 86/1344
  ███████░░░░░░░░░░░░░░░░░░  29%  Streaming frame 87/1344
  ███████░░░░░░░░░░░░░░░░░░  29%  Streaming frame 88/1344
  ███████░░░░░░░░░░░░░░░░░░  29%  Streaming frame 89/1344
  ███████░░░░░░░░░░░░░░░░░░  29%  Streaming frame 90/1344
  ███████░░░░░░░░░░░░░░░░░░  29%  Streaming frame 91/1344
  ███████░░░░░░░░░░░░░░░░░░  29%  Streaming frame 92/1344
  ███████░░░░░░░░░░░░░░░░░░  29%  Streaming frame 93/1344
  ███████░░░░░░░░░░░░░░░░░░  29%  Streaming frame 94/1344
  ███████░░░░░░░░░░░░░░░░░░  29%  Streaming frame 95/1344
  ███████░░░░░░░░░░░░░░░░░░  29%  Streaming frame 96/1344
  ███████░░░░░░░░░░░░░░░░░░  29%  Streaming frame 97/1344
  ███████░░░░░░░░░░░░░░░░░░  29%  Streaming frame 98/1344
  ███████░░░░░░░░░░░░░░░░░░  29%  Streaming frame 99/1344
  ███████░░░░░░░░░░░░░░░░░░  29%  Streaming frame 100/1344
  ███████░░░░░░░░░░░░░░░░░░  29%  Streaming frame 101/1344
  ███████░░░░░░░░░░░░░░░░░░  29%  Streaming frame 102/1344
  ███████░░░░░░░░░░░░░░░░░░  29%  Streaming frame 103/1344
  ███████░░░░░░░░░░░░░░░░░░  29%  Streaming frame 104/1344
  ███████░░░░░░░░░░░░░░░░░░  29%  Streaming frame 105/1344
  ███████░░░░░░░░░░░░░░░░░░  29%  Streaming frame 106/1344
  ███████░░░░░░░░░░░░░░░░░░  29%  Streaming frame 107/1344
  ███████░░░░░░░░░░░░░░░░░░  29%  Streaming frame 108/1344
  ███████░░░░░░░░░░░░░░░░░░  29%  Streaming frame 109/1344
  ███████░░░░░░░░░░░░░░░░░░  30%  Streaming frame 110/1344
  ███████░░░░░░░░░░░░░░░░░░  30%  Streaming frame 111/1344
  ███████░░░░░░░░░░░░░░░░░░  30%  Streaming frame 112/1344
  ███████░░░░░░░░░░░░░░░░░░  30%  Streaming frame 113/1344
  ███████░░░░░░░░░░░░░░░░░░  30%  Streaming frame 114/1344
  ███████░░░░░░░░░░░░░░░░░░  30%  Streaming frame 115/1344
  ███████░░░░░░░░░░░░░░░░░░  30%  Streaming frame 116/1344
  ███████░░░░░░░░░░░░░░░░░░  30%  Streaming frame 117/1344
  ███████░░░░░░░░░░░░░░░░░░  30%  Streaming frame 118/1344
  ███████░░░░░░░░░░░░░░░░░░  30%  Streaming frame 119/1344
  ███████░░░░░░░░░░░░░░░░░░  30%  Streaming frame 120/1344
  ███████░░░░░░░░░░░░░░░░░░  30%  Streaming frame 121/1344
  ███████░░░░░░░░░░░░░░░░░░  30%  Streaming frame 122/1344
  ███████░░░░░░░░░░░░░░░░░░  30%  Streaming frame 123/1344
  ███████░░░░░░░░░░░░░░░░░░  30%  Streaming frame 124/1344
  ███████░░░░░░░░░░░░░░░░░░  30%  Streaming frame 125/1344
  ███████░░░░░░░░░░░░░░░░░░  30%  Streaming frame 126/1344
  ███████░░░░░░░░░░░░░░░░░░  30%  Streaming frame 127/1344
  ███████░░░░░░░░░░░░░░░░░░  30%  Streaming frame 128/1344
  ███████░░░░░░░░░░░░░░░░░░  30%  Streaming frame 129/1344
  ███████░░░░░░░░░░░░░░░░░░  30%  Streaming frame 130/1344
  ███████░░░░░░░░░░░░░░░░░░  30%  Streaming frame 131/1344
  ███████░░░░░░░░░░░░░░░░░░  30%  Streaming frame 132/1344
  ███████░░░░░░░░░░░░░░░░░░  30%  Streaming frame 133/1344
  ███████░░░░░░░░░░░░░░░░░░  30%  Streaming frame 134/1344
  ███████░░░░░░░░░░░░░░░░░░  31%  Streaming frame 135/1344
  ███████░░░░░░░░░░░░░░░░░░  31%  Streaming frame 136/1344
  ███████░░░░░░░░░░░░░░░░░░  31%  Streaming frame 137/1344
  ███████░░░░░░░░░░░░░░░░░░  31%  Streaming frame 138/1344
  ███████░░░░░░░░░░░░░░░░░░  31%  Streaming frame 139/1344
  ███████░░░░░░░░░░░░░░░░░░  31%  Streaming frame 140/1344
  ███████░░░░░░░░░░░░░░░░░░  31%  Streaming frame 141/1344
  ███████░░░░░░░░░░░░░░░░░░  31%  Streaming frame 142/1344
  ███████░░░░░░░░░░░░░░░░░░  31%  Streaming frame 143/1344
  ███████░░░░░░░░░░░░░░░░░░  31%  Streaming frame 144/1344
  ███████░░░░░░░░░░░░░░░░░░  31%  Streaming frame 145/1344
  ███████░░░░░░░░░░░░░░░░░░  31%  Streaming frame 146/1344
  ███████░░░░░░░░░░░░░░░░░░  31%  Streaming frame 147/1344
  ███████░░░░░░░░░░░░░░░░░░  31%  Streaming frame 148/1344
  ███████░░░░░░░░░░░░░░░░░░  31%  Streaming frame 149/1344
  ███████░░░░░░░░░░░░░░░░░░  31%  Streaming frame 150/1344
  ███████░░░░░░░░░░░░░░░░░░  31%  Streaming frame 151/1344
  ███████░░░░░░░░░░░░░░░░░░  31%  Streaming frame 152/1344
  ███████░░░░░░░░░░░░░░░░░░  31%  Streaming frame 153/1344
  ███████░░░░░░░░░░░░░░░░░░  31%  Streaming frame 154/1344
  ███████░░░░░░░░░░░░░░░░░░  31%  Streaming frame 155/1344
  ███████░░░░░░░░░░░░░░░░░░  31%  Streaming frame 156/1344
  ███████░░░░░░░░░░░░░░░░░░  31%  Streaming frame 157/1344
  ███████░░░░░░░░░░░░░░░░░░  31%  Streaming frame 158/1344
  ████████░░░░░░░░░░░░░░░░░  32%  Streaming frame 159/1344
  ████████░░░░░░░░░░░░░░░░░  32%  Streaming frame 160/1344
  ████████░░░░░░░░░░░░░░░░░  32%  Streaming frame 161/1344
  ████████░░░░░░░░░░░░░░░░░  32%  Streaming frame 162/1344
  ████████░░░░░░░░░░░░░░░░░  32%  Streaming frame 163/1344
  ████████░░░░░░░░░░░░░░░░░  32%  Streaming frame 164/1344
  ████████░░░░░░░░░░░░░░░░░  32%  Streaming frame 165/1344
  ████████░░░░░░░░░░░░░░░░░  32%  Streaming frame 166/1344
  ████████░░░░░░░░░░░░░░░░░  32%  Streaming frame 167/1344
  ████████░░░░░░░░░░░░░░░░░  32%  Streaming frame 168/1344
  ████████░░░░░░░░░░░░░░░░░  32%  Streaming frame 169/1344
  ████████░░░░░░░░░░░░░░░░░  32%  Streaming frame 170/1344
  ████████░░░░░░░░░░░░░░░░░  32%  Streaming frame 171/1344
  ████████░░░░░░░░░░░░░░░░░  32%  Streaming frame 172/1344
  ████████░░░░░░░░░░░░░░░░░  32%  Streaming frame 173/1344
  ████████░░░░░░░░░░░░░░░░░  32%  Streaming frame 174/1344
  ████████░░░░░░░░░░░░░░░░░  32%  Streaming frame 175/1344
  ████████░░░░░░░░░░░░░░░░░  32%  Streaming frame 176/1344
  ████████░░░░░░░░░░░░░░░░░  32%  Streaming frame 177/1344
  ████████░░░░░░░░░░░░░░░░░  32%  Streaming frame 178/1344
  ████████░░░░░░░░░░░░░░░░░  32%  Streaming frame 179/1344
  ████████░░░░░░░░░░░░░░░░░  32%  Streaming frame 180/1344
  ████████░░░░░░░░░░░░░░░░░  32%  Streaming frame 181/1344
  ████████░░░░░░░░░░░░░░░░░  32%  Streaming frame 182/1344
  ████████░░░░░░░░░░░░░░░░░  32%  Streaming frame 183/1344
  ████████░░░░░░░░░░░░░░░░░  33%  Streaming frame 184/1344
  ████████░░░░░░░░░░░░░░░░░  33%  Streaming frame 185/1344
  ████████░░░░░░░░░░░░░░░░░  33%  Streaming frame 186/1344
  ████████░░░░░░░░░░░░░░░░░  33%  Streaming frame 187/1344
  ████████░░░░░░░░░░░░░░░░░  33%  Streaming frame 188/1344
  ████████░░░░░░░░░░░░░░░░░  33%  Streaming frame 189/1344
  ████████░░░░░░░░░░░░░░░░░  33%  Streaming frame 190/1344
  ████████░░░░░░░░░░░░░░░░░  33%  Streaming frame 191/1344
  ████████░░░░░░░░░░░░░░░░░  33%  Streaming frame 192/1344
  ████████░░░░░░░░░░░░░░░░░  33%  Streaming frame 193/1344
  ████████░░░░░░░░░░░░░░░░░  33%  Streaming frame 194/1344
  ████████░░░░░░░░░░░░░░░░░  33%  Streaming frame 195/1344
  ████████░░░░░░░░░░░░░░░░░  33%  Streaming frame 196/1344
  ████████░░░░░░░░░░░░░░░░░  33%  Streaming frame 197/1344
  ████████░░░░░░░░░░░░░░░░░  33%  Streaming frame 198/1344
  ████████░░░░░░░░░░░░░░░░░  33%  Streaming frame 199/1344
  ████████░░░░░░░░░░░░░░░░░  33%  Streaming frame 200/1344
  ████████░░░░░░░░░░░░░░░░░  33%  Streaming frame 201/1344
  ████████░░░░░░░░░░░░░░░░░  33%  Streaming frame 202/1344
  ████████░░░░░░░░░░░░░░░░░  33%  Streaming frame 203/1344
  ████████░░░░░░░░░░░░░░░░░  33%  Streaming frame 204/1344
  ████████░░░░░░░░░░░░░░░░░  33%  Streaming frame 205/1344
  ████████░░░░░░░░░░░░░░░░░  33%  Streaming frame 206/1344
  ████████░░░░░░░░░░░░░░░░░  33%  Streaming frame 207/1344
  ████████░░░░░░░░░░░░░░░░░  34%  Streaming frame 208/1344
  ████████░░░░░░░░░░░░░░░░░  34%  Streaming frame 209/1344
  ████████░░░░░░░░░░░░░░░░░  34%  Streaming frame 210/1344
  ████████░░░░░░░░░░░░░░░░░  34%  Streaming frame 211/1344
  ████████░░░░░░░░░░░░░░░░░  34%  Streaming frame 212/1344
  ████████░░░░░░░░░░░░░░░░░  34%  Streaming frame 213/1344
  ████████░░░░░░░░░░░░░░░░░  34%  Streaming frame 214/1344
  ████████░░░░░░░░░░░░░░░░░  34%  Streaming frame 215/1344
  ████████░░░░░░░░░░░░░░░░░  34%  Streaming frame 216/1344
  ████████░░░░░░░░░░░░░░░░░  34%  Streaming frame 217/1344
  ████████░░░░░░░░░░░░░░░░░  34%  Streaming frame 218/1344
  ████████░░░░░░░░░░░░░░░░░  34%  Streaming frame 219/1344
  ████████░░░░░░░░░░░░░░░░░  34%  Streaming frame 220/1344
  ████████░░░░░░░░░░░░░░░░░  34%  Streaming frame 221/1344
  ████████░░░░░░░░░░░░░░░░░  34%  Streaming frame 222/1344
  ████████░░░░░░░░░░░░░░░░░  34%  Streaming frame 223/1344
  ████████░░░░░░░░░░░░░░░░░  34%  Streaming frame 224/1344
  ████████░░░░░░░░░░░░░░░░░  34%  Streaming frame 225/1344
  ████████░░░░░░░░░░░░░░░░░  34%  Streaming frame 226/1344
  ████████░░░░░░░░░░░░░░░░░  34%  Streaming frame 227/1344
  ████████░░░░░░░░░░░░░░░░░  34%  Streaming frame 228/1344
  ████████░░░░░░░░░░░░░░░░░  34%  Streaming frame 229/1344
  ████████░░░░░░░░░░░░░░░░░  34%  Streaming frame 230/1344
  ████████░░░░░░░░░░░░░░░░░  34%  Streaming frame 231/1344
  ████████░░░░░░░░░░░░░░░░░  34%  Streaming frame 232/1344
  ████████░░░░░░░░░░░░░░░░░  35%  Streaming frame 233/1344
  ████████░░░░░░░░░░░░░░░░░  35%  Streaming frame 234/1344
  ████████░░░░░░░░░░░░░░░░░  35%  Streaming frame 235/1344
  ████████░░░░░░░░░░░░░░░░░  35%  Streaming frame 236/1344
  ████████░░░░░░░░░░░░░░░░░  35%  Streaming frame 237/1344
  ████████░░░░░░░░░░░░░░░░░  35%  Streaming frame 238/1344
  ████████░░░░░░░░░░░░░░░░░  35%  Streaming frame 239/1344
  ████████░░░░░░░░░░░░░░░░░  35%  Streaming frame 240/1344
  ████████░░░░░░░░░░░░░░░░░  35%  Streaming frame 241/1344
  ████████░░░░░░░░░░░░░░░░░  35%  Streaming frame 242/1344
  ████████░░░░░░░░░░░░░░░░░  35%  Streaming frame 243/1344
  ████████░░░░░░░░░░░░░░░░░  35%  Streaming frame 244/1344
  ████████░░░░░░░░░░░░░░░░░  35%  Streaming frame 245/1344
  ████████░░░░░░░░░░░░░░░░░  35%  Streaming frame 246/1344
  ████████░░░░░░░░░░░░░░░░░  35%  Streaming frame 247/1344
  ████████░░░░░░░░░░░░░░░░░  35%  Streaming frame 248/1344
  ████████░░░░░░░░░░░░░░░░░  35%  Streaming frame 249/1344
  ████████░░░░░░░░░░░░░░░░░  35%  Streaming frame 250/1344
  ████████░░░░░░░░░░░░░░░░░  35%  Streaming frame 251/1344
  ████████░░░░░░░░░░░░░░░░░  35%  Streaming frame 252/1344
  ████████░░░░░░░░░░░░░░░░░  35%  Streaming frame 253/1344
  ████████░░░░░░░░░░░░░░░░░  35%  Streaming frame 254/1344
  ████████░░░░░░░░░░░░░░░░░  35%  Streaming frame 255/1344
  ████████░░░░░░░░░░░░░░░░░  35%  Streaming frame 256/1344
  █████████░░░░░░░░░░░░░░░░  36%  Streaming frame 257/1344
  █████████░░░░░░░░░░░░░░░░  36%  Streaming frame 258/1344
  █████████░░░░░░░░░░░░░░░░  36%  Streaming frame 259/1344
  █████████░░░░░░░░░░░░░░░░  36%  Streaming frame 260/1344
  █████████░░░░░░░░░░░░░░░░  36%  Streaming frame 261/1344
  █████████░░░░░░░░░░░░░░░░  36%  Streaming frame 262/1344
  █████████░░░░░░░░░░░░░░░░  36%  Streaming frame 263/1344
  █████████░░░░░░░░░░░░░░░░  36%  Streaming frame 264/1344
  █████████░░░░░░░░░░░░░░░░  36%  Streaming frame 265/1344
  █████████░░░░░░░░░░░░░░░░  36%  Streaming frame 266/1344
  █████████░░░░░░░░░░░░░░░░  36%  Streaming frame 267/1344
  █████████░░░░░░░░░░░░░░░░  36%  Streaming frame 268/1344
  █████████░░░░░░░░░░░░░░░░  36%  Streaming frame 269/1344
  █████████░░░░░░░░░░░░░░░░  36%  Streaming frame 270/1344
  █████████░░░░░░░░░░░░░░░░  36%  Streaming frame 271/1344
  █████████░░░░░░░░░░░░░░░░  36%  Streaming frame 272/1344
  █████████░░░░░░░░░░░░░░░░  36%  Streaming frame 273/1344
  █████████░░░░░░░░░░░░░░░░  36%  Streaming frame 274/1344
  █████████░░░░░░░░░░░░░░░░  36%  Streaming frame 275/1344
  █████████░░░░░░░░░░░░░░░░  36%  Streaming frame 276/1344
  █████████░░░░░░░░░░░░░░░░  36%  Streaming frame 277/1344
  █████████░░░░░░░░░░░░░░░░  36%  Streaming frame 278/1344
  █████████░░░░░░░░░░░░░░░░  36%  Streaming frame 279/1344
  █████████░░░░░░░░░░░░░░░░  36%  Streaming frame 280/1344
  █████████░░░░░░░░░░░░░░░░  36%  Streaming frame 281/1344
  █████████░░░░░░░░░░░░░░░░  37%  Streaming frame 282/1344
  █████████░░░░░░░░░░░░░░░░  37%  Streaming frame 283/1344
  █████████░░░░░░░░░░░░░░░░  37%  Streaming frame 284/1344
  █████████░░░░░░░░░░░░░░░░  37%  Streaming frame 285/1344
  █████████░░░░░░░░░░░░░░░░  37%  Streaming frame 286/1344
  █████████░░░░░░░░░░░░░░░░  37%  Streaming frame 287/1344
  █████████░░░░░░░░░░░░░░░░  37%  Streaming frame 288/1344
  █████████░░░░░░░░░░░░░░░░  37%  Streaming frame 289/1344
  █████████░░░░░░░░░░░░░░░░  37%  Streaming frame 290/1344
  █████████░░░░░░░░░░░░░░░░  37%  Streaming frame 291/1344
  █████████░░░░░░░░░░░░░░░░  37%  Streaming frame 292/1344
  █████████░░░░░░░░░░░░░░░░  37%  Streaming frame 293/1344
  █████████░░░░░░░░░░░░░░░░  37%  Streaming frame 294/1344
  █████████░░░░░░░░░░░░░░░░  37%  Streaming frame 295/1344
  █████████░░░░░░░░░░░░░░░░  37%  Streaming frame 296/1344
  █████████░░░░░░░░░░░░░░░░  37%  Streaming frame 297/1344
  █████████░░░░░░░░░░░░░░░░  37%  Streaming frame 298/1344
  █████████░░░░░░░░░░░░░░░░  37%  Streaming frame 299/1344
  █████████░░░░░░░░░░░░░░░░  37%  Streaming frame 300/1344
  █████████░░░░░░░░░░░░░░░░  37%  Streaming frame 301/1344
  █████████░░░░░░░░░░░░░░░░  37%  Streaming frame 302/1344
  █████████░░░░░░░░░░░░░░░░  37%  Streaming frame 303/1344
  █████████░░░░░░░░░░░░░░░░  37%  Streaming frame 304/1344
  █████████░░░░░░░░░░░░░░░░  37%  Streaming frame 305/1344
  █████████░░░░░░░░░░░░░░░░  38%  Streaming frame 306/1344
  █████████░░░░░░░░░░░░░░░░  38%  Streaming frame 307/1344
  █████████░░░░░░░░░░░░░░░░  38%  Streaming frame 308/1344
  █████████░░░░░░░░░░░░░░░░  38%  Streaming frame 309/1344
  █████████░░░░░░░░░░░░░░░░  38%  Streaming frame 310/1344
  █████████░░░░░░░░░░░░░░░░  38%  Streaming frame 311/1344
  █████████░░░░░░░░░░░░░░░░  38%  Streaming frame 312/1344
  █████████░░░░░░░░░░░░░░░░  38%  Streaming frame 313/1344
  █████████░░░░░░░░░░░░░░░░  38%  Streaming frame 314/1344
  █████████░░░░░░░░░░░░░░░░  38%  Streaming frame 315/1344
  █████████░░░░░░░░░░░░░░░░  38%  Streaming frame 316/1344
  █████████░░░░░░░░░░░░░░░░  38%  Streaming frame 317/1344
  █████████░░░░░░░░░░░░░░░░  38%  Streaming frame 318/1344
  █████████░░░░░░░░░░░░░░░░  38%  Streaming frame 319/1344
  █████████░░░░░░░░░░░░░░░░  38%  Streaming frame 320/1344
  █████████░░░░░░░░░░░░░░░░  38%  Streaming frame 321/1344
  █████████░░░░░░░░░░░░░░░░  38%  Streaming frame 322/1344
  █████████░░░░░░░░░░░░░░░░  38%  Streaming frame 323/1344
  █████████░░░░░░░░░░░░░░░░  38%  Streaming frame 324/1344
  █████████░░░░░░░░░░░░░░░░  38%  Streaming frame 325/1344
  █████████░░░░░░░░░░░░░░░░  38%  Streaming frame 326/1344
  █████████░░░░░░░░░░░░░░░░  38%  Streaming frame 327/1344
  █████████░░░░░░░░░░░░░░░░  38%  Streaming frame 328/1344
  █████████░░░░░░░░░░░░░░░░  38%  Streaming frame 329/1344
  █████████░░░░░░░░░░░░░░░░  39%  Streaming frame 330/1344
  █████████░░░░░░░░░░░░░░░░  39%  Streaming frame 331/1344
  █████████░░░░░░░░░░░░░░░░  39%  Streaming frame 332/1344
  █████████░░░░░░░░░░░░░░░░  39%  Streaming frame 333/1344
  █████████░░░░░░░░░░░░░░░░  39%  Streaming frame 334/1344
  █████████░░░░░░░░░░░░░░░░  39%  Streaming frame 335/1344
  █████████░░░░░░░░░░░░░░░░  39%  Streaming frame 336/1344
[INFO] [Render] drawElement self-verify passed {"renderJobId":"9d44dd7e-0740-481e-9ee0-3a1940a9cb7b","frame":336,"psnrDb":"inf"}
  █████████░░░░░░░░░░░░░░░░  39%  Streaming frame 337/1344
  █████████░░░░░░░░░░░░░░░░  39%  Streaming frame 338/1344
  █████████░░░░░░░░░░░░░░░░  39%  Streaming frame 339/1344
  █████████░░░░░░░░░░░░░░░░  39%  Streaming frame 340/1344
  █████████░░░░░░░░░░░░░░░░  39%  Streaming frame 341/1344
  █████████░░░░░░░░░░░░░░░░  39%  Streaming frame 342/1344
  █████████░░░░░░░░░░░░░░░░  39%  Streaming frame 343/1344
  █████████░░░░░░░░░░░░░░░░  39%  Streaming frame 344/1344
  █████████░░░░░░░░░░░░░░░░  39%  Streaming frame 345/1344
  █████████░░░░░░░░░░░░░░░░  39%  Streaming frame 346/1344
  █████████░░░░░░░░░░░░░░░░  39%  Streaming frame 347/1344
  █████████░░░░░░░░░░░░░░░░  39%  Streaming frame 348/1344
  █████████░░░░░░░░░░░░░░░░  39%  Streaming frame 349/1344
  █████████░░░░░░░░░░░░░░░░  39%  Streaming frame 350/1344
  █████████░░░░░░░░░░░░░░░░  39%  Streaming frame 351/1344
  █████████░░░░░░░░░░░░░░░░  39%  Streaming frame 352/1344
  █████████░░░░░░░░░░░░░░░░  39%  Streaming frame 353/1344
  █████████░░░░░░░░░░░░░░░░  39%  Streaming frame 354/1344
  ██████████░░░░░░░░░░░░░░░  40%  Streaming frame 355/1344
  ██████████░░░░░░░░░░░░░░░  40%  Streaming frame 356/1344
  ██████████░░░░░░░░░░░░░░░  40%  Streaming frame 357/1344
  ██████████░░░░░░░░░░░░░░░  40%  Streaming frame 358/1344
  ██████████░░░░░░░░░░░░░░░  40%  Streaming frame 359/1344
  ██████████░░░░░░░░░░░░░░░  40%  Streaming frame 360/1344
  ██████████░░░░░░░░░░░░░░░  40%  Streaming frame 361/1344
  ██████████░░░░░░░░░░░░░░░  40%  Streaming frame 362/1344
  ██████████░░░░░░░░░░░░░░░  40%  Streaming frame 363/1344
  ██████████░░░░░░░░░░░░░░░  40%  Streaming frame 364/1344
  ██████████░░░░░░░░░░░░░░░  40%  Streaming frame 365/1344
  ██████████░░░░░░░░░░░░░░░  40%  Streaming frame 366/1344
  ██████████░░░░░░░░░░░░░░░  40%  Streaming frame 367/1344
  ██████████░░░░░░░░░░░░░░░  40%  Streaming frame 368/1344
  ██████████░░░░░░░░░░░░░░░  40%  Streaming frame 369/1344
  ██████████░░░░░░░░░░░░░░░  40%  Streaming frame 370/1344
  ██████████░░░░░░░░░░░░░░░  40%  Streaming frame 371/1344
  ██████████░░░░░░░░░░░░░░░  40%  Streaming frame 372/1344
  ██████████░░░░░░░░░░░░░░░  40%  Streaming frame 373/1344
  ██████████░░░░░░░░░░░░░░░  40%  Streaming frame 374/1344
  ██████████░░░░░░░░░░░░░░░  40%  Streaming frame 375/1344
  ██████████░░░░░░░░░░░░░░░  40%  Streaming frame 376/1344
  ██████████░░░░░░░░░░░░░░░  40%  Streaming frame 377/1344
  ██████████░░░░░░░░░░░░░░░  40%  Streaming frame 378/1344
  ██████████░░░░░░░░░░░░░░░  41%  Streaming frame 379/1344
  ██████████░░░░░░░░░░░░░░░  41%  Streaming frame 380/1344
  ██████████░░░░░░░░░░░░░░░  41%  Streaming frame 381/1344
  ██████████░░░░░░░░░░░░░░░  41%  Streaming frame 382/1344
  ██████████░░░░░░░░░░░░░░░  41%  Streaming frame 383/1344
  ██████████░░░░░░░░░░░░░░░  41%  Streaming frame 384/1344
  ██████████░░░░░░░░░░░░░░░  41%  Streaming frame 385/1344
  ██████████░░░░░░░░░░░░░░░  41%  Streaming frame 386/1344
  ██████████░░░░░░░░░░░░░░░  41%  Streaming frame 387/1344
  ██████████░░░░░░░░░░░░░░░  41%  Streaming frame 388/1344
  ██████████░░░░░░░░░░░░░░░  41%  Streaming frame 389/1344
  ██████████░░░░░░░░░░░░░░░  41%  Streaming frame 390/1344
  ██████████░░░░░░░░░░░░░░░  41%  Streaming frame 391/1344
  ██████████░░░░░░░░░░░░░░░  41%  Streaming frame 392/1344
  ██████████░░░░░░░░░░░░░░░  41%  Streaming frame 393/1344
  ██████████░░░░░░░░░░░░░░░  41%  Streaming frame 394/1344
  ██████████░░░░░░░░░░░░░░░  41%  Streaming frame 395/1344
  ██████████░░░░░░░░░░░░░░░  41%  Streaming frame 396/1344
  ██████████░░░░░░░░░░░░░░░  41%  Streaming frame 397/1344
  ██████████░░░░░░░░░░░░░░░  41%  Streaming frame 398/1344
  ██████████░░░░░░░░░░░░░░░  41%  Streaming frame 399/1344
  ██████████░░░░░░░░░░░░░░░  41%  Streaming frame 400/1344
  ██████████░░░░░░░░░░░░░░░  41%  Streaming frame 401/1344
  ██████████░░░░░░░░░░░░░░░  41%  Streaming frame 402/1344
  ██████████░░░░░░░░░░░░░░░  41%  Streaming frame 403/1344
  ██████████░░░░░░░░░░░░░░░  42%  Streaming frame 404/1344
  ██████████░░░░░░░░░░░░░░░  42%  Streaming frame 405/1344
  ██████████░░░░░░░░░░░░░░░  42%  Streaming frame 406/1344
  ██████████░░░░░░░░░░░░░░░  42%  Streaming frame 407/1344
  ██████████░░░░░░░░░░░░░░░  42%  Streaming frame 408/1344
  ██████████░░░░░░░░░░░░░░░  42%  Streaming frame 409/1344
  ██████████░░░░░░░░░░░░░░░  42%  Streaming frame 410/1344
  ██████████░░░░░░░░░░░░░░░  42%  Streaming frame 411/1344
  ██████████░░░░░░░░░░░░░░░  42%  Streaming frame 412/1344
  ██████████░░░░░░░░░░░░░░░  42%  Streaming frame 413/1344
  ██████████░░░░░░░░░░░░░░░  42%  Streaming frame 414/1344
  ██████████░░░░░░░░░░░░░░░  42%  Streaming frame 415/1344
  ██████████░░░░░░░░░░░░░░░  42%  Streaming frame 416/1344
  ██████████░░░░░░░░░░░░░░░  42%  Streaming frame 417/1344
  ██████████░░░░░░░░░░░░░░░  42%  Streaming frame 418/1344
  ██████████░░░░░░░░░░░░░░░  42%  Streaming frame 419/1344
  ██████████░░░░░░░░░░░░░░░  42%  Streaming frame 420/1344
  ██████████░░░░░░░░░░░░░░░  42%  Streaming frame 421/1344
  ██████████░░░░░░░░░░░░░░░  42%  Streaming frame 422/1344
  ██████████░░░░░░░░░░░░░░░  42%  Streaming frame 423/1344
  ██████████░░░░░░░░░░░░░░░  42%  Streaming frame 424/1344
  ██████████░░░░░░░░░░░░░░░  42%  Streaming frame 425/1344
  ██████████░░░░░░░░░░░░░░░  42%  Streaming frame 426/1344
  ██████████░░░░░░░░░░░░░░░  42%  Streaming frame 427/1344
  ██████████░░░░░░░░░░░░░░░  43%  Streaming frame 428/1344
  ██████████░░░░░░░░░░░░░░░  43%  Streaming frame 429/1344
  ██████████░░░░░░░░░░░░░░░  43%  Streaming frame 430/1344
  ██████████░░░░░░░░░░░░░░░  43%  Streaming frame 431/1344
  ██████████░░░░░░░░░░░░░░░  43%  Streaming frame 432/1344
  ██████████░░░░░░░░░░░░░░░  43%  Streaming frame 433/1344
  ██████████░░░░░░░░░░░░░░░  43%  Streaming frame 434/1344
  ██████████░░░░░░░░░░░░░░░  43%  Streaming frame 435/1344
  ██████████░░░░░░░░░░░░░░░  43%  Streaming frame 436/1344
  ██████████░░░░░░░░░░░░░░░  43%  Streaming frame 437/1344
  ██████████░░░░░░░░░░░░░░░  43%  Streaming frame 438/1344
  ██████████░░░░░░░░░░░░░░░  43%  Streaming frame 439/1344
  ██████████░░░░░░░░░░░░░░░  43%  Streaming frame 440/1344
  ██████████░░░░░░░░░░░░░░░  43%  Streaming frame 441/1344
  ██████████░░░░░░░░░░░░░░░  43%  Streaming frame 442/1344
  ██████████░░░░░░░░░░░░░░░  43%  Streaming frame 443/1344
  ██████████░░░░░░░░░░░░░░░  43%  Streaming frame 444/1344
  ██████████░░░░░░░░░░░░░░░  43%  Streaming frame 445/1344
  ██████████░░░░░░░░░░░░░░░  43%  Streaming frame 446/1344
  ██████████░░░░░░░░░░░░░░░  43%  Streaming frame 447/1344
  ██████████░░░░░░░░░░░░░░░  43%  Streaming frame 448/1344
  ██████████░░░░░░░░░░░░░░░  43%  Streaming frame 449/1344
  ██████████░░░░░░░░░░░░░░░  43%  Streaming frame 450/1344
  ██████████░░░░░░░░░░░░░░░  43%  Streaming frame 451/1344
  ██████████░░░░░░░░░░░░░░░  43%  Streaming frame 452/1344
  ███████████░░░░░░░░░░░░░░  44%  Streaming frame 453/1344
  ███████████░░░░░░░░░░░░░░  44%  Streaming frame 454/1344
  ███████████░░░░░░░░░░░░░░  44%  Streaming frame 455/1344
  ███████████░░░░░░░░░░░░░░  44%  Streaming frame 456/1344
  ███████████░░░░░░░░░░░░░░  44%  Streaming frame 457/1344
  ███████████░░░░░░░░░░░░░░  44%  Streaming frame 458/1344
  ███████████░░░░░░░░░░░░░░  44%  Streaming frame 459/1344
  ███████████░░░░░░░░░░░░░░  44%  Streaming frame 460/1344
  ███████████░░░░░░░░░░░░░░  44%  Streaming frame 461/1344
  ███████████░░░░░░░░░░░░░░  44%  Streaming frame 462/1344
  ███████████░░░░░░░░░░░░░░  44%  Streaming frame 463/1344
  ███████████░░░░░░░░░░░░░░  44%  Streaming frame 464/1344
  ███████████░░░░░░░░░░░░░░  44%  Streaming frame 465/1344
  ███████████░░░░░░░░░░░░░░  44%  Streaming frame 466/1344
  ███████████░░░░░░░░░░░░░░  44%  Streaming frame 467/1344
  ███████████░░░░░░░░░░░░░░  44%  Streaming frame 468/1344
  ███████████░░░░░░░░░░░░░░  44%  Streaming frame 469/1344
  ███████████░░░░░░░░░░░░░░  44%  Streaming frame 470/1344
  ███████████░░░░░░░░░░░░░░  44%  Streaming frame 471/1344
  ███████████░░░░░░░░░░░░░░  44%  Streaming frame 472/1344
  ███████████░░░░░░░░░░░░░░  44%  Streaming frame 473/1344
  ███████████░░░░░░░░░░░░░░  44%  Streaming frame 474/1344
  ███████████░░░░░░░░░░░░░░  44%  Streaming frame 475/1344
  ███████████░░░░░░░░░░░░░░  44%  Streaming frame 476/1344
  ███████████░░░░░░░░░░░░░░  45%  Streaming frame 477/1344
  ███████████░░░░░░░░░░░░░░  45%  Streaming frame 478/1344
  ███████████░░░░░░░░░░░░░░  45%  Streaming frame 479/1344
  ███████████░░░░░░░░░░░░░░  45%  Streaming frame 480/1344
  ███████████░░░░░░░░░░░░░░  45%  Streaming frame 481/1344
  ███████████░░░░░░░░░░░░░░  45%  Streaming frame 482/1344
  ███████████░░░░░░░░░░░░░░  45%  Streaming frame 483/1344
  ███████████░░░░░░░░░░░░░░  45%  Streaming frame 484/1344
  ███████████░░░░░░░░░░░░░░  45%  Streaming frame 485/1344
  ███████████░░░░░░░░░░░░░░  45%  Streaming frame 486/1344
  ███████████░░░░░░░░░░░░░░  45%  Streaming frame 487/1344
  ███████████░░░░░░░░░░░░░░  45%  Streaming frame 488/1344
  ███████████░░░░░░░░░░░░░░  45%  Streaming frame 489/1344
  ███████████░░░░░░░░░░░░░░  45%  Streaming frame 490/1344
  ███████████░░░░░░░░░░░░░░  45%  Streaming frame 491/1344
  ███████████░░░░░░░░░░░░░░  45%  Streaming frame 492/1344
  ███████████░░░░░░░░░░░░░░  45%  Streaming frame 493/1344
  ███████████░░░░░░░░░░░░░░  45%  Streaming frame 494/1344
  ███████████░░░░░░░░░░░░░░  45%  Streaming frame 495/1344
  ███████████░░░░░░░░░░░░░░  45%  Streaming frame 496/1344
  ███████████░░░░░░░░░░░░░░  45%  Streaming frame 497/1344
  ███████████░░░░░░░░░░░░░░  45%  Streaming frame 498/1344
  ███████████░░░░░░░░░░░░░░  45%  Streaming frame 499/1344
  ███████████░░░░░░░░░░░░░░  45%  Streaming frame 500/1344
  ███████████░░░░░░░░░░░░░░  46%  Streaming frame 501/1344
  ███████████░░░░░░░░░░░░░░  46%  Streaming frame 502/1344
  ███████████░░░░░░░░░░░░░░  46%  Streaming frame 503/1344
  ███████████░░░░░░░░░░░░░░  46%  Streaming frame 504/1344
  ███████████░░░░░░░░░░░░░░  46%  Streaming frame 505/1344
  ███████████░░░░░░░░░░░░░░  46%  Streaming frame 506/1344
  ███████████░░░░░░░░░░░░░░  46%  Streaming frame 507/1344
  ███████████░░░░░░░░░░░░░░  46%  Streaming frame 508/1344
  ███████████░░░░░░░░░░░░░░  46%  Streaming frame 509/1344
  ███████████░░░░░░░░░░░░░░  46%  Streaming frame 510/1344
  ███████████░░░░░░░░░░░░░░  46%  Streaming frame 511/1344
  ███████████░░░░░░░░░░░░░░  46%  Streaming frame 512/1344
  ███████████░░░░░░░░░░░░░░  46%  Streaming frame 513/1344
  ███████████░░░░░░░░░░░░░░  46%  Streaming frame 514/1344
  ███████████░░░░░░░░░░░░░░  46%  Streaming frame 515/1344
  ███████████░░░░░░░░░░░░░░  46%  Streaming frame 516/1344
  ███████████░░░░░░░░░░░░░░  46%  Streaming frame 517/1344
  ███████████░░░░░░░░░░░░░░  46%  Streaming frame 518/1344
  ███████████░░░░░░░░░░░░░░  46%  Streaming frame 519/1344
  ███████████░░░░░░░░░░░░░░  46%  Streaming frame 520/1344
  ███████████░░░░░░░░░░░░░░  46%  Streaming frame 521/1344
  ███████████░░░░░░░░░░░░░░  46%  Streaming frame 522/1344
  ███████████░░░░░░░░░░░░░░  46%  Streaming frame 523/1344
  ███████████░░░░░░░░░░░░░░  46%  Streaming frame 524/1344
  ███████████░░░░░░░░░░░░░░  46%  Streaming frame 525/1344
  ███████████░░░░░░░░░░░░░░  47%  Streaming frame 526/1344
  ███████████░░░░░░░░░░░░░░  47%  Streaming frame 527/1344
  ███████████░░░░░░░░░░░░░░  47%  Streaming frame 528/1344
  ███████████░░░░░░░░░░░░░░  47%  Streaming frame 529/1344
  ███████████░░░░░░░░░░░░░░  47%  Streaming frame 530/1344
  ███████████░░░░░░░░░░░░░░  47%  Streaming frame 531/1344
  ███████████░░░░░░░░░░░░░░  47%  Streaming frame 532/1344
  ███████████░░░░░░░░░░░░░░  47%  Streaming frame 533/1344
  ███████████░░░░░░░░░░░░░░  47%  Streaming frame 534/1344
  ███████████░░░░░░░░░░░░░░  47%  Streaming frame 535/1344
  ███████████░░░░░░░░░░░░░░  47%  Streaming frame 536/1344
  ███████████░░░░░░░░░░░░░░  47%  Streaming frame 537/1344
  ███████████░░░░░░░░░░░░░░  47%  Streaming frame 538/1344
  ███████████░░░░░░░░░░░░░░  47%  Streaming frame 539/1344
  ███████████░░░░░░░░░░░░░░  47%  Streaming frame 540/1344
  ███████████░░░░░░░░░░░░░░  47%  Streaming frame 541/1344
  ███████████░░░░░░░░░░░░░░  47%  Streaming frame 542/1344
  ███████████░░░░░░░░░░░░░░  47%  Streaming frame 543/1344
  ███████████░░░░░░░░░░░░░░  47%  Streaming frame 544/1344
  ███████████░░░░░░░░░░░░░░  47%  Streaming frame 545/1344
  ███████████░░░░░░░░░░░░░░  47%  Streaming frame 546/1344
  ███████████░░░░░░░░░░░░░░  47%  Streaming frame 547/1344
  ███████████░░░░░░░░░░░░░░  47%  Streaming frame 548/1344
  ███████████░░░░░░░░░░░░░░  47%  Streaming frame 549/1344
  ████████████░░░░░░░░░░░░░  48%  Streaming frame 550/1344
  ████████████░░░░░░░░░░░░░  48%  Streaming frame 551/1344
  ████████████░░░░░░░░░░░░░  48%  Streaming frame 552/1344
  ████████████░░░░░░░░░░░░░  48%  Streaming frame 553/1344
  ████████████░░░░░░░░░░░░░  48%  Streaming frame 554/1344
  ████████████░░░░░░░░░░░░░  48%  Streaming frame 555/1344
  ████████████░░░░░░░░░░░░░  48%  Streaming frame 556/1344
  ████████████░░░░░░░░░░░░░  48%  Streaming frame 557/1344
  ████████████░░░░░░░░░░░░░  48%  Streaming frame 558/1344
  ████████████░░░░░░░░░░░░░  48%  Streaming frame 559/1344
  ████████████░░░░░░░░░░░░░  48%  Streaming frame 560/1344
  ████████████░░░░░░░░░░░░░  48%  Streaming frame 561/1344
  ████████████░░░░░░░░░░░░░  48%  Streaming frame 562/1344
  ████████████░░░░░░░░░░░░░  48%  Streaming frame 563/1344
  ████████████░░░░░░░░░░░░░  48%  Streaming frame 564/1344
  ████████████░░░░░░░░░░░░░  48%  Streaming frame 565/1344
  ████████████░░░░░░░░░░░░░  48%  Streaming frame 566/1344
  ████████████░░░░░░░░░░░░░  48%  Streaming frame 567/1344
  ████████████░░░░░░░░░░░░░  48%  Streaming frame 568/1344
  ████████████░░░░░░░░░░░░░  48%  Streaming frame 569/1344
  ████████████░░░░░░░░░░░░░  48%  Streaming frame 570/1344
  ████████████░░░░░░░░░░░░░  48%  Streaming frame 571/1344
  ████████████░░░░░░░░░░░░░  48%  Streaming frame 572/1344
  ████████████░░░░░░░░░░░░░  48%  Streaming frame 573/1344
  ████████████░░░░░░░░░░░░░  48%  Streaming frame 574/1344
  ████████████░░░░░░░░░░░░░  49%  Streaming frame 575/1344
  ████████████░░░░░░░░░░░░░  49%  Streaming frame 576/1344
  ████████████░░░░░░░░░░░░░  49%  Streaming frame 577/1344
  ████████████░░░░░░░░░░░░░  49%  Streaming frame 578/1344
  ████████████░░░░░░░░░░░░░  49%  Streaming frame 579/1344
  ████████████░░░░░░░░░░░░░  49%  Streaming frame 580/1344
  ████████████░░░░░░░░░░░░░  49%  Streaming frame 581/1344
  ████████████░░░░░░░░░░░░░  49%  Streaming frame 582/1344
  ████████████░░░░░░░░░░░░░  49%  Streaming frame 583/1344
  ████████████░░░░░░░░░░░░░  49%  Streaming frame 584/1344
  ████████████░░░░░░░░░░░░░  49%  Streaming frame 585/1344
  ████████████░░░░░░░░░░░░░  49%  Streaming frame 586/1344
  ████████████░░░░░░░░░░░░░  49%  Streaming frame 587/1344
  ████████████░░░░░░░░░░░░░  49%  Streaming frame 588/1344
  ████████████░░░░░░░░░░░░░  49%  Streaming frame 589/1344
  ████████████░░░░░░░░░░░░░  49%  Streaming frame 590/1344
  ████████████░░░░░░░░░░░░░  49%  Streaming frame 591/1344
  ████████████░░░░░░░░░░░░░  49%  Streaming frame 592/1344
  ████████████░░░░░░░░░░░░░  49%  Streaming frame 593/1344
  ████████████░░░░░░░░░░░░░  49%  Streaming frame 594/1344
  ████████████░░░░░░░░░░░░░  49%  Streaming frame 595/1344
  ████████████░░░░░░░░░░░░░  49%  Streaming frame 596/1344
  ████████████░░░░░░░░░░░░░  49%  Streaming frame 597/1344
  ████████████░░░░░░░░░░░░░  49%  Streaming frame 598/1344
  ████████████░░░░░░░░░░░░░  50%  Streaming frame 599/1344
  ████████████░░░░░░░░░░░░░  50%  Streaming frame 600/1344
  ████████████░░░░░░░░░░░░░  50%  Streaming frame 601/1344
  ████████████░░░░░░░░░░░░░  50%  Streaming frame 602/1344
  ████████████░░░░░░░░░░░░░  50%  Streaming frame 603/1344
  ████████████░░░░░░░░░░░░░  50%  Streaming frame 604/1344
  ████████████░░░░░░░░░░░░░  50%  Streaming frame 605/1344
  ████████████░░░░░░░░░░░░░  50%  Streaming frame 606/1344
  ████████████░░░░░░░░░░░░░  50%  Streaming frame 607/1344
  ████████████░░░░░░░░░░░░░  50%  Streaming frame 608/1344
  ████████████░░░░░░░░░░░░░  50%  Streaming frame 609/1344
  ████████████░░░░░░░░░░░░░  50%  Streaming frame 610/1344
  ████████████░░░░░░░░░░░░░  50%  Streaming frame 611/1344
  ████████████░░░░░░░░░░░░░  50%  Streaming frame 612/1344
  ████████████░░░░░░░░░░░░░  50%  Streaming frame 613/1344
  ████████████░░░░░░░░░░░░░  50%  Streaming frame 614/1344
  ████████████░░░░░░░░░░░░░  50%  Streaming frame 615/1344
  ████████████░░░░░░░░░░░░░  50%  Streaming frame 616/1344
  ████████████░░░░░░░░░░░░░  50%  Streaming frame 617/1344
  ████████████░░░░░░░░░░░░░  50%  Streaming frame 618/1344
  ████████████░░░░░░░░░░░░░  50%  Streaming frame 619/1344
  ████████████░░░░░░░░░░░░░  50%  Streaming frame 620/1344
  ████████████░░░░░░░░░░░░░  50%  Streaming frame 621/1344
  ████████████░░░░░░░░░░░░░  50%  Streaming frame 622/1344
  ████████████░░░░░░░░░░░░░  50%  Streaming frame 623/1344
  ████████████░░░░░░░░░░░░░  51%  Streaming frame 624/1344
  ████████████░░░░░░░░░░░░░  51%  Streaming frame 625/1344
  ████████████░░░░░░░░░░░░░  51%  Streaming frame 626/1344
  ████████████░░░░░░░░░░░░░  51%  Streaming frame 627/1344
  ████████████░░░░░░░░░░░░░  51%  Streaming frame 628/1344
  ████████████░░░░░░░░░░░░░  51%  Streaming frame 629/1344
  ████████████░░░░░░░░░░░░░  51%  Streaming frame 630/1344
  ████████████░░░░░░░░░░░░░  51%  Streaming frame 631/1344
  ████████████░░░░░░░░░░░░░  51%  Streaming frame 632/1344
  ████████████░░░░░░░░░░░░░  51%  Streaming frame 633/1344
  ████████████░░░░░░░░░░░░░  51%  Streaming frame 634/1344
  ████████████░░░░░░░░░░░░░  51%  Streaming frame 635/1344
  ████████████░░░░░░░░░░░░░  51%  Streaming frame 636/1344
  ████████████░░░░░░░░░░░░░  51%  Streaming frame 637/1344
  ████████████░░░░░░░░░░░░░  51%  Streaming frame 638/1344
  ████████████░░░░░░░░░░░░░  51%  Streaming frame 639/1344
  ████████████░░░░░░░░░░░░░  51%  Streaming frame 640/1344
  ████████████░░░░░░░░░░░░░  51%  Streaming frame 641/1344
  ████████████░░░░░░░░░░░░░  51%  Streaming frame 642/1344
  ████████████░░░░░░░░░░░░░  51%  Streaming frame 643/1344
  ████████████░░░░░░░░░░░░░  51%  Streaming frame 644/1344
  ████████████░░░░░░░░░░░░░  51%  Streaming frame 645/1344
  ████████████░░░░░░░░░░░░░  51%  Streaming frame 646/1344
  ████████████░░░░░░░░░░░░░  51%  Streaming frame 647/1344
  █████████████░░░░░░░░░░░░  52%  Streaming frame 648/1344
  █████████████░░░░░░░░░░░░  52%  Streaming frame 649/1344
  █████████████░░░░░░░░░░░░  52%  Streaming frame 650/1344
  █████████████░░░░░░░░░░░░  52%  Streaming frame 651/1344
  █████████████░░░░░░░░░░░░  52%  Streaming frame 652/1344
  █████████████░░░░░░░░░░░░  52%  Streaming frame 653/1344
  █████████████░░░░░░░░░░░░  52%  Streaming frame 654/1344
  █████████████░░░░░░░░░░░░  52%  Streaming frame 655/1344
  █████████████░░░░░░░░░░░░  52%  Streaming frame 656/1344
  █████████████░░░░░░░░░░░░  52%  Streaming frame 657/1344
  █████████████░░░░░░░░░░░░  52%  Streaming frame 658/1344
  █████████████░░░░░░░░░░░░  52%  Streaming frame 659/1344
  █████████████░░░░░░░░░░░░  52%  Streaming frame 660/1344
  █████████████░░░░░░░░░░░░  52%  Streaming frame 661/1344
  █████████████░░░░░░░░░░░░  52%  Streaming frame 662/1344
  █████████████░░░░░░░░░░░░  52%  Streaming frame 663/1344
  █████████████░░░░░░░░░░░░  52%  Streaming frame 664/1344
  █████████████░░░░░░░░░░░░  52%  Streaming frame 665/1344
  █████████████░░░░░░░░░░░░  52%  Streaming frame 666/1344
  █████████████░░░░░░░░░░░░  52%  Streaming frame 667/1344
  █████████████░░░░░░░░░░░░  52%  Streaming frame 668/1344
  █████████████░░░░░░░░░░░░  52%  Streaming frame 669/1344
  █████████████░░░░░░░░░░░░  52%  Streaming frame 670/1344
  █████████████░░░░░░░░░░░░  52%  Streaming frame 671/1344
  █████████████░░░░░░░░░░░░  53%  Streaming frame 672/1344
[INFO] [Render] drawElement self-verify passed {"renderJobId":"9d44dd7e-0740-481e-9ee0-3a1940a9cb7b","frame":672,"psnrDb":99.1}
  █████████████░░░░░░░░░░░░  53%  Streaming frame 673/1344
  █████████████░░░░░░░░░░░░  53%  Streaming frame 674/1344
  █████████████░░░░░░░░░░░░  53%  Streaming frame 675/1344
  █████████████░░░░░░░░░░░░  53%  Streaming frame 676/1344
  █████████████░░░░░░░░░░░░  53%  Streaming frame 677/1344
  █████████████░░░░░░░░░░░░  53%  Streaming frame 678/1344
  █████████████░░░░░░░░░░░░  53%  Streaming frame 679/1344
  █████████████░░░░░░░░░░░░  53%  Streaming frame 680/1344
  █████████████░░░░░░░░░░░░  53%  Streaming frame 681/1344
  █████████████░░░░░░░░░░░░  53%  Streaming frame 682/1344
  █████████████░░░░░░░░░░░░  53%  Streaming frame 683/1344
  █████████████░░░░░░░░░░░░  53%  Streaming frame 684/1344
  █████████████░░░░░░░░░░░░  53%  Streaming frame 685/1344
  █████████████░░░░░░░░░░░░  53%  Streaming frame 686/1344
  █████████████░░░░░░░░░░░░  53%  Streaming frame 687/1344
  █████████████░░░░░░░░░░░░  53%  Streaming frame 688/1344
  █████████████░░░░░░░░░░░░  53%  Streaming frame 689/1344
  █████████████░░░░░░░░░░░░  53%  Streaming frame 690/1344
  █████████████░░░░░░░░░░░░  53%  Streaming frame 691/1344
  █████████████░░░░░░░░░░░░  53%  Streaming frame 692/1344
  █████████████░░░░░░░░░░░░  53%  Streaming frame 693/1344
  █████████████░░░░░░░░░░░░  53%  Streaming frame 694/1344
  █████████████░░░░░░░░░░░░  53%  Streaming frame 695/1344
  █████████████░░░░░░░░░░░░  53%  Streaming frame 696/1344
  █████████████░░░░░░░░░░░░  54%  Streaming frame 697/1344
  █████████████░░░░░░░░░░░░  54%  Streaming frame 698/1344
  █████████████░░░░░░░░░░░░  54%  Streaming frame 699/1344
  █████████████░░░░░░░░░░░░  54%  Streaming frame 700/1344
  █████████████░░░░░░░░░░░░  54%  Streaming frame 701/1344
  █████████████░░░░░░░░░░░░  54%  Streaming frame 702/1344
  █████████████░░░░░░░░░░░░  54%  Streaming frame 703/1344
  █████████████░░░░░░░░░░░░  54%  Streaming frame 704/1344
  █████████████░░░░░░░░░░░░  54%  Streaming frame 705/1344
  █████████████░░░░░░░░░░░░  54%  Streaming frame 706/1344
  █████████████░░░░░░░░░░░░  54%  Streaming frame 707/1344
  █████████████░░░░░░░░░░░░  54%  Streaming frame 708/1344
  █████████████░░░░░░░░░░░░  54%  Streaming frame 709/1344
  █████████████░░░░░░░░░░░░  54%  Streaming frame 710/1344
  █████████████░░░░░░░░░░░░  54%  Streaming frame 711/1344
  █████████████░░░░░░░░░░░░  54%  Streaming frame 712/1344
  █████████████░░░░░░░░░░░░  54%  Streaming frame 713/1344
  █████████████░░░░░░░░░░░░  54%  Streaming frame 714/1344
  █████████████░░░░░░░░░░░░  54%  Streaming frame 715/1344
  █████████████░░░░░░░░░░░░  54%  Streaming frame 716/1344
  █████████████░░░░░░░░░░░░  54%  Streaming frame 717/1344
  █████████████░░░░░░░░░░░░  54%  Streaming frame 718/1344
  █████████████░░░░░░░░░░░░  54%  Streaming frame 719/1344
  █████████████░░░░░░░░░░░░  54%  Streaming frame 720/1344
  █████████████░░░░░░░░░░░░  55%  Streaming frame 721/1344
  █████████████░░░░░░░░░░░░  55%  Streaming frame 722/1344
  █████████████░░░░░░░░░░░░  55%  Streaming frame 723/1344
  █████████████░░░░░░░░░░░░  55%  Streaming frame 724/1344
  █████████████░░░░░░░░░░░░  55%  Streaming frame 725/1344
  █████████████░░░░░░░░░░░░  55%  Streaming frame 726/1344
  █████████████░░░░░░░░░░░░  55%  Streaming frame 727/1344
  █████████████░░░░░░░░░░░░  55%  Streaming frame 728/1344
  █████████████░░░░░░░░░░░░  55%  Streaming frame 729/1344
  █████████████░░░░░░░░░░░░  55%  Streaming frame 730/1344
  █████████████░░░░░░░░░░░░  55%  Streaming frame 731/1344
  █████████████░░░░░░░░░░░░  55%  Streaming frame 732/1344
  █████████████░░░░░░░░░░░░  55%  Streaming frame 733/1344
  █████████████░░░░░░░░░░░░  55%  Streaming frame 734/1344
  █████████████░░░░░░░░░░░░  55%  Streaming frame 735/1344
  █████████████░░░░░░░░░░░░  55%  Streaming frame 736/1344
  █████████████░░░░░░░░░░░░  55%  Streaming frame 737/1344
  █████████████░░░░░░░░░░░░  55%  Streaming frame 738/1344
  █████████████░░░░░░░░░░░░  55%  Streaming frame 739/1344
  █████████████░░░░░░░░░░░░  55%  Streaming frame 740/1344
  █████████████░░░░░░░░░░░░  55%  Streaming frame 741/1344
  █████████████░░░░░░░░░░░░  55%  Streaming frame 742/1344
  █████████████░░░░░░░░░░░░  55%  Streaming frame 743/1344
  █████████████░░░░░░░░░░░░  55%  Streaming frame 744/1344
  █████████████░░░░░░░░░░░░  55%  Streaming frame 745/1344
  ██████████████░░░░░░░░░░░  56%  Streaming frame 746/1344
  ██████████████░░░░░░░░░░░  56%  Streaming frame 747/1344
  ██████████████░░░░░░░░░░░  56%  Streaming frame 748/1344
  ██████████████░░░░░░░░░░░  56%  Streaming frame 749/1344
  ██████████████░░░░░░░░░░░  56%  Streaming frame 750/1344
  ██████████████░░░░░░░░░░░  56%  Streaming frame 751/1344
  ██████████████░░░░░░░░░░░  56%  Streaming frame 752/1344
  ██████████████░░░░░░░░░░░  56%  Streaming frame 753/1344
  ██████████████░░░░░░░░░░░  56%  Streaming frame 754/1344
  ██████████████░░░░░░░░░░░  56%  Streaming frame 755/1344
  ██████████████░░░░░░░░░░░  56%  Streaming frame 756/1344
  ██████████████░░░░░░░░░░░  56%  Streaming frame 757/1344
  ██████████████░░░░░░░░░░░  56%  Streaming frame 758/1344
  ██████████████░░░░░░░░░░░  56%  Streaming frame 759/1344
  ██████████████░░░░░░░░░░░  56%  Streaming frame 760/1344
  ██████████████░░░░░░░░░░░  56%  Streaming frame 761/1344
  ██████████████░░░░░░░░░░░  56%  Streaming frame 762/1344
  ██████████████░░░░░░░░░░░  56%  Streaming frame 763/1344
  ██████████████░░░░░░░░░░░  56%  Streaming frame 764/1344
  ██████████████░░░░░░░░░░░  56%  Streaming frame 765/1344
  ██████████████░░░░░░░░░░░  56%  Streaming frame 766/1344
  ██████████████░░░░░░░░░░░  56%  Streaming frame 767/1344
  ██████████████░░░░░░░░░░░  56%  Streaming frame 768/1344
  ██████████████░░░░░░░░░░░  56%  Streaming frame 769/1344
  ██████████████░░░░░░░░░░░  57%  Streaming frame 770/1344
  ██████████████░░░░░░░░░░░  57%  Streaming frame 771/1344
  ██████████████░░░░░░░░░░░  57%  Streaming frame 772/1344
  ██████████████░░░░░░░░░░░  57%  Streaming frame 773/1344
  ██████████████░░░░░░░░░░░  57%  Streaming frame 774/1344
  ██████████████░░░░░░░░░░░  57%  Streaming frame 775/1344
  ██████████████░░░░░░░░░░░  57%  Streaming frame 776/1344
  ██████████████░░░░░░░░░░░  57%  Streaming frame 777/1344
  ██████████████░░░░░░░░░░░  57%  Streaming frame 778/1344
  ██████████████░░░░░░░░░░░  57%  Streaming frame 779/1344
  ██████████████░░░░░░░░░░░  57%  Streaming frame 780/1344
  ██████████████░░░░░░░░░░░  57%  Streaming frame 781/1344
  ██████████████░░░░░░░░░░░  57%  Streaming frame 782/1344
  ██████████████░░░░░░░░░░░  57%  Streaming frame 783/1344
  ██████████████░░░░░░░░░░░  57%  Streaming frame 784/1344
  ██████████████░░░░░░░░░░░  57%  Streaming frame 785/1344
  ██████████████░░░░░░░░░░░  57%  Streaming frame 786/1344
  ██████████████░░░░░░░░░░░  57%  Streaming frame 787/1344
  ██████████████░░░░░░░░░░░  57%  Streaming frame 788/1344
  ██████████████░░░░░░░░░░░  57%  Streaming frame 789/1344
  ██████████████░░░░░░░░░░░  57%  Streaming frame 790/1344
  ██████████████░░░░░░░░░░░  57%  Streaming frame 791/1344
  ██████████████░░░░░░░░░░░  57%  Streaming frame 792/1344
  ██████████████░░░░░░░░░░░  57%  Streaming frame 793/1344
  ██████████████░░░░░░░░░░░  57%  Streaming frame 794/1344
  ██████████████░░░░░░░░░░░  58%  Streaming frame 795/1344
  ██████████████░░░░░░░░░░░  58%  Streaming frame 796/1344
  ██████████████░░░░░░░░░░░  58%  Streaming frame 797/1344
  ██████████████░░░░░░░░░░░  58%  Streaming frame 798/1344
  ██████████████░░░░░░░░░░░  58%  Streaming frame 799/1344
  ██████████████░░░░░░░░░░░  58%  Streaming frame 800/1344
  ██████████████░░░░░░░░░░░  58%  Streaming frame 801/1344
  ██████████████░░░░░░░░░░░  58%  Streaming frame 802/1344
  ██████████████░░░░░░░░░░░  58%  Streaming frame 803/1344
  ██████████████░░░░░░░░░░░  58%  Streaming frame 804/1344
  ██████████████░░░░░░░░░░░  58%  Streaming frame 805/1344
  ██████████████░░░░░░░░░░░  58%  Streaming frame 806/1344
  ██████████████░░░░░░░░░░░  58%  Streaming frame 807/1344
  ██████████████░░░░░░░░░░░  58%  Streaming frame 808/1344
  ██████████████░░░░░░░░░░░  58%  Streaming frame 809/1344
  ██████████████░░░░░░░░░░░  58%  Streaming frame 810/1344
  ██████████████░░░░░░░░░░░  58%  Streaming frame 811/1344
  ██████████████░░░░░░░░░░░  58%  Streaming frame 812/1344
  ██████████████░░░░░░░░░░░  58%  Streaming frame 813/1344
  ██████████████░░░░░░░░░░░  58%  Streaming frame 814/1344
  ██████████████░░░░░░░░░░░  58%  Streaming frame 815/1344
  ██████████████░░░░░░░░░░░  58%  Streaming frame 816/1344
  ██████████████░░░░░░░░░░░  58%  Streaming frame 817/1344
  ██████████████░░░░░░░░░░░  58%  Streaming frame 818/1344
  ██████████████░░░░░░░░░░░  59%  Streaming frame 819/1344
  ██████████████░░░░░░░░░░░  59%  Streaming frame 820/1344
  ██████████████░░░░░░░░░░░  59%  Streaming frame 821/1344
  ██████████████░░░░░░░░░░░  59%  Streaming frame 822/1344
  ██████████████░░░░░░░░░░░  59%  Streaming frame 823/1344
  ██████████████░░░░░░░░░░░  59%  Streaming frame 824/1344
  ██████████████░░░░░░░░░░░  59%  Streaming frame 825/1344
  ██████████████░░░░░░░░░░░  59%  Streaming frame 826/1344
  ██████████████░░░░░░░░░░░  59%  Streaming frame 827/1344
  ██████████████░░░░░░░░░░░  59%  Streaming frame 828/1344
  ██████████████░░░░░░░░░░░  59%  Streaming frame 829/1344
  ██████████████░░░░░░░░░░░  59%  Streaming frame 830/1344
  ██████████████░░░░░░░░░░░  59%  Streaming frame 831/1344
  ██████████████░░░░░░░░░░░  59%  Streaming frame 832/1344
  ██████████████░░░░░░░░░░░  59%  Streaming frame 833/1344
  ██████████████░░░░░░░░░░░  59%  Streaming frame 834/1344
  ██████████████░░░░░░░░░░░  59%  Streaming frame 835/1344
  ██████████████░░░░░░░░░░░  59%  Streaming frame 836/1344
  ██████████████░░░░░░░░░░░  59%  Streaming frame 837/1344
  ██████████████░░░░░░░░░░░  59%  Streaming frame 838/1344
  ██████████████░░░░░░░░░░░  59%  Streaming frame 839/1344
  ██████████████░░░░░░░░░░░  59%  Streaming frame 840/1344
  ██████████████░░░░░░░░░░░  59%  Streaming frame 841/1344
  ██████████████░░░░░░░░░░░  59%  Streaming frame 842/1344
  ██████████████░░░░░░░░░░░  59%  Streaming frame 843/1344
  ███████████████░░░░░░░░░░  60%  Streaming frame 844/1344
  ███████████████░░░░░░░░░░  60%  Streaming frame 845/1344
  ███████████████░░░░░░░░░░  60%  Streaming frame 846/1344
  ███████████████░░░░░░░░░░  60%  Streaming frame 847/1344
  ███████████████░░░░░░░░░░  60%  Streaming frame 848/1344
  ███████████████░░░░░░░░░░  60%  Streaming frame 849/1344
  ███████████████░░░░░░░░░░  60%  Streaming frame 850/1344
  ███████████████░░░░░░░░░░  60%  Streaming frame 851/1344
  ███████████████░░░░░░░░░░  60%  Streaming frame 852/1344
  ███████████████░░░░░░░░░░  60%  Streaming frame 853/1344
  ███████████████░░░░░░░░░░  60%  Streaming frame 854/1344
  ███████████████░░░░░░░░░░  60%  Streaming frame 855/1344
  ███████████████░░░░░░░░░░  60%  Streaming frame 856/1344
  ███████████████░░░░░░░░░░  60%  Streaming frame 857/1344
  ███████████████░░░░░░░░░░  60%  Streaming frame 858/1344
  ███████████████░░░░░░░░░░  60%  Streaming frame 859/1344
  ███████████████░░░░░░░░░░  60%  Streaming frame 860/1344
  ███████████████░░░░░░░░░░  60%  Streaming frame 861/1344
  ███████████████░░░░░░░░░░  60%  Streaming frame 862/1344
  ███████████████░░░░░░░░░░  60%  Streaming frame 863/1344
  ███████████████░░░░░░░░░░  60%  Streaming frame 864/1344
  ███████████████░░░░░░░░░░  60%  Streaming frame 865/1344
  ███████████████░░░░░░░░░░  60%  Streaming frame 866/1344
  ███████████████░░░░░░░░░░  60%  Streaming frame 867/1344
  ███████████████░░░░░░░░░░  61%  Streaming frame 868/1344
  ███████████████░░░░░░░░░░  61%  Streaming frame 869/1344
  ███████████████░░░░░░░░░░  61%  Streaming frame 870/1344
  ███████████████░░░░░░░░░░  61%  Streaming frame 871/1344
  ███████████████░░░░░░░░░░  61%  Streaming frame 872/1344
  ███████████████░░░░░░░░░░  61%  Streaming frame 873/1344
  ███████████████░░░░░░░░░░  61%  Streaming frame 874/1344
  ███████████████░░░░░░░░░░  61%  Streaming frame 875/1344
  ███████████████░░░░░░░░░░  61%  Streaming frame 876/1344
  ███████████████░░░░░░░░░░  61%  Streaming frame 877/1344
  ███████████████░░░░░░░░░░  61%  Streaming frame 878/1344
  ███████████████░░░░░░░░░░  61%  Streaming frame 879/1344
  ███████████████░░░░░░░░░░  61%  Streaming frame 880/1344
  ███████████████░░░░░░░░░░  61%  Streaming frame 881/1344
  ███████████████░░░░░░░░░░  61%  Streaming frame 882/1344
  ███████████████░░░░░░░░░░  61%  Streaming frame 883/1344
  ███████████████░░░░░░░░░░  61%  Streaming frame 884/1344
  ███████████████░░░░░░░░░░  61%  Streaming frame 885/1344
  ███████████████░░░░░░░░░░  61%  Streaming frame 886/1344
  ███████████████░░░░░░░░░░  61%  Streaming frame 887/1344
  ███████████████░░░░░░░░░░  61%  Streaming frame 888/1344
  ███████████████░░░░░░░░░░  61%  Streaming frame 889/1344
  ███████████████░░░░░░░░░░  61%  Streaming frame 890/1344
  ███████████████░░░░░░░░░░  61%  Streaming frame 891/1344
  ███████████████░░░░░░░░░░  62%  Streaming frame 892/1344
  ███████████████░░░░░░░░░░  62%  Streaming frame 893/1344
  ███████████████░░░░░░░░░░  62%  Streaming frame 894/1344
  ███████████████░░░░░░░░░░  62%  Streaming frame 895/1344
  ███████████████░░░░░░░░░░  62%  Streaming frame 896/1344
  ███████████████░░░░░░░░░░  62%  Streaming frame 897/1344
  ███████████████░░░░░░░░░░  62%  Streaming frame 898/1344
  ███████████████░░░░░░░░░░  62%  Streaming frame 899/1344
  ███████████████░░░░░░░░░░  62%  Streaming frame 900/1344
  ███████████████░░░░░░░░░░  62%  Streaming frame 901/1344
  ███████████████░░░░░░░░░░  62%  Streaming frame 902/1344
  ███████████████░░░░░░░░░░  62%  Streaming frame 903/1344
  ███████████████░░░░░░░░░░  62%  Streaming frame 904/1344
  ███████████████░░░░░░░░░░  62%  Streaming frame 905/1344
  ███████████████░░░░░░░░░░  62%  Streaming frame 906/1344
  ███████████████░░░░░░░░░░  62%  Streaming frame 907/1344
  ███████████████░░░░░░░░░░  62%  Streaming frame 908/1344
  ███████████████░░░░░░░░░░  62%  Streaming frame 909/1344
  ███████████████░░░░░░░░░░  62%  Streaming frame 910/1344
  ███████████████░░░░░░░░░░  62%  Streaming frame 911/1344
  ███████████████░░░░░░░░░░  62%  Streaming frame 912/1344
  ███████████████░░░░░░░░░░  62%  Streaming frame 913/1344
  ███████████████░░░░░░░░░░  62%  Streaming frame 914/1344
  ███████████████░░░░░░░░░░  62%  Streaming frame 915/1344
  ███████████████░░░░░░░░░░  62%  Streaming frame 916/1344
  ███████████████░░░░░░░░░░  63%  Streaming frame 917/1344
  ███████████████░░░░░░░░░░  63%  Streaming frame 918/1344
  ███████████████░░░░░░░░░░  63%  Streaming frame 919/1344
  ███████████████░░░░░░░░░░  63%  Streaming frame 920/1344
  ███████████████░░░░░░░░░░  63%  Streaming frame 921/1344
  ███████████████░░░░░░░░░░  63%  Streaming frame 922/1344
  ███████████████░░░░░░░░░░  63%  Streaming frame 923/1344
  ███████████████░░░░░░░░░░  63%  Streaming frame 924/1344
  ███████████████░░░░░░░░░░  63%  Streaming frame 925/1344
  ███████████████░░░░░░░░░░  63%  Streaming frame 926/1344
  ███████████████░░░░░░░░░░  63%  Streaming frame 927/1344
  ███████████████░░░░░░░░░░  63%  Streaming frame 928/1344
  ███████████████░░░░░░░░░░  63%  Streaming frame 929/1344
  ███████████████░░░░░░░░░░  63%  Streaming frame 930/1344
  ███████████████░░░░░░░░░░  63%  Streaming frame 931/1344
  ███████████████░░░░░░░░░░  63%  Streaming frame 932/1344
  ███████████████░░░░░░░░░░  63%  Streaming frame 933/1344
  ███████████████░░░░░░░░░░  63%  Streaming frame 934/1344
  ███████████████░░░░░░░░░░  63%  Streaming frame 935/1344
  ███████████████░░░░░░░░░░  63%  Streaming frame 936/1344
  ███████████████░░░░░░░░░░  63%  Streaming frame 937/1344
  ███████████████░░░░░░░░░░  63%  Streaming frame 938/1344
  ███████████████░░░░░░░░░░  63%  Streaming frame 939/1344
  ███████████████░░░░░░░░░░  63%  Streaming frame 940/1344
  ████████████████░░░░░░░░░  64%  Streaming frame 941/1344
  ████████████████░░░░░░░░░  64%  Streaming frame 942/1344
  ████████████████░░░░░░░░░  64%  Streaming frame 943/1344
  ████████████████░░░░░░░░░  64%  Streaming frame 944/1344
  ████████████████░░░░░░░░░  64%  Streaming frame 945/1344
  ████████████████░░░░░░░░░  64%  Streaming frame 946/1344
  ████████████████░░░░░░░░░  64%  Streaming frame 947/1344
  ████████████████░░░░░░░░░  64%  Streaming frame 948/1344
  ████████████████░░░░░░░░░  64%  Streaming frame 949/1344
  ████████████████░░░░░░░░░  64%  Streaming frame 950/1344
  ████████████████░░░░░░░░░  64%  Streaming frame 951/1344
  ████████████████░░░░░░░░░  64%  Streaming frame 952/1344
  ████████████████░░░░░░░░░  64%  Streaming frame 953/1344
  ████████████████░░░░░░░░░  64%  Streaming frame 954/1344
  ████████████████░░░░░░░░░  64%  Streaming frame 955/1344
  ████████████████░░░░░░░░░  64%  Streaming frame 956/1344
  ████████████████░░░░░░░░░  64%  Streaming frame 957/1344
  ████████████████░░░░░░░░░  64%  Streaming frame 958/1344
  ████████████████░░░░░░░░░  64%  Streaming frame 959/1344
  ████████████████░░░░░░░░░  64%  Streaming frame 960/1344
  ████████████████░░░░░░░░░  64%  Streaming frame 961/1344
  ████████████████░░░░░░░░░  64%  Streaming frame 962/1344
  ████████████████░░░░░░░░░  64%  Streaming frame 963/1344
  ████████████████░░░░░░░░░  64%  Streaming frame 964/1344
  ████████████████░░░░░░░░░  64%  Streaming frame 965/1344
  ████████████████░░░░░░░░░  65%  Streaming frame 966/1344
  ████████████████░░░░░░░░░  65%  Streaming frame 967/1344
  ████████████████░░░░░░░░░  65%  Streaming frame 968/1344
  ████████████████░░░░░░░░░  65%  Streaming frame 969/1344
  ████████████████░░░░░░░░░  65%  Streaming frame 970/1344
  ████████████████░░░░░░░░░  65%  Streaming frame 971/1344
  ████████████████░░░░░░░░░  65%  Streaming frame 972/1344
  ████████████████░░░░░░░░░  65%  Streaming frame 973/1344
  ████████████████░░░░░░░░░  65%  Streaming frame 974/1344
  ████████████████░░░░░░░░░  65%  Streaming frame 975/1344
  ████████████████░░░░░░░░░  65%  Streaming frame 976/1344
  ████████████████░░░░░░░░░  65%  Streaming frame 977/1344
  ████████████████░░░░░░░░░  65%  Streaming frame 978/1344
  ████████████████░░░░░░░░░  65%  Streaming frame 979/1344
  ████████████████░░░░░░░░░  65%  Streaming frame 980/1344
  ████████████████░░░░░░░░░  65%  Streaming frame 981/1344
  ████████████████░░░░░░░░░  65%  Streaming frame 982/1344
  ████████████████░░░░░░░░░  65%  Streaming frame 983/1344
  ████████████████░░░░░░░░░  65%  Streaming frame 984/1344
  ████████████████░░░░░░░░░  65%  Streaming frame 985/1344
  ████████████████░░░░░░░░░  65%  Streaming frame 986/1344
  ████████████████░░░░░░░░░  65%  Streaming frame 987/1344
  ████████████████░░░░░░░░░  65%  Streaming frame 988/1344
  ████████████████░░░░░░░░░  65%  Streaming frame 989/1344
  ████████████████░░░░░░░░░  66%  Streaming frame 990/1344
  ████████████████░░░░░░░░░  66%  Streaming frame 991/1344
  ████████████████░░░░░░░░░  66%  Streaming frame 992/1344
  ████████████████░░░░░░░░░  66%  Streaming frame 993/1344
  ████████████████░░░░░░░░░  66%  Streaming frame 994/1344
  ████████████████░░░░░░░░░  66%  Streaming frame 995/1344
  ████████████████░░░░░░░░░  66%  Streaming frame 996/1344
  ████████████████░░░░░░░░░  66%  Streaming frame 997/1344
  ████████████████░░░░░░░░░  66%  Streaming frame 998/1344
  ████████████████░░░░░░░░░  66%  Streaming frame 999/1344
  ████████████████░░░░░░░░░  66%  Streaming frame 1000/1344
  ████████████████░░░░░░░░░  66%  Streaming frame 1001/1344
  ████████████████░░░░░░░░░  66%  Streaming frame 1002/1344
  ████████████████░░░░░░░░░  66%  Streaming frame 1003/1344
  ████████████████░░░░░░░░░  66%  Streaming frame 1004/1344
  ████████████████░░░░░░░░░  66%  Streaming frame 1005/1344
  ████████████████░░░░░░░░░  66%  Streaming frame 1006/1344
  ████████████████░░░░░░░░░  66%  Streaming frame 1007/1344
  ████████████████░░░░░░░░░  66%  Streaming frame 1008/1344
[INFO] [Render] drawElement self-verify passed {"renderJobId":"9d44dd7e-0740-481e-9ee0-3a1940a9cb7b","frame":1008,"psnrDb":76.2}
  ████████████████░░░░░░░░░  66%  Streaming frame 1009/1344
  ████████████████░░░░░░░░░  66%  Streaming frame 1010/1344
  ████████████████░░░░░░░░░  66%  Streaming frame 1011/1344
  ████████████████░░░░░░░░░  66%  Streaming frame 1012/1344
  ████████████████░░░░░░░░░  66%  Streaming frame 1013/1344
  ████████████████░░░░░░░░░  66%  Streaming frame 1014/1344
  ████████████████░░░░░░░░░  67%  Streaming frame 1015/1344
  ████████████████░░░░░░░░░  67%  Streaming frame 1016/1344
  ████████████████░░░░░░░░░  67%  Streaming frame 1017/1344
  ████████████████░░░░░░░░░  67%  Streaming frame 1018/1344
  ████████████████░░░░░░░░░  67%  Streaming frame 1019/1344
  ████████████████░░░░░░░░░  67%  Streaming frame 1020/1344
  ████████████████░░░░░░░░░  67%  Streaming frame 1021/1344
  ████████████████░░░░░░░░░  67%  Streaming frame 1022/1344
  ████████████████░░░░░░░░░  67%  Streaming frame 1023/1344
  ████████████████░░░░░░░░░  67%  Streaming frame 1024/1344
  ████████████████░░░░░░░░░  67%  Streaming frame 1025/1344
  ████████████████░░░░░░░░░  67%  Streaming frame 1026/1344
  ████████████████░░░░░░░░░  67%  Streaming frame 1027/1344
  ████████████████░░░░░░░░░  67%  Streaming frame 1028/1344
  ████████████████░░░░░░░░░  67%  Streaming frame 1029/1344
  ████████████████░░░░░░░░░  67%  Streaming frame 1030/1344
  ████████████████░░░░░░░░░  67%  Streaming frame 1031/1344
  ████████████████░░░░░░░░░  67%  Streaming frame 1032/1344
  ████████████████░░░░░░░░░  67%  Streaming frame 1033/1344
  ████████████████░░░░░░░░░  67%  Streaming frame 1034/1344
  ████████████████░░░░░░░░░  67%  Streaming frame 1035/1344
  ████████████████░░░░░░░░░  67%  Streaming frame 1036/1344
  ████████████████░░░░░░░░░  67%  Streaming frame 1037/1344
  ████████████████░░░░░░░░░  67%  Streaming frame 1038/1344
  █████████████████░░░░░░░░  68%  Streaming frame 1039/1344
  █████████████████░░░░░░░░  68%  Streaming frame 1040/1344
  █████████████████░░░░░░░░  68%  Streaming frame 1041/1344
  █████████████████░░░░░░░░  68%  Streaming frame 1042/1344
  █████████████████░░░░░░░░  68%  Streaming frame 1043/1344
  █████████████████░░░░░░░░  68%  Streaming frame 1044/1344
  █████████████████░░░░░░░░  68%  Streaming frame 1045/1344
  █████████████████░░░░░░░░  68%  Streaming frame 1046/1344
  █████████████████░░░░░░░░  68%  Streaming frame 1047/1344
  █████████████████░░░░░░░░  68%  Streaming frame 1048/1344
  █████████████████░░░░░░░░  68%  Streaming frame 1049/1344
  █████████████████░░░░░░░░  68%  Streaming frame 1050/1344
  █████████████████░░░░░░░░  68%  Streaming frame 1051/1344
  █████████████████░░░░░░░░  68%  Streaming frame 1052/1344
  █████████████████░░░░░░░░  68%  Streaming frame 1053/1344
  █████████████████░░░░░░░░  68%  Streaming frame 1054/1344
  █████████████████░░░░░░░░  68%  Streaming frame 1055/1344
  █████████████████░░░░░░░░  68%  Streaming frame 1056/1344
  █████████████████░░░░░░░░  68%  Streaming frame 1057/1344
  █████████████████░░░░░░░░  68%  Streaming frame 1058/1344
  █████████████████░░░░░░░░  68%  Streaming frame 1059/1344
  █████████████████░░░░░░░░  68%  Streaming frame 1060/1344
  █████████████████░░░░░░░░  68%  Streaming frame 1061/1344
  █████████████████░░░░░░░░  68%  Streaming frame 1062/1344
  █████████████████░░░░░░░░  69%  Streaming frame 1063/1344
  █████████████████░░░░░░░░  69%  Streaming frame 1064/1344
  █████████████████░░░░░░░░  69%  Streaming frame 1065/1344
  █████████████████░░░░░░░░  69%  Streaming frame 1066/1344
  █████████████████░░░░░░░░  69%  Streaming frame 1067/1344
  █████████████████░░░░░░░░  69%  Streaming frame 1068/1344
  █████████████████░░░░░░░░  69%  Streaming frame 1069/1344
  █████████████████░░░░░░░░  69%  Streaming frame 1070/1344
  █████████████████░░░░░░░░  69%  Streaming frame 1071/1344
  █████████████████░░░░░░░░  69%  Streaming frame 1072/1344
  █████████████████░░░░░░░░  69%  Streaming frame 1073/1344
  █████████████████░░░░░░░░  69%  Streaming frame 1074/1344
  █████████████████░░░░░░░░  69%  Streaming frame 1075/1344
  █████████████████░░░░░░░░  69%  Streaming frame 1076/1344
  █████████████████░░░░░░░░  69%  Streaming frame 1077/1344
  █████████████████░░░░░░░░  69%  Streaming frame 1078/1344
  █████████████████░░░░░░░░  69%  Streaming frame 1079/1344
  █████████████████░░░░░░░░  69%  Streaming frame 1080/1344
  █████████████████░░░░░░░░  69%  Streaming frame 1081/1344
  █████████████████░░░░░░░░  69%  Streaming frame 1082/1344
  █████████████████░░░░░░░░  69%  Streaming frame 1083/1344
  █████████████████░░░░░░░░  69%  Streaming frame 1084/1344
  █████████████████░░░░░░░░  69%  Streaming frame 1085/1344
  █████████████████░░░░░░░░  69%  Streaming frame 1086/1344
  █████████████████░░░░░░░░  69%  Streaming frame 1087/1344
  █████████████████░░░░░░░░  70%  Streaming frame 1088/1344
  █████████████████░░░░░░░░  70%  Streaming frame 1089/1344
  █████████████████░░░░░░░░  70%  Streaming frame 1090/1344
  █████████████████░░░░░░░░  70%  Streaming frame 1091/1344
  █████████████████░░░░░░░░  70%  Streaming frame 1092/1344
  █████████████████░░░░░░░░  70%  Streaming frame 1093/1344
  █████████████████░░░░░░░░  70%  Streaming frame 1094/1344
  █████████████████░░░░░░░░  70%  Streaming frame 1095/1344
  █████████████████░░░░░░░░  70%  Streaming frame 1096/1344
  █████████████████░░░░░░░░  70%  Streaming frame 1097/1344
  █████████████████░░░░░░░░  70%  Streaming frame 1098/1344
  █████████████████░░░░░░░░  70%  Streaming frame 1099/1344
  █████████████████░░░░░░░░  70%  Streaming frame 1100/1344
  █████████████████░░░░░░░░  70%  Streaming frame 1101/1344
  █████████████████░░░░░░░░  70%  Streaming frame 1102/1344
  █████████████████░░░░░░░░  70%  Streaming frame 1103/1344
  █████████████████░░░░░░░░  70%  Streaming frame 1104/1344
  █████████████████░░░░░░░░  70%  Streaming frame 1105/1344
  █████████████████░░░░░░░░  70%  Streaming frame 1106/1344
  █████████████████░░░░░░░░  70%  Streaming frame 1107/1344
  █████████████████░░░░░░░░  70%  Streaming frame 1108/1344
  █████████████████░░░░░░░░  70%  Streaming frame 1109/1344
  █████████████████░░░░░░░░  70%  Streaming frame 1110/1344
  █████████████████░░░░░░░░  70%  Streaming frame 1111/1344
  █████████████████░░░░░░░░  71%  Streaming frame 1112/1344
  █████████████████░░░░░░░░  71%  Streaming frame 1113/1344
  █████████████████░░░░░░░░  71%  Streaming frame 1114/1344
  █████████████████░░░░░░░░  71%  Streaming frame 1115/1344
  █████████████████░░░░░░░░  71%  Streaming frame 1116/1344
  █████████████████░░░░░░░░  71%  Streaming frame 1117/1344
  █████████████████░░░░░░░░  71%  Streaming frame 1118/1344
  █████████████████░░░░░░░░  71%  Streaming frame 1119/1344
  █████████████████░░░░░░░░  71%  Streaming frame 1120/1344
  █████████████████░░░░░░░░  71%  Streaming frame 1121/1344
  █████████████████░░░░░░░░  71%  Streaming frame 1122/1344
  █████████████████░░░░░░░░  71%  Streaming frame 1123/1344
  █████████████████░░░░░░░░  71%  Streaming frame 1124/1344
  █████████████████░░░░░░░░  71%  Streaming frame 1125/1344
  █████████████████░░░░░░░░  71%  Streaming frame 1126/1344
  █████████████████░░░░░░░░  71%  Streaming frame 1127/1344
  █████████████████░░░░░░░░  71%  Streaming frame 1128/1344
  █████████████████░░░░░░░░  71%  Streaming frame 1129/1344
  █████████████████░░░░░░░░  71%  Streaming frame 1130/1344
  █████████████████░░░░░░░░  71%  Streaming frame 1131/1344
  █████████████████░░░░░░░░  71%  Streaming frame 1132/1344
  █████████████████░░░░░░░░  71%  Streaming frame 1133/1344
  █████████████████░░░░░░░░  71%  Streaming frame 1134/1344
  █████████████████░░░░░░░░  71%  Streaming frame 1135/1344
  █████████████████░░░░░░░░  71%  Streaming frame 1136/1344
  ██████████████████░░░░░░░  72%  Streaming frame 1137/1344
  ██████████████████░░░░░░░  72%  Streaming frame 1138/1344
  ██████████████████░░░░░░░  72%  Streaming frame 1139/1344
  ██████████████████░░░░░░░  72%  Streaming frame 1140/1344
  ██████████████████░░░░░░░  72%  Streaming frame 1141/1344
  ██████████████████░░░░░░░  72%  Streaming frame 1142/1344
  ██████████████████░░░░░░░  72%  Streaming frame 1143/1344
  ██████████████████░░░░░░░  72%  Streaming frame 1144/1344
  ██████████████████░░░░░░░  72%  Streaming frame 1145/1344
  ██████████████████░░░░░░░  72%  Streaming frame 1146/1344
  ██████████████████░░░░░░░  72%  Streaming frame 1147/1344
  ██████████████████░░░░░░░  72%  Streaming frame 1148/1344
  ██████████████████░░░░░░░  72%  Streaming frame 1149/1344
  ██████████████████░░░░░░░  72%  Streaming frame 1150/1344
  ██████████████████░░░░░░░  72%  Streaming frame 1151/1344
  ██████████████████░░░░░░░  72%  Streaming frame 1152/1344
  ██████████████████░░░░░░░  72%  Streaming frame 1153/1344
  ██████████████████░░░░░░░  72%  Streaming frame 1154/1344
  ██████████████████░░░░░░░  72%  Streaming frame 1155/1344
  ██████████████████░░░░░░░  72%  Streaming frame 1156/1344
  ██████████████████░░░░░░░  72%  Streaming frame 1157/1344
  ██████████████████░░░░░░░  72%  Streaming frame 1158/1344
  ██████████████████░░░░░░░  72%  Streaming frame 1159/1344
  ██████████████████░░░░░░░  72%  Streaming frame 1160/1344
  ██████████████████░░░░░░░  73%  Streaming frame 1161/1344
  ██████████████████░░░░░░░  73%  Streaming frame 1162/1344
  ██████████████████░░░░░░░  73%  Streaming frame 1163/1344
  ██████████████████░░░░░░░  73%  Streaming frame 1164/1344
  ██████████████████░░░░░░░  73%  Streaming frame 1165/1344
  ██████████████████░░░░░░░  73%  Streaming frame 1166/1344
  ██████████████████░░░░░░░  73%  Streaming frame 1167/1344
  ██████████████████░░░░░░░  73%  Streaming frame 1168/1344
  ██████████████████░░░░░░░  73%  Streaming frame 1169/1344
  ██████████████████░░░░░░░  73%  Streaming frame 1170/1344
  ██████████████████░░░░░░░  73%  Streaming frame 1171/1344
  ██████████████████░░░░░░░  73%  Streaming frame 1172/1344
  ██████████████████░░░░░░░  73%  Streaming frame 1173/1344
  ██████████████████░░░░░░░  73%  Streaming frame 1174/1344
  ██████████████████░░░░░░░  73%  Streaming frame 1175/1344
  ██████████████████░░░░░░░  73%  Streaming frame 1176/1344
  ██████████████████░░░░░░░  73%  Streaming frame 1177/1344
  ██████████████████░░░░░░░  73%  Streaming frame 1178/1344
  ██████████████████░░░░░░░  73%  Streaming frame 1179/1344
  ██████████████████░░░░░░░  73%  Streaming frame 1180/1344
  ██████████████████░░░░░░░  73%  Streaming frame 1181/1344
  ██████████████████░░░░░░░  73%  Streaming frame 1182/1344
  ██████████████████░░░░░░░  73%  Streaming frame 1183/1344
  ██████████████████░░░░░░░  73%  Streaming frame 1184/1344
  ██████████████████░░░░░░░  73%  Streaming frame 1185/1344
  ██████████████████░░░░░░░  74%  Streaming frame 1186/1344
  ██████████████████░░░░░░░  74%  Streaming frame 1187/1344
  ██████████████████░░░░░░░  74%  Streaming frame 1188/1344
  ██████████████████░░░░░░░  74%  Streaming frame 1189/1344
  ██████████████████░░░░░░░  74%  Streaming frame 1190/1344
  ██████████████████░░░░░░░  74%  Streaming frame 1191/1344
  ██████████████████░░░░░░░  74%  Streaming frame 1192/1344
  ██████████████████░░░░░░░  74%  Streaming frame 1193/1344
  ██████████████████░░░░░░░  74%  Streaming frame 1194/1344
  ██████████████████░░░░░░░  74%  Streaming frame 1195/1344
  ██████████████████░░░░░░░  74%  Streaming frame 1196/1344
  ██████████████████░░░░░░░  74%  Streaming frame 1197/1344
  ██████████████████░░░░░░░  74%  Streaming frame 1198/1344
  ██████████████████░░░░░░░  74%  Streaming frame 1199/1344
  ██████████████████░░░░░░░  74%  Streaming frame 1200/1344
  ██████████████████░░░░░░░  74%  Streaming frame 1201/1344
  ██████████████████░░░░░░░  74%  Streaming frame 1202/1344
  ██████████████████░░░░░░░  74%  Streaming frame 1203/1344
  ██████████████████░░░░░░░  74%  Streaming frame 1204/1344
  ██████████████████░░░░░░░  74%  Streaming frame 1205/1344
  ██████████████████░░░░░░░  74%  Streaming frame 1206/1344
  ██████████████████░░░░░░░  74%  Streaming frame 1207/1344
  ██████████████████░░░░░░░  74%  Streaming frame 1208/1344
  ██████████████████░░░░░░░  74%  Streaming frame 1209/1344
  ██████████████████░░░░░░░  75%  Streaming frame 1210/1344
  ██████████████████░░░░░░░  75%  Streaming frame 1211/1344
  ██████████████████░░░░░░░  75%  Streaming frame 1212/1344
  ██████████████████░░░░░░░  75%  Streaming frame 1213/1344
  ██████████████████░░░░░░░  75%  Streaming frame 1214/1344
  ██████████████████░░░░░░░  75%  Streaming frame 1215/1344
  ██████████████████░░░░░░░  75%  Streaming frame 1216/1344
  ██████████████████░░░░░░░  75%  Streaming frame 1217/1344
  ██████████████████░░░░░░░  75%  Streaming frame 1218/1344
  ██████████████████░░░░░░░  75%  Streaming frame 1219/1344
  ██████████████████░░░░░░░  75%  Streaming frame 1220/1344
  ██████████████████░░░░░░░  75%  Streaming frame 1221/1344
  ██████████████████░░░░░░░  75%  Streaming frame 1222/1344
  ██████████████████░░░░░░░  75%  Streaming frame 1223/1344
  ██████████████████░░░░░░░  75%  Streaming frame 1224/1344
  ██████████████████░░░░░░░  75%  Streaming frame 1225/1344
  ██████████████████░░░░░░░  75%  Streaming frame 1226/1344
  ██████████████████░░░░░░░  75%  Streaming frame 1227/1344
  ██████████████████░░░░░░░  75%  Streaming frame 1228/1344
  ██████████████████░░░░░░░  75%  Streaming frame 1229/1344
  ██████████████████░░░░░░░  75%  Streaming frame 1230/1344
  ██████████████████░░░░░░░  75%  Streaming frame 1231/1344
  ██████████████████░░░░░░░  75%  Streaming frame 1232/1344
  ██████████████████░░░░░░░  75%  Streaming frame 1233/1344
  ██████████████████░░░░░░░  75%  Streaming frame 1234/1344
  ███████████████████░░░░░░  76%  Streaming frame 1235/1344
  ███████████████████░░░░░░  76%  Streaming frame 1236/1344
  ███████████████████░░░░░░  76%  Streaming frame 1237/1344
  ███████████████████░░░░░░  76%  Streaming frame 1238/1344
  ███████████████████░░░░░░  76%  Streaming frame 1239/1344
  ███████████████████░░░░░░  76%  Streaming frame 1240/1344
  ███████████████████░░░░░░  76%  Streaming frame 1241/1344
  ███████████████████░░░░░░  76%  Streaming frame 1242/1344
  ███████████████████░░░░░░  76%  Streaming frame 1243/1344
  ███████████████████░░░░░░  76%  Streaming frame 1244/1344
  ███████████████████░░░░░░  76%  Streaming frame 1245/1344
  ███████████████████░░░░░░  76%  Streaming frame 1246/1344
  ███████████████████░░░░░░  76%  Streaming frame 1247/1344
  ███████████████████░░░░░░  76%  Streaming frame 1248/1344
  ███████████████████░░░░░░  76%  Streaming frame 1249/1344
  ███████████████████░░░░░░  76%  Streaming frame 1250/1344
  ███████████████████░░░░░░  76%  Streaming frame 1251/1344
  ███████████████████░░░░░░  76%  Streaming frame 1252/1344
  ███████████████████░░░░░░  76%  Streaming frame 1253/1344
  ███████████████████░░░░░░  76%  Streaming frame 1254/1344
  ███████████████████░░░░░░  76%  Streaming frame 1255/1344
  ███████████████████░░░░░░  76%  Streaming frame 1256/1344
  ███████████████████░░░░░░  76%  Streaming frame 1257/1344
  ███████████████████░░░░░░  76%  Streaming frame 1258/1344
  ███████████████████░░░░░░  77%  Streaming frame 1259/1344
  ███████████████████░░░░░░  77%  Streaming frame 1260/1344
  ███████████████████░░░░░░  77%  Streaming frame 1261/1344
  ███████████████████░░░░░░  77%  Streaming frame 1262/1344
  ███████████████████░░░░░░  77%  Streaming frame 1263/1344
  ███████████████████░░░░░░  77%  Streaming frame 1264/1344
  ███████████████████░░░░░░  77%  Streaming frame 1265/1344
  ███████████████████░░░░░░  77%  Streaming frame 1266/1344
  ███████████████████░░░░░░  77%  Streaming frame 1267/1344
  ███████████████████░░░░░░  77%  Streaming frame 1268/1344
  ███████████████████░░░░░░  77%  Streaming frame 1269/1344
  ███████████████████░░░░░░  77%  Streaming frame 1270/1344
  ███████████████████░░░░░░  77%  Streaming frame 1271/1344
  ███████████████████░░░░░░  77%  Streaming frame 1272/1344
  ███████████████████░░░░░░  77%  Streaming frame 1273/1344
  ███████████████████░░░░░░  77%  Streaming frame 1274/1344
  ███████████████████░░░░░░  77%  Streaming frame 1275/1344
  ███████████████████░░░░░░  77%  Streaming frame 1276/1344
  ███████████████████░░░░░░  77%  Streaming frame 1277/1344
[INFO] [Render] drawElement self-verify passed {"renderJobId":"9d44dd7e-0740-481e-9ee0-3a1940a9cb7b","frame":1277,"psnrDb":"inf"}
  ███████████████████░░░░░░  77%  Streaming frame 1278/1344
  ███████████████████░░░░░░  77%  Streaming frame 1279/1344
  ███████████████████░░░░░░  77%  Streaming frame 1280/1344
  ███████████████████░░░░░░  77%  Streaming frame 1281/1344
  ███████████████████░░░░░░  77%  Streaming frame 1282/1344
  ███████████████████░░░░░░  78%  Streaming frame 1283/1344
  ███████████████████░░░░░░  78%  Streaming frame 1284/1344
  ███████████████████░░░░░░  78%  Streaming frame 1285/1344
  ███████████████████░░░░░░  78%  Streaming frame 1286/1344
  ███████████████████░░░░░░  78%  Streaming frame 1287/1344
  ███████████████████░░░░░░  78%  Streaming frame 1288/1344
  ███████████████████░░░░░░  78%  Streaming frame 1289/1344
  ███████████████████░░░░░░  78%  Streaming frame 1290/1344
  ███████████████████░░░░░░  78%  Streaming frame 1291/1344
  ███████████████████░░░░░░  78%  Streaming frame 1292/1344
  ███████████████████░░░░░░  78%  Streaming frame 1293/1344
  ███████████████████░░░░░░  78%  Streaming frame 1294/1344
  ███████████████████░░░░░░  78%  Streaming frame 1295/1344
  ███████████████████░░░░░░  78%  Streaming frame 1296/1344
  ███████████████████░░░░░░  78%  Streaming frame 1297/1344
  ███████████████████░░░░░░  78%  Streaming frame 1298/1344
  ███████████████████░░░░░░  78%  Streaming frame 1299/1344
  ███████████████████░░░░░░  78%  Streaming frame 1300/1344
  ███████████████████░░░░░░  78%  Streaming frame 1301/1344
  ███████████████████░░░░░░  78%  Streaming frame 1302/1344
  ███████████████████░░░░░░  78%  Streaming frame 1303/1344
  ███████████████████░░░░░░  78%  Streaming frame 1304/1344
  ███████████████████░░░░░░  78%  Streaming frame 1305/1344
  ███████████████████░░░░░░  78%  Streaming frame 1306/1344
  ███████████████████░░░░░░  78%  Streaming frame 1307/1344
  ███████████████████░░░░░░  79%  Streaming frame 1308/1344
  ███████████████████░░░░░░  79%  Streaming frame 1309/1344
  ███████████████████░░░░░░  79%  Streaming frame 1310/1344
  ███████████████████░░░░░░  79%  Streaming frame 1311/1344
  ███████████████████░░░░░░  79%  Streaming frame 1312/1344
  ███████████████████░░░░░░  79%  Streaming frame 1313/1344
  ███████████████████░░░░░░  79%  Streaming frame 1314/1344
  ███████████████████░░░░░░  79%  Streaming frame 1315/1344
  ███████████████████░░░░░░  79%  Streaming frame 1316/1344
  ███████████████████░░░░░░  79%  Streaming frame 1317/1344
  ███████████████████░░░░░░  79%  Streaming frame 1318/1344
  ███████████████████░░░░░░  79%  Streaming frame 1319/1344
  ███████████████████░░░░░░  79%  Streaming frame 1320/1344
  ███████████████████░░░░░░  79%  Streaming frame 1321/1344
  ███████████████████░░░░░░  79%  Streaming frame 1322/1344
  ███████████████████░░░░░░  79%  Streaming frame 1323/1344
  ███████████████████░░░░░░  79%  Streaming frame 1324/1344
  ███████████████████░░░░░░  79%  Streaming frame 1325/1344
  ███████████████████░░░░░░  79%  Streaming frame 1326/1344
  ███████████████████░░░░░░  79%  Streaming frame 1327/1344
  ███████████████████░░░░░░  79%  Streaming frame 1328/1344
  ███████████████████░░░░░░  79%  Streaming frame 1329/1344
  ███████████████████░░░░░░  79%  Streaming frame 1330/1344
  ███████████████████░░░░░░  79%  Streaming frame 1331/1344
  ████████████████████░░░░░  80%  Streaming frame 1332/1344
  ████████████████████░░░░░  80%  Streaming frame 1333/1344
  ████████████████████░░░░░  80%  Streaming frame 1334/1344
  ████████████████████░░░░░  80%  Streaming frame 1335/1344
  ████████████████████░░░░░  80%  Streaming frame 1336/1344
  ████████████████████░░░░░  80%  Streaming frame 1337/1344
  ████████████████████░░░░░  80%  Streaming frame 1338/1344
  ████████████████████░░░░░  80%  Streaming frame 1339/1344
  ████████████████████░░░░░  80%  Streaming frame 1340/1344
  ████████████████████░░░░░  80%  Streaming frame 1341/1344
  ████████████████████░░░░░  80%  Streaming frame 1342/1344
  ████████████████████░░░░░  80%  Streaming frame 1343/1344
  ████████████████████░░░░░  80%  Streaming frame 1344/1344
[static-dedup] reused 883/2227 frame(s) (40%), est. ~4415ms saved (avg 5ms/frame)
[INFO] [Render:trace] {"renderJobId":"9d44dd7e-0740-481e-9ee0-3a1940a9cb7b","phase":"capture_streaming","status":"end","elapsedMs":13679,"durationMs":12361,"stagePhase":"capturing","workerCount":1,"forceScreenshot":false,"totalFrames":1344,"framesCompleted":1344,"captureMode":"drawelement","captureOperation":"encode"}
[INFO] [Render:trace] {"renderJobId":"9d44dd7e-0740-481e-9ee0-3a1940a9cb7b","phase":"assemble","status":"start","elapsedMs":13680,"stagePhase":"capturing","hasAudio":true,"workerCount":1,"forceScreenshot":false,"totalFrames":1344,"framesCompleted":1344,"captureMode":"drawelement","captureOperation":"encode"}
  ██████████████████████░░░  90%  Assembling final video
[INFO] [Render:trace] {"renderJobId":"9d44dd7e-0740-481e-9ee0-3a1940a9cb7b","phase":"assemble","status":"end","elapsedMs":14895,"durationMs":1215,"stagePhase":"capturing","hasAudio":true,"workerCount":1,"forceScreenshot":false,"totalFrames":1344,"framesCompleted":1344,"captureMode":"drawelement","captureOperation":"encode"}
[INFO] [Render:trace] {"renderJobId":"9d44dd7e-0740-481e-9ee0-3a1940a9cb7b","phase":"pipeline","status":"checkpoint","elapsedMs":14920,"message":"artifact validated","totalElapsedMs":14919}
  █████████████████████████  100%  Render complete

◇  /Users/brownmanbrain/GitHub/operator-economy/blueprint-cinema/experiments/EP009-FULL-BUILD-001/scenes/seg061__seg062/qa/s18.mp4
   2.7 MB · 56.0s video · rendered in 14.9s
