
◆  Rendering r50-records → /Users/brownmanbrain/GitHub/operator-economy/blueprint-cinema/experiments/EP007-NET-NEW-UNFINISHED-ANSWER-003/hyperframes/reviews/r50-records/qa/r50-records.mp4
   24fps · high · auto workers (10 cores detected)
   GPU: browser GPU (auto-detect)

[?25l│
◇  Browser: cache
[?25h[INFO] [Render] Pipeline started {"renderJobId":"e01788b6-583a-488d-b346-758c483d1709","platform":"darwin","arch":"arm64","nodeVersion":"v25.6.1","fps":{"num":24,"den":1},"format":"mp4","quality":"high","browserGpuMode":"auto","forceScreenshot":false,"protocolTimeout":300000,"browserTimeout":120000,"pageNavigationTimeout":60000,"playerReadyTimeout":45000}
[INFO] [Render:trace] {"renderJobId":"e01788b6-583a-488d-b346-758c483d1709","phase":"pipeline","status":"checkpoint","elapsedMs":1,"message":"started","format":"mp4","quality":"high","browserGpuMode":"auto","forceScreenshot":false,"protocolTimeoutMs":300000,"pageNavigationTimeoutMs":60000,"playerReadyTimeoutMs":45000,"requestedWorkers":"auto"}
[INFO] [Render:trace] {"renderJobId":"e01788b6-583a-488d-b346-758c483d1709","phase":"compile","status":"start","elapsedMs":2,"needsAlpha":false}
  █░░░░░░░░░░░░░░░░░░░░░░░░  5%  Compiling composition
[INFO] [Compiler] Embedded local font file: public/fonts/boska-700.woff2 (30 KB → data URI)
[INFO] [Compiler] Embedded local font file: public/fonts/supreme-500.woff2 (18 KB → data URI)
[INFO] Compiled composition metadata {"renderJobId":"e01788b6-583a-488d-b346-758c483d1709","entryFile":"index.html","staticDuration":8.416666666666666,"width":1280,"height":720,"videoCount":0,"audioCount":1,"renderModeHints":{"recommendScreenshot":false,"reasons":[]}}
[INFO] [Render:trace] {"renderJobId":"e01788b6-583a-488d-b346-758c483d1709","phase":"compile","status":"end","elapsedMs":63,"durationMs":61,"needsAlpha":false}
[INFO] [Render:trace] {"renderJobId":"e01788b6-583a-488d-b346-758c483d1709","phase":"compile","status":"checkpoint","elapsedMs":63,"message":"composition metadata resolved","width":1280,"height":720,"videoCount":0,"audioCount":1,"imageCount":0,"deviceScaleFactor":1,"forceScreenshot":false,"compositionHash":"fc98e0a3e6499836"}
[INFO] [Render:trace] {"renderJobId":"e01788b6-583a-488d-b346-758c483d1709","phase":"browser_probe","status":"start","elapsedMs":64,"forceScreenshot":false,"stagePhase":"calibrating"}
[INFO] [Render:trace] {"renderJobId":"e01788b6-583a-488d-b346-758c483d1709","phase":"browser_probe","status":"end","elapsedMs":66,"durationMs":2,"forceScreenshot":false,"stagePhase":"calibrating"}
[INFO] [Render:trace] {"renderJobId":"e01788b6-583a-488d-b346-758c483d1709","phase":"browser_probe","status":"checkpoint","elapsedMs":66,"message":"duration resolved","durationSeconds":8.416666666666666,"totalFrames":202,"compositionHash":"fc98e0a3e6499836","beginFrameStalled":false}
[INFO] [Render:trace] {"renderJobId":"e01788b6-583a-488d-b346-758c483d1709","phase":"video_extract","status":"start","elapsedMs":66,"videoCount":0}
  ██░░░░░░░░░░░░░░░░░░░░░░░  10%  Extracting video frames
[INFO] [Render:trace] {"renderJobId":"e01788b6-583a-488d-b346-758c483d1709","phase":"video_extract","status":"end","elapsedMs":66,"durationMs":0,"videoCount":0}
[INFO] [Render:trace] {"renderJobId":"e01788b6-583a-488d-b346-758c483d1709","phase":"video_extract","status":"checkpoint","elapsedMs":67,"message":"frames resolved","videoCount":0,"extractedVideoCount":0,"totalFramesExtracted":0,"maxFramesPerVideo":0,"avgFramesPerExtractedVideo":null,"vfrPreflightCount":null,"vfrPreflightMs":null,"cacheHits":null,"cacheMisses":null,"transientRetries":null,"minVideoFrameCoverageRatio":null,"authoredTimedClipCount":2}
[INFO] [Render] No HDR sources detected — rendering SDR {"renderJobId":"e01788b6-583a-488d-b346-758c483d1709"}
[INFO] [Render:trace] {"renderJobId":"e01788b6-583a-488d-b346-758c483d1709","phase":"hdr_detection","status":"checkpoint","elapsedMs":67,"message":"resolved","requestedHdrMode":"auto","effectiveHdr":"sdr","nativeHdrVideoCount":0,"nativeHdrImageCount":0}
[INFO] [Render:trace] {"renderJobId":"e01788b6-583a-488d-b346-758c483d1709","phase":"audio_process","status":"start","elapsedMs":67,"audioCount":1}
  █████░░░░░░░░░░░░░░░░░░░░  20%  Processing audio tracks
[INFO] [Render:trace] {"renderJobId":"e01788b6-583a-488d-b346-758c483d1709","phase":"audio_process","status":"end","elapsedMs":307,"durationMs":240,"audioCount":1}
[INFO] [Render:trace] {"renderJobId":"e01788b6-583a-488d-b346-758c483d1709","phase":"file_server","status":"start","elapsedMs":307,"reused":false}
  ██████░░░░░░░░░░░░░░░░░░░  25%  Starting frame capture
[INFO] [Render:trace] {"renderJobId":"e01788b6-583a-488d-b346-758c483d1709","phase":"file_server","status":"end","elapsedMs":312,"durationMs":5}
[hyperframes] browserGpuMode probe → hardware (WebGL renderer vendor="Google Inc. (Apple)" renderer="ANGLE (Apple, ANGLE Metal Renderer: Apple M4, Unspecified Version)")
[INFO] [Render:trace] {"renderJobId":"e01788b6-583a-488d-b346-758c483d1709","phase":"capture_calibration","status":"start","elapsedMs":473,"stagePhase":"calibrating","forceScreenshot":false,"totalFrames":202,"framesCompleted":0,"captureMode":"drawelement","captureOperation":"drawElement"}
[INFO] [Render] Calibration config {"renderJobId":"e01788b6-583a-488d-b346-758c483d1709","protocolTimeout":30000,"parentProtocolTimeout":300000,"forceScreenshot":false,"totalFrames":202}
[INFO] Launching browser for capture calibration... {"renderJobId":"e01788b6-583a-488d-b346-758c483d1709"}
[BrowserManager] Browser launched (HeadlessChrome/152.0.7977.30, screenshot, gl=--use-gl=angle --use-angle=metal, headlessShell=true, platform=darwin)
[INFO] Initializing calibration session... {"renderJobId":"e01788b6-583a-488d-b346-758c483d1709"}
[initSession:screenshot] page.goto start (1ms)
[HyperFrames] render runtime fps [object Object]
[initSession:screenshot] page.goto complete (124ms)
[initSession:screenshot] GSAP proxy flush complete (127ms)
[initSession:screenshot] pollHfReady complete (127ms)
[initSession:screenshot] pollSubCompositionTimelines complete (ready) (128ms)
[initSession:screenshot] applyVideoMetadataHints complete (128ms)
[initSession:screenshot] media + fonts + tailwind ready (129ms)
[initSession:screenshot] timeline at-risk predictor: 0/203 frames (0%) (157ms)
[initSession:screenshot] static-frame dedup: 113/113 predicted frame(s) reusable (outcome=verified, runs=4/4, screenshots=28, seeks=29, elapsedMs=1100) (1438ms)
[initSession:screenshot] drawElement self-verify armed: 4 ground-truth frame(s) @ [51, 101, 152, 192] of 202 (1806ms)
[initSession:drawelement] drawElement canvas injected (1809ms)
[initSession:drawelement] screenshot fallback: 5 clip-boundary frame(s) (1809ms)
[initSession:drawelement] drawElement worker encode initialized (1812ms)
[INFO] Calibration session ready, capturing test frames... {"renderJobId":"e01788b6-583a-488d-b346-758c483d1709"}
[INFO] Calibration: capturing test frame 1/5... {"renderJobId":"e01788b6-583a-488d-b346-758c483d1709"}
[INFO] Calibration: capturing test frame 2/5... {"renderJobId":"e01788b6-583a-488d-b346-758c483d1709"}
[INFO] Calibration: capturing test frame 3/5... {"renderJobId":"e01788b6-583a-488d-b346-758c483d1709"}
[INFO] Calibration: capturing test frame 4/5... {"renderJobId":"e01788b6-583a-488d-b346-758c483d1709"}
[INFO] Calibration: capturing test frame 5/5... {"renderJobId":"e01788b6-583a-488d-b346-758c483d1709"}
[INFO] Calibration complete, estimated cost: 18ms/frame (p95) {"renderJobId":"e01788b6-583a-488d-b346-758c483d1709"}
[INFO] [Render:trace] {"renderJobId":"e01788b6-583a-488d-b346-758c483d1709","phase":"capture_calibration","status":"end","elapsedMs":2549,"durationMs":2075,"stagePhase":"calibrating","forceScreenshot":false,"totalFrames":202,"framesCompleted":0,"captureMode":"drawelement","captureOperation":"drawElement"}
[INFO] [Render:trace] {"renderJobId":"e01788b6-583a-488d-b346-758c483d1709","phase":"capture_calibration","status":"checkpoint","elapsedMs":2549,"message":"resolved","forceScreenshot":false,"multiplier":1,"p95Ms":18}
[INFO] [Render:trace] {"renderJobId":"e01788b6-583a-488d-b346-758c483d1709","phase":"worker_resolution","status":"checkpoint","elapsedMs":2549,"message":"resolved","workerCount":5}
[INFO] [Render] Fast capture: default-on drawElement disabled for this render — parallel capture has no runtime self-verification. Set PRODUCER_EXPERIMENTAL_FAST_CAPTURE=true to override. {"renderJobId":"e01788b6-583a-488d-b346-758c483d1709"}
[INFO] streaming-encode gate {"renderJobId":"e01788b6-583a-488d-b346-758c483d1709","enabled":false,"configFlag":true,"outputFormat":"mp4","workerCount":5,"durationSeconds":8.416666666666666,"maxDurationSeconds":240}
[INFO] [Render:trace] {"renderJobId":"e01788b6-583a-488d-b346-758c483d1709","phase":"capture_strategy","status":"checkpoint","elapsedMs":2549,"message":"resolved","workerCount":5,"forceScreenshot":false,"captureBeyondViewport":null,"useStreamingEncode":false,"useLayeredComposite":false,"usePageSideCompositing":false,"hasHdrContent":false,"hasShaderTransitions":false,"isPngSequence":false}
[INFO] [Render:trace] {"renderJobId":"e01788b6-583a-488d-b346-758c483d1709","phase":"capture_disk","status":"start","elapsedMs":2550,"stagePhase":"capturing","needsAlpha":false,"workerCount":5,"forceScreenshot":false,"totalFrames":202,"framesCompleted":0,"captureMode":"beginframe","captureOperation":"beginFrame"}
  ██████░░░░░░░░░░░░░░░░░░░  25%  Capturing frame 0/202 (5 workers)
  ██████░░░░░░░░░░░░░░░░░░░  25%  Capturing frame 0/202 (5 workers)
  ██████░░░░░░░░░░░░░░░░░░░  25%  Capturing frame 0/202 (5 workers)
  ██████░░░░░░░░░░░░░░░░░░░  25%  Capturing frame 0/202 (5 workers)
  ██████░░░░░░░░░░░░░░░░░░░  25%  Capturing frame 0/202 (5 workers)
[BrowserManager] Browser launched (HeadlessChrome/152.0.7977.30, screenshot, gl=--use-gl=angle --use-angle=metal, headlessShell=true, platform=darwin)
  ██████░░░░░░░░░░░░░░░░░░░  25%  Capturing frame 0/202 (5 workers)
[initSession:screenshot] page.goto start (0ms)
  ██████░░░░░░░░░░░░░░░░░░░  25%  Capturing frame 0/202 (5 workers)
  ██████░░░░░░░░░░░░░░░░░░░  25%  Capturing frame 0/202 (5 workers)
[initSession:screenshot] page.goto start (0ms)
  ██████░░░░░░░░░░░░░░░░░░░  25%  Capturing frame 0/202 (5 workers)
  ██████░░░░░░░░░░░░░░░░░░░  25%  Capturing frame 0/202 (5 workers)
[initSession:screenshot] page.goto start (0ms)
  ██████░░░░░░░░░░░░░░░░░░░  25%  Capturing frame 0/202 (5 workers)
  ██████░░░░░░░░░░░░░░░░░░░  25%  Capturing frame 0/202 (5 workers)
[initSession:screenshot] page.goto start (0ms)
  ██████░░░░░░░░░░░░░░░░░░░  25%  Capturing frame 0/202 (5 workers)
[HyperFrames] render runtime fps [object Object]
[HyperFrames] render runtime fps [object Object]
[HyperFrames] render runtime fps [object Object]
[HyperFrames] render runtime fps [object Object]
[initSession:screenshot] page.goto complete (104ms)
[initSession:screenshot] page.goto complete (116ms)
[initSession:screenshot] page.goto complete (139ms)
[initSession:screenshot] page.goto complete (138ms)
[initSession:screenshot] GSAP proxy flush complete (143ms)
[initSession:screenshot] GSAP proxy flush complete (143ms)
  ██████░░░░░░░░░░░░░░░░░░░  25%  Capturing frame 0/202 (5 workers)
[initSession:screenshot] page.goto start (0ms)
  ██████░░░░░░░░░░░░░░░░░░░  25%  Capturing frame 0/202 (5 workers)
[initSession:screenshot] GSAP proxy flush complete (149ms)
[initSession:screenshot] GSAP proxy flush complete (147ms)
[initSession:screenshot] pollHfReady complete (146ms)
[initSession:screenshot] pollHfReady complete (145ms)
[initSession:screenshot] pollHfReady complete (148ms)
[initSession:screenshot] pollHfReady complete (151ms)
[initSession:screenshot] pollSubCompositionTimelines complete (ready) (152ms)
[initSession:screenshot] applyVideoMetadataHints complete (152ms)
[initSession:screenshot] pollSubCompositionTimelines complete (ready) (158ms)
[initSession:screenshot] applyVideoMetadataHints complete (158ms)
[initSession:screenshot] pollSubCompositionTimelines complete (ready) (160ms)
[initSession:screenshot] applyVideoMetadataHints complete (160ms)
[initSession:screenshot] pollSubCompositionTimelines complete (ready) (163ms)
[initSession:screenshot] applyVideoMetadataHints complete (163ms)
[initSession:screenshot] media + fonts + tailwind ready (160ms)
[initSession:screenshot] media + fonts + tailwind ready (162ms)
[initSession:screenshot] media + fonts + tailwind ready (163ms)
[initSession:screenshot] media + fonts + tailwind ready (165ms)
[HyperFrames] render runtime fps [object Object]
[initSession:screenshot] page.goto complete (51ms)
[initSession:screenshot] GSAP proxy flush complete (56ms)
[initSession:screenshot] pollHfReady complete (203ms)
[initSession:screenshot] pollSubCompositionTimelines complete (ready) (207ms)
[initSession:screenshot] applyVideoMetadataHints complete (207ms)
[initSession:screenshot] media + fonts + tailwind ready (210ms)
[initSession:screenshot] static-frame dedup: 113/113 predicted frame(s) reusable (outcome=verified, runs=4/4, screenshots=28, seeks=29, elapsedMs=1096) (1466ms)
[initSession:screenshot] static-frame dedup: 113/113 predicted frame(s) reusable (outcome=verified, runs=4/4, screenshots=28, seeks=29, elapsedMs=1094) (1464ms)
  ██████░░░░░░░░░░░░░░░░░░░  25%  Capturing frame 0/202 (5 workers)
  ██████░░░░░░░░░░░░░░░░░░░  25%  Capturing frame 0/202 (5 workers)
[initSession:screenshot] static-frame dedup: 113/113 predicted frame(s) reusable (outcome=verified, runs=4/4, screenshots=28, seeks=29, elapsedMs=1135) (1493ms)
  ██████░░░░░░░░░░░░░░░░░░░  25%  Capturing frame 0/202 (5 workers)
[initSession:screenshot] static-frame dedup: 113/113 predicted frame(s) reusable (outcome=verified, runs=4/4, screenshots=28, seeks=29, elapsedMs=1151) (1511ms)
  ██████░░░░░░░░░░░░░░░░░░░  25%  Capturing frame 0/202 (5 workers)
  ████████░░░░░░░░░░░░░░░░░  32%  Capturing frame 30/202 (5 workers)
[initSession:screenshot] static-frame dedup: 113/113 predicted frame(s) reusable (outcome=verified, runs=4/4, screenshots=28, seeks=29, elapsedMs=1140) (1565ms)
  █████████░░░░░░░░░░░░░░░░  38%  Capturing frame 60/202 (5 workers)
[static-dedup] reused 35/41 frame(s) (85%), est. ~1680ms saved (avg 48ms/frame)
  ███████████░░░░░░░░░░░░░░  45%  Capturing frame 90/202 (5 workers)
  █████████████░░░░░░░░░░░░  52%  Capturing frame 120/202 (5 workers)
[static-dedup] reused 30/38 frame(s) (79%), est. ~1260ms saved (avg 42ms/frame)
  ██████████████░░░░░░░░░░░  58%  Capturing frame 150/202 (5 workers)
  ████████████████░░░░░░░░░  65%  Capturing frame 180/202 (5 workers)
[static-dedup] reused 22/41 frame(s) (54%), est. ~946ms saved (avg 43ms/frame)
[static-dedup] reused 13/41 frame(s) (32%), est. ~559ms saved (avg 43ms/frame)
  █████████████████░░░░░░░░  70%  Capturing frame 202/202 (5 workers)
[static-dedup] reused 11/41 frame(s) (27%), est. ~473ms saved (avg 43ms/frame)
[INFO] [Render:trace] {"renderJobId":"e01788b6-583a-488d-b346-758c483d1709","phase":"capture_disk","status":"end","elapsedMs":5545,"durationMs":2995,"stagePhase":"capturing","needsAlpha":false,"workerCount":5,"forceScreenshot":false,"totalFrames":202,"framesCompleted":202,"captureMode":"beginframe","captureOperation":"encode"}
[INFO] [Render:trace] {"renderJobId":"e01788b6-583a-488d-b346-758c483d1709","phase":"encode","status":"start","elapsedMs":5545,"stagePhase":"capturing","hasAudio":true,"isPngSequence":false,"isGif":false,"chunkedEncode":false,"workerCount":5,"forceScreenshot":false,"totalFrames":202,"framesCompleted":202,"captureMode":"beginframe","captureOperation":"encode"}
  ██████████████████░░░░░░░  75%  Encoding video
[INFO] [Render:trace] {"renderJobId":"e01788b6-583a-488d-b346-758c483d1709","phase":"encode","status":"end","elapsedMs":5957,"durationMs":412,"stagePhase":"capturing","hasAudio":true,"isPngSequence":false,"isGif":false,"chunkedEncode":false,"workerCount":5,"forceScreenshot":false,"totalFrames":202,"framesCompleted":202,"captureMode":"beginframe","captureOperation":"encode"}
[INFO] [Render:trace] {"renderJobId":"e01788b6-583a-488d-b346-758c483d1709","phase":"assemble","status":"start","elapsedMs":5958,"stagePhase":"capturing","hasAudio":true,"workerCount":5,"forceScreenshot":false,"totalFrames":202,"framesCompleted":202,"captureMode":"beginframe","captureOperation":"encode"}
  ██████████████████████░░░  90%  Assembling final video
[INFO] [Render:trace] {"renderJobId":"e01788b6-583a-488d-b346-758c483d1709","phase":"assemble","status":"end","elapsedMs":6221,"durationMs":263,"stagePhase":"capturing","hasAudio":true,"workerCount":5,"forceScreenshot":false,"totalFrames":202,"framesCompleted":202,"captureMode":"beginframe","captureOperation":"encode"}
[INFO] [Render:trace] {"renderJobId":"e01788b6-583a-488d-b346-758c483d1709","phase":"pipeline","status":"checkpoint","elapsedMs":6244,"message":"artifact validated","totalElapsedMs":6243}
  █████████████████████████  100%  Render complete

◇  /Users/brownmanbrain/GitHub/operator-economy/blueprint-cinema/experiments/EP007-NET-NEW-UNFINISHED-ANSWER-003/hyperframes/reviews/r50-records/qa/r50-records.mp4
   479.9 KB · 8.4s video · rendered in 6.3s
  [hyperframes] Agent feedback: hyperframes feedback --rating <0-10> --comment "..."
