
◆  Rendering r55-s12bc → /Users/brownmanbrain/GitHub/operator-economy/blueprint-cinema/experiments/EP007-NET-NEW-UNFINISHED-ANSWER-003/hyperframes/reviews/r55-s12bc/qa/r55-s12bc.mp4
   24fps · high · auto workers (10 cores detected)
   GPU: browser GPU (auto-detect)

[?25l│
◇  Browser: cache
[?25h[INFO] [Render] Pipeline started {"renderJobId":"08b2406f-17a4-4975-8f78-8069840aa183","platform":"darwin","arch":"arm64","nodeVersion":"v25.6.1","fps":{"num":24,"den":1},"format":"mp4","quality":"high","browserGpuMode":"auto","forceScreenshot":false,"protocolTimeout":300000,"browserTimeout":120000,"pageNavigationTimeout":60000,"playerReadyTimeout":45000}
[INFO] [Render:trace] {"renderJobId":"08b2406f-17a4-4975-8f78-8069840aa183","phase":"pipeline","status":"checkpoint","elapsedMs":1,"message":"started","format":"mp4","quality":"high","browserGpuMode":"auto","forceScreenshot":false,"protocolTimeoutMs":300000,"pageNavigationTimeoutMs":60000,"playerReadyTimeoutMs":45000,"requestedWorkers":"auto"}
[INFO] [Render:trace] {"renderJobId":"08b2406f-17a4-4975-8f78-8069840aa183","phase":"compile","status":"start","elapsedMs":2,"needsAlpha":false}
  █░░░░░░░░░░░░░░░░░░░░░░░░  5%  Compiling composition
[INFO] [Compiler] Embedded local font file: public/fonts/boska-700.woff2 (30 KB → data URI)
[INFO] [Compiler] Embedded local font file: public/fonts/supreme-400.woff2 (18 KB → data URI)
[INFO] [Compiler] Embedded local font file: public/fonts/supreme-500.woff2 (18 KB → data URI)
[INFO] Compiled composition metadata {"renderJobId":"08b2406f-17a4-4975-8f78-8069840aa183","entryFile":"index.html","staticDuration":36.958333333333336,"width":1280,"height":720,"videoCount":0,"audioCount":1,"renderModeHints":{"recommendScreenshot":false,"reasons":[]}}
[INFO] [Render:trace] {"renderJobId":"08b2406f-17a4-4975-8f78-8069840aa183","phase":"compile","status":"end","elapsedMs":60,"durationMs":58,"needsAlpha":false}
[INFO] [Render:trace] {"renderJobId":"08b2406f-17a4-4975-8f78-8069840aa183","phase":"compile","status":"checkpoint","elapsedMs":61,"message":"composition metadata resolved","width":1280,"height":720,"videoCount":0,"audioCount":1,"imageCount":1,"deviceScaleFactor":1,"forceScreenshot":false,"compositionHash":"9fb5a251d71dcdaa"}
[INFO] [Render:trace] {"renderJobId":"08b2406f-17a4-4975-8f78-8069840aa183","phase":"browser_probe","status":"start","elapsedMs":61,"forceScreenshot":false,"stagePhase":"calibrating"}
[INFO] [Render:trace] {"renderJobId":"08b2406f-17a4-4975-8f78-8069840aa183","phase":"browser_probe","status":"end","elapsedMs":63,"durationMs":2,"forceScreenshot":false,"stagePhase":"calibrating"}
[INFO] [Render:trace] {"renderJobId":"08b2406f-17a4-4975-8f78-8069840aa183","phase":"browser_probe","status":"checkpoint","elapsedMs":63,"message":"duration resolved","durationSeconds":36.958333333333336,"totalFrames":887,"compositionHash":"9fb5a251d71dcdaa","beginFrameStalled":false}
[INFO] [Render:trace] {"renderJobId":"08b2406f-17a4-4975-8f78-8069840aa183","phase":"video_extract","status":"start","elapsedMs":63,"videoCount":0}
  ██░░░░░░░░░░░░░░░░░░░░░░░  10%  Extracting video frames
[INFO] [Render:trace] {"renderJobId":"08b2406f-17a4-4975-8f78-8069840aa183","phase":"video_extract","status":"end","elapsedMs":64,"durationMs":1,"videoCount":0}
[INFO] [Render:trace] {"renderJobId":"08b2406f-17a4-4975-8f78-8069840aa183","phase":"video_extract","status":"checkpoint","elapsedMs":64,"message":"frames resolved","videoCount":0,"extractedVideoCount":0,"totalFramesExtracted":0,"maxFramesPerVideo":0,"avgFramesPerExtractedVideo":null,"vfrPreflightCount":null,"vfrPreflightMs":null,"cacheHits":null,"cacheMisses":null,"transientRetries":null,"minVideoFrameCoverageRatio":null,"authoredTimedClipCount":2}
[INFO] [Render] No HDR sources detected — rendering SDR {"renderJobId":"08b2406f-17a4-4975-8f78-8069840aa183"}
[INFO] [Render:trace] {"renderJobId":"08b2406f-17a4-4975-8f78-8069840aa183","phase":"hdr_detection","status":"checkpoint","elapsedMs":64,"message":"resolved","requestedHdrMode":"auto","effectiveHdr":"sdr","nativeHdrVideoCount":0,"nativeHdrImageCount":0}
[INFO] [Render:trace] {"renderJobId":"08b2406f-17a4-4975-8f78-8069840aa183","phase":"audio_process","status":"start","elapsedMs":64,"audioCount":1}
  █████░░░░░░░░░░░░░░░░░░░░  20%  Processing audio tracks
[INFO] [Render:trace] {"renderJobId":"08b2406f-17a4-4975-8f78-8069840aa183","phase":"audio_process","status":"end","elapsedMs":800,"durationMs":736,"audioCount":1}
[INFO] [Render:trace] {"renderJobId":"08b2406f-17a4-4975-8f78-8069840aa183","phase":"file_server","status":"start","elapsedMs":800,"reused":false}
  ██████░░░░░░░░░░░░░░░░░░░  25%  Starting frame capture
[INFO] [Render:trace] {"renderJobId":"08b2406f-17a4-4975-8f78-8069840aa183","phase":"file_server","status":"end","elapsedMs":805,"durationMs":5}
[hyperframes] browserGpuMode probe → hardware (WebGL renderer vendor="Google Inc. (Apple)" renderer="ANGLE (Apple, ANGLE Metal Renderer: Apple M4, Unspecified Version)")
[INFO] [Render:trace] {"renderJobId":"08b2406f-17a4-4975-8f78-8069840aa183","phase":"capture_calibration","status":"start","elapsedMs":944,"stagePhase":"calibrating","forceScreenshot":false,"totalFrames":887,"framesCompleted":0,"captureMode":"drawelement","captureOperation":"drawElement"}
[INFO] [Render] Calibration config {"renderJobId":"08b2406f-17a4-4975-8f78-8069840aa183","protocolTimeout":30000,"parentProtocolTimeout":300000,"forceScreenshot":false,"totalFrames":887}
[INFO] Launching browser for capture calibration... {"renderJobId":"08b2406f-17a4-4975-8f78-8069840aa183"}
[BrowserManager] Browser launched (HeadlessChrome/152.0.7977.30, screenshot, gl=--use-gl=angle --use-angle=metal, headlessShell=true, platform=darwin)
[INFO] Initializing calibration session... {"renderJobId":"08b2406f-17a4-4975-8f78-8069840aa183"}
[initSession:screenshot] page.goto start (0ms)
[HyperFrames] render runtime fps [object Object]
[initSession:screenshot] page.goto complete (80ms)
[initSession:screenshot] GSAP proxy flush complete (85ms)
[initSession:screenshot] pollHfReady complete (86ms)
[initSession:screenshot] pollSubCompositionTimelines complete (ready) (89ms)
[initSession:screenshot] applyVideoMetadataHints complete (89ms)
[initSession:screenshot] media + fonts + tailwind ready (93ms)
[initSession:screenshot] timeline at-risk predictor: 0/887 frames (0%) (116ms)
[initSession:screenshot] static-frame dedup: 752/755 predicted frame(s) reusable (outcome=verified, runs=8/8, screenshots=44, seeks=45, elapsedMs=1736) (2028ms)
[initSession:screenshot] drawElement self-verify armed: 4 ground-truth frame(s) @ [222, 444, 665, 843] of 887 (2402ms)
[initSession:drawelement] drawElement canvas injected (2404ms)
[initSession:drawelement] screenshot fallback: 5 clip-boundary frame(s) (2404ms)
[initSession:drawelement] drawElement worker encode initialized (2406ms)
[INFO] Calibration session ready, capturing test frames... {"renderJobId":"08b2406f-17a4-4975-8f78-8069840aa183"}
[INFO] Calibration: capturing test frame 1/5... {"renderJobId":"08b2406f-17a4-4975-8f78-8069840aa183"}
[WARN] [Render] Auto-worker calibration failed; using conservative worker budget. {"renderJobId":"08b2406f-17a4-4975-8f78-8069840aa183","protocolTimeout":30000,"error":"drawElement capture failed at frame 0: suspect small frame (9435B < 20000B); fresh screenshot capture required"}
[INFO] [Render:trace] {"renderJobId":"08b2406f-17a4-4975-8f78-8069840aa183","phase":"capture_calibration","status":"end","elapsedMs":3561,"durationMs":2617,"stagePhase":"calibrating","forceScreenshot":false,"totalFrames":887,"framesCompleted":0,"captureMode":"drawelement","captureOperation":"drawElement"}
[INFO] [Render:trace] {"renderJobId":"08b2406f-17a4-4975-8f78-8069840aa183","phase":"capture_calibration","status":"checkpoint","elapsedMs":3561,"message":"resolved","forceScreenshot":false,"multiplier":8,"p95Ms":null}
[WARN] [Render] Reduced auto worker count for high-cost capture workload to avoid Chrome compositor starvation. {"renderJobId":"08b2406f-17a4-4975-8f78-8069840aa183","from":4,"to":1,"costMultiplier":8,"reasons":["calibration-failed"]}
[INFO] [Render:trace] {"renderJobId":"08b2406f-17a4-4975-8f78-8069840aa183","phase":"worker_resolution","status":"checkpoint","elapsedMs":3562,"message":"resolved","workerCount":1}
[INFO] streaming-encode gate {"renderJobId":"08b2406f-17a4-4975-8f78-8069840aa183","enabled":true,"configFlag":true,"outputFormat":"mp4","workerCount":1,"durationSeconds":36.958333333333336,"maxDurationSeconds":240}
[INFO] [Render:trace] {"renderJobId":"08b2406f-17a4-4975-8f78-8069840aa183","phase":"capture_strategy","status":"checkpoint","elapsedMs":3562,"message":"resolved","workerCount":1,"forceScreenshot":false,"captureBeyondViewport":null,"useStreamingEncode":true,"useLayeredComposite":false,"usePageSideCompositing":false,"hasHdrContent":false,"hasShaderTransitions":false,"isPngSequence":false}
[INFO] [Render:trace] {"renderJobId":"08b2406f-17a4-4975-8f78-8069840aa183","phase":"capture_streaming","status":"start","elapsedMs":3562,"stagePhase":"capturing","workerCount":1,"forceScreenshot":false,"totalFrames":887,"framesCompleted":0,"captureMode":"drawelement","captureOperation":"drawElement"}
[BrowserManager] Browser launched (HeadlessChrome/152.0.7977.30, screenshot, gl=--use-gl=angle --use-angle=metal, headlessShell=true, platform=darwin)
[initSession:screenshot] page.goto start (0ms)
[HyperFrames] render runtime fps [object Object]
[initSession:screenshot] page.goto complete (74ms)
[initSession:screenshot] GSAP proxy flush complete (88ms)
[initSession:screenshot] pollHfReady complete (89ms)
[initSession:screenshot] pollSubCompositionTimelines complete (ready) (93ms)
[initSession:screenshot] applyVideoMetadataHints complete (93ms)
[initSession:screenshot] media + fonts + tailwind ready (95ms)
[initSession:screenshot] timeline at-risk predictor: 0/887 frames (0%) (102ms)
[initSession:screenshot] static-frame dedup: 752/755 predicted frame(s) reusable (outcome=verified, runs=8/8, screenshots=44, seeks=45, elapsedMs=1733) (2016ms)
[initSession:screenshot] drawElement self-verify armed: 4 ground-truth frame(s) @ [222, 444, 665, 843] of 887 (2391ms)
[initSession:drawelement] drawElement canvas injected (2392ms)
[initSession:drawelement] screenshot fallback: 5 clip-boundary frame(s) (2392ms)
[initSession:drawelement] drawElement worker encode initialized (2394ms)
  ██████░░░░░░░░░░░░░░░░░░░  25%  Streaming frame 1/887
  ██████░░░░░░░░░░░░░░░░░░░  25%  Streaming frame 2/887
  ██████░░░░░░░░░░░░░░░░░░░  25%  Streaming frame 3/887
  ██████░░░░░░░░░░░░░░░░░░░  25%  Streaming frame 4/887
  ██████░░░░░░░░░░░░░░░░░░░  25%  Streaming frame 5/887
  ██████░░░░░░░░░░░░░░░░░░░  25%  Streaming frame 6/887
  ██████░░░░░░░░░░░░░░░░░░░  25%  Streaming frame 7/887
  ██████░░░░░░░░░░░░░░░░░░░  25%  Streaming frame 8/887
  ██████░░░░░░░░░░░░░░░░░░░  26%  Streaming frame 9/887
  ██████░░░░░░░░░░░░░░░░░░░  26%  Streaming frame 10/887
  ██████░░░░░░░░░░░░░░░░░░░  26%  Streaming frame 11/887
  ██████░░░░░░░░░░░░░░░░░░░  26%  Streaming frame 12/887
  ██████░░░░░░░░░░░░░░░░░░░  26%  Streaming frame 13/887
  ██████░░░░░░░░░░░░░░░░░░░  26%  Streaming frame 14/887
  ██████░░░░░░░░░░░░░░░░░░░  26%  Streaming frame 15/887
  ██████░░░░░░░░░░░░░░░░░░░  26%  Streaming frame 16/887
  ██████░░░░░░░░░░░░░░░░░░░  26%  Streaming frame 17/887
  ██████░░░░░░░░░░░░░░░░░░░  26%  Streaming frame 18/887
  ██████░░░░░░░░░░░░░░░░░░░  26%  Streaming frame 19/887
  ██████░░░░░░░░░░░░░░░░░░░  26%  Streaming frame 20/887
  ██████░░░░░░░░░░░░░░░░░░░  26%  Streaming frame 21/887
  ██████░░░░░░░░░░░░░░░░░░░  26%  Streaming frame 22/887
  ██████░░░░░░░░░░░░░░░░░░░  26%  Streaming frame 23/887
  ██████░░░░░░░░░░░░░░░░░░░  26%  Streaming frame 24/887
  ██████░░░░░░░░░░░░░░░░░░░  27%  Streaming frame 25/887
  ██████░░░░░░░░░░░░░░░░░░░  27%  Streaming frame 26/887
  ██████░░░░░░░░░░░░░░░░░░░  27%  Streaming frame 27/887
  ██████░░░░░░░░░░░░░░░░░░░  27%  Streaming frame 28/887
  ██████░░░░░░░░░░░░░░░░░░░  27%  Streaming frame 29/887
  ██████░░░░░░░░░░░░░░░░░░░  27%  Streaming frame 30/887
  ██████░░░░░░░░░░░░░░░░░░░  27%  Streaming frame 31/887
  ██████░░░░░░░░░░░░░░░░░░░  27%  Streaming frame 32/887
  ██████░░░░░░░░░░░░░░░░░░░  27%  Streaming frame 33/887
  ██████░░░░░░░░░░░░░░░░░░░  27%  Streaming frame 34/887
  ██████░░░░░░░░░░░░░░░░░░░  27%  Streaming frame 35/887
  ██████░░░░░░░░░░░░░░░░░░░  27%  Streaming frame 36/887
  ██████░░░░░░░░░░░░░░░░░░░  27%  Streaming frame 37/887
  ██████░░░░░░░░░░░░░░░░░░░  27%  Streaming frame 38/887
  ██████░░░░░░░░░░░░░░░░░░░  27%  Streaming frame 39/887
  ██████░░░░░░░░░░░░░░░░░░░  27%  Streaming frame 40/887
  ███████░░░░░░░░░░░░░░░░░░  28%  Streaming frame 41/887
  ███████░░░░░░░░░░░░░░░░░░  28%  Streaming frame 42/887
  ███████░░░░░░░░░░░░░░░░░░  28%  Streaming frame 43/887
  ███████░░░░░░░░░░░░░░░░░░  28%  Streaming frame 44/887
  ███████░░░░░░░░░░░░░░░░░░  28%  Streaming frame 45/887
  ███████░░░░░░░░░░░░░░░░░░  28%  Streaming frame 46/887
  ███████░░░░░░░░░░░░░░░░░░  28%  Streaming frame 47/887
  ███████░░░░░░░░░░░░░░░░░░  28%  Streaming frame 48/887
  ███████░░░░░░░░░░░░░░░░░░  28%  Streaming frame 49/887
  ███████░░░░░░░░░░░░░░░░░░  28%  Streaming frame 50/887
  ███████░░░░░░░░░░░░░░░░░░  28%  Streaming frame 51/887
  ███████░░░░░░░░░░░░░░░░░░  28%  Streaming frame 52/887
  ███████░░░░░░░░░░░░░░░░░░  28%  Streaming frame 53/887
  ███████░░░░░░░░░░░░░░░░░░  28%  Streaming frame 54/887
  ███████░░░░░░░░░░░░░░░░░░  28%  Streaming frame 55/887
  ███████░░░░░░░░░░░░░░░░░░  28%  Streaming frame 56/887
  ███████░░░░░░░░░░░░░░░░░░  29%  Streaming frame 57/887
  ███████░░░░░░░░░░░░░░░░░░  29%  Streaming frame 58/887
  ███████░░░░░░░░░░░░░░░░░░  29%  Streaming frame 59/887
  ███████░░░░░░░░░░░░░░░░░░  29%  Streaming frame 60/887
  ███████░░░░░░░░░░░░░░░░░░  29%  Streaming frame 61/887
  ███████░░░░░░░░░░░░░░░░░░  29%  Streaming frame 62/887
  ███████░░░░░░░░░░░░░░░░░░  29%  Streaming frame 63/887
  ███████░░░░░░░░░░░░░░░░░░  29%  Streaming frame 64/887
  ███████░░░░░░░░░░░░░░░░░░  29%  Streaming frame 65/887
  ███████░░░░░░░░░░░░░░░░░░  29%  Streaming frame 66/887
  ███████░░░░░░░░░░░░░░░░░░  29%  Streaming frame 67/887
  ███████░░░░░░░░░░░░░░░░░░  29%  Streaming frame 68/887
  ███████░░░░░░░░░░░░░░░░░░  29%  Streaming frame 69/887
  ███████░░░░░░░░░░░░░░░░░░  29%  Streaming frame 70/887
  ███████░░░░░░░░░░░░░░░░░░  29%  Streaming frame 71/887
  ███████░░░░░░░░░░░░░░░░░░  29%  Streaming frame 72/887
  ███████░░░░░░░░░░░░░░░░░░  30%  Streaming frame 73/887
  ███████░░░░░░░░░░░░░░░░░░  30%  Streaming frame 74/887
  ███████░░░░░░░░░░░░░░░░░░  30%  Streaming frame 75/887
  ███████░░░░░░░░░░░░░░░░░░  30%  Streaming frame 76/887
  ███████░░░░░░░░░░░░░░░░░░  30%  Streaming frame 77/887
  ███████░░░░░░░░░░░░░░░░░░  30%  Streaming frame 78/887
  ███████░░░░░░░░░░░░░░░░░░  30%  Streaming frame 79/887
  ███████░░░░░░░░░░░░░░░░░░  30%  Streaming frame 80/887
  ███████░░░░░░░░░░░░░░░░░░  30%  Streaming frame 81/887
  ███████░░░░░░░░░░░░░░░░░░  30%  Streaming frame 82/887
  ███████░░░░░░░░░░░░░░░░░░  30%  Streaming frame 83/887
  ███████░░░░░░░░░░░░░░░░░░  30%  Streaming frame 84/887
  ███████░░░░░░░░░░░░░░░░░░  30%  Streaming frame 85/887
  ███████░░░░░░░░░░░░░░░░░░  30%  Streaming frame 86/887
  ███████░░░░░░░░░░░░░░░░░░  30%  Streaming frame 87/887
  ███████░░░░░░░░░░░░░░░░░░  30%  Streaming frame 88/887
  ███████░░░░░░░░░░░░░░░░░░  31%  Streaming frame 89/887
  ███████░░░░░░░░░░░░░░░░░░  31%  Streaming frame 90/887
  ███████░░░░░░░░░░░░░░░░░░  31%  Streaming frame 91/887
  ███████░░░░░░░░░░░░░░░░░░  31%  Streaming frame 92/887
  ███████░░░░░░░░░░░░░░░░░░  31%  Streaming frame 93/887
  ███████░░░░░░░░░░░░░░░░░░  31%  Streaming frame 94/887
  ███████░░░░░░░░░░░░░░░░░░  31%  Streaming frame 95/887
  ███████░░░░░░░░░░░░░░░░░░  31%  Streaming frame 96/887
  ███████░░░░░░░░░░░░░░░░░░  31%  Streaming frame 97/887
  ███████░░░░░░░░░░░░░░░░░░  31%  Streaming frame 98/887
  ███████░░░░░░░░░░░░░░░░░░  31%  Streaming frame 99/887
  ███████░░░░░░░░░░░░░░░░░░  31%  Streaming frame 100/887
  ███████░░░░░░░░░░░░░░░░░░  31%  Streaming frame 101/887
  ███████░░░░░░░░░░░░░░░░░░  31%  Streaming frame 102/887
  ███████░░░░░░░░░░░░░░░░░░  31%  Streaming frame 103/887
  ███████░░░░░░░░░░░░░░░░░░  31%  Streaming frame 104/887
  ████████░░░░░░░░░░░░░░░░░  32%  Streaming frame 105/887
  ████████░░░░░░░░░░░░░░░░░  32%  Streaming frame 106/887
  ████████░░░░░░░░░░░░░░░░░  32%  Streaming frame 107/887
  ████████░░░░░░░░░░░░░░░░░  32%  Streaming frame 108/887
  ████████░░░░░░░░░░░░░░░░░  32%  Streaming frame 109/887
  ████████░░░░░░░░░░░░░░░░░  32%  Streaming frame 110/887
  ████████░░░░░░░░░░░░░░░░░  32%  Streaming frame 111/887
  ████████░░░░░░░░░░░░░░░░░  32%  Streaming frame 112/887
  ████████░░░░░░░░░░░░░░░░░  32%  Streaming frame 113/887
  ████████░░░░░░░░░░░░░░░░░  32%  Streaming frame 114/887
  ████████░░░░░░░░░░░░░░░░░  32%  Streaming frame 115/887
  ████████░░░░░░░░░░░░░░░░░  32%  Streaming frame 116/887
  ████████░░░░░░░░░░░░░░░░░  32%  Streaming frame 117/887
  ████████░░░░░░░░░░░░░░░░░  32%  Streaming frame 118/887
  ████████░░░░░░░░░░░░░░░░░  32%  Streaming frame 119/887
  ████████░░░░░░░░░░░░░░░░░  32%  Streaming frame 120/887
  ████████░░░░░░░░░░░░░░░░░  33%  Streaming frame 121/887
  ████████░░░░░░░░░░░░░░░░░  33%  Streaming frame 122/887
  ████████░░░░░░░░░░░░░░░░░  33%  Streaming frame 123/887
  ████████░░░░░░░░░░░░░░░░░  33%  Streaming frame 124/887
  ████████░░░░░░░░░░░░░░░░░  33%  Streaming frame 125/887
  ████████░░░░░░░░░░░░░░░░░  33%  Streaming frame 126/887
  ████████░░░░░░░░░░░░░░░░░  33%  Streaming frame 127/887
  ████████░░░░░░░░░░░░░░░░░  33%  Streaming frame 128/887
  ████████░░░░░░░░░░░░░░░░░  33%  Streaming frame 129/887
  ████████░░░░░░░░░░░░░░░░░  33%  Streaming frame 130/887
  ████████░░░░░░░░░░░░░░░░░  33%  Streaming frame 131/887
  ████████░░░░░░░░░░░░░░░░░  33%  Streaming frame 132/887
  ████████░░░░░░░░░░░░░░░░░  33%  Streaming frame 133/887
  ████████░░░░░░░░░░░░░░░░░  33%  Streaming frame 134/887
  ████████░░░░░░░░░░░░░░░░░  33%  Streaming frame 135/887
  ████████░░░░░░░░░░░░░░░░░  33%  Streaming frame 136/887
  ████████░░░░░░░░░░░░░░░░░  33%  Streaming frame 137/887
  ████████░░░░░░░░░░░░░░░░░  34%  Streaming frame 138/887
  ████████░░░░░░░░░░░░░░░░░  34%  Streaming frame 139/887
  ████████░░░░░░░░░░░░░░░░░  34%  Streaming frame 140/887
  ████████░░░░░░░░░░░░░░░░░  34%  Streaming frame 141/887
  ████████░░░░░░░░░░░░░░░░░  34%  Streaming frame 142/887
  ████████░░░░░░░░░░░░░░░░░  34%  Streaming frame 143/887
  ████████░░░░░░░░░░░░░░░░░  34%  Streaming frame 144/887
  ████████░░░░░░░░░░░░░░░░░  34%  Streaming frame 145/887
  ████████░░░░░░░░░░░░░░░░░  34%  Streaming frame 146/887
  ████████░░░░░░░░░░░░░░░░░  34%  Streaming frame 147/887
  ████████░░░░░░░░░░░░░░░░░  34%  Streaming frame 148/887
  ████████░░░░░░░░░░░░░░░░░  34%  Streaming frame 149/887
  ████████░░░░░░░░░░░░░░░░░  34%  Streaming frame 150/887
  ████████░░░░░░░░░░░░░░░░░  34%  Streaming frame 151/887
  ████████░░░░░░░░░░░░░░░░░  34%  Streaming frame 152/887
  ████████░░░░░░░░░░░░░░░░░  34%  Streaming frame 153/887
  ████████░░░░░░░░░░░░░░░░░  35%  Streaming frame 154/887
  ████████░░░░░░░░░░░░░░░░░  35%  Streaming frame 155/887
  ████████░░░░░░░░░░░░░░░░░  35%  Streaming frame 156/887
  ████████░░░░░░░░░░░░░░░░░  35%  Streaming frame 157/887
  ████████░░░░░░░░░░░░░░░░░  35%  Streaming frame 158/887
  ████████░░░░░░░░░░░░░░░░░  35%  Streaming frame 159/887
  ████████░░░░░░░░░░░░░░░░░  35%  Streaming frame 160/887
  ████████░░░░░░░░░░░░░░░░░  35%  Streaming frame 161/887
  ████████░░░░░░░░░░░░░░░░░  35%  Streaming frame 162/887
  ████████░░░░░░░░░░░░░░░░░  35%  Streaming frame 163/887
  ████████░░░░░░░░░░░░░░░░░  35%  Streaming frame 164/887
  ████████░░░░░░░░░░░░░░░░░  35%  Streaming frame 165/887
  ████████░░░░░░░░░░░░░░░░░  35%  Streaming frame 166/887
  ████████░░░░░░░░░░░░░░░░░  35%  Streaming frame 167/887
  ████████░░░░░░░░░░░░░░░░░  35%  Streaming frame 168/887
  ████████░░░░░░░░░░░░░░░░░  35%  Streaming frame 169/887
  █████████░░░░░░░░░░░░░░░░  36%  Streaming frame 170/887
  █████████░░░░░░░░░░░░░░░░  36%  Streaming frame 171/887
  █████████░░░░░░░░░░░░░░░░  36%  Streaming frame 172/887
  █████████░░░░░░░░░░░░░░░░  36%  Streaming frame 173/887
  █████████░░░░░░░░░░░░░░░░  36%  Streaming frame 174/887
  █████████░░░░░░░░░░░░░░░░  36%  Streaming frame 175/887
  █████████░░░░░░░░░░░░░░░░  36%  Streaming frame 176/887
  █████████░░░░░░░░░░░░░░░░  36%  Streaming frame 177/887
  █████████░░░░░░░░░░░░░░░░  36%  Streaming frame 178/887
  █████████░░░░░░░░░░░░░░░░  36%  Streaming frame 179/887
  █████████░░░░░░░░░░░░░░░░  36%  Streaming frame 180/887
  █████████░░░░░░░░░░░░░░░░  36%  Streaming frame 181/887
  █████████░░░░░░░░░░░░░░░░  36%  Streaming frame 182/887
  █████████░░░░░░░░░░░░░░░░  36%  Streaming frame 183/887
  █████████░░░░░░░░░░░░░░░░  36%  Streaming frame 184/887
  █████████░░░░░░░░░░░░░░░░  36%  Streaming frame 185/887
  █████████░░░░░░░░░░░░░░░░  37%  Streaming frame 186/887
  █████████░░░░░░░░░░░░░░░░  37%  Streaming frame 187/887
  █████████░░░░░░░░░░░░░░░░  37%  Streaming frame 188/887
  █████████░░░░░░░░░░░░░░░░  37%  Streaming frame 189/887
  █████████░░░░░░░░░░░░░░░░  37%  Streaming frame 190/887
  █████████░░░░░░░░░░░░░░░░  37%  Streaming frame 191/887
  █████████░░░░░░░░░░░░░░░░  37%  Streaming frame 192/887
  █████████░░░░░░░░░░░░░░░░  37%  Streaming frame 193/887
  █████████░░░░░░░░░░░░░░░░  37%  Streaming frame 194/887
  █████████░░░░░░░░░░░░░░░░  37%  Streaming frame 195/887
  █████████░░░░░░░░░░░░░░░░  37%  Streaming frame 196/887
  █████████░░░░░░░░░░░░░░░░  37%  Streaming frame 197/887
  █████████░░░░░░░░░░░░░░░░  37%  Streaming frame 198/887
  █████████░░░░░░░░░░░░░░░░  37%  Streaming frame 199/887
  █████████░░░░░░░░░░░░░░░░  37%  Streaming frame 200/887
  █████████░░░░░░░░░░░░░░░░  37%  Streaming frame 201/887
  █████████░░░░░░░░░░░░░░░░  38%  Streaming frame 202/887
  █████████░░░░░░░░░░░░░░░░  38%  Streaming frame 203/887
  █████████░░░░░░░░░░░░░░░░  38%  Streaming frame 204/887
  █████████░░░░░░░░░░░░░░░░  38%  Streaming frame 205/887
  █████████░░░░░░░░░░░░░░░░  38%  Streaming frame 206/887
  █████████░░░░░░░░░░░░░░░░  38%  Streaming frame 207/887
  █████████░░░░░░░░░░░░░░░░  38%  Streaming frame 208/887
  █████████░░░░░░░░░░░░░░░░  38%  Streaming frame 209/887
  █████████░░░░░░░░░░░░░░░░  38%  Streaming frame 210/887
  █████████░░░░░░░░░░░░░░░░  38%  Streaming frame 211/887
  █████████░░░░░░░░░░░░░░░░  38%  Streaming frame 212/887
  █████████░░░░░░░░░░░░░░░░  38%  Streaming frame 213/887
  █████████░░░░░░░░░░░░░░░░  38%  Streaming frame 214/887
  █████████░░░░░░░░░░░░░░░░  38%  Streaming frame 215/887
  █████████░░░░░░░░░░░░░░░░  38%  Streaming frame 216/887
  █████████░░░░░░░░░░░░░░░░  38%  Streaming frame 217/887
  █████████░░░░░░░░░░░░░░░░  39%  Streaming frame 218/887
  █████████░░░░░░░░░░░░░░░░  39%  Streaming frame 219/887
  █████████░░░░░░░░░░░░░░░░  39%  Streaming frame 220/887
  █████████░░░░░░░░░░░░░░░░  39%  Streaming frame 221/887
  █████████░░░░░░░░░░░░░░░░  39%  Streaming frame 222/887
[INFO] [Render] drawElement self-verify passed {"renderJobId":"08b2406f-17a4-4975-8f78-8069840aa183","frame":222,"psnrDb":"inf"}
  █████████░░░░░░░░░░░░░░░░  39%  Streaming frame 223/887
  █████████░░░░░░░░░░░░░░░░  39%  Streaming frame 224/887
  █████████░░░░░░░░░░░░░░░░  39%  Streaming frame 225/887
  █████████░░░░░░░░░░░░░░░░  39%  Streaming frame 226/887
  █████████░░░░░░░░░░░░░░░░  39%  Streaming frame 227/887
  █████████░░░░░░░░░░░░░░░░  39%  Streaming frame 228/887
  █████████░░░░░░░░░░░░░░░░  39%  Streaming frame 229/887
  █████████░░░░░░░░░░░░░░░░  39%  Streaming frame 230/887
  █████████░░░░░░░░░░░░░░░░  39%  Streaming frame 231/887
  █████████░░░░░░░░░░░░░░░░  39%  Streaming frame 232/887
  █████████░░░░░░░░░░░░░░░░  39%  Streaming frame 233/887
  ██████████░░░░░░░░░░░░░░░  40%  Streaming frame 234/887
  ██████████░░░░░░░░░░░░░░░  40%  Streaming frame 235/887
  ██████████░░░░░░░░░░░░░░░  40%  Streaming frame 236/887
  ██████████░░░░░░░░░░░░░░░  40%  Streaming frame 237/887
  ██████████░░░░░░░░░░░░░░░  40%  Streaming frame 238/887
  ██████████░░░░░░░░░░░░░░░  40%  Streaming frame 239/887
  ██████████░░░░░░░░░░░░░░░  40%  Streaming frame 240/887
  ██████████░░░░░░░░░░░░░░░  40%  Streaming frame 241/887
  ██████████░░░░░░░░░░░░░░░  40%  Streaming frame 242/887
  ██████████░░░░░░░░░░░░░░░  40%  Streaming frame 243/887
  ██████████░░░░░░░░░░░░░░░  40%  Streaming frame 244/887
  ██████████░░░░░░░░░░░░░░░  40%  Streaming frame 245/887
  ██████████░░░░░░░░░░░░░░░  40%  Streaming frame 246/887
  ██████████░░░░░░░░░░░░░░░  40%  Streaming frame 247/887
  ██████████░░░░░░░░░░░░░░░  40%  Streaming frame 248/887
  ██████████░░░░░░░░░░░░░░░  40%  Streaming frame 249/887
  ██████████░░░░░░░░░░░░░░░  41%  Streaming frame 250/887
  ██████████░░░░░░░░░░░░░░░  41%  Streaming frame 251/887
  ██████████░░░░░░░░░░░░░░░  41%  Streaming frame 252/887
  ██████████░░░░░░░░░░░░░░░  41%  Streaming frame 253/887
  ██████████░░░░░░░░░░░░░░░  41%  Streaming frame 254/887
  ██████████░░░░░░░░░░░░░░░  41%  Streaming frame 255/887
  ██████████░░░░░░░░░░░░░░░  41%  Streaming frame 256/887
  ██████████░░░░░░░░░░░░░░░  41%  Streaming frame 257/887
  ██████████░░░░░░░░░░░░░░░  41%  Streaming frame 258/887
  ██████████░░░░░░░░░░░░░░░  41%  Streaming frame 259/887
  ██████████░░░░░░░░░░░░░░░  41%  Streaming frame 260/887
  ██████████░░░░░░░░░░░░░░░  41%  Streaming frame 261/887
  ██████████░░░░░░░░░░░░░░░  41%  Streaming frame 262/887
  ██████████░░░░░░░░░░░░░░░  41%  Streaming frame 263/887
  ██████████░░░░░░░░░░░░░░░  41%  Streaming frame 264/887
  ██████████░░░░░░░░░░░░░░░  41%  Streaming frame 265/887
  ██████████░░░░░░░░░░░░░░░  41%  Streaming frame 266/887
  ██████████░░░░░░░░░░░░░░░  42%  Streaming frame 267/887
  ██████████░░░░░░░░░░░░░░░  42%  Streaming frame 268/887
  ██████████░░░░░░░░░░░░░░░  42%  Streaming frame 269/887
  ██████████░░░░░░░░░░░░░░░  42%  Streaming frame 270/887
  ██████████░░░░░░░░░░░░░░░  42%  Streaming frame 271/887
  ██████████░░░░░░░░░░░░░░░  42%  Streaming frame 272/887
  ██████████░░░░░░░░░░░░░░░  42%  Streaming frame 273/887
  ██████████░░░░░░░░░░░░░░░  42%  Streaming frame 274/887
  ██████████░░░░░░░░░░░░░░░  42%  Streaming frame 275/887
  ██████████░░░░░░░░░░░░░░░  42%  Streaming frame 276/887
  ██████████░░░░░░░░░░░░░░░  42%  Streaming frame 277/887
  ██████████░░░░░░░░░░░░░░░  42%  Streaming frame 278/887
  ██████████░░░░░░░░░░░░░░░  42%  Streaming frame 279/887
  ██████████░░░░░░░░░░░░░░░  42%  Streaming frame 280/887
  ██████████░░░░░░░░░░░░░░░  42%  Streaming frame 281/887
  ██████████░░░░░░░░░░░░░░░  42%  Streaming frame 282/887
  ██████████░░░░░░░░░░░░░░░  43%  Streaming frame 283/887
  ██████████░░░░░░░░░░░░░░░  43%  Streaming frame 284/887
  ██████████░░░░░░░░░░░░░░░  43%  Streaming frame 285/887
  ██████████░░░░░░░░░░░░░░░  43%  Streaming frame 286/887
  ██████████░░░░░░░░░░░░░░░  43%  Streaming frame 287/887
  ██████████░░░░░░░░░░░░░░░  43%  Streaming frame 288/887
  ██████████░░░░░░░░░░░░░░░  43%  Streaming frame 289/887
  ██████████░░░░░░░░░░░░░░░  43%  Streaming frame 290/887
  ██████████░░░░░░░░░░░░░░░  43%  Streaming frame 291/887
  ██████████░░░░░░░░░░░░░░░  43%  Streaming frame 292/887
  ██████████░░░░░░░░░░░░░░░  43%  Streaming frame 293/887
  ██████████░░░░░░░░░░░░░░░  43%  Streaming frame 294/887
  ██████████░░░░░░░░░░░░░░░  43%  Streaming frame 295/887
  ██████████░░░░░░░░░░░░░░░  43%  Streaming frame 296/887
  ██████████░░░░░░░░░░░░░░░  43%  Streaming frame 297/887
  ██████████░░░░░░░░░░░░░░░  43%  Streaming frame 298/887
  ███████████░░░░░░░░░░░░░░  44%  Streaming frame 299/887
  ███████████░░░░░░░░░░░░░░  44%  Streaming frame 300/887
  ███████████░░░░░░░░░░░░░░  44%  Streaming frame 301/887
  ███████████░░░░░░░░░░░░░░  44%  Streaming frame 302/887
  ███████████░░░░░░░░░░░░░░  44%  Streaming frame 303/887
  ███████████░░░░░░░░░░░░░░  44%  Streaming frame 304/887
  ███████████░░░░░░░░░░░░░░  44%  Streaming frame 305/887
  ███████████░░░░░░░░░░░░░░  44%  Streaming frame 306/887
  ███████████░░░░░░░░░░░░░░  44%  Streaming frame 307/887
  ███████████░░░░░░░░░░░░░░  44%  Streaming frame 308/887
  ███████████░░░░░░░░░░░░░░  44%  Streaming frame 309/887
  ███████████░░░░░░░░░░░░░░  44%  Streaming frame 310/887
  ███████████░░░░░░░░░░░░░░  44%  Streaming frame 311/887
  ███████████░░░░░░░░░░░░░░  44%  Streaming frame 312/887
  ███████████░░░░░░░░░░░░░░  44%  Streaming frame 313/887
  ███████████░░░░░░░░░░░░░░  44%  Streaming frame 314/887
  ███████████░░░░░░░░░░░░░░  45%  Streaming frame 315/887
  ███████████░░░░░░░░░░░░░░  45%  Streaming frame 316/887
  ███████████░░░░░░░░░░░░░░  45%  Streaming frame 317/887
  ███████████░░░░░░░░░░░░░░  45%  Streaming frame 318/887
  ███████████░░░░░░░░░░░░░░  45%  Streaming frame 319/887
  ███████████░░░░░░░░░░░░░░  45%  Streaming frame 320/887
  ███████████░░░░░░░░░░░░░░  45%  Streaming frame 321/887
  ███████████░░░░░░░░░░░░░░  45%  Streaming frame 322/887
  ███████████░░░░░░░░░░░░░░  45%  Streaming frame 323/887
  ███████████░░░░░░░░░░░░░░  45%  Streaming frame 324/887
  ███████████░░░░░░░░░░░░░░  45%  Streaming frame 325/887
  ███████████░░░░░░░░░░░░░░  45%  Streaming frame 326/887
  ███████████░░░░░░░░░░░░░░  45%  Streaming frame 327/887
  ███████████░░░░░░░░░░░░░░  45%  Streaming frame 328/887
  ███████████░░░░░░░░░░░░░░  45%  Streaming frame 329/887
  ███████████░░░░░░░░░░░░░░  45%  Streaming frame 330/887
  ███████████░░░░░░░░░░░░░░  46%  Streaming frame 331/887
  ███████████░░░░░░░░░░░░░░  46%  Streaming frame 332/887
  ███████████░░░░░░░░░░░░░░  46%  Streaming frame 333/887
  ███████████░░░░░░░░░░░░░░  46%  Streaming frame 334/887
  ███████████░░░░░░░░░░░░░░  46%  Streaming frame 335/887
  ███████████░░░░░░░░░░░░░░  46%  Streaming frame 336/887
  ███████████░░░░░░░░░░░░░░  46%  Streaming frame 337/887
  ███████████░░░░░░░░░░░░░░  46%  Streaming frame 338/887
  ███████████░░░░░░░░░░░░░░  46%  Streaming frame 339/887
  ███████████░░░░░░░░░░░░░░  46%  Streaming frame 340/887
  ███████████░░░░░░░░░░░░░░  46%  Streaming frame 341/887
  ███████████░░░░░░░░░░░░░░  46%  Streaming frame 342/887
  ███████████░░░░░░░░░░░░░░  46%  Streaming frame 343/887
  ███████████░░░░░░░░░░░░░░  46%  Streaming frame 344/887
  ███████████░░░░░░░░░░░░░░  46%  Streaming frame 345/887
  ███████████░░░░░░░░░░░░░░  46%  Streaming frame 346/887
  ███████████░░░░░░░░░░░░░░  47%  Streaming frame 347/887
  ███████████░░░░░░░░░░░░░░  47%  Streaming frame 348/887
  ███████████░░░░░░░░░░░░░░  47%  Streaming frame 349/887
  ███████████░░░░░░░░░░░░░░  47%  Streaming frame 350/887
  ███████████░░░░░░░░░░░░░░  47%  Streaming frame 351/887
  ███████████░░░░░░░░░░░░░░  47%  Streaming frame 352/887
  ███████████░░░░░░░░░░░░░░  47%  Streaming frame 353/887
  ███████████░░░░░░░░░░░░░░  47%  Streaming frame 354/887
  ███████████░░░░░░░░░░░░░░  47%  Streaming frame 355/887
  ███████████░░░░░░░░░░░░░░  47%  Streaming frame 356/887
  ███████████░░░░░░░░░░░░░░  47%  Streaming frame 357/887
  ███████████░░░░░░░░░░░░░░  47%  Streaming frame 358/887
  ███████████░░░░░░░░░░░░░░  47%  Streaming frame 359/887
  ███████████░░░░░░░░░░░░░░  47%  Streaming frame 360/887
  ███████████░░░░░░░░░░░░░░  47%  Streaming frame 361/887
  ███████████░░░░░░░░░░░░░░  47%  Streaming frame 362/887
  ████████████░░░░░░░░░░░░░  48%  Streaming frame 363/887
  ████████████░░░░░░░░░░░░░  48%  Streaming frame 364/887
  ████████████░░░░░░░░░░░░░  48%  Streaming frame 365/887
  ████████████░░░░░░░░░░░░░  48%  Streaming frame 366/887
  ████████████░░░░░░░░░░░░░  48%  Streaming frame 367/887
  ████████████░░░░░░░░░░░░░  48%  Streaming frame 368/887
  ████████████░░░░░░░░░░░░░  48%  Streaming frame 369/887
  ████████████░░░░░░░░░░░░░  48%  Streaming frame 370/887
  ████████████░░░░░░░░░░░░░  48%  Streaming frame 371/887
  ████████████░░░░░░░░░░░░░  48%  Streaming frame 372/887
  ████████████░░░░░░░░░░░░░  48%  Streaming frame 373/887
  ████████████░░░░░░░░░░░░░  48%  Streaming frame 374/887
  ████████████░░░░░░░░░░░░░  48%  Streaming frame 375/887
  ████████████░░░░░░░░░░░░░  48%  Streaming frame 376/887
  ████████████░░░░░░░░░░░░░  48%  Streaming frame 377/887
  ████████████░░░░░░░░░░░░░  48%  Streaming frame 378/887
  ████████████░░░░░░░░░░░░░  49%  Streaming frame 379/887
  ████████████░░░░░░░░░░░░░  49%  Streaming frame 380/887
  ████████████░░░░░░░░░░░░░  49%  Streaming frame 381/887
  ████████████░░░░░░░░░░░░░  49%  Streaming frame 382/887
  ████████████░░░░░░░░░░░░░  49%  Streaming frame 383/887
  ████████████░░░░░░░░░░░░░  49%  Streaming frame 384/887
  ████████████░░░░░░░░░░░░░  49%  Streaming frame 385/887
  ████████████░░░░░░░░░░░░░  49%  Streaming frame 386/887
  ████████████░░░░░░░░░░░░░  49%  Streaming frame 387/887
  ████████████░░░░░░░░░░░░░  49%  Streaming frame 388/887
  ████████████░░░░░░░░░░░░░  49%  Streaming frame 389/887
  ████████████░░░░░░░░░░░░░  49%  Streaming frame 390/887
  ████████████░░░░░░░░░░░░░  49%  Streaming frame 391/887
  ████████████░░░░░░░░░░░░░  49%  Streaming frame 392/887
  ████████████░░░░░░░░░░░░░  49%  Streaming frame 393/887
  ████████████░░░░░░░░░░░░░  49%  Streaming frame 394/887
  ████████████░░░░░░░░░░░░░  49%  Streaming frame 395/887
  ████████████░░░░░░░░░░░░░  50%  Streaming frame 396/887
  ████████████░░░░░░░░░░░░░  50%  Streaming frame 397/887
  ████████████░░░░░░░░░░░░░  50%  Streaming frame 398/887
  ████████████░░░░░░░░░░░░░  50%  Streaming frame 399/887
  ████████████░░░░░░░░░░░░░  50%  Streaming frame 400/887
  ████████████░░░░░░░░░░░░░  50%  Streaming frame 401/887
  ████████████░░░░░░░░░░░░░  50%  Streaming frame 402/887
  ████████████░░░░░░░░░░░░░  50%  Streaming frame 403/887
  ████████████░░░░░░░░░░░░░  50%  Streaming frame 404/887
  ████████████░░░░░░░░░░░░░  50%  Streaming frame 405/887
  ████████████░░░░░░░░░░░░░  50%  Streaming frame 406/887
  ████████████░░░░░░░░░░░░░  50%  Streaming frame 407/887
  ████████████░░░░░░░░░░░░░  50%  Streaming frame 408/887
  ████████████░░░░░░░░░░░░░  50%  Streaming frame 409/887
  ████████████░░░░░░░░░░░░░  50%  Streaming frame 410/887
  ████████████░░░░░░░░░░░░░  50%  Streaming frame 411/887
  ████████████░░░░░░░░░░░░░  51%  Streaming frame 412/887
  ████████████░░░░░░░░░░░░░  51%  Streaming frame 413/887
  ████████████░░░░░░░░░░░░░  51%  Streaming frame 414/887
  ████████████░░░░░░░░░░░░░  51%  Streaming frame 415/887
  ████████████░░░░░░░░░░░░░  51%  Streaming frame 416/887
  ████████████░░░░░░░░░░░░░  51%  Streaming frame 417/887
  ████████████░░░░░░░░░░░░░  51%  Streaming frame 418/887
  ████████████░░░░░░░░░░░░░  51%  Streaming frame 419/887
  ████████████░░░░░░░░░░░░░  51%  Streaming frame 420/887
  ████████████░░░░░░░░░░░░░  51%  Streaming frame 421/887
  ████████████░░░░░░░░░░░░░  51%  Streaming frame 422/887
  ████████████░░░░░░░░░░░░░  51%  Streaming frame 423/887
  ████████████░░░░░░░░░░░░░  51%  Streaming frame 424/887
  ████████████░░░░░░░░░░░░░  51%  Streaming frame 425/887
  ████████████░░░░░░░░░░░░░  51%  Streaming frame 426/887
  ████████████░░░░░░░░░░░░░  51%  Streaming frame 427/887
  █████████████░░░░░░░░░░░░  52%  Streaming frame 428/887
  █████████████░░░░░░░░░░░░  52%  Streaming frame 429/887
  █████████████░░░░░░░░░░░░  52%  Streaming frame 430/887
  █████████████░░░░░░░░░░░░  52%  Streaming frame 431/887
  █████████████░░░░░░░░░░░░  52%  Streaming frame 432/887
  █████████████░░░░░░░░░░░░  52%  Streaming frame 433/887
  █████████████░░░░░░░░░░░░  52%  Streaming frame 434/887
  █████████████░░░░░░░░░░░░  52%  Streaming frame 435/887
  █████████████░░░░░░░░░░░░  52%  Streaming frame 436/887
  █████████████░░░░░░░░░░░░  52%  Streaming frame 437/887
  █████████████░░░░░░░░░░░░  52%  Streaming frame 438/887
  █████████████░░░░░░░░░░░░  52%  Streaming frame 439/887
  █████████████░░░░░░░░░░░░  52%  Streaming frame 440/887
  █████████████░░░░░░░░░░░░  52%  Streaming frame 441/887
  █████████████░░░░░░░░░░░░  52%  Streaming frame 442/887
  █████████████░░░░░░░░░░░░  52%  Streaming frame 443/887
  █████████████░░░░░░░░░░░░  53%  Streaming frame 444/887
[INFO] [Render] drawElement self-verify passed {"renderJobId":"08b2406f-17a4-4975-8f78-8069840aa183","frame":444,"psnrDb":"inf"}
  █████████████░░░░░░░░░░░░  53%  Streaming frame 445/887
  █████████████░░░░░░░░░░░░  53%  Streaming frame 446/887
  █████████████░░░░░░░░░░░░  53%  Streaming frame 447/887
  █████████████░░░░░░░░░░░░  53%  Streaming frame 448/887
  █████████████░░░░░░░░░░░░  53%  Streaming frame 449/887
  █████████████░░░░░░░░░░░░  53%  Streaming frame 450/887
  █████████████░░░░░░░░░░░░  53%  Streaming frame 451/887
  █████████████░░░░░░░░░░░░  53%  Streaming frame 452/887
  █████████████░░░░░░░░░░░░  53%  Streaming frame 453/887
  █████████████░░░░░░░░░░░░  53%  Streaming frame 454/887
  █████████████░░░░░░░░░░░░  53%  Streaming frame 455/887
  █████████████░░░░░░░░░░░░  53%  Streaming frame 456/887
  █████████████░░░░░░░░░░░░  53%  Streaming frame 457/887
  █████████████░░░░░░░░░░░░  53%  Streaming frame 458/887
  █████████████░░░░░░░░░░░░  53%  Streaming frame 459/887
  █████████████░░░░░░░░░░░░  54%  Streaming frame 460/887
  █████████████░░░░░░░░░░░░  54%  Streaming frame 461/887
  █████████████░░░░░░░░░░░░  54%  Streaming frame 462/887
  █████████████░░░░░░░░░░░░  54%  Streaming frame 463/887
  █████████████░░░░░░░░░░░░  54%  Streaming frame 464/887
  █████████████░░░░░░░░░░░░  54%  Streaming frame 465/887
  █████████████░░░░░░░░░░░░  54%  Streaming frame 466/887
  █████████████░░░░░░░░░░░░  54%  Streaming frame 467/887
  █████████████░░░░░░░░░░░░  54%  Streaming frame 468/887
  █████████████░░░░░░░░░░░░  54%  Streaming frame 469/887
  █████████████░░░░░░░░░░░░  54%  Streaming frame 470/887
  █████████████░░░░░░░░░░░░  54%  Streaming frame 471/887
  █████████████░░░░░░░░░░░░  54%  Streaming frame 472/887
  █████████████░░░░░░░░░░░░  54%  Streaming frame 473/887
  █████████████░░░░░░░░░░░░  54%  Streaming frame 474/887
  █████████████░░░░░░░░░░░░  54%  Streaming frame 475/887
  █████████████░░░░░░░░░░░░  55%  Streaming frame 476/887
  █████████████░░░░░░░░░░░░  55%  Streaming frame 477/887
  █████████████░░░░░░░░░░░░  55%  Streaming frame 478/887
  █████████████░░░░░░░░░░░░  55%  Streaming frame 479/887
  █████████████░░░░░░░░░░░░  55%  Streaming frame 480/887
  █████████████░░░░░░░░░░░░  55%  Streaming frame 481/887
  █████████████░░░░░░░░░░░░  55%  Streaming frame 482/887
  █████████████░░░░░░░░░░░░  55%  Streaming frame 483/887
  █████████████░░░░░░░░░░░░  55%  Streaming frame 484/887
  █████████████░░░░░░░░░░░░  55%  Streaming frame 485/887
  █████████████░░░░░░░░░░░░  55%  Streaming frame 486/887
  █████████████░░░░░░░░░░░░  55%  Streaming frame 487/887
  █████████████░░░░░░░░░░░░  55%  Streaming frame 488/887
  █████████████░░░░░░░░░░░░  55%  Streaming frame 489/887
  █████████████░░░░░░░░░░░░  55%  Streaming frame 490/887
  █████████████░░░░░░░░░░░░  55%  Streaming frame 491/887
  ██████████████░░░░░░░░░░░  56%  Streaming frame 492/887
  ██████████████░░░░░░░░░░░  56%  Streaming frame 493/887
  ██████████████░░░░░░░░░░░  56%  Streaming frame 494/887
  ██████████████░░░░░░░░░░░  56%  Streaming frame 495/887
  ██████████████░░░░░░░░░░░  56%  Streaming frame 496/887
  ██████████████░░░░░░░░░░░  56%  Streaming frame 497/887
  ██████████████░░░░░░░░░░░  56%  Streaming frame 498/887
  ██████████████░░░░░░░░░░░  56%  Streaming frame 499/887
  ██████████████░░░░░░░░░░░  56%  Streaming frame 500/887
  ██████████████░░░░░░░░░░░  56%  Streaming frame 501/887
  ██████████████░░░░░░░░░░░  56%  Streaming frame 502/887
  ██████████████░░░░░░░░░░░  56%  Streaming frame 503/887
  ██████████████░░░░░░░░░░░  56%  Streaming frame 504/887
  ██████████████░░░░░░░░░░░  56%  Streaming frame 505/887
  ██████████████░░░░░░░░░░░  56%  Streaming frame 506/887
  ██████████████░░░░░░░░░░░  56%  Streaming frame 507/887
  ██████████████░░░░░░░░░░░  56%  Streaming frame 508/887
  ██████████████░░░░░░░░░░░  57%  Streaming frame 509/887
  ██████████████░░░░░░░░░░░  57%  Streaming frame 510/887
  ██████████████░░░░░░░░░░░  57%  Streaming frame 511/887
  ██████████████░░░░░░░░░░░  57%  Streaming frame 512/887
  ██████████████░░░░░░░░░░░  57%  Streaming frame 513/887
  ██████████████░░░░░░░░░░░  57%  Streaming frame 514/887
  ██████████████░░░░░░░░░░░  57%  Streaming frame 515/887
  ██████████████░░░░░░░░░░░  57%  Streaming frame 516/887
  ██████████████░░░░░░░░░░░  57%  Streaming frame 517/887
  ██████████████░░░░░░░░░░░  57%  Streaming frame 518/887
  ██████████████░░░░░░░░░░░  57%  Streaming frame 519/887
  ██████████████░░░░░░░░░░░  57%  Streaming frame 520/887
  ██████████████░░░░░░░░░░░  57%  Streaming frame 521/887
  ██████████████░░░░░░░░░░░  57%  Streaming frame 522/887
  ██████████████░░░░░░░░░░░  57%  Streaming frame 523/887
  ██████████████░░░░░░░░░░░  57%  Streaming frame 524/887
  ██████████████░░░░░░░░░░░  58%  Streaming frame 525/887
  ██████████████░░░░░░░░░░░  58%  Streaming frame 526/887
  ██████████████░░░░░░░░░░░  58%  Streaming frame 527/887
  ██████████████░░░░░░░░░░░  58%  Streaming frame 528/887
  ██████████████░░░░░░░░░░░  58%  Streaming frame 529/887
  ██████████████░░░░░░░░░░░  58%  Streaming frame 530/887
  ██████████████░░░░░░░░░░░  58%  Streaming frame 531/887
  ██████████████░░░░░░░░░░░  58%  Streaming frame 532/887
  ██████████████░░░░░░░░░░░  58%  Streaming frame 533/887
  ██████████████░░░░░░░░░░░  58%  Streaming frame 534/887
  ██████████████░░░░░░░░░░░  58%  Streaming frame 535/887
  ██████████████░░░░░░░░░░░  58%  Streaming frame 536/887
  ██████████████░░░░░░░░░░░  58%  Streaming frame 537/887
  ██████████████░░░░░░░░░░░  58%  Streaming frame 538/887
  ██████████████░░░░░░░░░░░  58%  Streaming frame 539/887
  ██████████████░░░░░░░░░░░  58%  Streaming frame 540/887
  ██████████████░░░░░░░░░░░  59%  Streaming frame 541/887
  ██████████████░░░░░░░░░░░  59%  Streaming frame 542/887
  ██████████████░░░░░░░░░░░  59%  Streaming frame 543/887
  ██████████████░░░░░░░░░░░  59%  Streaming frame 544/887
  ██████████████░░░░░░░░░░░  59%  Streaming frame 545/887
  ██████████████░░░░░░░░░░░  59%  Streaming frame 546/887
  ██████████████░░░░░░░░░░░  59%  Streaming frame 547/887
  ██████████████░░░░░░░░░░░  59%  Streaming frame 548/887
  ██████████████░░░░░░░░░░░  59%  Streaming frame 549/887
  ██████████████░░░░░░░░░░░  59%  Streaming frame 550/887
  ██████████████░░░░░░░░░░░  59%  Streaming frame 551/887
  ██████████████░░░░░░░░░░░  59%  Streaming frame 552/887
  ██████████████░░░░░░░░░░░  59%  Streaming frame 553/887
  ██████████████░░░░░░░░░░░  59%  Streaming frame 554/887
  ██████████████░░░░░░░░░░░  59%  Streaming frame 555/887
  ██████████████░░░░░░░░░░░  59%  Streaming frame 556/887
  ███████████████░░░░░░░░░░  60%  Streaming frame 557/887
  ███████████████░░░░░░░░░░  60%  Streaming frame 558/887
  ███████████████░░░░░░░░░░  60%  Streaming frame 559/887
  ███████████████░░░░░░░░░░  60%  Streaming frame 560/887
  ███████████████░░░░░░░░░░  60%  Streaming frame 561/887
  ███████████████░░░░░░░░░░  60%  Streaming frame 562/887
  ███████████████░░░░░░░░░░  60%  Streaming frame 563/887
  ███████████████░░░░░░░░░░  60%  Streaming frame 564/887
  ███████████████░░░░░░░░░░  60%  Streaming frame 565/887
  ███████████████░░░░░░░░░░  60%  Streaming frame 566/887
  ███████████████░░░░░░░░░░  60%  Streaming frame 567/887
  ███████████████░░░░░░░░░░  60%  Streaming frame 568/887
  ███████████████░░░░░░░░░░  60%  Streaming frame 569/887
  ███████████████░░░░░░░░░░  60%  Streaming frame 570/887
  ███████████████░░░░░░░░░░  60%  Streaming frame 571/887
  ███████████████░░░░░░░░░░  60%  Streaming frame 572/887
  ███████████████░░░░░░░░░░  61%  Streaming frame 573/887
  ███████████████░░░░░░░░░░  61%  Streaming frame 574/887
  ███████████████░░░░░░░░░░  61%  Streaming frame 575/887
  ███████████████░░░░░░░░░░  61%  Streaming frame 576/887
  ███████████████░░░░░░░░░░  61%  Streaming frame 577/887
  ███████████████░░░░░░░░░░  61%  Streaming frame 578/887
  ███████████████░░░░░░░░░░  61%  Streaming frame 579/887
  ███████████████░░░░░░░░░░  61%  Streaming frame 580/887
  ███████████████░░░░░░░░░░  61%  Streaming frame 581/887
  ███████████████░░░░░░░░░░  61%  Streaming frame 582/887
  ███████████████░░░░░░░░░░  61%  Streaming frame 583/887
  ███████████████░░░░░░░░░░  61%  Streaming frame 584/887
  ███████████████░░░░░░░░░░  61%  Streaming frame 585/887
  ███████████████░░░░░░░░░░  61%  Streaming frame 586/887
  ███████████████░░░░░░░░░░  61%  Streaming frame 587/887
  ███████████████░░░░░░░░░░  61%  Streaming frame 588/887
  ███████████████░░░░░░░░░░  62%  Streaming frame 589/887
  ███████████████░░░░░░░░░░  62%  Streaming frame 590/887
  ███████████████░░░░░░░░░░  62%  Streaming frame 591/887
  ███████████████░░░░░░░░░░  62%  Streaming frame 592/887
  ███████████████░░░░░░░░░░  62%  Streaming frame 593/887
  ███████████████░░░░░░░░░░  62%  Streaming frame 594/887
  ███████████████░░░░░░░░░░  62%  Streaming frame 595/887
  ███████████████░░░░░░░░░░  62%  Streaming frame 596/887
  ███████████████░░░░░░░░░░  62%  Streaming frame 597/887
  ███████████████░░░░░░░░░░  62%  Streaming frame 598/887
  ███████████████░░░░░░░░░░  62%  Streaming frame 599/887
  ███████████████░░░░░░░░░░  62%  Streaming frame 600/887
  ███████████████░░░░░░░░░░  62%  Streaming frame 601/887
  ███████████████░░░░░░░░░░  62%  Streaming frame 602/887
  ███████████████░░░░░░░░░░  62%  Streaming frame 603/887
  ███████████████░░░░░░░░░░  62%  Streaming frame 604/887
  ███████████████░░░░░░░░░░  63%  Streaming frame 605/887
  ███████████████░░░░░░░░░░  63%  Streaming frame 606/887
  ███████████████░░░░░░░░░░  63%  Streaming frame 607/887
  ███████████████░░░░░░░░░░  63%  Streaming frame 608/887
  ███████████████░░░░░░░░░░  63%  Streaming frame 609/887
  ███████████████░░░░░░░░░░  63%  Streaming frame 610/887
  ███████████████░░░░░░░░░░  63%  Streaming frame 611/887
  ███████████████░░░░░░░░░░  63%  Streaming frame 612/887
  ███████████████░░░░░░░░░░  63%  Streaming frame 613/887
  ███████████████░░░░░░░░░░  63%  Streaming frame 614/887
  ███████████████░░░░░░░░░░  63%  Streaming frame 615/887
  ███████████████░░░░░░░░░░  63%  Streaming frame 616/887
  ███████████████░░░░░░░░░░  63%  Streaming frame 617/887
  ███████████████░░░░░░░░░░  63%  Streaming frame 618/887
  ███████████████░░░░░░░░░░  63%  Streaming frame 619/887
  ███████████████░░░░░░░░░░  63%  Streaming frame 620/887
  ████████████████░░░░░░░░░  64%  Streaming frame 621/887
  ████████████████░░░░░░░░░  64%  Streaming frame 622/887
  ████████████████░░░░░░░░░  64%  Streaming frame 623/887
  ████████████████░░░░░░░░░  64%  Streaming frame 624/887
  ████████████████░░░░░░░░░  64%  Streaming frame 625/887
  ████████████████░░░░░░░░░  64%  Streaming frame 626/887
  ████████████████░░░░░░░░░  64%  Streaming frame 627/887
  ████████████████░░░░░░░░░  64%  Streaming frame 628/887
  ████████████████░░░░░░░░░  64%  Streaming frame 629/887
  ████████████████░░░░░░░░░  64%  Streaming frame 630/887
  ████████████████░░░░░░░░░  64%  Streaming frame 631/887
  ████████████████░░░░░░░░░  64%  Streaming frame 632/887
  ████████████████░░░░░░░░░  64%  Streaming frame 633/887
  ████████████████░░░░░░░░░  64%  Streaming frame 634/887
  ████████████████░░░░░░░░░  64%  Streaming frame 635/887
  ████████████████░░░░░░░░░  64%  Streaming frame 636/887
  ████████████████░░░░░░░░░  64%  Streaming frame 637/887
  ████████████████░░░░░░░░░  65%  Streaming frame 638/887
  ████████████████░░░░░░░░░  65%  Streaming frame 639/887
  ████████████████░░░░░░░░░  65%  Streaming frame 640/887
  ████████████████░░░░░░░░░  65%  Streaming frame 641/887
  ████████████████░░░░░░░░░  65%  Streaming frame 642/887
  ████████████████░░░░░░░░░  65%  Streaming frame 643/887
  ████████████████░░░░░░░░░  65%  Streaming frame 644/887
  ████████████████░░░░░░░░░  65%  Streaming frame 645/887
  ████████████████░░░░░░░░░  65%  Streaming frame 646/887
  ████████████████░░░░░░░░░  65%  Streaming frame 647/887
  ████████████████░░░░░░░░░  65%  Streaming frame 648/887
  ████████████████░░░░░░░░░  65%  Streaming frame 649/887
  ████████████████░░░░░░░░░  65%  Streaming frame 650/887
  ████████████████░░░░░░░░░  65%  Streaming frame 651/887
  ████████████████░░░░░░░░░  65%  Streaming frame 652/887
  ████████████████░░░░░░░░░  65%  Streaming frame 653/887
  ████████████████░░░░░░░░░  66%  Streaming frame 654/887
  ████████████████░░░░░░░░░  66%  Streaming frame 655/887
  ████████████████░░░░░░░░░  66%  Streaming frame 656/887
  ████████████████░░░░░░░░░  66%  Streaming frame 657/887
  ████████████████░░░░░░░░░  66%  Streaming frame 658/887
  ████████████████░░░░░░░░░  66%  Streaming frame 659/887
  ████████████████░░░░░░░░░  66%  Streaming frame 660/887
  ████████████████░░░░░░░░░  66%  Streaming frame 661/887
  ████████████████░░░░░░░░░  66%  Streaming frame 662/887
  ████████████████░░░░░░░░░  66%  Streaming frame 663/887
  ████████████████░░░░░░░░░  66%  Streaming frame 664/887
  ████████████████░░░░░░░░░  66%  Streaming frame 665/887
[INFO] [Render] drawElement self-verify passed {"renderJobId":"08b2406f-17a4-4975-8f78-8069840aa183","frame":665,"psnrDb":"inf"}
  ████████████████░░░░░░░░░  66%  Streaming frame 666/887
  ████████████████░░░░░░░░░  66%  Streaming frame 667/887
  ████████████████░░░░░░░░░  66%  Streaming frame 668/887
  ████████████████░░░░░░░░░  66%  Streaming frame 669/887
  ████████████████░░░░░░░░░  67%  Streaming frame 670/887
  ████████████████░░░░░░░░░  67%  Streaming frame 671/887
  ████████████████░░░░░░░░░  67%  Streaming frame 672/887
  ████████████████░░░░░░░░░  67%  Streaming frame 673/887
  ████████████████░░░░░░░░░  67%  Streaming frame 674/887
  ████████████████░░░░░░░░░  67%  Streaming frame 675/887
  ████████████████░░░░░░░░░  67%  Streaming frame 676/887
  ████████████████░░░░░░░░░  67%  Streaming frame 677/887
  ████████████████░░░░░░░░░  67%  Streaming frame 678/887
  ████████████████░░░░░░░░░  67%  Streaming frame 679/887
  ████████████████░░░░░░░░░  67%  Streaming frame 680/887
  ████████████████░░░░░░░░░  67%  Streaming frame 681/887
  ████████████████░░░░░░░░░  67%  Streaming frame 682/887
  ████████████████░░░░░░░░░  67%  Streaming frame 683/887
  ████████████████░░░░░░░░░  67%  Streaming frame 684/887
  ████████████████░░░░░░░░░  67%  Streaming frame 685/887
  █████████████████░░░░░░░░  68%  Streaming frame 686/887
  █████████████████░░░░░░░░  68%  Streaming frame 687/887
  █████████████████░░░░░░░░  68%  Streaming frame 688/887
  █████████████████░░░░░░░░  68%  Streaming frame 689/887
  █████████████████░░░░░░░░  68%  Streaming frame 690/887
  █████████████████░░░░░░░░  68%  Streaming frame 691/887
  █████████████████░░░░░░░░  68%  Streaming frame 692/887
  █████████████████░░░░░░░░  68%  Streaming frame 693/887
  █████████████████░░░░░░░░  68%  Streaming frame 694/887
  █████████████████░░░░░░░░  68%  Streaming frame 695/887
  █████████████████░░░░░░░░  68%  Streaming frame 696/887
  █████████████████░░░░░░░░  68%  Streaming frame 697/887
  █████████████████░░░░░░░░  68%  Streaming frame 698/887
  █████████████████░░░░░░░░  68%  Streaming frame 699/887
  █████████████████░░░░░░░░  68%  Streaming frame 700/887
  █████████████████░░░░░░░░  68%  Streaming frame 701/887
  █████████████████░░░░░░░░  69%  Streaming frame 702/887
  █████████████████░░░░░░░░  69%  Streaming frame 703/887
  █████████████████░░░░░░░░  69%  Streaming frame 704/887
  █████████████████░░░░░░░░  69%  Streaming frame 705/887
  █████████████████░░░░░░░░  69%  Streaming frame 706/887
  █████████████████░░░░░░░░  69%  Streaming frame 707/887
  █████████████████░░░░░░░░  69%  Streaming frame 708/887
  █████████████████░░░░░░░░  69%  Streaming frame 709/887
  █████████████████░░░░░░░░  69%  Streaming frame 710/887
  █████████████████░░░░░░░░  69%  Streaming frame 711/887
  █████████████████░░░░░░░░  69%  Streaming frame 712/887
  █████████████████░░░░░░░░  69%  Streaming frame 713/887
  █████████████████░░░░░░░░  69%  Streaming frame 714/887
  █████████████████░░░░░░░░  69%  Streaming frame 715/887
  █████████████████░░░░░░░░  69%  Streaming frame 716/887
  █████████████████░░░░░░░░  69%  Streaming frame 717/887
  █████████████████░░░░░░░░  70%  Streaming frame 718/887
  █████████████████░░░░░░░░  70%  Streaming frame 719/887
  █████████████████░░░░░░░░  70%  Streaming frame 720/887
  █████████████████░░░░░░░░  70%  Streaming frame 721/887
  █████████████████░░░░░░░░  70%  Streaming frame 722/887
  █████████████████░░░░░░░░  70%  Streaming frame 723/887
  █████████████████░░░░░░░░  70%  Streaming frame 724/887
  █████████████████░░░░░░░░  70%  Streaming frame 725/887
  █████████████████░░░░░░░░  70%  Streaming frame 726/887
  █████████████████░░░░░░░░  70%  Streaming frame 727/887
  █████████████████░░░░░░░░  70%  Streaming frame 728/887
  █████████████████░░░░░░░░  70%  Streaming frame 729/887
  █████████████████░░░░░░░░  70%  Streaming frame 730/887
  █████████████████░░░░░░░░  70%  Streaming frame 731/887
  █████████████████░░░░░░░░  70%  Streaming frame 732/887
  █████████████████░░░░░░░░  70%  Streaming frame 733/887
  █████████████████░░░░░░░░  71%  Streaming frame 734/887
  █████████████████░░░░░░░░  71%  Streaming frame 735/887
  █████████████████░░░░░░░░  71%  Streaming frame 736/887
  █████████████████░░░░░░░░  71%  Streaming frame 737/887
  █████████████████░░░░░░░░  71%  Streaming frame 738/887
  █████████████████░░░░░░░░  71%  Streaming frame 739/887
  █████████████████░░░░░░░░  71%  Streaming frame 740/887
  █████████████████░░░░░░░░  71%  Streaming frame 741/887
  █████████████████░░░░░░░░  71%  Streaming frame 742/887
  █████████████████░░░░░░░░  71%  Streaming frame 743/887
  █████████████████░░░░░░░░  71%  Streaming frame 744/887
  █████████████████░░░░░░░░  71%  Streaming frame 745/887
  █████████████████░░░░░░░░  71%  Streaming frame 746/887
  █████████████████░░░░░░░░  71%  Streaming frame 747/887
  █████████████████░░░░░░░░  71%  Streaming frame 748/887
  █████████████████░░░░░░░░  71%  Streaming frame 749/887
  ██████████████████░░░░░░░  72%  Streaming frame 750/887
  ██████████████████░░░░░░░  72%  Streaming frame 751/887
  ██████████████████░░░░░░░  72%  Streaming frame 752/887
  ██████████████████░░░░░░░  72%  Streaming frame 753/887
  ██████████████████░░░░░░░  72%  Streaming frame 754/887
  ██████████████████░░░░░░░  72%  Streaming frame 755/887
  ██████████████████░░░░░░░  72%  Streaming frame 756/887
  ██████████████████░░░░░░░  72%  Streaming frame 757/887
  ██████████████████░░░░░░░  72%  Streaming frame 758/887
  ██████████████████░░░░░░░  72%  Streaming frame 759/887
  ██████████████████░░░░░░░  72%  Streaming frame 760/887
  ██████████████████░░░░░░░  72%  Streaming frame 761/887
  ██████████████████░░░░░░░  72%  Streaming frame 762/887
  ██████████████████░░░░░░░  72%  Streaming frame 763/887
  ██████████████████░░░░░░░  72%  Streaming frame 764/887
  ██████████████████░░░░░░░  72%  Streaming frame 765/887
  ██████████████████░░░░░░░  72%  Streaming frame 766/887
  ██████████████████░░░░░░░  73%  Streaming frame 767/887
  ██████████████████░░░░░░░  73%  Streaming frame 768/887
  ██████████████████░░░░░░░  73%  Streaming frame 769/887
  ██████████████████░░░░░░░  73%  Streaming frame 770/887
  ██████████████████░░░░░░░  73%  Streaming frame 771/887
  ██████████████████░░░░░░░  73%  Streaming frame 772/887
  ██████████████████░░░░░░░  73%  Streaming frame 773/887
  ██████████████████░░░░░░░  73%  Streaming frame 774/887
  ██████████████████░░░░░░░  73%  Streaming frame 775/887
  ██████████████████░░░░░░░  73%  Streaming frame 776/887
  ██████████████████░░░░░░░  73%  Streaming frame 777/887
  ██████████████████░░░░░░░  73%  Streaming frame 778/887
  ██████████████████░░░░░░░  73%  Streaming frame 779/887
  ██████████████████░░░░░░░  73%  Streaming frame 780/887
  ██████████████████░░░░░░░  73%  Streaming frame 781/887
  ██████████████████░░░░░░░  73%  Streaming frame 782/887
  ██████████████████░░░░░░░  74%  Streaming frame 783/887
  ██████████████████░░░░░░░  74%  Streaming frame 784/887
  ██████████████████░░░░░░░  74%  Streaming frame 785/887
  ██████████████████░░░░░░░  74%  Streaming frame 786/887
  ██████████████████░░░░░░░  74%  Streaming frame 787/887
  ██████████████████░░░░░░░  74%  Streaming frame 788/887
  ██████████████████░░░░░░░  74%  Streaming frame 789/887
  ██████████████████░░░░░░░  74%  Streaming frame 790/887
  ██████████████████░░░░░░░  74%  Streaming frame 791/887
  ██████████████████░░░░░░░  74%  Streaming frame 792/887
  ██████████████████░░░░░░░  74%  Streaming frame 793/887
  ██████████████████░░░░░░░  74%  Streaming frame 794/887
  ██████████████████░░░░░░░  74%  Streaming frame 795/887
  ██████████████████░░░░░░░  74%  Streaming frame 796/887
  ██████████████████░░░░░░░  74%  Streaming frame 797/887
  ██████████████████░░░░░░░  74%  Streaming frame 798/887
  ██████████████████░░░░░░░  75%  Streaming frame 799/887
  ██████████████████░░░░░░░  75%  Streaming frame 800/887
  ██████████████████░░░░░░░  75%  Streaming frame 801/887
  ██████████████████░░░░░░░  75%  Streaming frame 802/887
  ██████████████████░░░░░░░  75%  Streaming frame 803/887
  ██████████████████░░░░░░░  75%  Streaming frame 804/887
  ██████████████████░░░░░░░  75%  Streaming frame 805/887
  ██████████████████░░░░░░░  75%  Streaming frame 806/887
  ██████████████████░░░░░░░  75%  Streaming frame 807/887
  ██████████████████░░░░░░░  75%  Streaming frame 808/887
  ██████████████████░░░░░░░  75%  Streaming frame 809/887
  ██████████████████░░░░░░░  75%  Streaming frame 810/887
  ██████████████████░░░░░░░  75%  Streaming frame 811/887
  ██████████████████░░░░░░░  75%  Streaming frame 812/887
  ██████████████████░░░░░░░  75%  Streaming frame 813/887
  ██████████████████░░░░░░░  75%  Streaming frame 814/887
  ███████████████████░░░░░░  76%  Streaming frame 815/887
  ███████████████████░░░░░░  76%  Streaming frame 816/887
  ███████████████████░░░░░░  76%  Streaming frame 817/887
  ███████████████████░░░░░░  76%  Streaming frame 818/887
  ███████████████████░░░░░░  76%  Streaming frame 819/887
  ███████████████████░░░░░░  76%  Streaming frame 820/887
  ███████████████████░░░░░░  76%  Streaming frame 821/887
  ███████████████████░░░░░░  76%  Streaming frame 822/887
  ███████████████████░░░░░░  76%  Streaming frame 823/887
  ███████████████████░░░░░░  76%  Streaming frame 824/887
  ███████████████████░░░░░░  76%  Streaming frame 825/887
  ███████████████████░░░░░░  76%  Streaming frame 826/887
  ███████████████████░░░░░░  76%  Streaming frame 827/887
  ███████████████████░░░░░░  76%  Streaming frame 828/887
  ███████████████████░░░░░░  76%  Streaming frame 829/887
  ███████████████████░░░░░░  76%  Streaming frame 830/887
  ███████████████████░░░░░░  77%  Streaming frame 831/887
  ███████████████████░░░░░░  77%  Streaming frame 832/887
  ███████████████████░░░░░░  77%  Streaming frame 833/887
  ███████████████████░░░░░░  77%  Streaming frame 834/887
  ███████████████████░░░░░░  77%  Streaming frame 835/887
  ███████████████████░░░░░░  77%  Streaming frame 836/887
  ███████████████████░░░░░░  77%  Streaming frame 837/887
  ███████████████████░░░░░░  77%  Streaming frame 838/887
  ███████████████████░░░░░░  77%  Streaming frame 839/887
  ███████████████████░░░░░░  77%  Streaming frame 840/887
  ███████████████████░░░░░░  77%  Streaming frame 841/887
  ███████████████████░░░░░░  77%  Streaming frame 842/887
  ███████████████████░░░░░░  77%  Streaming frame 843/887
[INFO] [Render] drawElement self-verify passed {"renderJobId":"08b2406f-17a4-4975-8f78-8069840aa183","frame":843,"psnrDb":75.1}
  ███████████████████░░░░░░  77%  Streaming frame 844/887
  ███████████████████░░░░░░  77%  Streaming frame 845/887
  ███████████████████░░░░░░  77%  Streaming frame 846/887
  ███████████████████░░░░░░  78%  Streaming frame 847/887
  ███████████████████░░░░░░  78%  Streaming frame 848/887
  ███████████████████░░░░░░  78%  Streaming frame 849/887
  ███████████████████░░░░░░  78%  Streaming frame 850/887
  ███████████████████░░░░░░  78%  Streaming frame 851/887
  ███████████████████░░░░░░  78%  Streaming frame 852/887
  ███████████████████░░░░░░  78%  Streaming frame 853/887
  ███████████████████░░░░░░  78%  Streaming frame 854/887
  ███████████████████░░░░░░  78%  Streaming frame 855/887
  ███████████████████░░░░░░  78%  Streaming frame 856/887
  ███████████████████░░░░░░  78%  Streaming frame 857/887
  ███████████████████░░░░░░  78%  Streaming frame 858/887
  ███████████████████░░░░░░  78%  Streaming frame 859/887
  ███████████████████░░░░░░  78%  Streaming frame 860/887
  ███████████████████░░░░░░  78%  Streaming frame 861/887
  ███████████████████░░░░░░  78%  Streaming frame 862/887
  ███████████████████░░░░░░  79%  Streaming frame 863/887
  ███████████████████░░░░░░  79%  Streaming frame 864/887
  ███████████████████░░░░░░  79%  Streaming frame 865/887
  ███████████████████░░░░░░  79%  Streaming frame 866/887
  ███████████████████░░░░░░  79%  Streaming frame 867/887
  ███████████████████░░░░░░  79%  Streaming frame 868/887
  ███████████████████░░░░░░  79%  Streaming frame 869/887
  ███████████████████░░░░░░  79%  Streaming frame 870/887
  ███████████████████░░░░░░  79%  Streaming frame 871/887
  ███████████████████░░░░░░  79%  Streaming frame 872/887
  ███████████████████░░░░░░  79%  Streaming frame 873/887
  ███████████████████░░░░░░  79%  Streaming frame 874/887
  ███████████████████░░░░░░  79%  Streaming frame 875/887
  ███████████████████░░░░░░  79%  Streaming frame 876/887
  ███████████████████░░░░░░  79%  Streaming frame 877/887
  ███████████████████░░░░░░  79%  Streaming frame 878/887
  ████████████████████░░░░░  80%  Streaming frame 879/887
  ████████████████████░░░░░  80%  Streaming frame 880/887
  ████████████████████░░░░░  80%  Streaming frame 881/887
  ████████████████████░░░░░  80%  Streaming frame 882/887
  ████████████████████░░░░░  80%  Streaming frame 883/887
  ████████████████████░░░░░  80%  Streaming frame 884/887
  ████████████████████░░░░░  80%  Streaming frame 885/887
  ████████████████████░░░░░  80%  Streaming frame 886/887
  ████████████████████░░░░░  80%  Streaming frame 887/887
[static-dedup] reused 745/1632 frame(s) (46%), est. ~1490ms saved (avg 2ms/frame)
[INFO] [Render:trace] {"renderJobId":"08b2406f-17a4-4975-8f78-8069840aa183","phase":"capture_streaming","status":"end","elapsedMs":9654,"durationMs":6092,"stagePhase":"capturing","workerCount":1,"forceScreenshot":false,"totalFrames":887,"framesCompleted":887,"captureMode":"drawelement","captureOperation":"encode"}
[INFO] [Render:trace] {"renderJobId":"08b2406f-17a4-4975-8f78-8069840aa183","phase":"assemble","status":"start","elapsedMs":9654,"stagePhase":"capturing","hasAudio":true,"workerCount":1,"forceScreenshot":false,"totalFrames":887,"framesCompleted":887,"captureMode":"drawelement","captureOperation":"encode"}
  ██████████████████████░░░  90%  Assembling final video
[INFO] [Render:trace] {"renderJobId":"08b2406f-17a4-4975-8f78-8069840aa183","phase":"assemble","status":"end","elapsedMs":10497,"durationMs":842,"stagePhase":"capturing","hasAudio":true,"workerCount":1,"forceScreenshot":false,"totalFrames":887,"framesCompleted":887,"captureMode":"drawelement","captureOperation":"encode"}
[INFO] [Render:trace] {"renderJobId":"08b2406f-17a4-4975-8f78-8069840aa183","phase":"pipeline","status":"checkpoint","elapsedMs":10515,"message":"artifact validated","totalElapsedMs":10515}
  █████████████████████████  100%  Render complete

◇  /Users/brownmanbrain/GitHub/operator-economy/blueprint-cinema/experiments/EP007-NET-NEW-UNFINISHED-ANSWER-003/hyperframes/reviews/r55-s12bc/qa/r55-s12bc.mp4
   2.2 MB · 37.0s video · rendered in 10.5s
