[INFO] [Render] Pipeline started {"renderJobId":"b11a2fe4-ed18-4b66-aa9e-104b04df07cf","platform":"darwin","arch":"arm64","nodeVersion":"v25.6.1","fps":{"num":24,"den":1},"format":"mp4","quality":"high","browserGpuMode":"auto","forceScreenshot":false,"protocolTimeout":300000,"browserTimeout":120000,"pageNavigationTimeout":60000,"playerReadyTimeout":45000}
[INFO] [Render:trace] {"renderJobId":"b11a2fe4-ed18-4b66-aa9e-104b04df07cf","phase":"pipeline","status":"checkpoint","elapsedMs":2,"message":"started","format":"mp4","quality":"high","browserGpuMode":"auto","forceScreenshot":false,"protocolTimeoutMs":300000,"pageNavigationTimeoutMs":60000,"playerReadyTimeoutMs":45000,"requestedWorkers":"auto"}
[INFO] [Render:trace] {"renderJobId":"b11a2fe4-ed18-4b66-aa9e-104b04df07cf","phase":"compile","status":"start","elapsedMs":2,"needsAlpha":false}
[INFO] [Compiler] Embedded local font file: public/fonts/boska-700.woff2 (30 KB → data URI)
[INFO] [Compiler] Embedded local font file: public/fonts/supreme-400.woff2 (18 KB → data URI)
[INFO] [Compiler] Embedded local font file: public/fonts/supreme-500.woff2 (18 KB → data URI)
[INFO] Compiled composition metadata {"renderJobId":"b11a2fe4-ed18-4b66-aa9e-104b04df07cf","entryFile":"index.html","staticDuration":4,"width":1280,"height":720,"videoCount":0,"audioCount":0,"renderModeHints":{"recommendScreenshot":false,"reasons":[]}}
[INFO] [Render:trace] {"renderJobId":"b11a2fe4-ed18-4b66-aa9e-104b04df07cf","phase":"compile","status":"end","elapsedMs":15,"durationMs":13,"needsAlpha":false}
[INFO] [Render:trace] {"renderJobId":"b11a2fe4-ed18-4b66-aa9e-104b04df07cf","phase":"compile","status":"checkpoint","elapsedMs":15,"message":"composition metadata resolved","width":1280,"height":720,"videoCount":0,"audioCount":0,"imageCount":0,"deviceScaleFactor":1,"forceScreenshot":false,"compositionHash":"0180bd75f24acd7d"}
[INFO] [Render:trace] {"renderJobId":"b11a2fe4-ed18-4b66-aa9e-104b04df07cf","phase":"browser_probe","status":"start","elapsedMs":16,"forceScreenshot":false,"stagePhase":"calibrating"}
[INFO] [Render:trace] {"renderJobId":"b11a2fe4-ed18-4b66-aa9e-104b04df07cf","phase":"browser_probe","status":"end","elapsedMs":17,"durationMs":1,"forceScreenshot":false,"stagePhase":"calibrating"}
[INFO] [Render:trace] {"renderJobId":"b11a2fe4-ed18-4b66-aa9e-104b04df07cf","phase":"browser_probe","status":"checkpoint","elapsedMs":17,"message":"duration resolved","durationSeconds":4,"totalFrames":96,"compositionHash":"0180bd75f24acd7d","beginFrameStalled":false}
[INFO] [Render:trace] {"renderJobId":"b11a2fe4-ed18-4b66-aa9e-104b04df07cf","phase":"video_extract","status":"start","elapsedMs":18,"videoCount":0}
[INFO] [Render:trace] {"renderJobId":"b11a2fe4-ed18-4b66-aa9e-104b04df07cf","phase":"video_extract","status":"end","elapsedMs":18,"durationMs":0,"videoCount":0}
[INFO] [Render:trace] {"renderJobId":"b11a2fe4-ed18-4b66-aa9e-104b04df07cf","phase":"video_extract","status":"checkpoint","elapsedMs":18,"message":"frames resolved","videoCount":0,"extractedVideoCount":0,"totalFramesExtracted":0,"maxFramesPerVideo":0,"avgFramesPerExtractedVideo":null,"vfrPreflightCount":null,"vfrPreflightMs":null,"cacheHits":null,"cacheMisses":null,"transientRetries":null,"minVideoFrameCoverageRatio":null,"authoredTimedClipCount":1}
[INFO] [Render] No HDR sources detected — rendering SDR {"renderJobId":"b11a2fe4-ed18-4b66-aa9e-104b04df07cf"}
[INFO] [Render:trace] {"renderJobId":"b11a2fe4-ed18-4b66-aa9e-104b04df07cf","phase":"hdr_detection","status":"checkpoint","elapsedMs":18,"message":"resolved","requestedHdrMode":"auto","effectiveHdr":"sdr","nativeHdrVideoCount":0,"nativeHdrImageCount":0}
[INFO] [Render:trace] {"renderJobId":"b11a2fe4-ed18-4b66-aa9e-104b04df07cf","phase":"audio_process","status":"start","elapsedMs":18,"audioCount":0}
[INFO] [Render:trace] {"renderJobId":"b11a2fe4-ed18-4b66-aa9e-104b04df07cf","phase":"audio_process","status":"end","elapsedMs":18,"durationMs":0,"audioCount":0}
[INFO] [Render:trace] {"renderJobId":"b11a2fe4-ed18-4b66-aa9e-104b04df07cf","phase":"file_server","status":"start","elapsedMs":18,"reused":false}
[INFO] [Render:trace] {"renderJobId":"b11a2fe4-ed18-4b66-aa9e-104b04df07cf","phase":"file_server","status":"end","elapsedMs":23,"durationMs":4}
[hyperframes] browserGpuMode probe → hardware (WebGL renderer vendor="Google Inc. (Apple)" renderer="ANGLE (Apple, ANGLE Metal Renderer: Apple M4, Unspecified Version)")
[INFO] [Render:trace] {"renderJobId":"b11a2fe4-ed18-4b66-aa9e-104b04df07cf","phase":"capture_calibration","status":"start","elapsedMs":157,"stagePhase":"calibrating","forceScreenshot":false,"totalFrames":96,"framesCompleted":0,"captureMode":"drawelement","captureOperation":"drawElement"}
[INFO] [Render] Calibration config {"renderJobId":"b11a2fe4-ed18-4b66-aa9e-104b04df07cf","protocolTimeout":30000,"parentProtocolTimeout":300000,"forceScreenshot":false,"totalFrames":96}
[INFO] Launching browser for capture calibration... {"renderJobId":"b11a2fe4-ed18-4b66-aa9e-104b04df07cf"}
[BrowserManager] Browser launched (HeadlessChrome/152.0.7977.30, screenshot, gl=--use-gl=angle --use-angle=metal, headlessShell=true, platform=darwin)
[INFO] Initializing calibration session... {"renderJobId":"b11a2fe4-ed18-4b66-aa9e-104b04df07cf"}
[initSession:screenshot] page.goto start (0ms)
[HyperFrames] render runtime fps [object Object]
[initSession:screenshot] page.goto complete (75ms)
[initSession:screenshot] GSAP proxy flush complete (104ms)
[initSession:screenshot] pollHfReady complete (104ms)
[initSession:screenshot] pollSubCompositionTimelines complete (ready) (105ms)
[initSession:screenshot] applyVideoMetadataHints complete (105ms)
[initSession:screenshot] media + fonts + tailwind ready (106ms)
[initSession:screenshot] timeline at-risk predictor: 0/96 frames (0%) (129ms)
[initSession:screenshot] static-frame dedup: 31/32 predicted frame(s) reusable (outcome=verified, runs=2/2, screenshots=26, seeks=27, elapsedMs=1011) (1309ms)
[initSession:screenshot] drawElement self-verify armed: 4 ground-truth frame(s) @ [24, 48, 72, 91] of 96 (1673ms)
[initSession:drawelement] drawElement canvas injected (1674ms)
[initSession:drawelement] screenshot fallback: 5 clip-boundary frame(s) (1675ms)
[initSession:drawelement] drawElement worker encode initialized (1678ms)
[INFO] Calibration session ready, capturing test frames... {"renderJobId":"b11a2fe4-ed18-4b66-aa9e-104b04df07cf"}
[INFO] Calibration: capturing test frame 1/5... {"renderJobId":"b11a2fe4-ed18-4b66-aa9e-104b04df07cf"}
[WARN] [Render] Auto-worker calibration failed; using conservative worker budget. {"renderJobId":"b11a2fe4-ed18-4b66-aa9e-104b04df07cf","protocolTimeout":30000,"error":"drawElement capture failed at frame 0: suspect small frame (10470B < 20000B); fresh screenshot capture required"}
[INFO] [Render:trace] {"renderJobId":"b11a2fe4-ed18-4b66-aa9e-104b04df07cf","phase":"capture_calibration","status":"end","elapsedMs":2079,"durationMs":1922,"stagePhase":"calibrating","forceScreenshot":false,"totalFrames":96,"framesCompleted":0,"captureMode":"drawelement","captureOperation":"drawElement"}
[INFO] [Render:trace] {"renderJobId":"b11a2fe4-ed18-4b66-aa9e-104b04df07cf","phase":"capture_calibration","status":"checkpoint","elapsedMs":2080,"message":"resolved","forceScreenshot":false,"multiplier":8,"p95Ms":null}
[WARN] [Render] Reduced auto worker count for high-cost capture workload to avoid Chrome compositor starvation. {"renderJobId":"b11a2fe4-ed18-4b66-aa9e-104b04df07cf","from":3,"to":1,"costMultiplier":8,"reasons":["calibration-failed"]}
[INFO] [Render:trace] {"renderJobId":"b11a2fe4-ed18-4b66-aa9e-104b04df07cf","phase":"worker_resolution","status":"checkpoint","elapsedMs":2080,"message":"resolved","workerCount":1}
[INFO] streaming-encode gate {"renderJobId":"b11a2fe4-ed18-4b66-aa9e-104b04df07cf","enabled":true,"configFlag":true,"outputFormat":"mp4","workerCount":1,"durationSeconds":4,"maxDurationSeconds":240}
[INFO] [Render:trace] {"renderJobId":"b11a2fe4-ed18-4b66-aa9e-104b04df07cf","phase":"capture_strategy","status":"checkpoint","elapsedMs":2080,"message":"resolved","workerCount":1,"forceScreenshot":false,"captureBeyondViewport":null,"useStreamingEncode":true,"useLayeredComposite":false,"usePageSideCompositing":false,"hasHdrContent":false,"hasShaderTransitions":false,"isPngSequence":false}
[INFO] [Render:trace] {"renderJobId":"b11a2fe4-ed18-4b66-aa9e-104b04df07cf","phase":"capture_streaming","status":"start","elapsedMs":2080,"stagePhase":"capturing","workerCount":1,"forceScreenshot":false,"totalFrames":96,"framesCompleted":0,"captureMode":"drawelement","captureOperation":"drawElement"}
[BrowserManager] Browser launched (HeadlessChrome/152.0.7977.30, screenshot, gl=--use-gl=angle --use-angle=metal, headlessShell=true, platform=darwin)
[initSession:screenshot] page.goto start (0ms)
[HyperFrames] render runtime fps [object Object]
[initSession:screenshot] page.goto complete (76ms)
[initSession:screenshot] GSAP proxy flush complete (82ms)
[initSession:screenshot] pollHfReady complete (83ms)
[initSession:screenshot] pollSubCompositionTimelines complete (ready) (84ms)
[initSession:screenshot] applyVideoMetadataHints complete (84ms)
[initSession:screenshot] media + fonts + tailwind ready (85ms)
[initSession:screenshot] timeline at-risk predictor: 0/96 frames (0%) (90ms)
[initSession:screenshot] static-frame dedup: 31/32 predicted frame(s) reusable (outcome=verified, runs=2/2, screenshots=26, seeks=27, elapsedMs=1008) (1267ms)
[initSession:screenshot] drawElement self-verify armed: 4 ground-truth frame(s) @ [24, 48, 72, 91] of 96 (1624ms)
[initSession:drawelement] drawElement canvas injected (1624ms)
[initSession:drawelement] screenshot fallback: 5 clip-boundary frame(s) (1625ms)
[initSession:drawelement] drawElement worker encode initialized (1626ms)
[INFO] [Render] drawElement self-verify passed {"renderJobId":"b11a2fe4-ed18-4b66-aa9e-104b04df07cf","frame":24,"psnrDb":"inf"}
[INFO] [Render] drawElement self-verify passed {"renderJobId":"b11a2fe4-ed18-4b66-aa9e-104b04df07cf","frame":48,"psnrDb":"inf"}
[INFO] [Render] drawElement self-verify passed {"renderJobId":"b11a2fe4-ed18-4b66-aa9e-104b04df07cf","frame":72,"psnrDb":"inf"}
[INFO] [Render] drawElement self-verify passed {"renderJobId":"b11a2fe4-ed18-4b66-aa9e-104b04df07cf","frame":91,"psnrDb":"inf"}
[static-dedup] reused 30/126 frame(s) (24%), est. ~330ms saved (avg 11ms/frame)
[INFO] [Render:trace] {"renderJobId":"b11a2fe4-ed18-4b66-aa9e-104b04df07cf","phase":"capture_streaming","status":"end","elapsedMs":5569,"durationMs":3489,"stagePhase":"capturing","workerCount":1,"forceScreenshot":false,"totalFrames":96,"framesCompleted":96,"captureMode":"drawelement","captureOperation":"encode"}
[INFO] [Render:trace] {"renderJobId":"b11a2fe4-ed18-4b66-aa9e-104b04df07cf","phase":"assemble","status":"start","elapsedMs":5570,"stagePhase":"capturing","hasAudio":false,"workerCount":1,"forceScreenshot":false,"totalFrames":96,"framesCompleted":96,"captureMode":"drawelement","captureOperation":"encode"}
[INFO] [Render:trace] {"renderJobId":"b11a2fe4-ed18-4b66-aa9e-104b04df07cf","phase":"assemble","status":"end","elapsedMs":5603,"durationMs":32,"stagePhase":"capturing","hasAudio":false,"workerCount":1,"forceScreenshot":false,"totalFrames":96,"framesCompleted":96,"captureMode":"drawelement","captureOperation":"encode"}
[INFO] [Render:trace] {"renderJobId":"b11a2fe4-ed18-4b66-aa9e-104b04df07cf","phase":"pipeline","status":"checkpoint","elapsedMs":5643,"message":"artifact validated","totalElapsedMs":5642}
