[INFO] [Render] Pipeline started {"renderJobId":"25bb6686-507f-4c0e-954d-3377ea4bc8a1","platform":"darwin","arch":"arm64","nodeVersion":"v25.6.1","fps":{"num":24,"den":1},"format":"mp4","quality":"high","browserGpuMode":"auto","forceScreenshot":false,"protocolTimeout":300000,"browserTimeout":120000,"pageNavigationTimeout":60000,"playerReadyTimeout":45000}
[INFO] [Render:trace] {"renderJobId":"25bb6686-507f-4c0e-954d-3377ea4bc8a1","phase":"pipeline","status":"checkpoint","elapsedMs":2,"message":"started","format":"mp4","quality":"high","browserGpuMode":"auto","forceScreenshot":false,"protocolTimeoutMs":300000,"pageNavigationTimeoutMs":60000,"playerReadyTimeoutMs":45000,"requestedWorkers":"auto"}
[INFO] [Render:trace] {"renderJobId":"25bb6686-507f-4c0e-954d-3377ea4bc8a1","phase":"compile","status":"start","elapsedMs":2,"needsAlpha":false}
[INFO] [Compiler] Embedded local font file: public/fonts/supreme-500.woff2 (18 KB → data URI)
[INFO] Compiled composition metadata {"renderJobId":"25bb6686-507f-4c0e-954d-3377ea4bc8a1","entryFile":"index.html","staticDuration":0.5,"width":2560,"height":780,"videoCount":0,"audioCount":0,"renderModeHints":{"recommendScreenshot":false,"reasons":[]}}
[INFO] [Render:trace] {"renderJobId":"25bb6686-507f-4c0e-954d-3377ea4bc8a1","phase":"compile","status":"end","elapsedMs":44,"durationMs":42,"needsAlpha":false}
[INFO] [Render:trace] {"renderJobId":"25bb6686-507f-4c0e-954d-3377ea4bc8a1","phase":"compile","status":"checkpoint","elapsedMs":44,"message":"composition metadata resolved","width":2560,"height":780,"videoCount":0,"audioCount":0,"imageCount":2,"deviceScaleFactor":1,"forceScreenshot":false,"compositionHash":"2b590c696a3acff1"}
[INFO] [Render:trace] {"renderJobId":"25bb6686-507f-4c0e-954d-3377ea4bc8a1","phase":"browser_probe","status":"start","elapsedMs":44,"forceScreenshot":false,"stagePhase":"calibrating"}
[INFO] [Render:trace] {"renderJobId":"25bb6686-507f-4c0e-954d-3377ea4bc8a1","phase":"browser_probe","status":"end","elapsedMs":49,"durationMs":5,"forceScreenshot":false,"stagePhase":"calibrating"}
[INFO] [Render:trace] {"renderJobId":"25bb6686-507f-4c0e-954d-3377ea4bc8a1","phase":"browser_probe","status":"checkpoint","elapsedMs":50,"message":"duration resolved","durationSeconds":0.5,"totalFrames":12,"compositionHash":"2b590c696a3acff1","beginFrameStalled":false}
[INFO] [Render:trace] {"renderJobId":"25bb6686-507f-4c0e-954d-3377ea4bc8a1","phase":"video_extract","status":"start","elapsedMs":50,"videoCount":0}
[INFO] [Render:trace] {"renderJobId":"25bb6686-507f-4c0e-954d-3377ea4bc8a1","phase":"video_extract","status":"end","elapsedMs":50,"durationMs":0,"videoCount":0}
[INFO] [Render:trace] {"renderJobId":"25bb6686-507f-4c0e-954d-3377ea4bc8a1","phase":"video_extract","status":"checkpoint","elapsedMs":50,"message":"frames resolved","videoCount":0,"extractedVideoCount":0,"totalFramesExtracted":0,"maxFramesPerVideo":0,"avgFramesPerExtractedVideo":null,"vfrPreflightCount":null,"vfrPreflightMs":null,"cacheHits":null,"cacheMisses":null,"transientRetries":null,"minVideoFrameCoverageRatio":null,"authoredTimedClipCount":1}
[INFO] [Render] No HDR sources detected — rendering SDR {"renderJobId":"25bb6686-507f-4c0e-954d-3377ea4bc8a1"}
[INFO] [Render:trace] {"renderJobId":"25bb6686-507f-4c0e-954d-3377ea4bc8a1","phase":"hdr_detection","status":"checkpoint","elapsedMs":51,"message":"resolved","requestedHdrMode":"auto","effectiveHdr":"sdr","nativeHdrVideoCount":0,"nativeHdrImageCount":0}
[INFO] [Render:trace] {"renderJobId":"25bb6686-507f-4c0e-954d-3377ea4bc8a1","phase":"audio_process","status":"start","elapsedMs":51,"audioCount":0}
[INFO] [Render:trace] {"renderJobId":"25bb6686-507f-4c0e-954d-3377ea4bc8a1","phase":"audio_process","status":"end","elapsedMs":51,"durationMs":0,"audioCount":0}
[INFO] [Render:trace] {"renderJobId":"25bb6686-507f-4c0e-954d-3377ea4bc8a1","phase":"file_server","status":"start","elapsedMs":51,"reused":false}
[INFO] [Render:trace] {"renderJobId":"25bb6686-507f-4c0e-954d-3377ea4bc8a1","phase":"file_server","status":"end","elapsedMs":55,"durationMs":4}
[hyperframes] browserGpuMode probe → hardware (WebGL renderer vendor="Google Inc. (Apple)" renderer="ANGLE (Apple, ANGLE Metal Renderer: Apple M4, Unspecified Version)")
[INFO] [Render:trace] {"renderJobId":"25bb6686-507f-4c0e-954d-3377ea4bc8a1","phase":"capture_calibration","status":"checkpoint","elapsedMs":194,"message":"skipped","requestedWorkers":"auto","totalFrames":12,"htmlInCanvasDetected":false,"lowMemoryMode":false,"deInversionEligible":false,"deParallelRouterEligible":false}
[INFO] [Render:trace] {"renderJobId":"25bb6686-507f-4c0e-954d-3377ea4bc8a1","phase":"worker_resolution","status":"checkpoint","elapsedMs":194,"message":"resolved","workerCount":1}
[INFO] streaming-encode gate {"renderJobId":"25bb6686-507f-4c0e-954d-3377ea4bc8a1","enabled":true,"configFlag":true,"outputFormat":"mp4","workerCount":1,"durationSeconds":0.5,"maxDurationSeconds":240}
[INFO] [Render:trace] {"renderJobId":"25bb6686-507f-4c0e-954d-3377ea4bc8a1","phase":"capture_strategy","status":"checkpoint","elapsedMs":194,"message":"resolved","workerCount":1,"forceScreenshot":false,"captureBeyondViewport":null,"useStreamingEncode":true,"useLayeredComposite":false,"usePageSideCompositing":false,"hasHdrContent":false,"hasShaderTransitions":false,"isPngSequence":false}
[INFO] [Render:trace] {"renderJobId":"25bb6686-507f-4c0e-954d-3377ea4bc8a1","phase":"capture_streaming","status":"start","elapsedMs":194,"stagePhase":"capturing","workerCount":1,"forceScreenshot":false,"totalFrames":12,"framesCompleted":0,"captureMode":"drawelement","captureOperation":"drawElement"}
[BrowserManager] Browser launched (HeadlessChrome/152.0.7977.30, screenshot, gl=--use-gl=angle --use-angle=metal, headlessShell=true, platform=darwin)
[initSession:screenshot] page.goto start (0ms)
[HyperFrames] render runtime fps [object Object]
[initSession:screenshot] page.goto complete (81ms)
[initSession:screenshot] GSAP proxy flush complete (110ms)
[initSession:screenshot] pollHfReady complete (110ms)
[initSession:screenshot] pollSubCompositionTimelines complete (ready) (112ms)
[initSession:screenshot] applyVideoMetadataHints complete (112ms)
[initSession:screenshot] media + fonts + tailwind ready (113ms)
[initSession:screenshot] timeline at-risk predictor: 0/12 frames (0%) (135ms)
[initSession:screenshot] static-frame dedup: 8/8 predicted frame(s) reusable (outcome=verified, runs=1/1, screenshots=7, seeks=8, elapsedMs=339) (640ms)
[initSession:screenshot] drawElement self-verify armed: 3 ground-truth frame(s) @ [3, 6, 9] of 12 (926ms)
[initSession:drawelement] drawElement canvas injected (927ms)
[initSession:drawelement] screenshot fallback: 5 clip-boundary frame(s) (928ms)
[initSession:drawelement] drawElement worker encode initialized (929ms)
[INFO] [Render] drawElement self-verify passed {"renderJobId":"25bb6686-507f-4c0e-954d-3377ea4bc8a1","frame":3,"psnrDb":"inf"}
[INFO] [Render] drawElement self-verify passed {"renderJobId":"25bb6686-507f-4c0e-954d-3377ea4bc8a1","frame":6,"psnrDb":"inf"}
[INFO] [Render] drawElement self-verify passed {"renderJobId":"25bb6686-507f-4c0e-954d-3377ea4bc8a1","frame":9,"psnrDb":"inf"}
[static-dedup] reused 8/20 frame(s) (40%), est. ~24ms saved (avg 3ms/frame)
[INFO] [Render:trace] {"renderJobId":"25bb6686-507f-4c0e-954d-3377ea4bc8a1","phase":"capture_streaming","status":"end","elapsedMs":1577,"durationMs":1383,"stagePhase":"capturing","workerCount":1,"forceScreenshot":false,"totalFrames":12,"framesCompleted":12,"captureMode":"drawelement","captureOperation":"encode"}
[INFO] [Render:trace] {"renderJobId":"25bb6686-507f-4c0e-954d-3377ea4bc8a1","phase":"assemble","status":"start","elapsedMs":1577,"stagePhase":"capturing","hasAudio":false,"workerCount":1,"forceScreenshot":false,"totalFrames":12,"framesCompleted":12,"captureMode":"drawelement","captureOperation":"encode"}
[INFO] [Render:trace] {"renderJobId":"25bb6686-507f-4c0e-954d-3377ea4bc8a1","phase":"assemble","status":"end","elapsedMs":1603,"durationMs":26,"stagePhase":"capturing","hasAudio":false,"workerCount":1,"forceScreenshot":false,"totalFrames":12,"framesCompleted":12,"captureMode":"drawelement","captureOperation":"encode"}
[INFO] [Render:trace] {"renderJobId":"25bb6686-507f-4c0e-954d-3377ea4bc8a1","phase":"pipeline","status":"checkpoint","elapsedMs":1629,"message":"artifact validated","totalElapsedMs":1628}
