[INFO] [Render] Pipeline started {"renderJobId":"2f007385-c3c0-4f07-a9ca-7f47da6dcb7c","platform":"darwin","arch":"arm64","nodeVersion":"v25.6.1","fps":{"num":24,"den":1},"format":"mp4","quality":"high","browserGpuMode":"auto","forceScreenshot":false,"protocolTimeout":300000,"browserTimeout":120000,"pageNavigationTimeout":60000,"playerReadyTimeout":45000}
[INFO] [Render:trace] {"renderJobId":"2f007385-c3c0-4f07-a9ca-7f47da6dcb7c","phase":"pipeline","status":"checkpoint","elapsedMs":1,"message":"started","format":"mp4","quality":"high","browserGpuMode":"auto","forceScreenshot":false,"protocolTimeoutMs":300000,"pageNavigationTimeoutMs":60000,"playerReadyTimeoutMs":45000,"requestedWorkers":"auto"}
[INFO] [Render:trace] {"renderJobId":"2f007385-c3c0-4f07-a9ca-7f47da6dcb7c","phase":"compile","status":"start","elapsedMs":2,"needsAlpha":false}
[INFO] [Compiler] Embedded local font file: public/fonts/boska-700.woff2 (30 KB → data URI)
[INFO] [Compiler] Embedded local font file: public/fonts/supreme-400.woff2 (18 KB → data URI)
[INFO] [Compiler] Embedded local font file: public/fonts/supreme-500.woff2 (18 KB → data URI)
[INFO] Compiled composition metadata {"renderJobId":"2f007385-c3c0-4f07-a9ca-7f47da6dcb7c","entryFile":"index.html","staticDuration":3,"width":1280,"height":720,"videoCount":0,"audioCount":0,"renderModeHints":{"recommendScreenshot":false,"reasons":[]}}
[INFO] [Render:trace] {"renderJobId":"2f007385-c3c0-4f07-a9ca-7f47da6dcb7c","phase":"compile","status":"end","elapsedMs":78,"durationMs":76,"needsAlpha":false}
[INFO] [Render:trace] {"renderJobId":"2f007385-c3c0-4f07-a9ca-7f47da6dcb7c","phase":"compile","status":"checkpoint","elapsedMs":78,"message":"composition metadata resolved","width":1280,"height":720,"videoCount":0,"audioCount":0,"imageCount":0,"deviceScaleFactor":1,"forceScreenshot":false,"compositionHash":"6436e89f433d4d0d"}
[INFO] [Render:trace] {"renderJobId":"2f007385-c3c0-4f07-a9ca-7f47da6dcb7c","phase":"browser_probe","status":"start","elapsedMs":78,"forceScreenshot":false,"stagePhase":"calibrating"}
[INFO] [Render:trace] {"renderJobId":"2f007385-c3c0-4f07-a9ca-7f47da6dcb7c","phase":"browser_probe","status":"end","elapsedMs":83,"durationMs":5,"forceScreenshot":false,"stagePhase":"calibrating"}
[INFO] [Render:trace] {"renderJobId":"2f007385-c3c0-4f07-a9ca-7f47da6dcb7c","phase":"browser_probe","status":"checkpoint","elapsedMs":84,"message":"duration resolved","durationSeconds":3,"totalFrames":72,"compositionHash":"6436e89f433d4d0d","beginFrameStalled":false}
[INFO] [Render:trace] {"renderJobId":"2f007385-c3c0-4f07-a9ca-7f47da6dcb7c","phase":"video_extract","status":"start","elapsedMs":84,"videoCount":0}
[INFO] [Render:trace] {"renderJobId":"2f007385-c3c0-4f07-a9ca-7f47da6dcb7c","phase":"video_extract","status":"end","elapsedMs":84,"durationMs":0,"videoCount":0}
[INFO] [Render:trace] {"renderJobId":"2f007385-c3c0-4f07-a9ca-7f47da6dcb7c","phase":"video_extract","status":"checkpoint","elapsedMs":86,"message":"frames resolved","videoCount":0,"extractedVideoCount":0,"totalFramesExtracted":0,"maxFramesPerVideo":0,"avgFramesPerExtractedVideo":null,"vfrPreflightCount":null,"vfrPreflightMs":null,"cacheHits":null,"cacheMisses":null,"transientRetries":null,"minVideoFrameCoverageRatio":null,"authoredTimedClipCount":1}
[INFO] [Render] No HDR sources detected — rendering SDR {"renderJobId":"2f007385-c3c0-4f07-a9ca-7f47da6dcb7c"}
[INFO] [Render:trace] {"renderJobId":"2f007385-c3c0-4f07-a9ca-7f47da6dcb7c","phase":"hdr_detection","status":"checkpoint","elapsedMs":86,"message":"resolved","requestedHdrMode":"auto","effectiveHdr":"sdr","nativeHdrVideoCount":0,"nativeHdrImageCount":0}
[INFO] [Render:trace] {"renderJobId":"2f007385-c3c0-4f07-a9ca-7f47da6dcb7c","phase":"audio_process","status":"start","elapsedMs":86,"audioCount":0}
[INFO] [Render:trace] {"renderJobId":"2f007385-c3c0-4f07-a9ca-7f47da6dcb7c","phase":"audio_process","status":"end","elapsedMs":86,"durationMs":0,"audioCount":0}
[INFO] [Render:trace] {"renderJobId":"2f007385-c3c0-4f07-a9ca-7f47da6dcb7c","phase":"file_server","status":"start","elapsedMs":86,"reused":false}
[INFO] [Render:trace] {"renderJobId":"2f007385-c3c0-4f07-a9ca-7f47da6dcb7c","phase":"file_server","status":"end","elapsedMs":91,"durationMs":5}
[hyperframes] browserGpuMode probe → hardware (WebGL renderer vendor="Google Inc. (Apple)" renderer="ANGLE (Apple, ANGLE Metal Renderer: Apple M4, Unspecified Version)")
[INFO] [Render:trace] {"renderJobId":"2f007385-c3c0-4f07-a9ca-7f47da6dcb7c","phase":"capture_calibration","status":"start","elapsedMs":231,"stagePhase":"calibrating","forceScreenshot":false,"totalFrames":72,"framesCompleted":0,"captureMode":"drawelement","captureOperation":"drawElement"}
[INFO] [Render] Calibration config {"renderJobId":"2f007385-c3c0-4f07-a9ca-7f47da6dcb7c","protocolTimeout":30000,"parentProtocolTimeout":300000,"forceScreenshot":false,"totalFrames":72}
[INFO] Launching browser for capture calibration... {"renderJobId":"2f007385-c3c0-4f07-a9ca-7f47da6dcb7c"}
[BrowserManager] Browser launched (HeadlessChrome/152.0.7977.30, screenshot, gl=--use-gl=angle --use-angle=metal, headlessShell=true, platform=darwin)
[INFO] Initializing calibration session... {"renderJobId":"2f007385-c3c0-4f07-a9ca-7f47da6dcb7c"}
[initSession:screenshot] page.goto start (0ms)
[HyperFrames] render runtime fps [object Object]
[initSession:screenshot] page.goto complete (82ms)
[initSession:screenshot] GSAP proxy flush complete (110ms)
[initSession:screenshot] pollHfReady complete (111ms)
[initSession:screenshot] pollSubCompositionTimelines complete (ready) (112ms)
[initSession:screenshot] applyVideoMetadataHints complete (112ms)
[initSession:screenshot] media + fonts + tailwind ready (113ms)
[initSession:screenshot] timeline at-risk predictor: 0/72 frames (0%) (141ms)
[initSession:screenshot] static-frame dedup: 64/64 predicted frame(s) reusable (outcome=verified, runs=3/3, screenshots=27, seeks=28, elapsedMs=1052) (1369ms)
[initSession:screenshot] drawElement self-verify armed: 4 ground-truth frame(s) @ [18, 36, 54, 68] of 72 (1708ms)
[initSession:drawelement] drawElement canvas injected (1711ms)
[initSession:drawelement] screenshot fallback: 5 clip-boundary frame(s) (1712ms)
[initSession:drawelement] drawElement worker encode initialized (1716ms)
[INFO] Calibration session ready, capturing test frames... {"renderJobId":"2f007385-c3c0-4f07-a9ca-7f47da6dcb7c"}
[INFO] Calibration: capturing test frame 1/5... {"renderJobId":"2f007385-c3c0-4f07-a9ca-7f47da6dcb7c"}
[INFO] Calibration: capturing test frame 2/5... {"renderJobId":"2f007385-c3c0-4f07-a9ca-7f47da6dcb7c"}
[INFO] Calibration: capturing test frame 3/5... {"renderJobId":"2f007385-c3c0-4f07-a9ca-7f47da6dcb7c"}
[INFO] Calibration: capturing test frame 4/5... {"renderJobId":"2f007385-c3c0-4f07-a9ca-7f47da6dcb7c"}
[INFO] Calibration: capturing test frame 5/5... {"renderJobId":"2f007385-c3c0-4f07-a9ca-7f47da6dcb7c"}
[INFO] Calibration complete, estimated cost: 29ms/frame (p95) {"renderJobId":"2f007385-c3c0-4f07-a9ca-7f47da6dcb7c"}
[INFO] [Render:trace] {"renderJobId":"2f007385-c3c0-4f07-a9ca-7f47da6dcb7c","phase":"capture_calibration","status":"end","elapsedMs":2226,"durationMs":1995,"stagePhase":"calibrating","forceScreenshot":false,"totalFrames":72,"framesCompleted":0,"captureMode":"drawelement","captureOperation":"drawElement"}
[INFO] [Render:trace] {"renderJobId":"2f007385-c3c0-4f07-a9ca-7f47da6dcb7c","phase":"capture_calibration","status":"checkpoint","elapsedMs":2226,"message":"resolved","forceScreenshot":false,"multiplier":1,"p95Ms":29}
[INFO] [Render:trace] {"renderJobId":"2f007385-c3c0-4f07-a9ca-7f47da6dcb7c","phase":"worker_resolution","status":"checkpoint","elapsedMs":2226,"message":"resolved","workerCount":2}
[INFO] [Render] Fast capture: default-on drawElement disabled for this render — parallel capture has no runtime self-verification. Set PRODUCER_EXPERIMENTAL_FAST_CAPTURE=true to override. {"renderJobId":"2f007385-c3c0-4f07-a9ca-7f47da6dcb7c"}
[INFO] streaming-encode gate {"renderJobId":"2f007385-c3c0-4f07-a9ca-7f47da6dcb7c","enabled":false,"configFlag":true,"outputFormat":"mp4","workerCount":2,"durationSeconds":3,"maxDurationSeconds":240}
[INFO] [Render:trace] {"renderJobId":"2f007385-c3c0-4f07-a9ca-7f47da6dcb7c","phase":"capture_strategy","status":"checkpoint","elapsedMs":2227,"message":"resolved","workerCount":2,"forceScreenshot":false,"captureBeyondViewport":null,"useStreamingEncode":false,"useLayeredComposite":false,"usePageSideCompositing":false,"hasHdrContent":false,"hasShaderTransitions":false,"isPngSequence":false}
[INFO] [Render:trace] {"renderJobId":"2f007385-c3c0-4f07-a9ca-7f47da6dcb7c","phase":"capture_disk","status":"start","elapsedMs":2227,"stagePhase":"capturing","needsAlpha":false,"workerCount":2,"forceScreenshot":false,"totalFrames":72,"framesCompleted":0,"captureMode":"beginframe","captureOperation":"beginFrame"}
[BrowserManager] Browser launched (HeadlessChrome/152.0.7977.30, screenshot, gl=--use-gl=angle --use-angle=metal, headlessShell=true, platform=darwin)
[initSession:screenshot] page.goto start (0ms)
[initSession:screenshot] page.goto start (0ms)
[HyperFrames] render runtime fps [object Object]
[HyperFrames] render runtime fps [object Object]
[initSession:screenshot] page.goto complete (91ms)
[initSession:screenshot] page.goto complete (92ms)
[initSession:screenshot] GSAP proxy flush complete (98ms)
[initSession:screenshot] GSAP proxy flush complete (99ms)
[initSession:screenshot] pollHfReady complete (99ms)
[initSession:screenshot] pollHfReady complete (100ms)
[initSession:screenshot] pollSubCompositionTimelines complete (ready) (101ms)
[initSession:screenshot] applyVideoMetadataHints complete (101ms)
[initSession:screenshot] pollSubCompositionTimelines complete (ready) (102ms)
[initSession:screenshot] applyVideoMetadataHints complete (103ms)
[initSession:screenshot] media + fonts + tailwind ready (105ms)
[initSession:screenshot] media + fonts + tailwind ready (112ms)
[initSession:screenshot] static-frame dedup: 64/64 predicted frame(s) reusable (outcome=verified, runs=3/3, screenshots=27, seeks=28, elapsedMs=1051) (1353ms)
[initSession:screenshot] static-frame dedup: 64/64 predicted frame(s) reusable (outcome=verified, runs=3/3, screenshots=27, seeks=28, elapsedMs=1084) (1384ms)
[static-dedup] reused 32/36 frame(s) (89%), est. ~1376ms saved (avg 43ms/frame)
[static-dedup] reused 31/36 frame(s) (86%), est. ~1054ms saved (avg 34ms/frame)
[INFO] [Render:trace] {"renderJobId":"2f007385-c3c0-4f07-a9ca-7f47da6dcb7c","phase":"capture_disk","status":"end","elapsedMs":4003,"durationMs":1776,"stagePhase":"capturing","needsAlpha":false,"workerCount":2,"forceScreenshot":false,"totalFrames":72,"framesCompleted":72,"captureMode":"beginframe","captureOperation":"encode"}
[INFO] [Render:trace] {"renderJobId":"2f007385-c3c0-4f07-a9ca-7f47da6dcb7c","phase":"encode","status":"start","elapsedMs":4003,"stagePhase":"capturing","hasAudio":false,"isPngSequence":false,"isGif":false,"chunkedEncode":false,"workerCount":2,"forceScreenshot":false,"totalFrames":72,"framesCompleted":72,"captureMode":"beginframe","captureOperation":"encode"}
[INFO] [Render:trace] {"renderJobId":"2f007385-c3c0-4f07-a9ca-7f47da6dcb7c","phase":"encode","status":"end","elapsedMs":4368,"durationMs":365,"stagePhase":"capturing","hasAudio":false,"isPngSequence":false,"isGif":false,"chunkedEncode":false,"workerCount":2,"forceScreenshot":false,"totalFrames":72,"framesCompleted":72,"captureMode":"beginframe","captureOperation":"encode"}
[INFO] [Render:trace] {"renderJobId":"2f007385-c3c0-4f07-a9ca-7f47da6dcb7c","phase":"assemble","status":"start","elapsedMs":4369,"stagePhase":"capturing","hasAudio":false,"workerCount":2,"forceScreenshot":false,"totalFrames":72,"framesCompleted":72,"captureMode":"beginframe","captureOperation":"encode"}
[INFO] [Render:trace] {"renderJobId":"2f007385-c3c0-4f07-a9ca-7f47da6dcb7c","phase":"assemble","status":"end","elapsedMs":4400,"durationMs":31,"stagePhase":"capturing","hasAudio":false,"workerCount":2,"forceScreenshot":false,"totalFrames":72,"framesCompleted":72,"captureMode":"beginframe","captureOperation":"encode"}
[INFO] [Render:trace] {"renderJobId":"2f007385-c3c0-4f07-a9ca-7f47da6dcb7c","phase":"pipeline","status":"checkpoint","elapsedMs":4426,"message":"artifact validated","totalElapsedMs":4426}
