[INFO] [Render] Pipeline started {"renderJobId":"f3af9d70-8d0d-4aee-8d1c-602963f587af","platform":"darwin","arch":"arm64","nodeVersion":"v25.6.1","fps":{"num":24,"den":1},"format":"mp4","quality":"high","browserGpuMode":"auto","forceScreenshot":false,"protocolTimeout":300000,"browserTimeout":120000,"pageNavigationTimeout":60000,"playerReadyTimeout":45000}
[INFO] [Render:trace] {"renderJobId":"f3af9d70-8d0d-4aee-8d1c-602963f587af","phase":"pipeline","status":"checkpoint","elapsedMs":2,"message":"started","format":"mp4","quality":"high","browserGpuMode":"auto","forceScreenshot":false,"protocolTimeoutMs":300000,"pageNavigationTimeoutMs":60000,"playerReadyTimeoutMs":45000,"requestedWorkers":"auto"}
[INFO] [Render:trace] {"renderJobId":"f3af9d70-8d0d-4aee-8d1c-602963f587af","phase":"compile","status":"start","elapsedMs":3,"needsAlpha":false}
[INFO] [Compiler] Embedded local font file: public/fonts/boska-700.woff2 (30 KB → data URI)
[INFO] [Compiler] Embedded local font file: public/fonts/supreme-400.woff2 (18 KB → data URI)
[INFO] [Compiler] Embedded local font file: public/fonts/supreme-500.woff2 (18 KB → data URI)
[INFO] Compiled composition metadata {"renderJobId":"f3af9d70-8d0d-4aee-8d1c-602963f587af","entryFile":"index.html","staticDuration":4,"width":1280,"height":720,"videoCount":0,"audioCount":0,"renderModeHints":{"recommendScreenshot":false,"reasons":[]}}
[INFO] [Render:trace] {"renderJobId":"f3af9d70-8d0d-4aee-8d1c-602963f587af","phase":"compile","status":"end","elapsedMs":16,"durationMs":13,"needsAlpha":false}
[INFO] [Render:trace] {"renderJobId":"f3af9d70-8d0d-4aee-8d1c-602963f587af","phase":"compile","status":"checkpoint","elapsedMs":16,"message":"composition metadata resolved","width":1280,"height":720,"videoCount":0,"audioCount":0,"imageCount":0,"deviceScaleFactor":1,"forceScreenshot":false,"compositionHash":"95fa15375bd669a1"}
[INFO] [Render:trace] {"renderJobId":"f3af9d70-8d0d-4aee-8d1c-602963f587af","phase":"browser_probe","status":"start","elapsedMs":16,"forceScreenshot":false,"stagePhase":"calibrating"}
[INFO] [Render:trace] {"renderJobId":"f3af9d70-8d0d-4aee-8d1c-602963f587af","phase":"browser_probe","status":"end","elapsedMs":18,"durationMs":2,"forceScreenshot":false,"stagePhase":"calibrating"}
[INFO] [Render:trace] {"renderJobId":"f3af9d70-8d0d-4aee-8d1c-602963f587af","phase":"browser_probe","status":"checkpoint","elapsedMs":18,"message":"duration resolved","durationSeconds":4,"totalFrames":96,"compositionHash":"95fa15375bd669a1","beginFrameStalled":false}
[INFO] [Render:trace] {"renderJobId":"f3af9d70-8d0d-4aee-8d1c-602963f587af","phase":"video_extract","status":"start","elapsedMs":18,"videoCount":0}
[INFO] [Render:trace] {"renderJobId":"f3af9d70-8d0d-4aee-8d1c-602963f587af","phase":"video_extract","status":"end","elapsedMs":18,"durationMs":0,"videoCount":0}
[INFO] [Render:trace] {"renderJobId":"f3af9d70-8d0d-4aee-8d1c-602963f587af","phase":"video_extract","status":"checkpoint","elapsedMs":18,"message":"frames resolved","videoCount":0,"extractedVideoCount":0,"totalFramesExtracted":0,"maxFramesPerVideo":0,"avgFramesPerExtractedVideo":null,"vfrPreflightCount":null,"vfrPreflightMs":null,"cacheHits":null,"cacheMisses":null,"transientRetries":null,"minVideoFrameCoverageRatio":null,"authoredTimedClipCount":1}
[INFO] [Render] No HDR sources detected — rendering SDR {"renderJobId":"f3af9d70-8d0d-4aee-8d1c-602963f587af"}
[INFO] [Render:trace] {"renderJobId":"f3af9d70-8d0d-4aee-8d1c-602963f587af","phase":"hdr_detection","status":"checkpoint","elapsedMs":19,"message":"resolved","requestedHdrMode":"auto","effectiveHdr":"sdr","nativeHdrVideoCount":0,"nativeHdrImageCount":0}
[INFO] [Render:trace] {"renderJobId":"f3af9d70-8d0d-4aee-8d1c-602963f587af","phase":"audio_process","status":"start","elapsedMs":19,"audioCount":0}
[INFO] [Render:trace] {"renderJobId":"f3af9d70-8d0d-4aee-8d1c-602963f587af","phase":"audio_process","status":"end","elapsedMs":19,"durationMs":0,"audioCount":0}
[INFO] [Render:trace] {"renderJobId":"f3af9d70-8d0d-4aee-8d1c-602963f587af","phase":"file_server","status":"start","elapsedMs":19,"reused":false}
[INFO] [Render:trace] {"renderJobId":"f3af9d70-8d0d-4aee-8d1c-602963f587af","phase":"file_server","status":"end","elapsedMs":23,"durationMs":4}
[hyperframes] browserGpuMode probe → hardware (WebGL renderer vendor="Google Inc. (Apple)" renderer="ANGLE (Apple, ANGLE Metal Renderer: Apple M4, Unspecified Version)")
[INFO] [Render:trace] {"renderJobId":"f3af9d70-8d0d-4aee-8d1c-602963f587af","phase":"capture_calibration","status":"start","elapsedMs":165,"stagePhase":"calibrating","forceScreenshot":false,"totalFrames":96,"framesCompleted":0,"captureMode":"drawelement","captureOperation":"drawElement"}
[INFO] [Render] Calibration config {"renderJobId":"f3af9d70-8d0d-4aee-8d1c-602963f587af","protocolTimeout":30000,"parentProtocolTimeout":300000,"forceScreenshot":false,"totalFrames":96}
[INFO] Launching browser for capture calibration... {"renderJobId":"f3af9d70-8d0d-4aee-8d1c-602963f587af"}
[BrowserManager] Browser launched (HeadlessChrome/152.0.7977.30, screenshot, gl=--use-gl=angle --use-angle=metal, headlessShell=true, platform=darwin)
[INFO] Initializing calibration session... {"renderJobId":"f3af9d70-8d0d-4aee-8d1c-602963f587af"}
[initSession:screenshot] page.goto start (0ms)
[HyperFrames] render runtime fps [object Object]
[initSession:screenshot] page.goto complete (78ms)
[initSession:screenshot] GSAP proxy flush complete (107ms)
[initSession:screenshot] pollHfReady complete (107ms)
[initSession:screenshot] pollSubCompositionTimelines complete (ready) (108ms)
[initSession:screenshot] applyVideoMetadataHints complete (108ms)
[initSession:screenshot] media + fonts + tailwind ready (109ms)
[initSession:screenshot] timeline at-risk predictor: 0/96 frames (0%) (134ms)
[initSession:screenshot] static-frame dedup: 48/49 predicted frame(s) reusable (outcome=verified, runs=3/3, screenshots=27, seeks=28, elapsedMs=1090) (1392ms)
[initSession:screenshot] drawElement self-verify armed: 4 ground-truth frame(s) @ [24, 48, 72, 91] of 96 (1759ms)
[initSession:drawelement] drawElement canvas injected (1760ms)
[initSession:drawelement] screenshot fallback: 5 clip-boundary frame(s) (1761ms)
[initSession:drawelement] drawElement worker encode initialized (1764ms)
[INFO] Calibration session ready, capturing test frames... {"renderJobId":"f3af9d70-8d0d-4aee-8d1c-602963f587af"}
[INFO] Calibration: capturing test frame 1/5... {"renderJobId":"f3af9d70-8d0d-4aee-8d1c-602963f587af"}
[WARN] [Render] Auto-worker calibration failed; using conservative worker budget. {"renderJobId":"f3af9d70-8d0d-4aee-8d1c-602963f587af","protocolTimeout":30000,"error":"drawElement capture failed at frame 0: suspect small frame (8285B < 20000B); fresh screenshot capture required"}
[INFO] [Render:trace] {"renderJobId":"f3af9d70-8d0d-4aee-8d1c-602963f587af","phase":"capture_calibration","status":"end","elapsedMs":2171,"durationMs":2006,"stagePhase":"calibrating","forceScreenshot":false,"totalFrames":96,"framesCompleted":0,"captureMode":"drawelement","captureOperation":"drawElement"}
[INFO] [Render:trace] {"renderJobId":"f3af9d70-8d0d-4aee-8d1c-602963f587af","phase":"capture_calibration","status":"checkpoint","elapsedMs":2171,"message":"resolved","forceScreenshot":false,"multiplier":8,"p95Ms":null}
[WARN] [Render] Reduced auto worker count for high-cost capture workload to avoid Chrome compositor starvation. {"renderJobId":"f3af9d70-8d0d-4aee-8d1c-602963f587af","from":3,"to":1,"costMultiplier":8,"reasons":["calibration-failed"]}
[INFO] [Render:trace] {"renderJobId":"f3af9d70-8d0d-4aee-8d1c-602963f587af","phase":"worker_resolution","status":"checkpoint","elapsedMs":2172,"message":"resolved","workerCount":1}
[INFO] streaming-encode gate {"renderJobId":"f3af9d70-8d0d-4aee-8d1c-602963f587af","enabled":true,"configFlag":true,"outputFormat":"mp4","workerCount":1,"durationSeconds":4,"maxDurationSeconds":240}
[INFO] [Render:trace] {"renderJobId":"f3af9d70-8d0d-4aee-8d1c-602963f587af","phase":"capture_strategy","status":"checkpoint","elapsedMs":2172,"message":"resolved","workerCount":1,"forceScreenshot":false,"captureBeyondViewport":null,"useStreamingEncode":true,"useLayeredComposite":false,"usePageSideCompositing":false,"hasHdrContent":false,"hasShaderTransitions":false,"isPngSequence":false}
[INFO] [Render:trace] {"renderJobId":"f3af9d70-8d0d-4aee-8d1c-602963f587af","phase":"capture_streaming","status":"start","elapsedMs":2172,"stagePhase":"capturing","workerCount":1,"forceScreenshot":false,"totalFrames":96,"framesCompleted":0,"captureMode":"drawelement","captureOperation":"drawElement"}
[BrowserManager] Browser launched (HeadlessChrome/152.0.7977.30, screenshot, gl=--use-gl=angle --use-angle=metal, headlessShell=true, platform=darwin)
[initSession:screenshot] page.goto start (0ms)
[HyperFrames] render runtime fps [object Object]
[initSession:screenshot] page.goto complete (73ms)
[initSession:screenshot] GSAP proxy flush complete (79ms)
[initSession:screenshot] pollHfReady complete (80ms)
[initSession:screenshot] pollSubCompositionTimelines complete (ready) (81ms)
[initSession:screenshot] applyVideoMetadataHints complete (81ms)
[initSession:screenshot] media + fonts + tailwind ready (81ms)
[initSession:screenshot] timeline at-risk predictor: 0/96 frames (0%) (86ms)
[initSession:screenshot] static-frame dedup: 48/49 predicted frame(s) reusable (outcome=verified, runs=3/3, screenshots=27, seeks=28, elapsedMs=1095) (1349ms)
[initSession:screenshot] drawElement self-verify armed: 4 ground-truth frame(s) @ [24, 48, 72, 91] of 96 (1705ms)
[initSession:drawelement] drawElement canvas injected (1706ms)
[initSession:drawelement] screenshot fallback: 5 clip-boundary frame(s) (1706ms)
[initSession:drawelement] drawElement worker encode initialized (1708ms)
[INFO] [Render] drawElement self-verify passed {"renderJobId":"f3af9d70-8d0d-4aee-8d1c-602963f587af","frame":24,"psnrDb":"inf"}
[INFO] [Render] drawElement self-verify passed {"renderJobId":"f3af9d70-8d0d-4aee-8d1c-602963f587af","frame":48,"psnrDb":"inf"}
[INFO] [Render] drawElement self-verify passed {"renderJobId":"f3af9d70-8d0d-4aee-8d1c-602963f587af","frame":72,"psnrDb":"inf"}
[INFO] [Render] drawElement self-verify passed {"renderJobId":"f3af9d70-8d0d-4aee-8d1c-602963f587af","frame":91,"psnrDb":"inf"}
[static-dedup] reused 46/142 frame(s) (32%), est. ~368ms saved (avg 8ms/frame)
[INFO] [Render:trace] {"renderJobId":"f3af9d70-8d0d-4aee-8d1c-602963f587af","phase":"capture_streaming","status":"end","elapsedMs":5319,"durationMs":3147,"stagePhase":"capturing","workerCount":1,"forceScreenshot":false,"totalFrames":96,"framesCompleted":96,"captureMode":"drawelement","captureOperation":"encode"}
[INFO] [Render:trace] {"renderJobId":"f3af9d70-8d0d-4aee-8d1c-602963f587af","phase":"assemble","status":"start","elapsedMs":5320,"stagePhase":"capturing","hasAudio":false,"workerCount":1,"forceScreenshot":false,"totalFrames":96,"framesCompleted":96,"captureMode":"drawelement","captureOperation":"encode"}
[INFO] [Render:trace] {"renderJobId":"f3af9d70-8d0d-4aee-8d1c-602963f587af","phase":"assemble","status":"end","elapsedMs":5349,"durationMs":29,"stagePhase":"capturing","hasAudio":false,"workerCount":1,"forceScreenshot":false,"totalFrames":96,"framesCompleted":96,"captureMode":"drawelement","captureOperation":"encode"}
[INFO] [Render:trace] {"renderJobId":"f3af9d70-8d0d-4aee-8d1c-602963f587af","phase":"pipeline","status":"checkpoint","elapsedMs":5377,"message":"artifact validated","totalElapsedMs":5376}
