[INFO] [Render] Pipeline started {"renderJobId":"dacbc956-6ad3-4235-b3cf-bba83c97e363","platform":"darwin","arch":"arm64","nodeVersion":"v25.6.1","fps":{"num":24,"den":1},"format":"mp4","quality":"high","browserGpuMode":"auto","forceScreenshot":false,"protocolTimeout":300000,"browserTimeout":120000,"pageNavigationTimeout":60000,"playerReadyTimeout":45000}
[INFO] [Render:trace] {"renderJobId":"dacbc956-6ad3-4235-b3cf-bba83c97e363","phase":"pipeline","status":"checkpoint","elapsedMs":2,"message":"started","format":"mp4","quality":"high","browserGpuMode":"auto","forceScreenshot":false,"protocolTimeoutMs":300000,"pageNavigationTimeoutMs":60000,"playerReadyTimeoutMs":45000,"requestedWorkers":"auto"}
[INFO] [Render:trace] {"renderJobId":"dacbc956-6ad3-4235-b3cf-bba83c97e363","phase":"compile","status":"start","elapsedMs":2,"needsAlpha":false}
[INFO] [Compiler] Embedded local font file: public/fonts/boska-700.woff2 (30 KB → data URI)
[INFO] [Compiler] Embedded local font file: public/fonts/supreme-400.woff2 (18 KB → data URI)
[INFO] [Compiler] Embedded local font file: public/fonts/supreme-500.woff2 (18 KB → data URI)
[INFO] Compiled composition metadata {"renderJobId":"dacbc956-6ad3-4235-b3cf-bba83c97e363","entryFile":"index.html","staticDuration":4,"width":1280,"height":720,"videoCount":0,"audioCount":0,"renderModeHints":{"recommendScreenshot":false,"reasons":[]}}
[INFO] [Render:trace] {"renderJobId":"dacbc956-6ad3-4235-b3cf-bba83c97e363","phase":"compile","status":"end","elapsedMs":15,"durationMs":13,"needsAlpha":false}
[INFO] [Render:trace] {"renderJobId":"dacbc956-6ad3-4235-b3cf-bba83c97e363","phase":"compile","status":"checkpoint","elapsedMs":15,"message":"composition metadata resolved","width":1280,"height":720,"videoCount":0,"audioCount":0,"imageCount":0,"deviceScaleFactor":1,"forceScreenshot":false,"compositionHash":"69d2152e13027cfa"}
[INFO] [Render:trace] {"renderJobId":"dacbc956-6ad3-4235-b3cf-bba83c97e363","phase":"browser_probe","status":"start","elapsedMs":15,"forceScreenshot":false,"stagePhase":"calibrating"}
[INFO] [Render:trace] {"renderJobId":"dacbc956-6ad3-4235-b3cf-bba83c97e363","phase":"browser_probe","status":"end","elapsedMs":17,"durationMs":1,"forceScreenshot":false,"stagePhase":"calibrating"}
[INFO] [Render:trace] {"renderJobId":"dacbc956-6ad3-4235-b3cf-bba83c97e363","phase":"browser_probe","status":"checkpoint","elapsedMs":18,"message":"duration resolved","durationSeconds":4,"totalFrames":96,"compositionHash":"69d2152e13027cfa","beginFrameStalled":false}
[INFO] [Render:trace] {"renderJobId":"dacbc956-6ad3-4235-b3cf-bba83c97e363","phase":"video_extract","status":"start","elapsedMs":18,"videoCount":0}
[INFO] [Render:trace] {"renderJobId":"dacbc956-6ad3-4235-b3cf-bba83c97e363","phase":"video_extract","status":"end","elapsedMs":18,"durationMs":0,"videoCount":0}
[INFO] [Render:trace] {"renderJobId":"dacbc956-6ad3-4235-b3cf-bba83c97e363","phase":"video_extract","status":"checkpoint","elapsedMs":18,"message":"frames resolved","videoCount":0,"extractedVideoCount":0,"totalFramesExtracted":0,"maxFramesPerVideo":0,"avgFramesPerExtractedVideo":null,"vfrPreflightCount":null,"vfrPreflightMs":null,"cacheHits":null,"cacheMisses":null,"transientRetries":null,"minVideoFrameCoverageRatio":null,"authoredTimedClipCount":1}
[INFO] [Render] No HDR sources detected — rendering SDR {"renderJobId":"dacbc956-6ad3-4235-b3cf-bba83c97e363"}
[INFO] [Render:trace] {"renderJobId":"dacbc956-6ad3-4235-b3cf-bba83c97e363","phase":"hdr_detection","status":"checkpoint","elapsedMs":18,"message":"resolved","requestedHdrMode":"auto","effectiveHdr":"sdr","nativeHdrVideoCount":0,"nativeHdrImageCount":0}
[INFO] [Render:trace] {"renderJobId":"dacbc956-6ad3-4235-b3cf-bba83c97e363","phase":"audio_process","status":"start","elapsedMs":19,"audioCount":0}
[INFO] [Render:trace] {"renderJobId":"dacbc956-6ad3-4235-b3cf-bba83c97e363","phase":"audio_process","status":"end","elapsedMs":19,"durationMs":0,"audioCount":0}
[INFO] [Render:trace] {"renderJobId":"dacbc956-6ad3-4235-b3cf-bba83c97e363","phase":"file_server","status":"start","elapsedMs":19,"reused":false}
[INFO] [Render:trace] {"renderJobId":"dacbc956-6ad3-4235-b3cf-bba83c97e363","phase":"file_server","status":"end","elapsedMs":23,"durationMs":4}
[hyperframes] browserGpuMode probe → hardware (WebGL renderer vendor="Google Inc. (Apple)" renderer="ANGLE (Apple, ANGLE Metal Renderer: Apple M4, Unspecified Version)")
[INFO] [Render:trace] {"renderJobId":"dacbc956-6ad3-4235-b3cf-bba83c97e363","phase":"capture_calibration","status":"start","elapsedMs":161,"stagePhase":"calibrating","forceScreenshot":false,"totalFrames":96,"framesCompleted":0,"captureMode":"drawelement","captureOperation":"drawElement"}
[INFO] [Render] Calibration config {"renderJobId":"dacbc956-6ad3-4235-b3cf-bba83c97e363","protocolTimeout":30000,"parentProtocolTimeout":300000,"forceScreenshot":false,"totalFrames":96}
[INFO] Launching browser for capture calibration... {"renderJobId":"dacbc956-6ad3-4235-b3cf-bba83c97e363"}
[BrowserManager] Browser launched (HeadlessChrome/152.0.7977.30, screenshot, gl=--use-gl=angle --use-angle=metal, headlessShell=true, platform=darwin)
[INFO] Initializing calibration session... {"renderJobId":"dacbc956-6ad3-4235-b3cf-bba83c97e363"}
[initSession:screenshot] page.goto start (1ms)
[HyperFrames] render runtime fps [object Object]
[initSession:screenshot] page.goto complete (75ms)
[initSession:screenshot] GSAP proxy flush complete (103ms)
[initSession:screenshot] pollHfReady complete (104ms)
[initSession:screenshot] pollSubCompositionTimelines complete (ready) (105ms)
[initSession:screenshot] applyVideoMetadataHints complete (105ms)
[initSession:screenshot] media + fonts + tailwind ready (106ms)
[initSession:screenshot] timeline at-risk predictor: 0/96 frames (0%) (130ms)
[initSession:screenshot] static-frame dedup: 38/39 predicted frame(s) reusable (outcome=verified, runs=4/4, screenshots=28, seeks=29, elapsedMs=1093) (1392ms)
[initSession:screenshot] drawElement self-verify armed: 4 ground-truth frame(s) @ [24, 48, 72, 91] of 96 (1775ms)
[initSession:drawelement] drawElement canvas injected (1776ms)
[initSession:drawelement] screenshot fallback: 5 clip-boundary frame(s) (1777ms)
[initSession:drawelement] drawElement worker encode initialized (1780ms)
[INFO] Calibration session ready, capturing test frames... {"renderJobId":"dacbc956-6ad3-4235-b3cf-bba83c97e363"}
[INFO] Calibration: capturing test frame 1/5... {"renderJobId":"dacbc956-6ad3-4235-b3cf-bba83c97e363"}
[WARN] [Render] Auto-worker calibration failed; using conservative worker budget. {"renderJobId":"dacbc956-6ad3-4235-b3cf-bba83c97e363","protocolTimeout":30000,"error":"drawElement capture failed at frame 0: suspect small frame (8285B < 20000B); fresh screenshot capture required"}
[INFO] [Render:trace] {"renderJobId":"dacbc956-6ad3-4235-b3cf-bba83c97e363","phase":"capture_calibration","status":"end","elapsedMs":2193,"durationMs":2031,"stagePhase":"calibrating","forceScreenshot":false,"totalFrames":96,"framesCompleted":0,"captureMode":"drawelement","captureOperation":"drawElement"}
[INFO] [Render:trace] {"renderJobId":"dacbc956-6ad3-4235-b3cf-bba83c97e363","phase":"capture_calibration","status":"checkpoint","elapsedMs":2193,"message":"resolved","forceScreenshot":false,"multiplier":8,"p95Ms":null}
[WARN] [Render] Reduced auto worker count for high-cost capture workload to avoid Chrome compositor starvation. {"renderJobId":"dacbc956-6ad3-4235-b3cf-bba83c97e363","from":3,"to":1,"costMultiplier":8,"reasons":["calibration-failed"]}
[INFO] [Render:trace] {"renderJobId":"dacbc956-6ad3-4235-b3cf-bba83c97e363","phase":"worker_resolution","status":"checkpoint","elapsedMs":2193,"message":"resolved","workerCount":1}
[INFO] streaming-encode gate {"renderJobId":"dacbc956-6ad3-4235-b3cf-bba83c97e363","enabled":true,"configFlag":true,"outputFormat":"mp4","workerCount":1,"durationSeconds":4,"maxDurationSeconds":240}
[INFO] [Render:trace] {"renderJobId":"dacbc956-6ad3-4235-b3cf-bba83c97e363","phase":"capture_strategy","status":"checkpoint","elapsedMs":2194,"message":"resolved","workerCount":1,"forceScreenshot":false,"captureBeyondViewport":null,"useStreamingEncode":true,"useLayeredComposite":false,"usePageSideCompositing":false,"hasHdrContent":false,"hasShaderTransitions":false,"isPngSequence":false}
[INFO] [Render:trace] {"renderJobId":"dacbc956-6ad3-4235-b3cf-bba83c97e363","phase":"capture_streaming","status":"start","elapsedMs":2194,"stagePhase":"capturing","workerCount":1,"forceScreenshot":false,"totalFrames":96,"framesCompleted":0,"captureMode":"drawelement","captureOperation":"drawElement"}
[BrowserManager] Browser launched (HeadlessChrome/152.0.7977.30, screenshot, gl=--use-gl=angle --use-angle=metal, headlessShell=true, platform=darwin)
[initSession:screenshot] page.goto start (0ms)
[HyperFrames] render runtime fps [object Object]
[initSession:screenshot] page.goto complete (78ms)
[initSession:screenshot] GSAP proxy flush complete (84ms)
[initSession:screenshot] pollHfReady complete (84ms)
[initSession:screenshot] pollSubCompositionTimelines complete (ready) (85ms)
[initSession:screenshot] applyVideoMetadataHints complete (85ms)
[initSession:screenshot] media + fonts + tailwind ready (86ms)
[initSession:screenshot] timeline at-risk predictor: 0/96 frames (0%) (91ms)
[initSession:screenshot] static-frame dedup: 38/39 predicted frame(s) reusable (outcome=verified, runs=4/4, screenshots=28, seeks=29, elapsedMs=1095) (1354ms)
[initSession:screenshot] drawElement self-verify armed: 4 ground-truth frame(s) @ [24, 48, 72, 91] of 96 (1725ms)
[initSession:drawelement] drawElement canvas injected (1726ms)
[initSession:drawelement] screenshot fallback: 5 clip-boundary frame(s) (1727ms)
[initSession:drawelement] drawElement worker encode initialized (1729ms)
[INFO] [Render] drawElement self-verify passed {"renderJobId":"dacbc956-6ad3-4235-b3cf-bba83c97e363","frame":24,"psnrDb":"inf"}
[INFO] [Render] drawElement self-verify passed {"renderJobId":"dacbc956-6ad3-4235-b3cf-bba83c97e363","frame":48,"psnrDb":"inf"}
[INFO] [Render] drawElement self-verify passed {"renderJobId":"dacbc956-6ad3-4235-b3cf-bba83c97e363","frame":72,"psnrDb":"inf"}
[INFO] [Render] drawElement self-verify passed {"renderJobId":"dacbc956-6ad3-4235-b3cf-bba83c97e363","frame":91,"psnrDb":"inf"}
[static-dedup] reused 35/131 frame(s) (27%), est. ~350ms saved (avg 10ms/frame)
[INFO] [Render:trace] {"renderJobId":"dacbc956-6ad3-4235-b3cf-bba83c97e363","phase":"capture_streaming","status":"end","elapsedMs":5384,"durationMs":3190,"stagePhase":"capturing","workerCount":1,"forceScreenshot":false,"totalFrames":96,"framesCompleted":96,"captureMode":"drawelement","captureOperation":"encode"}
[INFO] [Render:trace] {"renderJobId":"dacbc956-6ad3-4235-b3cf-bba83c97e363","phase":"assemble","status":"start","elapsedMs":5384,"stagePhase":"capturing","hasAudio":false,"workerCount":1,"forceScreenshot":false,"totalFrames":96,"framesCompleted":96,"captureMode":"drawelement","captureOperation":"encode"}
[INFO] [Render:trace] {"renderJobId":"dacbc956-6ad3-4235-b3cf-bba83c97e363","phase":"assemble","status":"end","elapsedMs":5403,"durationMs":19,"stagePhase":"capturing","hasAudio":false,"workerCount":1,"forceScreenshot":false,"totalFrames":96,"framesCompleted":96,"captureMode":"drawelement","captureOperation":"encode"}
[INFO] [Render:trace] {"renderJobId":"dacbc956-6ad3-4235-b3cf-bba83c97e363","phase":"pipeline","status":"checkpoint","elapsedMs":5421,"message":"artifact validated","totalElapsedMs":5421}
