
◆  Rendering seg004__seg006 → /Users/brownmanbrain/GitHub/operator-economy/blueprint-cinema/experiments/EP009-FULL-BUILD-001/scenes/seg004__seg006/qa/seg004__seg006.mp4
   24fps · high · auto workers (10 cores detected)
   GPU: browser GPU (auto-detect)

[?25l│
◇  Browser: cache
[?25h  █░░░░░░░░░░░░░░░░░░░░░░░░  5%  Compiling composition
  ██░░░░░░░░░░░░░░░░░░░░░░░  10%  Extracting video frames
  █████░░░░░░░░░░░░░░░░░░░░  20%  Processing audio tracks
  ██████░░░░░░░░░░░░░░░░░░░  25%  Starting frame capture
[BrowserManager] Browser launched (HeadlessChrome/152.0.7977.30, screenshot, gl=--use-gl=angle --use-angle=metal, headlessShell=true, platform=darwin)
[initSession:screenshot] page.goto start (0ms)
[HyperFrames] render runtime fps [object Object]
[initSession:screenshot] page.goto complete (114ms)
[initSession:screenshot] GSAP proxy flush complete (144ms)
[initSession:screenshot] pollHfReady complete (145ms)
[initSession:screenshot] pollSubCompositionTimelines complete (ready) (146ms)
[initSession:screenshot] applyVideoMetadataHints complete (146ms)
[initSession:screenshot] media + fonts + tailwind ready (147ms)
[initSession:screenshot] timeline at-risk predictor: 0/468 frames (0%) (181ms)
[initSession:screenshot] static-frame dedup: 214/215 predicted frame(s) reusable (outcome=verified, runs=8/8, screenshots=32, seeks=33, elapsedMs=1259) (1633ms)
[initSession:screenshot] drawElement self-verify armed: 4 ground-truth frame(s) @ [117, 234, 351, 445] of 468 (1995ms)
[initSession:drawelement] drawElement canvas injected (1996ms)
[initSession:drawelement] screenshot fallback: 5 clip-boundary frame(s) (1997ms)
[initSession:drawelement] drawElement worker encode initialized (2000ms)
  ██████░░░░░░░░░░░░░░░░░░░  25%  Capturing frame 0/468 (4 workers)
  ██████░░░░░░░░░░░░░░░░░░░  25%  Capturing frame 0/468 (4 workers)
  ██████░░░░░░░░░░░░░░░░░░░  25%  Capturing frame 0/468 (4 workers)
  ██████░░░░░░░░░░░░░░░░░░░  25%  Capturing frame 0/468 (4 workers)
[BrowserManager] Browser launched (HeadlessChrome/152.0.7977.30, screenshot, gl=--use-gl=angle --use-angle=metal, headlessShell=true, platform=darwin)
  ██████░░░░░░░░░░░░░░░░░░░  25%  Capturing frame 0/468 (4 workers)
[initSession:screenshot] page.goto start (0ms)
  ██████░░░░░░░░░░░░░░░░░░░  25%  Capturing frame 0/468 (4 workers)
  ██████░░░░░░░░░░░░░░░░░░░  25%  Capturing frame 0/468 (4 workers)
[initSession:screenshot] page.goto start (0ms)
  ██████░░░░░░░░░░░░░░░░░░░  25%  Capturing frame 0/468 (4 workers)
  ██████░░░░░░░░░░░░░░░░░░░  25%  Capturing frame 0/468 (4 workers)
[initSession:screenshot] page.goto start (0ms)
  ██████░░░░░░░░░░░░░░░░░░░  25%  Capturing frame 0/468 (4 workers)
  ██████░░░░░░░░░░░░░░░░░░░  25%  Capturing frame 0/468 (4 workers)
[initSession:screenshot] page.goto start (0ms)
  ██████░░░░░░░░░░░░░░░░░░░  25%  Capturing frame 0/468 (4 workers)
[HyperFrames] render runtime fps [object Object]
[HyperFrames] render runtime fps [object Object]
[HyperFrames] render runtime fps [object Object]
[HyperFrames] render runtime fps [object Object]
[initSession:screenshot] page.goto complete (121ms)
[initSession:screenshot] page.goto complete (121ms)
[initSession:screenshot] page.goto complete (112ms)
[initSession:screenshot] page.goto complete (128ms)
[initSession:screenshot] GSAP proxy flush complete (146ms)
[initSession:screenshot] GSAP proxy flush complete (131ms)
[initSession:screenshot] GSAP proxy flush complete (146ms)
[initSession:screenshot] GSAP proxy flush complete (140ms)
[initSession:screenshot] pollHfReady complete (132ms)
[initSession:screenshot] pollHfReady complete (147ms)
[initSession:screenshot] pollHfReady complete (146ms)
[initSession:screenshot] pollHfReady complete (140ms)
[initSession:screenshot] pollSubCompositionTimelines complete (ready) (133ms)
[initSession:screenshot] applyVideoMetadataHints complete (133ms)
[initSession:screenshot] pollSubCompositionTimelines complete (ready) (149ms)
[initSession:screenshot] applyVideoMetadataHints complete (149ms)
[initSession:screenshot] pollSubCompositionTimelines complete (ready) (148ms)
[initSession:screenshot] applyVideoMetadataHints complete (148ms)
[initSession:screenshot] pollSubCompositionTimelines complete (ready) (142ms)
[initSession:screenshot] applyVideoMetadataHints complete (142ms)
[initSession:screenshot] media + fonts + tailwind ready (135ms)
[initSession:screenshot] media + fonts + tailwind ready (150ms)
[initSession:screenshot] media + fonts + tailwind ready (150ms)
[initSession:screenshot] media + fonts + tailwind ready (144ms)
[initSession:screenshot] static-frame dedup: 214/215 predicted frame(s) reusable (outcome=verified, runs=8/8, screenshots=32, seeks=33, elapsedMs=1272) (1576ms)
  ██████░░░░░░░░░░░░░░░░░░░  25%  Capturing frame 0/468 (4 workers)
[initSession:screenshot] static-frame dedup: 214/215 predicted frame(s) reusable (outcome=verified, runs=8/8, screenshots=32, seeks=33, elapsedMs=1288) (1593ms)
  ██████░░░░░░░░░░░░░░░░░░░  25%  Capturing frame 0/468 (4 workers)
[initSession:screenshot] static-frame dedup: 214/215 predicted frame(s) reusable (outcome=verified, runs=8/8, screenshots=32, seeks=33, elapsedMs=1307) (1603ms)
  ██████░░░░░░░░░░░░░░░░░░░  25%  Capturing frame 0/468 (4 workers)
[initSession:screenshot] static-frame dedup: 214/215 predicted frame(s) reusable (outcome=verified, runs=8/8, screenshots=32, seeks=33, elapsedMs=1277) (1668ms)
  ███████░░░░░░░░░░░░░░░░░░  28%  Capturing frame 30/468 (4 workers)
  ███████░░░░░░░░░░░░░░░░░░  31%  Capturing frame 60/468 (4 workers)
  ████████░░░░░░░░░░░░░░░░░  34%  Capturing frame 90/468 (4 workers)
  █████████░░░░░░░░░░░░░░░░  37%  Capturing frame 120/468 (4 workers)
  █████████░░░░░░░░░░░░░░░░  39%  Capturing frame 150/468 (4 workers)
  ██████████░░░░░░░░░░░░░░░  42%  Capturing frame 180/468 (4 workers)
  ███████████░░░░░░░░░░░░░░  45%  Capturing frame 210/468 (4 workers)
  ████████████░░░░░░░░░░░░░  48%  Capturing frame 240/468 (4 workers)
  ████████████░░░░░░░░░░░░░  51%  Capturing frame 270/468 (4 workers)
  █████████████░░░░░░░░░░░░  54%  Capturing frame 300/468 (4 workers)
[static-dedup] reused 76/117 frame(s) (65%), est. ~3192ms saved (avg 42ms/frame)
  ██████████████░░░░░░░░░░░  57%  Capturing frame 330/468 (4 workers)
  ███████████████░░░░░░░░░░  60%  Capturing frame 360/468 (4 workers)
[static-dedup] reused 55/117 frame(s) (47%), est. ~2255ms saved (avg 41ms/frame)
  ███████████████░░░░░░░░░░  63%  Capturing frame 390/468 (4 workers)
  ████████████████░░░░░░░░░  65%  Capturing frame 420/468 (4 workers)
[static-dedup] reused 52/117 frame(s) (44%), est. ~2184ms saved (avg 42ms/frame)
  █████████████████░░░░░░░░  68%  Capturing frame 450/468 (4 workers)
  █████████████████░░░░░░░░  70%  Capturing frame 468/468 (4 workers)
[static-dedup] reused 29/117 frame(s) (25%), est. ~1218ms saved (avg 42ms/frame)
  ██████████████████░░░░░░░  75%  Encoding video
  ██████████████████████░░░  90%  Assembling final video
  █████████████████████████  100%  Render complete

◇  /Users/brownmanbrain/GitHub/operator-economy/blueprint-cinema/experiments/EP009-FULL-BUILD-001/scenes/seg004__seg006/qa/seg004__seg006.mp4
   1.0 MB · 19.5s video · rendered in 9.8s
[INFO] [Render] Pipeline started {"renderJobId":"6e7b3b64-8957-4fbb-a18b-dd48874f8cf6","platform":"darwin","arch":"arm64","nodeVersion":"v25.6.1","fps":{"num":24,"den":1},"format":"mp4","quality":"high","browserGpuMode":"auto","forceScreenshot":false,"protocolTimeout":300000,"browserTimeout":120000,"pageNavigationTimeout":60000,"playerReadyTimeout":45000}
[INFO] [Render:trace] {"renderJobId":"6e7b3b64-8957-4fbb-a18b-dd48874f8cf6","phase":"pipeline","status":"checkpoint","elapsedMs":3,"message":"started","format":"mp4","quality":"high","browserGpuMode":"auto","forceScreenshot":false,"protocolTimeoutMs":300000,"pageNavigationTimeoutMs":60000,"playerReadyTimeoutMs":45000,"requestedWorkers":"auto"}
[INFO] [Render:trace] {"renderJobId":"6e7b3b64-8957-4fbb-a18b-dd48874f8cf6","phase":"compile","status":"start","elapsedMs":4,"needsAlpha":false}
[INFO] [Compiler] Embedded local font file: public/fonts/boska-700.woff2 (30 KB → data URI)
[INFO] [Compiler] Embedded local font file: public/fonts/supreme-400.woff2 (18 KB → data URI)
[INFO] [Compiler] Embedded local font file: public/fonts/supreme-500.woff2 (18 KB → data URI)
[INFO] Compiled composition metadata {"renderJobId":"6e7b3b64-8957-4fbb-a18b-dd48874f8cf6","entryFile":"index.html","staticDuration":19.5,"width":1280,"height":720,"videoCount":0,"audioCount":1,"renderModeHints":{"recommendScreenshot":false,"reasons":[]}}
[INFO] [Render:trace] {"renderJobId":"6e7b3b64-8957-4fbb-a18b-dd48874f8cf6","phase":"compile","status":"end","elapsedMs":98,"durationMs":94,"needsAlpha":false}
[INFO] [Render:trace] {"renderJobId":"6e7b3b64-8957-4fbb-a18b-dd48874f8cf6","phase":"compile","status":"checkpoint","elapsedMs":98,"message":"composition metadata resolved","width":1280,"height":720,"videoCount":0,"audioCount":1,"imageCount":0,"deviceScaleFactor":1,"forceScreenshot":false,"compositionHash":"b3a41b8b3bff4b51"}
[INFO] [Render:trace] {"renderJobId":"6e7b3b64-8957-4fbb-a18b-dd48874f8cf6","phase":"browser_probe","status":"start","elapsedMs":98,"forceScreenshot":false,"stagePhase":"calibrating"}
[INFO] [Render:trace] {"renderJobId":"6e7b3b64-8957-4fbb-a18b-dd48874f8cf6","phase":"browser_probe","status":"end","elapsedMs":102,"durationMs":4,"forceScreenshot":false,"stagePhase":"calibrating"}
[INFO] [Render:trace] {"renderJobId":"6e7b3b64-8957-4fbb-a18b-dd48874f8cf6","phase":"browser_probe","status":"checkpoint","elapsedMs":103,"message":"duration resolved","durationSeconds":19.5,"totalFrames":468,"compositionHash":"b3a41b8b3bff4b51","beginFrameStalled":false}
[INFO] [Render:trace] {"renderJobId":"6e7b3b64-8957-4fbb-a18b-dd48874f8cf6","phase":"video_extract","status":"start","elapsedMs":103,"videoCount":0}
[INFO] [Render:trace] {"renderJobId":"6e7b3b64-8957-4fbb-a18b-dd48874f8cf6","phase":"video_extract","status":"end","elapsedMs":103,"durationMs":0,"videoCount":0}
[INFO] [Render:trace] {"renderJobId":"6e7b3b64-8957-4fbb-a18b-dd48874f8cf6","phase":"video_extract","status":"checkpoint","elapsedMs":104,"message":"frames resolved","videoCount":0,"extractedVideoCount":0,"totalFramesExtracted":0,"maxFramesPerVideo":0,"avgFramesPerExtractedVideo":null,"vfrPreflightCount":null,"vfrPreflightMs":null,"cacheHits":null,"cacheMisses":null,"transientRetries":null,"minVideoFrameCoverageRatio":null,"authoredTimedClipCount":2}
[INFO] [Render] No HDR sources detected — rendering SDR {"renderJobId":"6e7b3b64-8957-4fbb-a18b-dd48874f8cf6"}
[INFO] [Render:trace] {"renderJobId":"6e7b3b64-8957-4fbb-a18b-dd48874f8cf6","phase":"hdr_detection","status":"checkpoint","elapsedMs":104,"message":"resolved","requestedHdrMode":"auto","effectiveHdr":"sdr","nativeHdrVideoCount":0,"nativeHdrImageCount":0}
[INFO] [Render:trace] {"renderJobId":"6e7b3b64-8957-4fbb-a18b-dd48874f8cf6","phase":"audio_process","status":"start","elapsedMs":104,"audioCount":1}
[INFO] [Render:trace] {"renderJobId":"6e7b3b64-8957-4fbb-a18b-dd48874f8cf6","phase":"audio_process","status":"end","elapsedMs":581,"durationMs":477,"audioCount":1}
[INFO] [Render:trace] {"renderJobId":"6e7b3b64-8957-4fbb-a18b-dd48874f8cf6","phase":"file_server","status":"start","elapsedMs":581,"reused":false}
[INFO] [Render:trace] {"renderJobId":"6e7b3b64-8957-4fbb-a18b-dd48874f8cf6","phase":"file_server","status":"end","elapsedMs":587,"durationMs":6}
[hyperframes] browserGpuMode probe → hardware (WebGL renderer vendor="Google Inc. (Apple)" renderer="ANGLE (Apple, ANGLE Metal Renderer: Apple M4, Unspecified Version)")
[INFO] [Render:trace] {"renderJobId":"6e7b3b64-8957-4fbb-a18b-dd48874f8cf6","phase":"capture_calibration","status":"start","elapsedMs":760,"stagePhase":"calibrating","forceScreenshot":false,"totalFrames":468,"framesCompleted":0,"captureMode":"drawelement","captureOperation":"drawElement"}
[INFO] [Render] Calibration config {"renderJobId":"6e7b3b64-8957-4fbb-a18b-dd48874f8cf6","protocolTimeout":30000,"parentProtocolTimeout":300000,"forceScreenshot":false,"totalFrames":468}
[INFO] Launching browser for capture calibration... {"renderJobId":"6e7b3b64-8957-4fbb-a18b-dd48874f8cf6"}
[INFO] Initializing calibration session... {"renderJobId":"6e7b3b64-8957-4fbb-a18b-dd48874f8cf6"}
[INFO] Calibration session ready, capturing test frames... {"renderJobId":"6e7b3b64-8957-4fbb-a18b-dd48874f8cf6"}
[INFO] Calibration: capturing test frame 1/5... {"renderJobId":"6e7b3b64-8957-4fbb-a18b-dd48874f8cf6"}
[INFO] Calibration: capturing test frame 2/5... {"renderJobId":"6e7b3b64-8957-4fbb-a18b-dd48874f8cf6"}
[INFO] Calibration: capturing test frame 3/5... {"renderJobId":"6e7b3b64-8957-4fbb-a18b-dd48874f8cf6"}
[INFO] Calibration: capturing test frame 4/5... {"renderJobId":"6e7b3b64-8957-4fbb-a18b-dd48874f8cf6"}
[INFO] Calibration: capturing test frame 5/5... {"renderJobId":"6e7b3b64-8957-4fbb-a18b-dd48874f8cf6"}
[INFO] Calibration complete, estimated cost: 25ms/frame (p95) {"renderJobId":"6e7b3b64-8957-4fbb-a18b-dd48874f8cf6"}
[INFO] [Render:trace] {"renderJobId":"6e7b3b64-8957-4fbb-a18b-dd48874f8cf6","phase":"capture_calibration","status":"end","elapsedMs":3070,"durationMs":2309,"stagePhase":"calibrating","forceScreenshot":false,"totalFrames":468,"framesCompleted":0,"captureMode":"drawelement","captureOperation":"drawElement"}
[INFO] [Render:trace] {"renderJobId":"6e7b3b64-8957-4fbb-a18b-dd48874f8cf6","phase":"capture_calibration","status":"checkpoint","elapsedMs":3070,"message":"resolved","forceScreenshot":false,"multiplier":1,"p95Ms":25}
[INFO] [Render:trace] {"renderJobId":"6e7b3b64-8957-4fbb-a18b-dd48874f8cf6","phase":"worker_resolution","status":"checkpoint","elapsedMs":3071,"message":"resolved","workerCount":4}
[INFO] [Render] Fast capture: default-on drawElement disabled for this render — parallel capture has no runtime self-verification. Set PRODUCER_EXPERIMENTAL_FAST_CAPTURE=true to override. {"renderJobId":"6e7b3b64-8957-4fbb-a18b-dd48874f8cf6"}
[INFO] streaming-encode gate {"renderJobId":"6e7b3b64-8957-4fbb-a18b-dd48874f8cf6","enabled":false,"configFlag":true,"outputFormat":"mp4","workerCount":4,"durationSeconds":19.5,"maxDurationSeconds":240}
[INFO] [Render:trace] {"renderJobId":"6e7b3b64-8957-4fbb-a18b-dd48874f8cf6","phase":"capture_strategy","status":"checkpoint","elapsedMs":3071,"message":"resolved","workerCount":4,"forceScreenshot":false,"captureBeyondViewport":null,"useStreamingEncode":false,"useLayeredComposite":false,"usePageSideCompositing":false,"hasHdrContent":false,"hasShaderTransitions":false,"isPngSequence":false}
[INFO] [Render:trace] {"renderJobId":"6e7b3b64-8957-4fbb-a18b-dd48874f8cf6","phase":"capture_disk","status":"start","elapsedMs":3071,"stagePhase":"capturing","needsAlpha":false,"workerCount":4,"forceScreenshot":false,"totalFrames":468,"framesCompleted":0,"captureMode":"beginframe","captureOperation":"beginFrame"}
[INFO] [Render:trace] {"renderJobId":"6e7b3b64-8957-4fbb-a18b-dd48874f8cf6","phase":"capture_disk","status":"end","elapsedMs":8573,"durationMs":5502,"stagePhase":"capturing","needsAlpha":false,"workerCount":4,"forceScreenshot":false,"totalFrames":468,"framesCompleted":468,"captureMode":"beginframe","captureOperation":"encode"}
[INFO] [Render:trace] {"renderJobId":"6e7b3b64-8957-4fbb-a18b-dd48874f8cf6","phase":"encode","status":"start","elapsedMs":8573,"stagePhase":"capturing","hasAudio":true,"isPngSequence":false,"isGif":false,"chunkedEncode":false,"workerCount":4,"forceScreenshot":false,"totalFrames":468,"framesCompleted":468,"captureMode":"beginframe","captureOperation":"encode"}
[INFO] [Render:trace] {"renderJobId":"6e7b3b64-8957-4fbb-a18b-dd48874f8cf6","phase":"encode","status":"end","elapsedMs":9328,"durationMs":755,"stagePhase":"capturing","hasAudio":true,"isPngSequence":false,"isGif":false,"chunkedEncode":false,"workerCount":4,"forceScreenshot":false,"totalFrames":468,"framesCompleted":468,"captureMode":"beginframe","captureOperation":"encode"}
[INFO] [Render:trace] {"renderJobId":"6e7b3b64-8957-4fbb-a18b-dd48874f8cf6","phase":"assemble","status":"start","elapsedMs":9328,"stagePhase":"capturing","hasAudio":true,"workerCount":4,"forceScreenshot":false,"totalFrames":468,"framesCompleted":468,"captureMode":"beginframe","captureOperation":"encode"}
[INFO] [Render:trace] {"renderJobId":"6e7b3b64-8957-4fbb-a18b-dd48874f8cf6","phase":"assemble","status":"end","elapsedMs":9797,"durationMs":469,"stagePhase":"capturing","hasAudio":true,"workerCount":4,"forceScreenshot":false,"totalFrames":468,"framesCompleted":468,"captureMode":"beginframe","captureOperation":"encode"}
[INFO] [Render:trace] {"renderJobId":"6e7b3b64-8957-4fbb-a18b-dd48874f8cf6","phase":"pipeline","status":"checkpoint","elapsedMs":9819,"message":"artifact validated","totalElapsedMs":9816}
