
◆  Rendering r36-buyer-demand → /Users/brownmanbrain/GitHub/operator-economy/blueprint-cinema/experiments/EP007-NET-NEW-UNFINISHED-ANSWER-003/hyperframes/reviews/r36-buyer-demand/qa/r36-full-review.mp4
   24fps · draft · 1 workers
   GPU: browser GPU (auto-detect)

[?25l│
◇  Browser: cache
[?25h[INFO] [Render] Pipeline started {"renderJobId":"65b80528-7d0b-4daf-b1b5-c97c162bd2ff","platform":"darwin","arch":"arm64","nodeVersion":"v25.6.1","fps":{"num":24,"den":1},"format":"mp4","quality":"draft","browserGpuMode":"auto","forceScreenshot":false,"protocolTimeout":300000,"browserTimeout":120000,"pageNavigationTimeout":60000,"playerReadyTimeout":45000}
[INFO] [Render:trace] {"renderJobId":"65b80528-7d0b-4daf-b1b5-c97c162bd2ff","phase":"pipeline","status":"checkpoint","elapsedMs":1,"message":"started","format":"mp4","quality":"draft","browserGpuMode":"auto","forceScreenshot":false,"protocolTimeoutMs":300000,"pageNavigationTimeoutMs":60000,"playerReadyTimeoutMs":45000,"requestedWorkers":1}
[INFO] [Render:trace] {"renderJobId":"65b80528-7d0b-4daf-b1b5-c97c162bd2ff","phase":"compile","status":"start","elapsedMs":2,"needsAlpha":false}
  █░░░░░░░░░░░░░░░░░░░░░░░░  5%  Compiling composition
[INFO] [Compiler] Fetched 7 font face(s) for "EB Garamond" from Google Fonts (cached to /Users/brownmanbrain/.cache/hyperframes/fonts/eb-garamond)
[INFO] [Compiler] Injected deterministic @font-face rules for 1 requested font families
[INFO] [Compiler] Embedded local font file: public/fonts/boska-700.woff2 (30 KB → data URI)
[INFO] [Compiler] Embedded local font file: public/fonts/zodiak-700.woff2 (21 KB → data URI)
[INFO] [Compiler] Embedded local font file: public/fonts/supreme-400.woff2 (18 KB → data URI)
[INFO] [Compiler] Embedded local font file: public/fonts/supreme-500.woff2 (18 KB → data URI)
[INFO] Compiled composition metadata {"renderJobId":"65b80528-7d0b-4daf-b1b5-c97c162bd2ff","entryFile":"index.html","staticDuration":247.625,"width":1280,"height":720,"videoCount":15,"audioCount":6,"renderModeHints":{"recommendScreenshot":false,"reasons":[]}}
[WARN] [Compiler] WARNING: Video "avatar-hook" has sparse keyframes (max interval: 10.42s). This causes seek failures and frame freezing. Re-encode with: ffmpeg -i "public/media/avatar-v5-opening.mp4" -c:v libx264 -r 30 -g 30 -keyint_min 30 -movflags +faststart -c:a copy output.mp4
[WARN] [Compiler] WARNING: Video "workshop-wide" has sparse keyframes (max interval: 13.75s). This causes seek failures and frame freezing. Re-encode with: ffmpeg -i "public/media/establishing.mp4" -c:v libx264 -r 30 -g 30 -keyint_min 30 -movflags +faststart -c:a copy output.mp4
[WARN] [Compiler] WARNING: Video "owner-confidence" has sparse keyframes (max interval: 13.75s). This causes seek failures and frame freezing. Re-encode with: ffmpeg -i "public/media/establishing.mp4" -c:v libx264 -r 30 -g 30 -keyint_min 30 -movflags +faststart -c:a copy output.mp4
[WARN] [Compiler] WARNING: Video "buyer-numbers" has sparse keyframes (max interval: 13.75s). This causes seek failures and frame freezing. Re-encode with: ffmpeg -i "public/media/establishing.mp4" -c:v libx264 -r 30 -g 30 -keyint_min 30 -movflags +faststart -c:a copy output.mp4
[WARN] [Compiler] WARNING: Video "m-seller-video" has sparse keyframes (max interval: 13.75s). This causes seek failures and frame freezing. Re-encode with: ffmpeg -i "public/media/establishing.mp4" -c:v libx264 -r 30 -g 30 -keyint_min 30 -movflags +faststart -c:a copy output.mp4
[WARN] [Compiler] WARNING: Video "avatar-post-title" has sparse keyframes (max interval: 10.42s). This causes seek failures and frame freezing. Re-encode with: ffmpeg -i "public/media/v5-post-title-continuous.mp4" -c:v libx264 -r 30 -g 30 -keyint_min 30 -movflags +faststart -c:a copy output.mp4
[WARN] [Compiler] WARNING: Video "buyer-scrutiny-r36" has sparse keyframes (max interval: 13.75s). This causes seek failures and frame freezing. Re-encode with: ffmpeg -i "public/media/establishing.mp4" -c:v libx264 -r 30 -g 30 -keyint_min 30 -movflags +faststart -c:a copy output.mp4
[WARN] [Compiler] WARNING: Video "q-speaking" has sparse keyframes (max interval: 10.42s). This causes seek failures and frame freezing. Re-encode with: ffmpeg -i "public/media/question-pensive-r32-with-pause.mp4" -c:v libx264 -r 30 -g 30 -keyint_min 30 -movflags +faststart -c:a copy output.mp4
[INFO] [Render:trace] {"renderJobId":"65b80528-7d0b-4daf-b1b5-c97c162bd2ff","phase":"compile","status":"end","elapsedMs":1143,"durationMs":1141,"needsAlpha":false}
[INFO] [Render:trace] {"renderJobId":"65b80528-7d0b-4daf-b1b5-c97c162bd2ff","phase":"compile","status":"checkpoint","elapsedMs":1144,"message":"composition metadata resolved","width":1280,"height":720,"videoCount":15,"audioCount":6,"imageCount":9,"deviceScaleFactor":1,"forceScreenshot":false,"compositionHash":"c3dfc5e8a43473c4"}
[INFO] [Render:trace] {"renderJobId":"65b80528-7d0b-4daf-b1b5-c97c162bd2ff","phase":"browser_probe","status":"start","elapsedMs":1144,"forceScreenshot":false,"stagePhase":"calibrating"}
[INFO] [Render:trace] {"renderJobId":"65b80528-7d0b-4daf-b1b5-c97c162bd2ff","phase":"browser_probe","status":"end","elapsedMs":1195,"durationMs":51,"forceScreenshot":false,"stagePhase":"calibrating"}
[INFO] [Render:trace] {"renderJobId":"65b80528-7d0b-4daf-b1b5-c97c162bd2ff","phase":"browser_probe","status":"checkpoint","elapsedMs":1196,"message":"duration resolved","durationSeconds":247.625,"totalFrames":5943,"compositionHash":"c3dfc5e8a43473c4","beginFrameStalled":false}
[INFO] [Render:trace] {"renderJobId":"65b80528-7d0b-4daf-b1b5-c97c162bd2ff","phase":"video_extract","status":"start","elapsedMs":1197,"videoCount":15}
[INFO] Probing video color spaces... {"renderJobId":"65b80528-7d0b-4daf-b1b5-c97c162bd2ff","videoCount":15}
  ██░░░░░░░░░░░░░░░░░░░░░░░  10%  Extracting video frames
[INFO] Extracting frames from video 1/15 {"renderJobId":"65b80528-7d0b-4daf-b1b5-c97c162bd2ff","sourceType":"local"}
[INFO] Extracting frames from video 2/15 {"renderJobId":"65b80528-7d0b-4daf-b1b5-c97c162bd2ff","sourceType":"local"}
[INFO] Extracting frames from video 3/15 {"renderJobId":"65b80528-7d0b-4daf-b1b5-c97c162bd2ff","sourceType":"local"}
[INFO] Extracting frames from video 4/15 {"renderJobId":"65b80528-7d0b-4daf-b1b5-c97c162bd2ff","sourceType":"local"}
[INFO] Extracting frames from video 5/15 {"renderJobId":"65b80528-7d0b-4daf-b1b5-c97c162bd2ff","sourceType":"local"}
[INFO] Extracting frames from video 6/15 {"renderJobId":"65b80528-7d0b-4daf-b1b5-c97c162bd2ff","sourceType":"local"}
[INFO] Extracting frames from video 7/15 {"renderJobId":"65b80528-7d0b-4daf-b1b5-c97c162bd2ff","sourceType":"local"}
[INFO] Extracting frames from video 8/15 {"renderJobId":"65b80528-7d0b-4daf-b1b5-c97c162bd2ff","sourceType":"local"}
[INFO] Extracting frames from video 9/15 {"renderJobId":"65b80528-7d0b-4daf-b1b5-c97c162bd2ff","sourceType":"local"}
[INFO] Extracting frames from video 10/15 {"renderJobId":"65b80528-7d0b-4daf-b1b5-c97c162bd2ff","sourceType":"local"}
[INFO] Extracting frames from video 11/15 {"renderJobId":"65b80528-7d0b-4daf-b1b5-c97c162bd2ff","sourceType":"local"}
[INFO] Extracting frames from video 12/15 {"renderJobId":"65b80528-7d0b-4daf-b1b5-c97c162bd2ff","sourceType":"local"}
[INFO] Extracting frames from video 13/15 {"renderJobId":"65b80528-7d0b-4daf-b1b5-c97c162bd2ff","sourceType":"local"}
[INFO] Extracting frames from video 14/15 {"renderJobId":"65b80528-7d0b-4daf-b1b5-c97c162bd2ff","sourceType":"local"}
[INFO] Extracting frames from video 15/15 {"renderJobId":"65b80528-7d0b-4daf-b1b5-c97c162bd2ff","sourceType":"local"}
[INFO] [Render:trace] {"renderJobId":"65b80528-7d0b-4daf-b1b5-c97c162bd2ff","phase":"video_extract","status":"end","elapsedMs":7859,"durationMs":6662,"videoCount":15}
[INFO] [Render:trace] {"renderJobId":"65b80528-7d0b-4daf-b1b5-c97c162bd2ff","phase":"video_extract","status":"checkpoint","elapsedMs":7864,"message":"frames resolved","videoCount":15,"extractedVideoCount":15,"totalFramesExtracted":2018,"maxFramesPerVideo":360,"avgFramesPerExtractedVideo":135,"vfrPreflightCount":0,"vfrPreflightMs":0,"cacheHits":0,"cacheMisses":15,"transientRetries":0,"minVideoFrameCoverageRatio":1,"authoredTimedClipCount":31}
[INFO] [Render] No HDR sources detected — rendering SDR {"renderJobId":"65b80528-7d0b-4daf-b1b5-c97c162bd2ff"}
[INFO] [Render:trace] {"renderJobId":"65b80528-7d0b-4daf-b1b5-c97c162bd2ff","phase":"hdr_detection","status":"checkpoint","elapsedMs":7865,"message":"resolved","requestedHdrMode":"auto","effectiveHdr":"sdr","nativeHdrVideoCount":0,"nativeHdrImageCount":0}
[INFO] [Render:trace] {"renderJobId":"65b80528-7d0b-4daf-b1b5-c97c162bd2ff","phase":"audio_process","status":"start","elapsedMs":7865,"audioCount":6}
  █████░░░░░░░░░░░░░░░░░░░░  20%  Processing audio tracks
[INFO] [Render:trace] {"renderJobId":"65b80528-7d0b-4daf-b1b5-c97c162bd2ff","phase":"audio_process","status":"end","elapsedMs":12916,"durationMs":5051,"audioCount":6}
[INFO] [Render:trace] {"renderJobId":"65b80528-7d0b-4daf-b1b5-c97c162bd2ff","phase":"file_server","status":"start","elapsedMs":12918,"reused":false}
  ██████░░░░░░░░░░░░░░░░░░░  25%  Starting frame capture
[INFO] [Render:trace] {"renderJobId":"65b80528-7d0b-4daf-b1b5-c97c162bd2ff","phase":"file_server","status":"end","elapsedMs":12929,"durationMs":11}
[hyperframes] browserGpuMode probe → hardware (WebGL renderer vendor="Google Inc. (Apple)" renderer="ANGLE (Apple, ANGLE Metal Renderer: Apple M4, Unspecified Version)")
[INFO] [Render:trace] {"renderJobId":"65b80528-7d0b-4daf-b1b5-c97c162bd2ff","phase":"capture_calibration","status":"checkpoint","elapsedMs":13101,"message":"skipped","requestedWorkers":1,"totalFrames":5943,"htmlInCanvasDetected":false,"lowMemoryMode":false,"deInversionEligible":false,"deParallelRouterEligible":false}
[INFO] [Render:trace] {"renderJobId":"65b80528-7d0b-4daf-b1b5-c97c162bd2ff","phase":"worker_resolution","status":"checkpoint","elapsedMs":13101,"message":"resolved","workerCount":1}
[INFO] streaming-encode gate {"renderJobId":"65b80528-7d0b-4daf-b1b5-c97c162bd2ff","enabled":false,"configFlag":true,"outputFormat":"mp4","workerCount":1,"durationSeconds":247.625,"maxDurationSeconds":240}
[INFO] [Render] Fast capture: default-on drawElement disabled for this render — the disk capture path has no runtime self-verification. Set PRODUCER_EXPERIMENTAL_FAST_CAPTURE=true to override. {"renderJobId":"65b80528-7d0b-4daf-b1b5-c97c162bd2ff"}
[INFO] [Render:trace] {"renderJobId":"65b80528-7d0b-4daf-b1b5-c97c162bd2ff","phase":"capture_strategy","status":"checkpoint","elapsedMs":13101,"message":"resolved","workerCount":1,"forceScreenshot":false,"captureBeyondViewport":true,"useStreamingEncode":false,"useLayeredComposite":false,"usePageSideCompositing":false,"hasHdrContent":false,"hasShaderTransitions":false,"isPngSequence":false}
[INFO] [Render:trace] {"renderJobId":"65b80528-7d0b-4daf-b1b5-c97c162bd2ff","phase":"capture_disk","status":"start","elapsedMs":13101,"stagePhase":"capturing","needsAlpha":false,"workerCount":1,"forceScreenshot":false,"totalFrames":5943,"framesCompleted":0,"captureMode":"beginframe","captureOperation":"beginFrame"}
[INFO] [Render:trace] {"renderJobId":"65b80528-7d0b-4daf-b1b5-c97c162bd2ff","phase":"capture_disk","status":"error","elapsedMs":13102,"durationMs":1,"message":"Disk capture may need ~21908.3 MB of temporary frame storage, but only 15880.8 MB is free at [path] Re-run with --low-memory-mode to stream frames, raise PRODUCER_STREAMING_ENCODE_MAX_DURATION_SECONDS if streaming is supported, or free up …","stagePhase":"capturing","needsAlpha":false,"workerCount":1,"forceScreenshot":false,"totalFrames":5943,"framesCompleted":0,"captureMode":"beginframe","captureOperation":"beginFrame"}
  ██████░░░░░░░░░░░░░░░░░░░  25%  Failed: Disk capture may need ~21908.3 MB of temporary frame storage, but only 15880.8 MB is free at /Users/brownmanbrain/GitHub/operator-economy/blueprint-cinema/experiments/EP007-NET-NEW-UNFINISHED-ANSWER-003/hyperframes/reviews/r36-buyer-demand/qa/work-65b80528-7d0b-4daf-b1b5-c97c162bd2ff-u0B9dv/captured-frames. Re-run with --low-memory-mode to stream frames, raise PRODUCER_STREAMING_ENCODE_MAX_DURATION_SECONDS if streaming is supported, or free up disk space.
[INFO] [Render] Failure summary {"renderJobId":"65b80528-7d0b-4daf-b1b5-c97c162bd2ff","failedStage":"Starting frame capture","error":"Disk capture may need ~21908.3 MB of temporary frame storage, but only 15880.8 MB is free at /Users/brownmanbrain/GitHub/operator-economy/blueprint-cinema/experiments/EP007-NET-NEW-UNFINISHED-ANSWER-003/hyperframes/reviews/r36-buyer-demand/qa/work-65b80528-7d0b-4daf-b1b5-c97c162bd2ff-u0B9dv/captured-frames. Re-run with --low-memory-mode to stream frames, raise PRODUCER_STREAMING_ENCODE_MAX_DURATION_SECONDS if streaming is supported, or free up disk space.","elapsedMs":13103,"stageTimings":{"compileOnlyMs":853,"browserProbeMs":50,"compileMs":1194,"videoExtractMs":6662,"audioProcessMs":5051},"isTimeout":false,"workers":1,"protocolTimeout":300000,"observedFailedPhase":"capture_disk","observedLastPhase":"capture_disk","observedLastStatus":"error","browserDiagnostics":{"total":0,"errors":0,"pageErrors":0,"requestFailed":0,"httpErrors":0,"navigationStarts":0,"navigationFailures":0,"consoleErrors":0,"consoleWarnings":0},"extraction":{"videoCount":15,"extractedVideoCount":15,"totalFramesExtracted":2018,"maxFramesPerVideo":360,"avgFramesPerExtractedVideo":135,"vfrProbeMs":0,"vfrPreflightMs":0,"vfrPreflightCount":0,"cacheHits":0,"cacheMisses":15,"transientRetries":0,"minVideoFrameCoverageRatio":1,"authoredTimedClipCount":31},"browserConsoleErrors":[]}

✗  Render failed

   Disk capture may need ~21908.3 MB of temporary frame storage, but only 15880.8 MB is free at /Users/brownmanbrain/GitHub/operator-economy/blueprint-cinema/experiments/EP007-NET-NEW-UNFINISHED-ANSWER-003/hyperframes/reviews/r36-buyer-demand/qa/work-65b80528-7d0b-4daf-b1b5-c97c162bd2ff-u0B9dv/captured-frames. Re-run with --low-memory-mode to stream frames, raise PRODUCER_STREAMING_ENCODE_MAX_DURATION_SECONDS if streaming is supported, or free up disk space.
   Try --docker for containerized rendering

