
◆  Rendering s07-focused → /Users/brownmanbrain/GitHub/operator-economy/blueprint-cinema/experiments/EP007-NET-NEW-UNFINISHED-ANSWER-003/hyperframes/reviews/r36-buyer-demand/qa/s07-review.mp4
   24fps · draft · 1 workers
   GPU: browser GPU (auto-detect)

[?25l│
◇  Browser: cache
[?25h[INFO] [Render] Pipeline started {"renderJobId":"edc7072a-0334-442f-b5f2-7bf8052a590d","platform":"darwin","arch":"arm64","nodeVersion":"v25.6.1","fps":{"num":24,"den":1},"format":"mp4","quality":"draft","browserGpuMode":"auto","forceScreenshot":false,"protocolTimeout":300000,"browserTimeout":120000,"pageNavigationTimeout":60000,"playerReadyTimeout":45000}
[INFO] [Render:trace] {"renderJobId":"edc7072a-0334-442f-b5f2-7bf8052a590d","phase":"pipeline","status":"checkpoint","elapsedMs":1,"message":"started","format":"mp4","quality":"draft","browserGpuMode":"auto","forceScreenshot":false,"protocolTimeoutMs":300000,"pageNavigationTimeoutMs":60000,"playerReadyTimeoutMs":45000,"requestedWorkers":1}
[INFO] [Render:trace] {"renderJobId":"edc7072a-0334-442f-b5f2-7bf8052a590d","phase":"compile","status":"start","elapsedMs":2,"needsAlpha":false}
  █░░░░░░░░░░░░░░░░░░░░░░░░  5%  Compiling composition
[INFO] [Compiler] Embedded local font file: public/fonts/boska-700.woff2 (30 KB → data URI)
[INFO] [Compiler] Embedded local font file: public/fonts/supreme-400.woff2 (18 KB → data URI)
[INFO] [Compiler] Embedded local font file: public/fonts/supreme-500.woff2 (18 KB → data URI)
[INFO] Compiled composition metadata {"renderJobId":"edc7072a-0334-442f-b5f2-7bf8052a590d","entryFile":"index.html","staticDuration":47.5,"width":1280,"height":720,"videoCount":1,"audioCount":1,"renderModeHints":{"recommendScreenshot":false,"reasons":[]}}
[INFO] [Render:trace] {"renderJobId":"edc7072a-0334-442f-b5f2-7bf8052a590d","phase":"compile","status":"end","elapsedMs":85,"durationMs":83,"needsAlpha":false}
[INFO] [Render:trace] {"renderJobId":"edc7072a-0334-442f-b5f2-7bf8052a590d","phase":"compile","status":"checkpoint","elapsedMs":86,"message":"composition metadata resolved","width":1280,"height":720,"videoCount":1,"audioCount":1,"imageCount":0,"deviceScaleFactor":1,"forceScreenshot":false,"compositionHash":"4c69a98e8228cbd1"}
[INFO] [Render:trace] {"renderJobId":"edc7072a-0334-442f-b5f2-7bf8052a590d","phase":"browser_probe","status":"start","elapsedMs":86,"forceScreenshot":false,"stagePhase":"calibrating"}
[INFO] [Render:trace] {"renderJobId":"edc7072a-0334-442f-b5f2-7bf8052a590d","phase":"browser_probe","status":"end","elapsedMs":92,"durationMs":6,"forceScreenshot":false,"stagePhase":"calibrating"}
[INFO] [Render:trace] {"renderJobId":"edc7072a-0334-442f-b5f2-7bf8052a590d","phase":"browser_probe","status":"checkpoint","elapsedMs":93,"message":"duration resolved","durationSeconds":47.5,"totalFrames":1140,"compositionHash":"4c69a98e8228cbd1","beginFrameStalled":false}
[INFO] [Render:trace] {"renderJobId":"edc7072a-0334-442f-b5f2-7bf8052a590d","phase":"video_extract","status":"start","elapsedMs":93,"videoCount":1}
[INFO] Probing video color spaces... {"renderJobId":"edc7072a-0334-442f-b5f2-7bf8052a590d","videoCount":1}
  ██░░░░░░░░░░░░░░░░░░░░░░░  10%  Extracting video frames
[INFO] Extracting frames from video 1/1 {"renderJobId":"edc7072a-0334-442f-b5f2-7bf8052a590d","sourceType":"local"}
[WARN] [Compiler] WARNING: Video "buyer-scrutiny-r36" has sparse keyframes (max interval: 13.75s). This causes seek failures and frame freezing. Re-encode with: ffmpeg -i "public/media/establishing.mp4" -c:v libx264 -r 30 -g 30 -keyint_min 30 -movflags +faststart -c:a copy output.mp4
[INFO] [Render:trace] {"renderJobId":"edc7072a-0334-442f-b5f2-7bf8052a590d","phase":"video_extract","status":"end","elapsedMs":742,"durationMs":649,"videoCount":1}
[INFO] [Render:trace] {"renderJobId":"edc7072a-0334-442f-b5f2-7bf8052a590d","phase":"video_extract","status":"checkpoint","elapsedMs":743,"message":"frames resolved","videoCount":1,"extractedVideoCount":1,"totalFramesExtracted":71,"maxFramesPerVideo":71,"avgFramesPerExtractedVideo":71,"vfrPreflightCount":0,"vfrPreflightMs":0,"cacheHits":0,"cacheMisses":1,"transientRetries":0,"minVideoFrameCoverageRatio":1,"authoredTimedClipCount":4}
[INFO] [Render] No HDR sources detected — rendering SDR {"renderJobId":"edc7072a-0334-442f-b5f2-7bf8052a590d"}
[INFO] [Render:trace] {"renderJobId":"edc7072a-0334-442f-b5f2-7bf8052a590d","phase":"hdr_detection","status":"checkpoint","elapsedMs":744,"message":"resolved","requestedHdrMode":"auto","effectiveHdr":"sdr","nativeHdrVideoCount":0,"nativeHdrImageCount":0}
[INFO] [Render:trace] {"renderJobId":"edc7072a-0334-442f-b5f2-7bf8052a590d","phase":"audio_process","status":"start","elapsedMs":744,"audioCount":1}
  █████░░░░░░░░░░░░░░░░░░░░  20%  Processing audio tracks
[INFO] [Render:trace] {"renderJobId":"edc7072a-0334-442f-b5f2-7bf8052a590d","phase":"audio_process","status":"end","elapsedMs":1736,"durationMs":992,"audioCount":1}
[INFO] [Render:trace] {"renderJobId":"edc7072a-0334-442f-b5f2-7bf8052a590d","phase":"file_server","status":"start","elapsedMs":1736,"reused":false}
  ██████░░░░░░░░░░░░░░░░░░░  25%  Starting frame capture
[INFO] [Render:trace] {"renderJobId":"edc7072a-0334-442f-b5f2-7bf8052a590d","phase":"file_server","status":"end","elapsedMs":1742,"durationMs":5}
[hyperframes] browserGpuMode probe → hardware (WebGL renderer vendor="Google Inc. (Apple)" renderer="ANGLE (Apple, ANGLE Metal Renderer: Apple M4, Unspecified Version)")
[INFO] [Render:trace] {"renderJobId":"edc7072a-0334-442f-b5f2-7bf8052a590d","phase":"capture_calibration","status":"checkpoint","elapsedMs":1906,"message":"skipped","requestedWorkers":1,"totalFrames":1140,"htmlInCanvasDetected":false,"lowMemoryMode":false,"deInversionEligible":false,"deParallelRouterEligible":false}
[INFO] [Render:trace] {"renderJobId":"edc7072a-0334-442f-b5f2-7bf8052a590d","phase":"worker_resolution","status":"checkpoint","elapsedMs":1906,"message":"resolved","workerCount":1}
[INFO] streaming-encode gate {"renderJobId":"edc7072a-0334-442f-b5f2-7bf8052a590d","enabled":true,"configFlag":true,"outputFormat":"mp4","workerCount":1,"durationSeconds":47.5,"maxDurationSeconds":240}
[INFO] [Render:trace] {"renderJobId":"edc7072a-0334-442f-b5f2-7bf8052a590d","phase":"capture_strategy","status":"checkpoint","elapsedMs":1906,"message":"resolved","workerCount":1,"forceScreenshot":false,"captureBeyondViewport":true,"useStreamingEncode":true,"useLayeredComposite":false,"usePageSideCompositing":false,"hasHdrContent":false,"hasShaderTransitions":false,"isPngSequence":false}
[INFO] [Render:trace] {"renderJobId":"edc7072a-0334-442f-b5f2-7bf8052a590d","phase":"capture_streaming","status":"start","elapsedMs":1906,"stagePhase":"capturing","workerCount":1,"forceScreenshot":false,"totalFrames":1140,"framesCompleted":0,"captureMode":"drawelement","captureOperation":"drawElement"}
[BrowserManager] Browser launched (HeadlessChrome/152.0.7977.30, screenshot, gl=--use-gl=angle --use-angle=metal, headlessShell=true, platform=darwin)
[initSession:screenshot] page.goto start (0ms)
[HyperFrames] render runtime fps [object Object]
[initSession:screenshot] page.goto complete (89ms)
[initSession:screenshot] GSAP proxy flush complete (141ms)
[initSession:screenshot] pollHfReady complete (157ms)
[initSession:screenshot] pollSubCompositionTimelines complete (ready) (162ms)
[initSession:screenshot] applyVideoMetadataHints complete (163ms)
[initSession:screenshot] media + fonts + tailwind ready (164ms)
[initSession:screenshot] captureBeyondViewport downgraded: page content fits the capture viewport (166ms)
[initSession:screenshot] timeline at-risk predictor: 0/1140 frames (0%) (197ms)
[initSession:screenshot] static-frame dedup: disabled (before-capture hook / video injection active) (199ms)
[initSession:screenshot] drawElement self-verify armed: 4 ground-truth frame(s) @ [285, 570, 855, 1083] of 1140 (563ms)
[initSession:drawelement] drawElement canvas injected (565ms)
[initSession:drawelement] screenshot fallback: 8 clip-boundary frame(s) (566ms)
[initSession:drawelement] drawElement worker encode initialized (571ms)
  ██████░░░░░░░░░░░░░░░░░░░  25%  Streaming frame 1/1140
  ██████░░░░░░░░░░░░░░░░░░░  25%  Streaming frame 2/1140
  ██████░░░░░░░░░░░░░░░░░░░  25%  Streaming frame 3/1140
  ██████░░░░░░░░░░░░░░░░░░░  25%  Streaming frame 4/1140
  ██████░░░░░░░░░░░░░░░░░░░  25%  Streaming frame 5/1140
  ██████░░░░░░░░░░░░░░░░░░░  25%  Streaming frame 6/1140
  ██████░░░░░░░░░░░░░░░░░░░  25%  Streaming frame 7/1140
  ██████░░░░░░░░░░░░░░░░░░░  25%  Streaming frame 8/1140
  ██████░░░░░░░░░░░░░░░░░░░  25%  Streaming frame 9/1140
  ██████░░░░░░░░░░░░░░░░░░░  25%  Streaming frame 10/1140
  ██████░░░░░░░░░░░░░░░░░░░  26%  Streaming frame 11/1140
  ██████░░░░░░░░░░░░░░░░░░░  26%  Streaming frame 12/1140
[WARN] [Render] drawElement blank-frame suspect; re-capturing {"renderJobId":"edc7072a-0334-442f-b5f2-7bf8052a590d","frame":12,"bytes":18203,"floor":20000}
[INFO] [Render] drawElement small frame is deterministic; accepted {"renderJobId":"edc7072a-0334-442f-b5f2-7bf8052a590d","frame":12,"bytes":18203}
  ██████░░░░░░░░░░░░░░░░░░░  26%  Streaming frame 13/1140
  ██████░░░░░░░░░░░░░░░░░░░  26%  Streaming frame 14/1140
  ██████░░░░░░░░░░░░░░░░░░░  26%  Streaming frame 15/1140
  ██████░░░░░░░░░░░░░░░░░░░  26%  Streaming frame 16/1140
  ██████░░░░░░░░░░░░░░░░░░░  26%  Streaming frame 17/1140
  ██████░░░░░░░░░░░░░░░░░░░  26%  Streaming frame 18/1140
  ██████░░░░░░░░░░░░░░░░░░░  26%  Streaming frame 19/1140
  ██████░░░░░░░░░░░░░░░░░░░  26%  Streaming frame 20/1140
  ██████░░░░░░░░░░░░░░░░░░░  26%  Streaming frame 21/1140
  ██████░░░░░░░░░░░░░░░░░░░  26%  Streaming frame 22/1140
  ██████░░░░░░░░░░░░░░░░░░░  26%  Streaming frame 23/1140
  ██████░░░░░░░░░░░░░░░░░░░  26%  Streaming frame 24/1140
  ██████░░░░░░░░░░░░░░░░░░░  26%  Streaming frame 25/1140
  ██████░░░░░░░░░░░░░░░░░░░  26%  Streaming frame 26/1140
  ██████░░░░░░░░░░░░░░░░░░░  26%  Streaming frame 27/1140
  ██████░░░░░░░░░░░░░░░░░░░  26%  Streaming frame 28/1140
  ██████░░░░░░░░░░░░░░░░░░░  26%  Streaming frame 29/1140
  ██████░░░░░░░░░░░░░░░░░░░  26%  Streaming frame 30/1140
  ██████░░░░░░░░░░░░░░░░░░░  26%  Streaming frame 31/1140
  ██████░░░░░░░░░░░░░░░░░░░  27%  Streaming frame 32/1140
  ██████░░░░░░░░░░░░░░░░░░░  27%  Streaming frame 33/1140
  ██████░░░░░░░░░░░░░░░░░░░  27%  Streaming frame 34/1140
  ██████░░░░░░░░░░░░░░░░░░░  27%  Streaming frame 35/1140
  ██████░░░░░░░░░░░░░░░░░░░  27%  Streaming frame 36/1140
  ██████░░░░░░░░░░░░░░░░░░░  27%  Streaming frame 37/1140
  ██████░░░░░░░░░░░░░░░░░░░  27%  Streaming frame 38/1140
  ██████░░░░░░░░░░░░░░░░░░░  27%  Streaming frame 39/1140
  ██████░░░░░░░░░░░░░░░░░░░  27%  Streaming frame 40/1140
  ██████░░░░░░░░░░░░░░░░░░░  27%  Streaming frame 41/1140
  ██████░░░░░░░░░░░░░░░░░░░  27%  Streaming frame 42/1140
  ██████░░░░░░░░░░░░░░░░░░░  27%  Streaming frame 43/1140
  ██████░░░░░░░░░░░░░░░░░░░  27%  Streaming frame 44/1140
  ██████░░░░░░░░░░░░░░░░░░░  27%  Streaming frame 45/1140
  ██████░░░░░░░░░░░░░░░░░░░  27%  Streaming frame 46/1140
  ██████░░░░░░░░░░░░░░░░░░░  27%  Streaming frame 47/1140
  ██████░░░░░░░░░░░░░░░░░░░  27%  Streaming frame 48/1140
  ██████░░░░░░░░░░░░░░░░░░░  27%  Streaming frame 49/1140
  ██████░░░░░░░░░░░░░░░░░░░  27%  Streaming frame 50/1140
  ██████░░░░░░░░░░░░░░░░░░░  27%  Streaming frame 51/1140
  ███████░░░░░░░░░░░░░░░░░░  28%  Streaming frame 52/1140
  ███████░░░░░░░░░░░░░░░░░░  28%  Streaming frame 53/1140
  ███████░░░░░░░░░░░░░░░░░░  28%  Streaming frame 54/1140
  ███████░░░░░░░░░░░░░░░░░░  28%  Streaming frame 55/1140
  ███████░░░░░░░░░░░░░░░░░░  28%  Streaming frame 56/1140
  ███████░░░░░░░░░░░░░░░░░░  28%  Streaming frame 57/1140
  ███████░░░░░░░░░░░░░░░░░░  28%  Streaming frame 58/1140
  ███████░░░░░░░░░░░░░░░░░░  28%  Streaming frame 59/1140
  ███████░░░░░░░░░░░░░░░░░░  28%  Streaming frame 60/1140
  ███████░░░░░░░░░░░░░░░░░░  28%  Streaming frame 61/1140
  ███████░░░░░░░░░░░░░░░░░░  28%  Streaming frame 62/1140
  ███████░░░░░░░░░░░░░░░░░░  28%  Streaming frame 63/1140
  ███████░░░░░░░░░░░░░░░░░░  28%  Streaming frame 64/1140
  ███████░░░░░░░░░░░░░░░░░░  28%  Streaming frame 65/1140
  ███████░░░░░░░░░░░░░░░░░░  28%  Streaming frame 66/1140
  ███████░░░░░░░░░░░░░░░░░░  28%  Streaming frame 67/1140
  ███████░░░░░░░░░░░░░░░░░░  28%  Streaming frame 68/1140
  ███████░░░░░░░░░░░░░░░░░░  28%  Streaming frame 69/1140
  ███████░░░░░░░░░░░░░░░░░░  28%  Streaming frame 70/1140
  ███████░░░░░░░░░░░░░░░░░░  28%  Streaming frame 71/1140
  ███████░░░░░░░░░░░░░░░░░░  28%  Streaming frame 72/1140
  ███████░░░░░░░░░░░░░░░░░░  29%  Streaming frame 73/1140
  ███████░░░░░░░░░░░░░░░░░░  29%  Streaming frame 74/1140
  ███████░░░░░░░░░░░░░░░░░░  29%  Streaming frame 75/1140
  ███████░░░░░░░░░░░░░░░░░░  29%  Streaming frame 76/1140
  ███████░░░░░░░░░░░░░░░░░░  29%  Streaming frame 77/1140
  ███████░░░░░░░░░░░░░░░░░░  29%  Streaming frame 78/1140
  ███████░░░░░░░░░░░░░░░░░░  29%  Streaming frame 79/1140
  ███████░░░░░░░░░░░░░░░░░░  29%  Streaming frame 80/1140
  ███████░░░░░░░░░░░░░░░░░░  29%  Streaming frame 81/1140
  ███████░░░░░░░░░░░░░░░░░░  29%  Streaming frame 82/1140
  ███████░░░░░░░░░░░░░░░░░░  29%  Streaming frame 83/1140
  ███████░░░░░░░░░░░░░░░░░░  29%  Streaming frame 84/1140
  ███████░░░░░░░░░░░░░░░░░░  29%  Streaming frame 85/1140
  ███████░░░░░░░░░░░░░░░░░░  29%  Streaming frame 86/1140
  ███████░░░░░░░░░░░░░░░░░░  29%  Streaming frame 87/1140
  ███████░░░░░░░░░░░░░░░░░░  29%  Streaming frame 88/1140
  ███████░░░░░░░░░░░░░░░░░░  29%  Streaming frame 89/1140
  ███████░░░░░░░░░░░░░░░░░░  29%  Streaming frame 90/1140
  ███████░░░░░░░░░░░░░░░░░░  29%  Streaming frame 91/1140
  ███████░░░░░░░░░░░░░░░░░░  29%  Streaming frame 92/1140
  ███████░░░░░░░░░░░░░░░░░░  29%  Streaming frame 93/1140
  ███████░░░░░░░░░░░░░░░░░░  30%  Streaming frame 94/1140
  ███████░░░░░░░░░░░░░░░░░░  30%  Streaming frame 95/1140
  ███████░░░░░░░░░░░░░░░░░░  30%  Streaming frame 96/1140
  ███████░░░░░░░░░░░░░░░░░░  30%  Streaming frame 97/1140
  ███████░░░░░░░░░░░░░░░░░░  30%  Streaming frame 98/1140
  ███████░░░░░░░░░░░░░░░░░░  30%  Streaming frame 99/1140
  ███████░░░░░░░░░░░░░░░░░░  30%  Streaming frame 100/1140
  ███████░░░░░░░░░░░░░░░░░░  30%  Streaming frame 101/1140
  ███████░░░░░░░░░░░░░░░░░░  30%  Streaming frame 102/1140
  ███████░░░░░░░░░░░░░░░░░░  30%  Streaming frame 103/1140
  ███████░░░░░░░░░░░░░░░░░░  30%  Streaming frame 104/1140
  ███████░░░░░░░░░░░░░░░░░░  30%  Streaming frame 105/1140
  ███████░░░░░░░░░░░░░░░░░░  30%  Streaming frame 106/1140
  ███████░░░░░░░░░░░░░░░░░░  30%  Streaming frame 107/1140
  ███████░░░░░░░░░░░░░░░░░░  30%  Streaming frame 108/1140
  ███████░░░░░░░░░░░░░░░░░░  30%  Streaming frame 109/1140
  ███████░░░░░░░░░░░░░░░░░░  30%  Streaming frame 110/1140
  ███████░░░░░░░░░░░░░░░░░░  30%  Streaming frame 111/1140
  ███████░░░░░░░░░░░░░░░░░░  30%  Streaming frame 112/1140
  ███████░░░░░░░░░░░░░░░░░░  30%  Streaming frame 113/1140
  ███████░░░░░░░░░░░░░░░░░░  31%  Streaming frame 114/1140
  ███████░░░░░░░░░░░░░░░░░░  31%  Streaming frame 115/1140
  ███████░░░░░░░░░░░░░░░░░░  31%  Streaming frame 116/1140
  ███████░░░░░░░░░░░░░░░░░░  31%  Streaming frame 117/1140
  ███████░░░░░░░░░░░░░░░░░░  31%  Streaming frame 118/1140
  ███████░░░░░░░░░░░░░░░░░░  31%  Streaming frame 119/1140
  ███████░░░░░░░░░░░░░░░░░░  31%  Streaming frame 120/1140
  ███████░░░░░░░░░░░░░░░░░░  31%  Streaming frame 121/1140
  ███████░░░░░░░░░░░░░░░░░░  31%  Streaming frame 122/1140
  ███████░░░░░░░░░░░░░░░░░░  31%  Streaming frame 123/1140
  ███████░░░░░░░░░░░░░░░░░░  31%  Streaming frame 124/1140
  ███████░░░░░░░░░░░░░░░░░░  31%  Streaming frame 125/1140
  ███████░░░░░░░░░░░░░░░░░░  31%  Streaming frame 126/1140
  ███████░░░░░░░░░░░░░░░░░░  31%  Streaming frame 127/1140
  ███████░░░░░░░░░░░░░░░░░░  31%  Streaming frame 128/1140
  ███████░░░░░░░░░░░░░░░░░░  31%  Streaming frame 129/1140
  ███████░░░░░░░░░░░░░░░░░░  31%  Streaming frame 130/1140
  ███████░░░░░░░░░░░░░░░░░░  31%  Streaming frame 131/1140
  ███████░░░░░░░░░░░░░░░░░░  31%  Streaming frame 132/1140
  ███████░░░░░░░░░░░░░░░░░░  31%  Streaming frame 133/1140
  ███████░░░░░░░░░░░░░░░░░░  31%  Streaming frame 134/1140
  ████████░░░░░░░░░░░░░░░░░  32%  Streaming frame 135/1140
  ████████░░░░░░░░░░░░░░░░░  32%  Streaming frame 136/1140
  ████████░░░░░░░░░░░░░░░░░  32%  Streaming frame 137/1140
  ████████░░░░░░░░░░░░░░░░░  32%  Streaming frame 138/1140
  ████████░░░░░░░░░░░░░░░░░  32%  Streaming frame 139/1140
  ████████░░░░░░░░░░░░░░░░░  32%  Streaming frame 140/1140
  ████████░░░░░░░░░░░░░░░░░  32%  Streaming frame 141/1140
  ████████░░░░░░░░░░░░░░░░░  32%  Streaming frame 142/1140
  ████████░░░░░░░░░░░░░░░░░  32%  Streaming frame 143/1140
  ████████░░░░░░░░░░░░░░░░░  32%  Streaming frame 144/1140
  ████████░░░░░░░░░░░░░░░░░  32%  Streaming frame 145/1140
  ████████░░░░░░░░░░░░░░░░░  32%  Streaming frame 146/1140
  ████████░░░░░░░░░░░░░░░░░  32%  Streaming frame 147/1140
  ████████░░░░░░░░░░░░░░░░░  32%  Streaming frame 148/1140
  ████████░░░░░░░░░░░░░░░░░  32%  Streaming frame 149/1140
  ████████░░░░░░░░░░░░░░░░░  32%  Streaming frame 150/1140
  ████████░░░░░░░░░░░░░░░░░  32%  Streaming frame 151/1140
  ████████░░░░░░░░░░░░░░░░░  32%  Streaming frame 152/1140
  ████████░░░░░░░░░░░░░░░░░  32%  Streaming frame 153/1140
  ████████░░░░░░░░░░░░░░░░░  32%  Streaming frame 154/1140
  ████████░░░░░░░░░░░░░░░░░  32%  Streaming frame 155/1140
  ████████░░░░░░░░░░░░░░░░░  33%  Streaming frame 156/1140
  ████████░░░░░░░░░░░░░░░░░  33%  Streaming frame 157/1140
  ████████░░░░░░░░░░░░░░░░░  33%  Streaming frame 158/1140
  ████████░░░░░░░░░░░░░░░░░  33%  Streaming frame 159/1140
  ████████░░░░░░░░░░░░░░░░░  33%  Streaming frame 160/1140
  ████████░░░░░░░░░░░░░░░░░  33%  Streaming frame 161/1140
  ████████░░░░░░░░░░░░░░░░░  33%  Streaming frame 162/1140
  ████████░░░░░░░░░░░░░░░░░  33%  Streaming frame 163/1140
  ████████░░░░░░░░░░░░░░░░░  33%  Streaming frame 164/1140
  ████████░░░░░░░░░░░░░░░░░  33%  Streaming frame 165/1140
  ████████░░░░░░░░░░░░░░░░░  33%  Streaming frame 166/1140
  ████████░░░░░░░░░░░░░░░░░  33%  Streaming frame 167/1140
  ████████░░░░░░░░░░░░░░░░░  33%  Streaming frame 168/1140
  ████████░░░░░░░░░░░░░░░░░  33%  Streaming frame 169/1140
  ████████░░░░░░░░░░░░░░░░░  33%  Streaming frame 170/1140
  ████████░░░░░░░░░░░░░░░░░  33%  Streaming frame 171/1140
  ████████░░░░░░░░░░░░░░░░░  33%  Streaming frame 172/1140
  ████████░░░░░░░░░░░░░░░░░  33%  Streaming frame 173/1140
  ████████░░░░░░░░░░░░░░░░░  33%  Streaming frame 174/1140
  ████████░░░░░░░░░░░░░░░░░  33%  Streaming frame 175/1140
  ████████░░░░░░░░░░░░░░░░░  33%  Streaming frame 176/1140
  ████████░░░░░░░░░░░░░░░░░  34%  Streaming frame 177/1140
  ████████░░░░░░░░░░░░░░░░░  34%  Streaming frame 178/1140
  ████████░░░░░░░░░░░░░░░░░  34%  Streaming frame 179/1140
  ████████░░░░░░░░░░░░░░░░░  34%  Streaming frame 180/1140
  ████████░░░░░░░░░░░░░░░░░  34%  Streaming frame 181/1140
  ████████░░░░░░░░░░░░░░░░░  34%  Streaming frame 182/1140
  ████████░░░░░░░░░░░░░░░░░  34%  Streaming frame 183/1140
  ████████░░░░░░░░░░░░░░░░░  34%  Streaming frame 184/1140
  ████████░░░░░░░░░░░░░░░░░  34%  Streaming frame 185/1140
  ████████░░░░░░░░░░░░░░░░░  34%  Streaming frame 186/1140
  ████████░░░░░░░░░░░░░░░░░  34%  Streaming frame 187/1140
  ████████░░░░░░░░░░░░░░░░░  34%  Streaming frame 188/1140
  ████████░░░░░░░░░░░░░░░░░  34%  Streaming frame 189/1140
  ████████░░░░░░░░░░░░░░░░░  34%  Streaming frame 190/1140
  ████████░░░░░░░░░░░░░░░░░  34%  Streaming frame 191/1140
  ████████░░░░░░░░░░░░░░░░░  34%  Streaming frame 192/1140
  ████████░░░░░░░░░░░░░░░░░  34%  Streaming frame 193/1140
  ████████░░░░░░░░░░░░░░░░░  34%  Streaming frame 194/1140
  ████████░░░░░░░░░░░░░░░░░  34%  Streaming frame 195/1140
  ████████░░░░░░░░░░░░░░░░░  34%  Streaming frame 196/1140
  ████████░░░░░░░░░░░░░░░░░  35%  Streaming frame 197/1140
  ████████░░░░░░░░░░░░░░░░░  35%  Streaming frame 198/1140
  ████████░░░░░░░░░░░░░░░░░  35%  Streaming frame 199/1140
  ████████░░░░░░░░░░░░░░░░░  35%  Streaming frame 200/1140
  ████████░░░░░░░░░░░░░░░░░  35%  Streaming frame 201/1140
  ████████░░░░░░░░░░░░░░░░░  35%  Streaming frame 202/1140
  ████████░░░░░░░░░░░░░░░░░  35%  Streaming frame 203/1140
  ████████░░░░░░░░░░░░░░░░░  35%  Streaming frame 204/1140
  ████████░░░░░░░░░░░░░░░░░  35%  Streaming frame 205/1140
  ████████░░░░░░░░░░░░░░░░░  35%  Streaming frame 206/1140
  ████████░░░░░░░░░░░░░░░░░  35%  Streaming frame 207/1140
  ████████░░░░░░░░░░░░░░░░░  35%  Streaming frame 208/1140
  ████████░░░░░░░░░░░░░░░░░  35%  Streaming frame 209/1140
  ████████░░░░░░░░░░░░░░░░░  35%  Streaming frame 210/1140
  ████████░░░░░░░░░░░░░░░░░  35%  Streaming frame 211/1140
  ████████░░░░░░░░░░░░░░░░░  35%  Streaming frame 212/1140
  ████████░░░░░░░░░░░░░░░░░  35%  Streaming frame 213/1140
  ████████░░░░░░░░░░░░░░░░░  35%  Streaming frame 214/1140
  ████████░░░░░░░░░░░░░░░░░  35%  Streaming frame 215/1140
  ████████░░░░░░░░░░░░░░░░░  35%  Streaming frame 216/1140
  ████████░░░░░░░░░░░░░░░░░  35%  Streaming frame 217/1140
  █████████░░░░░░░░░░░░░░░░  36%  Streaming frame 218/1140
  █████████░░░░░░░░░░░░░░░░  36%  Streaming frame 219/1140
  █████████░░░░░░░░░░░░░░░░  36%  Streaming frame 220/1140
  █████████░░░░░░░░░░░░░░░░  36%  Streaming frame 221/1140
  █████████░░░░░░░░░░░░░░░░  36%  Streaming frame 222/1140
  █████████░░░░░░░░░░░░░░░░  36%  Streaming frame 223/1140
  █████████░░░░░░░░░░░░░░░░  36%  Streaming frame 224/1140
  █████████░░░░░░░░░░░░░░░░  36%  Streaming frame 225/1140
  █████████░░░░░░░░░░░░░░░░  36%  Streaming frame 226/1140
  █████████░░░░░░░░░░░░░░░░  36%  Streaming frame 227/1140
  █████████░░░░░░░░░░░░░░░░  36%  Streaming frame 228/1140
  █████████░░░░░░░░░░░░░░░░  36%  Streaming frame 229/1140
  █████████░░░░░░░░░░░░░░░░  36%  Streaming frame 230/1140
  █████████░░░░░░░░░░░░░░░░  36%  Streaming frame 231/1140
  █████████░░░░░░░░░░░░░░░░  36%  Streaming frame 232/1140
  █████████░░░░░░░░░░░░░░░░  36%  Streaming frame 233/1140
  █████████░░░░░░░░░░░░░░░░  36%  Streaming frame 234/1140
  █████████░░░░░░░░░░░░░░░░  36%  Streaming frame 235/1140
  █████████░░░░░░░░░░░░░░░░  36%  Streaming frame 236/1140
  █████████░░░░░░░░░░░░░░░░  36%  Streaming frame 237/1140
  █████████░░░░░░░░░░░░░░░░  36%  Streaming frame 238/1140
  █████████░░░░░░░░░░░░░░░░  37%  Streaming frame 239/1140
  █████████░░░░░░░░░░░░░░░░  37%  Streaming frame 240/1140
  █████████░░░░░░░░░░░░░░░░  37%  Streaming frame 241/1140
  █████████░░░░░░░░░░░░░░░░  37%  Streaming frame 242/1140
  █████████░░░░░░░░░░░░░░░░  37%  Streaming frame 243/1140
  █████████░░░░░░░░░░░░░░░░  37%  Streaming frame 244/1140
  █████████░░░░░░░░░░░░░░░░  37%  Streaming frame 245/1140
  █████████░░░░░░░░░░░░░░░░  37%  Streaming frame 246/1140
  █████████░░░░░░░░░░░░░░░░  37%  Streaming frame 247/1140
  █████████░░░░░░░░░░░░░░░░  37%  Streaming frame 248/1140
  █████████░░░░░░░░░░░░░░░░  37%  Streaming frame 249/1140
  █████████░░░░░░░░░░░░░░░░  37%  Streaming frame 250/1140
  █████████░░░░░░░░░░░░░░░░  37%  Streaming frame 251/1140
  █████████░░░░░░░░░░░░░░░░  37%  Streaming frame 252/1140
  █████████░░░░░░░░░░░░░░░░  37%  Streaming frame 253/1140
  █████████░░░░░░░░░░░░░░░░  37%  Streaming frame 254/1140
  █████████░░░░░░░░░░░░░░░░  37%  Streaming frame 255/1140
  █████████░░░░░░░░░░░░░░░░  37%  Streaming frame 256/1140
  █████████░░░░░░░░░░░░░░░░  37%  Streaming frame 257/1140
  █████████░░░░░░░░░░░░░░░░  37%  Streaming frame 258/1140
  █████████░░░░░░░░░░░░░░░░  37%  Streaming frame 259/1140
  █████████░░░░░░░░░░░░░░░░  38%  Streaming frame 260/1140
  █████████░░░░░░░░░░░░░░░░  38%  Streaming frame 261/1140
  █████████░░░░░░░░░░░░░░░░  38%  Streaming frame 262/1140
  █████████░░░░░░░░░░░░░░░░  38%  Streaming frame 263/1140
  █████████░░░░░░░░░░░░░░░░  38%  Streaming frame 264/1140
  █████████░░░░░░░░░░░░░░░░  38%  Streaming frame 265/1140
  █████████░░░░░░░░░░░░░░░░  38%  Streaming frame 266/1140
  █████████░░░░░░░░░░░░░░░░  38%  Streaming frame 267/1140
  █████████░░░░░░░░░░░░░░░░  38%  Streaming frame 268/1140
  █████████░░░░░░░░░░░░░░░░  38%  Streaming frame 269/1140
  █████████░░░░░░░░░░░░░░░░  38%  Streaming frame 270/1140
  █████████░░░░░░░░░░░░░░░░  38%  Streaming frame 271/1140
  █████████░░░░░░░░░░░░░░░░  38%  Streaming frame 272/1140
  █████████░░░░░░░░░░░░░░░░  38%  Streaming frame 273/1140
  █████████░░░░░░░░░░░░░░░░  38%  Streaming frame 274/1140
  █████████░░░░░░░░░░░░░░░░  38%  Streaming frame 275/1140
  █████████░░░░░░░░░░░░░░░░  38%  Streaming frame 276/1140
  █████████░░░░░░░░░░░░░░░░  38%  Streaming frame 277/1140
  █████████░░░░░░░░░░░░░░░░  38%  Streaming frame 278/1140
  █████████░░░░░░░░░░░░░░░░  38%  Streaming frame 279/1140
  █████████░░░░░░░░░░░░░░░░  39%  Streaming frame 280/1140
  █████████░░░░░░░░░░░░░░░░  39%  Streaming frame 281/1140
  █████████░░░░░░░░░░░░░░░░  39%  Streaming frame 282/1140
  █████████░░░░░░░░░░░░░░░░  39%  Streaming frame 283/1140
  █████████░░░░░░░░░░░░░░░░  39%  Streaming frame 284/1140
  █████████░░░░░░░░░░░░░░░░  39%  Streaming frame 285/1140
[INFO] [Render] drawElement self-verify passed {"renderJobId":"edc7072a-0334-442f-b5f2-7bf8052a590d","frame":285,"psnrDb":"inf"}
  █████████░░░░░░░░░░░░░░░░  39%  Streaming frame 286/1140
  █████████░░░░░░░░░░░░░░░░  39%  Streaming frame 287/1140
  █████████░░░░░░░░░░░░░░░░  39%  Streaming frame 288/1140
  █████████░░░░░░░░░░░░░░░░  39%  Streaming frame 289/1140
  █████████░░░░░░░░░░░░░░░░  39%  Streaming frame 290/1140
  █████████░░░░░░░░░░░░░░░░  39%  Streaming frame 291/1140
  █████████░░░░░░░░░░░░░░░░  39%  Streaming frame 292/1140
  █████████░░░░░░░░░░░░░░░░  39%  Streaming frame 293/1140
  █████████░░░░░░░░░░░░░░░░  39%  Streaming frame 294/1140
  █████████░░░░░░░░░░░░░░░░  39%  Streaming frame 295/1140
  █████████░░░░░░░░░░░░░░░░  39%  Streaming frame 296/1140
  █████████░░░░░░░░░░░░░░░░  39%  Streaming frame 297/1140
  █████████░░░░░░░░░░░░░░░░  39%  Streaming frame 298/1140
  █████████░░░░░░░░░░░░░░░░  39%  Streaming frame 299/1140
  █████████░░░░░░░░░░░░░░░░  39%  Streaming frame 300/1140
  ██████████░░░░░░░░░░░░░░░  40%  Streaming frame 301/1140
  ██████████░░░░░░░░░░░░░░░  40%  Streaming frame 302/1140
  ██████████░░░░░░░░░░░░░░░  40%  Streaming frame 303/1140
  ██████████░░░░░░░░░░░░░░░  40%  Streaming frame 304/1140
  ██████████░░░░░░░░░░░░░░░  40%  Streaming frame 305/1140
  ██████████░░░░░░░░░░░░░░░  40%  Streaming frame 306/1140
  ██████████░░░░░░░░░░░░░░░  40%  Streaming frame 307/1140
  ██████████░░░░░░░░░░░░░░░  40%  Streaming frame 308/1140
  ██████████░░░░░░░░░░░░░░░  40%  Streaming frame 309/1140
  ██████████░░░░░░░░░░░░░░░  40%  Streaming frame 310/1140
  ██████████░░░░░░░░░░░░░░░  40%  Streaming frame 311/1140
  ██████████░░░░░░░░░░░░░░░  40%  Streaming frame 312/1140
  ██████████░░░░░░░░░░░░░░░  40%  Streaming frame 313/1140
  ██████████░░░░░░░░░░░░░░░  40%  Streaming frame 314/1140
  ██████████░░░░░░░░░░░░░░░  40%  Streaming frame 315/1140
  ██████████░░░░░░░░░░░░░░░  40%  Streaming frame 316/1140
  ██████████░░░░░░░░░░░░░░░  40%  Streaming frame 317/1140
  ██████████░░░░░░░░░░░░░░░  40%  Streaming frame 318/1140
  ██████████░░░░░░░░░░░░░░░  40%  Streaming frame 319/1140
  ██████████░░░░░░░░░░░░░░░  40%  Streaming frame 320/1140
  ██████████░░░░░░░░░░░░░░░  40%  Streaming frame 321/1140
  ██████████░░░░░░░░░░░░░░░  41%  Streaming frame 322/1140
  ██████████░░░░░░░░░░░░░░░  41%  Streaming frame 323/1140
  ██████████░░░░░░░░░░░░░░░  41%  Streaming frame 324/1140
  ██████████░░░░░░░░░░░░░░░  41%  Streaming frame 325/1140
  ██████████░░░░░░░░░░░░░░░  41%  Streaming frame 326/1140
  ██████████░░░░░░░░░░░░░░░  41%  Streaming frame 327/1140
  ██████████░░░░░░░░░░░░░░░  41%  Streaming frame 328/1140
  ██████████░░░░░░░░░░░░░░░  41%  Streaming frame 329/1140
  ██████████░░░░░░░░░░░░░░░  41%  Streaming frame 330/1140
  ██████████░░░░░░░░░░░░░░░  41%  Streaming frame 331/1140
  ██████████░░░░░░░░░░░░░░░  41%  Streaming frame 332/1140
  ██████████░░░░░░░░░░░░░░░  41%  Streaming frame 333/1140
  ██████████░░░░░░░░░░░░░░░  41%  Streaming frame 334/1140
  ██████████░░░░░░░░░░░░░░░  41%  Streaming frame 335/1140
  ██████████░░░░░░░░░░░░░░░  41%  Streaming frame 336/1140
  ██████████░░░░░░░░░░░░░░░  41%  Streaming frame 337/1140
  ██████████░░░░░░░░░░░░░░░  41%  Streaming frame 338/1140
  ██████████░░░░░░░░░░░░░░░  41%  Streaming frame 339/1140
  ██████████░░░░░░░░░░░░░░░  41%  Streaming frame 340/1140
  ██████████░░░░░░░░░░░░░░░  41%  Streaming frame 341/1140
  ██████████░░░░░░░░░░░░░░░  42%  Streaming frame 342/1140
  ██████████░░░░░░░░░░░░░░░  42%  Streaming frame 343/1140
  ██████████░░░░░░░░░░░░░░░  42%  Streaming frame 344/1140
  ██████████░░░░░░░░░░░░░░░  42%  Streaming frame 345/1140
  ██████████░░░░░░░░░░░░░░░  42%  Streaming frame 346/1140
  ██████████░░░░░░░░░░░░░░░  42%  Streaming frame 347/1140
  ██████████░░░░░░░░░░░░░░░  42%  Streaming frame 348/1140
  ██████████░░░░░░░░░░░░░░░  42%  Streaming frame 349/1140
  ██████████░░░░░░░░░░░░░░░  42%  Streaming frame 350/1140
  ██████████░░░░░░░░░░░░░░░  42%  Streaming frame 351/1140
  ██████████░░░░░░░░░░░░░░░  42%  Streaming frame 352/1140
  ██████████░░░░░░░░░░░░░░░  42%  Streaming frame 353/1140
  ██████████░░░░░░░░░░░░░░░  42%  Streaming frame 354/1140
  ██████████░░░░░░░░░░░░░░░  42%  Streaming frame 355/1140
  ██████████░░░░░░░░░░░░░░░  42%  Streaming frame 356/1140
  ██████████░░░░░░░░░░░░░░░  42%  Streaming frame 357/1140
  ██████████░░░░░░░░░░░░░░░  42%  Streaming frame 358/1140
  ██████████░░░░░░░░░░░░░░░  42%  Streaming frame 359/1140
  ██████████░░░░░░░░░░░░░░░  42%  Streaming frame 360/1140
  ██████████░░░░░░░░░░░░░░░  42%  Streaming frame 361/1140
  ██████████░░░░░░░░░░░░░░░  42%  Streaming frame 362/1140
  ██████████░░░░░░░░░░░░░░░  43%  Streaming frame 363/1140
  ██████████░░░░░░░░░░░░░░░  43%  Streaming frame 364/1140
  ██████████░░░░░░░░░░░░░░░  43%  Streaming frame 365/1140
  ██████████░░░░░░░░░░░░░░░  43%  Streaming frame 366/1140
  ██████████░░░░░░░░░░░░░░░  43%  Streaming frame 367/1140
  ██████████░░░░░░░░░░░░░░░  43%  Streaming frame 368/1140
  ██████████░░░░░░░░░░░░░░░  43%  Streaming frame 369/1140
  ██████████░░░░░░░░░░░░░░░  43%  Streaming frame 370/1140
  ██████████░░░░░░░░░░░░░░░  43%  Streaming frame 371/1140
  ██████████░░░░░░░░░░░░░░░  43%  Streaming frame 372/1140
  ██████████░░░░░░░░░░░░░░░  43%  Streaming frame 373/1140
  ██████████░░░░░░░░░░░░░░░  43%  Streaming frame 374/1140
  ██████████░░░░░░░░░░░░░░░  43%  Streaming frame 375/1140
  ██████████░░░░░░░░░░░░░░░  43%  Streaming frame 376/1140
  ██████████░░░░░░░░░░░░░░░  43%  Streaming frame 377/1140
  ██████████░░░░░░░░░░░░░░░  43%  Streaming frame 378/1140
  ██████████░░░░░░░░░░░░░░░  43%  Streaming frame 379/1140
  ██████████░░░░░░░░░░░░░░░  43%  Streaming frame 380/1140
  ██████████░░░░░░░░░░░░░░░  43%  Streaming frame 381/1140
  ██████████░░░░░░░░░░░░░░░  43%  Streaming frame 382/1140
  ██████████░░░░░░░░░░░░░░░  43%  Streaming frame 383/1140
  ███████████░░░░░░░░░░░░░░  44%  Streaming frame 384/1140
  ███████████░░░░░░░░░░░░░░  44%  Streaming frame 385/1140
  ███████████░░░░░░░░░░░░░░  44%  Streaming frame 386/1140
  ███████████░░░░░░░░░░░░░░  44%  Streaming frame 387/1140
  ███████████░░░░░░░░░░░░░░  44%  Streaming frame 388/1140
  ███████████░░░░░░░░░░░░░░  44%  Streaming frame 389/1140
  ███████████░░░░░░░░░░░░░░  44%  Streaming frame 390/1140
  ███████████░░░░░░░░░░░░░░  44%  Streaming frame 391/1140
  ███████████░░░░░░░░░░░░░░  44%  Streaming frame 392/1140
  ███████████░░░░░░░░░░░░░░  44%  Streaming frame 393/1140
  ███████████░░░░░░░░░░░░░░  44%  Streaming frame 394/1140
  ███████████░░░░░░░░░░░░░░  44%  Streaming frame 395/1140
  ███████████░░░░░░░░░░░░░░  44%  Streaming frame 396/1140
  ███████████░░░░░░░░░░░░░░  44%  Streaming frame 397/1140
  ███████████░░░░░░░░░░░░░░  44%  Streaming frame 398/1140
  ███████████░░░░░░░░░░░░░░  44%  Streaming frame 399/1140
  ███████████░░░░░░░░░░░░░░  44%  Streaming frame 400/1140
  ███████████░░░░░░░░░░░░░░  44%  Streaming frame 401/1140
  ███████████░░░░░░░░░░░░░░  44%  Streaming frame 402/1140
  ███████████░░░░░░░░░░░░░░  44%  Streaming frame 403/1140
  ███████████░░░░░░░░░░░░░░  44%  Streaming frame 404/1140
  ███████████░░░░░░░░░░░░░░  45%  Streaming frame 405/1140
  ███████████░░░░░░░░░░░░░░  45%  Streaming frame 406/1140
  ███████████░░░░░░░░░░░░░░  45%  Streaming frame 407/1140
  ███████████░░░░░░░░░░░░░░  45%  Streaming frame 408/1140
  ███████████░░░░░░░░░░░░░░  45%  Streaming frame 409/1140
  ███████████░░░░░░░░░░░░░░  45%  Streaming frame 410/1140
  ███████████░░░░░░░░░░░░░░  45%  Streaming frame 411/1140
  ███████████░░░░░░░░░░░░░░  45%  Streaming frame 412/1140
  ███████████░░░░░░░░░░░░░░  45%  Streaming frame 413/1140
  ███████████░░░░░░░░░░░░░░  45%  Streaming frame 414/1140
  ███████████░░░░░░░░░░░░░░  45%  Streaming frame 415/1140
  ███████████░░░░░░░░░░░░░░  45%  Streaming frame 416/1140
  ███████████░░░░░░░░░░░░░░  45%  Streaming frame 417/1140
  ███████████░░░░░░░░░░░░░░  45%  Streaming frame 418/1140
  ███████████░░░░░░░░░░░░░░  45%  Streaming frame 419/1140
  ███████████░░░░░░░░░░░░░░  45%  Streaming frame 420/1140
  ███████████░░░░░░░░░░░░░░  45%  Streaming frame 421/1140
  ███████████░░░░░░░░░░░░░░  45%  Streaming frame 422/1140
  ███████████░░░░░░░░░░░░░░  45%  Streaming frame 423/1140
  ███████████░░░░░░░░░░░░░░  45%  Streaming frame 424/1140
  ███████████░░░░░░░░░░░░░░  46%  Streaming frame 425/1140
  ███████████░░░░░░░░░░░░░░  46%  Streaming frame 426/1140
  ███████████░░░░░░░░░░░░░░  46%  Streaming frame 427/1140
  ███████████░░░░░░░░░░░░░░  46%  Streaming frame 428/1140
  ███████████░░░░░░░░░░░░░░  46%  Streaming frame 429/1140
  ███████████░░░░░░░░░░░░░░  46%  Streaming frame 430/1140
  ███████████░░░░░░░░░░░░░░  46%  Streaming frame 431/1140
  ███████████░░░░░░░░░░░░░░  46%  Streaming frame 432/1140
  ███████████░░░░░░░░░░░░░░  46%  Streaming frame 433/1140
  ███████████░░░░░░░░░░░░░░  46%  Streaming frame 434/1140
  ███████████░░░░░░░░░░░░░░  46%  Streaming frame 435/1140
  ███████████░░░░░░░░░░░░░░  46%  Streaming frame 436/1140
  ███████████░░░░░░░░░░░░░░  46%  Streaming frame 437/1140
  ███████████░░░░░░░░░░░░░░  46%  Streaming frame 438/1140
  ███████████░░░░░░░░░░░░░░  46%  Streaming frame 439/1140
  ███████████░░░░░░░░░░░░░░  46%  Streaming frame 440/1140
  ███████████░░░░░░░░░░░░░░  46%  Streaming frame 441/1140
  ███████████░░░░░░░░░░░░░░  46%  Streaming frame 442/1140
  ███████████░░░░░░░░░░░░░░  46%  Streaming frame 443/1140
  ███████████░░░░░░░░░░░░░░  46%  Streaming frame 444/1140
  ███████████░░░░░░░░░░░░░░  46%  Streaming frame 445/1140
  ███████████░░░░░░░░░░░░░░  47%  Streaming frame 446/1140
  ███████████░░░░░░░░░░░░░░  47%  Streaming frame 447/1140
  ███████████░░░░░░░░░░░░░░  47%  Streaming frame 448/1140
  ███████████░░░░░░░░░░░░░░  47%  Streaming frame 449/1140
  ███████████░░░░░░░░░░░░░░  47%  Streaming frame 450/1140
  ███████████░░░░░░░░░░░░░░  47%  Streaming frame 451/1140
  ███████████░░░░░░░░░░░░░░  47%  Streaming frame 452/1140
  ███████████░░░░░░░░░░░░░░  47%  Streaming frame 453/1140
  ███████████░░░░░░░░░░░░░░  47%  Streaming frame 454/1140
  ███████████░░░░░░░░░░░░░░  47%  Streaming frame 455/1140
  ███████████░░░░░░░░░░░░░░  47%  Streaming frame 456/1140
  ███████████░░░░░░░░░░░░░░  47%  Streaming frame 457/1140
  ███████████░░░░░░░░░░░░░░  47%  Streaming frame 458/1140
  ███████████░░░░░░░░░░░░░░  47%  Streaming frame 459/1140
  ███████████░░░░░░░░░░░░░░  47%  Streaming frame 460/1140
  ███████████░░░░░░░░░░░░░░  47%  Streaming frame 461/1140
  ███████████░░░░░░░░░░░░░░  47%  Streaming frame 462/1140
  ███████████░░░░░░░░░░░░░░  47%  Streaming frame 463/1140
  ███████████░░░░░░░░░░░░░░  47%  Streaming frame 464/1140
  ███████████░░░░░░░░░░░░░░  47%  Streaming frame 465/1140
  ███████████░░░░░░░░░░░░░░  47%  Streaming frame 466/1140
  ████████████░░░░░░░░░░░░░  48%  Streaming frame 467/1140
  ████████████░░░░░░░░░░░░░  48%  Streaming frame 468/1140
  ████████████░░░░░░░░░░░░░  48%  Streaming frame 469/1140
  ████████████░░░░░░░░░░░░░  48%  Streaming frame 470/1140
  ████████████░░░░░░░░░░░░░  48%  Streaming frame 471/1140
  ████████████░░░░░░░░░░░░░  48%  Streaming frame 472/1140
  ████████████░░░░░░░░░░░░░  48%  Streaming frame 473/1140
  ████████████░░░░░░░░░░░░░  48%  Streaming frame 474/1140
  ████████████░░░░░░░░░░░░░  48%  Streaming frame 475/1140
  ████████████░░░░░░░░░░░░░  48%  Streaming frame 476/1140
  ████████████░░░░░░░░░░░░░  48%  Streaming frame 477/1140
  ████████████░░░░░░░░░░░░░  48%  Streaming frame 478/1140
  ████████████░░░░░░░░░░░░░  48%  Streaming frame 479/1140
  ████████████░░░░░░░░░░░░░  48%  Streaming frame 480/1140
  ████████████░░░░░░░░░░░░░  48%  Streaming frame 481/1140
  ████████████░░░░░░░░░░░░░  48%  Streaming frame 482/1140
  ████████████░░░░░░░░░░░░░  48%  Streaming frame 483/1140
  ████████████░░░░░░░░░░░░░  48%  Streaming frame 484/1140
  ████████████░░░░░░░░░░░░░  48%  Streaming frame 485/1140
  ████████████░░░░░░░░░░░░░  48%  Streaming frame 486/1140
  ████████████░░░░░░░░░░░░░  48%  Streaming frame 487/1140
  ████████████░░░░░░░░░░░░░  49%  Streaming frame 488/1140
  ████████████░░░░░░░░░░░░░  49%  Streaming frame 489/1140
  ████████████░░░░░░░░░░░░░  49%  Streaming frame 490/1140
  ████████████░░░░░░░░░░░░░  49%  Streaming frame 491/1140
  ████████████░░░░░░░░░░░░░  49%  Streaming frame 492/1140
  ████████████░░░░░░░░░░░░░  49%  Streaming frame 493/1140
  ████████████░░░░░░░░░░░░░  49%  Streaming frame 494/1140
  ████████████░░░░░░░░░░░░░  49%  Streaming frame 495/1140
  ████████████░░░░░░░░░░░░░  49%  Streaming frame 496/1140
  ████████████░░░░░░░░░░░░░  49%  Streaming frame 497/1140
  ████████████░░░░░░░░░░░░░  49%  Streaming frame 498/1140
  ████████████░░░░░░░░░░░░░  49%  Streaming frame 499/1140
  ████████████░░░░░░░░░░░░░  49%  Streaming frame 500/1140
  ████████████░░░░░░░░░░░░░  49%  Streaming frame 501/1140
  ████████████░░░░░░░░░░░░░  49%  Streaming frame 502/1140
  ████████████░░░░░░░░░░░░░  49%  Streaming frame 503/1140
  ████████████░░░░░░░░░░░░░  49%  Streaming frame 504/1140
  ████████████░░░░░░░░░░░░░  49%  Streaming frame 505/1140
  ████████████░░░░░░░░░░░░░  49%  Streaming frame 506/1140
  ████████████░░░░░░░░░░░░░  49%  Streaming frame 507/1140
  ████████████░░░░░░░░░░░░░  50%  Streaming frame 508/1140
  ████████████░░░░░░░░░░░░░  50%  Streaming frame 509/1140
  ████████████░░░░░░░░░░░░░  50%  Streaming frame 510/1140
  ████████████░░░░░░░░░░░░░  50%  Streaming frame 511/1140
  ████████████░░░░░░░░░░░░░  50%  Streaming frame 512/1140
  ████████████░░░░░░░░░░░░░  50%  Streaming frame 513/1140
  ████████████░░░░░░░░░░░░░  50%  Streaming frame 514/1140
  ████████████░░░░░░░░░░░░░  50%  Streaming frame 515/1140
  ████████████░░░░░░░░░░░░░  50%  Streaming frame 516/1140
  ████████████░░░░░░░░░░░░░  50%  Streaming frame 517/1140
  ████████████░░░░░░░░░░░░░  50%  Streaming frame 518/1140
  ████████████░░░░░░░░░░░░░  50%  Streaming frame 519/1140
  ████████████░░░░░░░░░░░░░  50%  Streaming frame 520/1140
  ████████████░░░░░░░░░░░░░  50%  Streaming frame 521/1140
  ████████████░░░░░░░░░░░░░  50%  Streaming frame 522/1140
  ████████████░░░░░░░░░░░░░  50%  Streaming frame 523/1140
  ████████████░░░░░░░░░░░░░  50%  Streaming frame 524/1140
  ████████████░░░░░░░░░░░░░  50%  Streaming frame 525/1140
  ████████████░░░░░░░░░░░░░  50%  Streaming frame 526/1140
  ████████████░░░░░░░░░░░░░  50%  Streaming frame 527/1140
  ████████████░░░░░░░░░░░░░  50%  Streaming frame 528/1140
  ████████████░░░░░░░░░░░░░  51%  Streaming frame 529/1140
  ████████████░░░░░░░░░░░░░  51%  Streaming frame 530/1140
  ████████████░░░░░░░░░░░░░  51%  Streaming frame 531/1140
  ████████████░░░░░░░░░░░░░  51%  Streaming frame 532/1140
  ████████████░░░░░░░░░░░░░  51%  Streaming frame 533/1140
  ████████████░░░░░░░░░░░░░  51%  Streaming frame 534/1140
  ████████████░░░░░░░░░░░░░  51%  Streaming frame 535/1140
  ████████████░░░░░░░░░░░░░  51%  Streaming frame 536/1140
  ████████████░░░░░░░░░░░░░  51%  Streaming frame 537/1140
  ████████████░░░░░░░░░░░░░  51%  Streaming frame 538/1140
  ████████████░░░░░░░░░░░░░  51%  Streaming frame 539/1140
  ████████████░░░░░░░░░░░░░  51%  Streaming frame 540/1140
  ████████████░░░░░░░░░░░░░  51%  Streaming frame 541/1140
  ████████████░░░░░░░░░░░░░  51%  Streaming frame 542/1140
  ████████████░░░░░░░░░░░░░  51%  Streaming frame 543/1140
  ████████████░░░░░░░░░░░░░  51%  Streaming frame 544/1140
  ████████████░░░░░░░░░░░░░  51%  Streaming frame 545/1140
  ████████████░░░░░░░░░░░░░  51%  Streaming frame 546/1140
  ████████████░░░░░░░░░░░░░  51%  Streaming frame 547/1140
  ████████████░░░░░░░░░░░░░  51%  Streaming frame 548/1140
  ████████████░░░░░░░░░░░░░  51%  Streaming frame 549/1140
  █████████████░░░░░░░░░░░░  52%  Streaming frame 550/1140
  █████████████░░░░░░░░░░░░  52%  Streaming frame 551/1140
  █████████████░░░░░░░░░░░░  52%  Streaming frame 552/1140
  █████████████░░░░░░░░░░░░  52%  Streaming frame 553/1140
  █████████████░░░░░░░░░░░░  52%  Streaming frame 554/1140
  █████████████░░░░░░░░░░░░  52%  Streaming frame 555/1140
  █████████████░░░░░░░░░░░░  52%  Streaming frame 556/1140
  █████████████░░░░░░░░░░░░  52%  Streaming frame 557/1140
  █████████████░░░░░░░░░░░░  52%  Streaming frame 558/1140
  █████████████░░░░░░░░░░░░  52%  Streaming frame 559/1140
  █████████████░░░░░░░░░░░░  52%  Streaming frame 560/1140
  █████████████░░░░░░░░░░░░  52%  Streaming frame 561/1140
  █████████████░░░░░░░░░░░░  52%  Streaming frame 562/1140
  █████████████░░░░░░░░░░░░  52%  Streaming frame 563/1140
  █████████████░░░░░░░░░░░░  52%  Streaming frame 564/1140
  █████████████░░░░░░░░░░░░  52%  Streaming frame 565/1140
  █████████████░░░░░░░░░░░░  52%  Streaming frame 566/1140
  █████████████░░░░░░░░░░░░  52%  Streaming frame 567/1140
  █████████████░░░░░░░░░░░░  52%  Streaming frame 568/1140
  █████████████░░░░░░░░░░░░  52%  Streaming frame 569/1140
  █████████████░░░░░░░░░░░░  53%  Streaming frame 570/1140
[INFO] [Render] drawElement self-verify passed {"renderJobId":"edc7072a-0334-442f-b5f2-7bf8052a590d","frame":570,"psnrDb":50.9}
  █████████████░░░░░░░░░░░░  53%  Streaming frame 571/1140
  █████████████░░░░░░░░░░░░  53%  Streaming frame 572/1140
  █████████████░░░░░░░░░░░░  53%  Streaming frame 573/1140
  █████████████░░░░░░░░░░░░  53%  Streaming frame 574/1140
  █████████████░░░░░░░░░░░░  53%  Streaming frame 575/1140
  █████████████░░░░░░░░░░░░  53%  Streaming frame 576/1140
  █████████████░░░░░░░░░░░░  53%  Streaming frame 577/1140
  █████████████░░░░░░░░░░░░  53%  Streaming frame 578/1140
  █████████████░░░░░░░░░░░░  53%  Streaming frame 579/1140
  █████████████░░░░░░░░░░░░  53%  Streaming frame 580/1140
  █████████████░░░░░░░░░░░░  53%  Streaming frame 581/1140
  █████████████░░░░░░░░░░░░  53%  Streaming frame 582/1140
  █████████████░░░░░░░░░░░░  53%  Streaming frame 583/1140
  █████████████░░░░░░░░░░░░  53%  Streaming frame 584/1140
  █████████████░░░░░░░░░░░░  53%  Streaming frame 585/1140
  █████████████░░░░░░░░░░░░  53%  Streaming frame 586/1140
  █████████████░░░░░░░░░░░░  53%  Streaming frame 587/1140
  █████████████░░░░░░░░░░░░  53%  Streaming frame 588/1140
  █████████████░░░░░░░░░░░░  53%  Streaming frame 589/1140
  █████████████░░░░░░░░░░░░  53%  Streaming frame 590/1140
  █████████████░░░░░░░░░░░░  54%  Streaming frame 591/1140
  █████████████░░░░░░░░░░░░  54%  Streaming frame 592/1140
  █████████████░░░░░░░░░░░░  54%  Streaming frame 593/1140
  █████████████░░░░░░░░░░░░  54%  Streaming frame 594/1140
  █████████████░░░░░░░░░░░░  54%  Streaming frame 595/1140
  █████████████░░░░░░░░░░░░  54%  Streaming frame 596/1140
  █████████████░░░░░░░░░░░░  54%  Streaming frame 597/1140
  █████████████░░░░░░░░░░░░  54%  Streaming frame 598/1140
  █████████████░░░░░░░░░░░░  54%  Streaming frame 599/1140
  █████████████░░░░░░░░░░░░  54%  Streaming frame 600/1140
  █████████████░░░░░░░░░░░░  54%  Streaming frame 601/1140
  █████████████░░░░░░░░░░░░  54%  Streaming frame 602/1140
  █████████████░░░░░░░░░░░░  54%  Streaming frame 603/1140
  █████████████░░░░░░░░░░░░  54%  Streaming frame 604/1140
  █████████████░░░░░░░░░░░░  54%  Streaming frame 605/1140
  █████████████░░░░░░░░░░░░  54%  Streaming frame 606/1140
  █████████████░░░░░░░░░░░░  54%  Streaming frame 607/1140
  █████████████░░░░░░░░░░░░  54%  Streaming frame 608/1140
  █████████████░░░░░░░░░░░░  54%  Streaming frame 609/1140
  █████████████░░░░░░░░░░░░  54%  Streaming frame 610/1140
  █████████████░░░░░░░░░░░░  54%  Streaming frame 611/1140
  █████████████░░░░░░░░░░░░  55%  Streaming frame 612/1140
  █████████████░░░░░░░░░░░░  55%  Streaming frame 613/1140
  █████████████░░░░░░░░░░░░  55%  Streaming frame 614/1140
  █████████████░░░░░░░░░░░░  55%  Streaming frame 615/1140
  █████████████░░░░░░░░░░░░  55%  Streaming frame 616/1140
  █████████████░░░░░░░░░░░░  55%  Streaming frame 617/1140
  █████████████░░░░░░░░░░░░  55%  Streaming frame 618/1140
  █████████████░░░░░░░░░░░░  55%  Streaming frame 619/1140
  █████████████░░░░░░░░░░░░  55%  Streaming frame 620/1140
  █████████████░░░░░░░░░░░░  55%  Streaming frame 621/1140
  █████████████░░░░░░░░░░░░  55%  Streaming frame 622/1140
  █████████████░░░░░░░░░░░░  55%  Streaming frame 623/1140
  █████████████░░░░░░░░░░░░  55%  Streaming frame 624/1140
  █████████████░░░░░░░░░░░░  55%  Streaming frame 625/1140
  █████████████░░░░░░░░░░░░  55%  Streaming frame 626/1140
  █████████████░░░░░░░░░░░░  55%  Streaming frame 627/1140
  █████████████░░░░░░░░░░░░  55%  Streaming frame 628/1140
  █████████████░░░░░░░░░░░░  55%  Streaming frame 629/1140
  █████████████░░░░░░░░░░░░  55%  Streaming frame 630/1140
  █████████████░░░░░░░░░░░░  55%  Streaming frame 631/1140
  █████████████░░░░░░░░░░░░  55%  Streaming frame 632/1140
  ██████████████░░░░░░░░░░░  56%  Streaming frame 633/1140
  ██████████████░░░░░░░░░░░  56%  Streaming frame 634/1140
  ██████████████░░░░░░░░░░░  56%  Streaming frame 635/1140
  ██████████████░░░░░░░░░░░  56%  Streaming frame 636/1140
  ██████████████░░░░░░░░░░░  56%  Streaming frame 637/1140
  ██████████████░░░░░░░░░░░  56%  Streaming frame 638/1140
  ██████████████░░░░░░░░░░░  56%  Streaming frame 639/1140
  ██████████████░░░░░░░░░░░  56%  Streaming frame 640/1140
  ██████████████░░░░░░░░░░░  56%  Streaming frame 641/1140
  ██████████████░░░░░░░░░░░  56%  Streaming frame 642/1140
  ██████████████░░░░░░░░░░░  56%  Streaming frame 643/1140
  ██████████████░░░░░░░░░░░  56%  Streaming frame 644/1140
  ██████████████░░░░░░░░░░░  56%  Streaming frame 645/1140
  ██████████████░░░░░░░░░░░  56%  Streaming frame 646/1140
  ██████████████░░░░░░░░░░░  56%  Streaming frame 647/1140
  ██████████████░░░░░░░░░░░  56%  Streaming frame 648/1140
  ██████████████░░░░░░░░░░░  56%  Streaming frame 649/1140
  ██████████████░░░░░░░░░░░  56%  Streaming frame 650/1140
  ██████████████░░░░░░░░░░░  56%  Streaming frame 651/1140
  ██████████████░░░░░░░░░░░  56%  Streaming frame 652/1140
  ██████████████░░░░░░░░░░░  57%  Streaming frame 653/1140
  ██████████████░░░░░░░░░░░  57%  Streaming frame 654/1140
  ██████████████░░░░░░░░░░░  57%  Streaming frame 655/1140
  ██████████████░░░░░░░░░░░  57%  Streaming frame 656/1140
  ██████████████░░░░░░░░░░░  57%  Streaming frame 657/1140
  ██████████████░░░░░░░░░░░  57%  Streaming frame 658/1140
  ██████████████░░░░░░░░░░░  57%  Streaming frame 659/1140
  ██████████████░░░░░░░░░░░  57%  Streaming frame 660/1140
  ██████████████░░░░░░░░░░░  57%  Streaming frame 661/1140
  ██████████████░░░░░░░░░░░  57%  Streaming frame 662/1140
  ██████████████░░░░░░░░░░░  57%  Streaming frame 663/1140
  ██████████████░░░░░░░░░░░  57%  Streaming frame 664/1140
  ██████████████░░░░░░░░░░░  57%  Streaming frame 665/1140
  ██████████████░░░░░░░░░░░  57%  Streaming frame 666/1140
  ██████████████░░░░░░░░░░░  57%  Streaming frame 667/1140
  ██████████████░░░░░░░░░░░  57%  Streaming frame 668/1140
  ██████████████░░░░░░░░░░░  57%  Streaming frame 669/1140
  ██████████████░░░░░░░░░░░  57%  Streaming frame 670/1140
  ██████████████░░░░░░░░░░░  57%  Streaming frame 671/1140
  ██████████████░░░░░░░░░░░  57%  Streaming frame 672/1140
  ██████████████░░░░░░░░░░░  57%  Streaming frame 673/1140
  ██████████████░░░░░░░░░░░  58%  Streaming frame 674/1140
  ██████████████░░░░░░░░░░░  58%  Streaming frame 675/1140
  ██████████████░░░░░░░░░░░  58%  Streaming frame 676/1140
  ██████████████░░░░░░░░░░░  58%  Streaming frame 677/1140
  ██████████████░░░░░░░░░░░  58%  Streaming frame 678/1140
  ██████████████░░░░░░░░░░░  58%  Streaming frame 679/1140
  ██████████████░░░░░░░░░░░  58%  Streaming frame 680/1140
  ██████████████░░░░░░░░░░░  58%  Streaming frame 681/1140
  ██████████████░░░░░░░░░░░  58%  Streaming frame 682/1140
  ██████████████░░░░░░░░░░░  58%  Streaming frame 683/1140
  ██████████████░░░░░░░░░░░  58%  Streaming frame 684/1140
  ██████████████░░░░░░░░░░░  58%  Streaming frame 685/1140
  ██████████████░░░░░░░░░░░  58%  Streaming frame 686/1140
  ██████████████░░░░░░░░░░░  58%  Streaming frame 687/1140
  ██████████████░░░░░░░░░░░  58%  Streaming frame 688/1140
  ██████████████░░░░░░░░░░░  58%  Streaming frame 689/1140
  ██████████████░░░░░░░░░░░  58%  Streaming frame 690/1140
  ██████████████░░░░░░░░░░░  58%  Streaming frame 691/1140
  ██████████████░░░░░░░░░░░  58%  Streaming frame 692/1140
  ██████████████░░░░░░░░░░░  58%  Streaming frame 693/1140
  ██████████████░░░░░░░░░░░  58%  Streaming frame 694/1140
  ██████████████░░░░░░░░░░░  59%  Streaming frame 695/1140
  ██████████████░░░░░░░░░░░  59%  Streaming frame 696/1140
  ██████████████░░░░░░░░░░░  59%  Streaming frame 697/1140
  ██████████████░░░░░░░░░░░  59%  Streaming frame 698/1140
  ██████████████░░░░░░░░░░░  59%  Streaming frame 699/1140
  ██████████████░░░░░░░░░░░  59%  Streaming frame 700/1140
  ██████████████░░░░░░░░░░░  59%  Streaming frame 701/1140
  ██████████████░░░░░░░░░░░  59%  Streaming frame 702/1140
  ██████████████░░░░░░░░░░░  59%  Streaming frame 703/1140
  ██████████████░░░░░░░░░░░  59%  Streaming frame 704/1140
  ██████████████░░░░░░░░░░░  59%  Streaming frame 705/1140
  ██████████████░░░░░░░░░░░  59%  Streaming frame 706/1140
  ██████████████░░░░░░░░░░░  59%  Streaming frame 707/1140
  ██████████████░░░░░░░░░░░  59%  Streaming frame 708/1140
  ██████████████░░░░░░░░░░░  59%  Streaming frame 709/1140
  ██████████████░░░░░░░░░░░  59%  Streaming frame 710/1140
  ██████████████░░░░░░░░░░░  59%  Streaming frame 711/1140
  ██████████████░░░░░░░░░░░  59%  Streaming frame 712/1140
  ██████████████░░░░░░░░░░░  59%  Streaming frame 713/1140
  ██████████████░░░░░░░░░░░  59%  Streaming frame 714/1140
  ██████████████░░░░░░░░░░░  59%  Streaming frame 715/1140
  ███████████████░░░░░░░░░░  60%  Streaming frame 716/1140
  ███████████████░░░░░░░░░░  60%  Streaming frame 717/1140
  ███████████████░░░░░░░░░░  60%  Streaming frame 718/1140
  ███████████████░░░░░░░░░░  60%  Streaming frame 719/1140
  ███████████████░░░░░░░░░░  60%  Streaming frame 720/1140
  ███████████████░░░░░░░░░░  60%  Streaming frame 721/1140
  ███████████████░░░░░░░░░░  60%  Streaming frame 722/1140
  ███████████████░░░░░░░░░░  60%  Streaming frame 723/1140
  ███████████████░░░░░░░░░░  60%  Streaming frame 724/1140
  ███████████████░░░░░░░░░░  60%  Streaming frame 725/1140
  ███████████████░░░░░░░░░░  60%  Streaming frame 726/1140
  ███████████████░░░░░░░░░░  60%  Streaming frame 727/1140
  ███████████████░░░░░░░░░░  60%  Streaming frame 728/1140
  ███████████████░░░░░░░░░░  60%  Streaming frame 729/1140
  ███████████████░░░░░░░░░░  60%  Streaming frame 730/1140
  ███████████████░░░░░░░░░░  60%  Streaming frame 731/1140
  ███████████████░░░░░░░░░░  60%  Streaming frame 732/1140
  ███████████████░░░░░░░░░░  60%  Streaming frame 733/1140
  ███████████████░░░░░░░░░░  60%  Streaming frame 734/1140
  ███████████████░░░░░░░░░░  60%  Streaming frame 735/1140
  ███████████████░░░░░░░░░░  61%  Streaming frame 736/1140
  ███████████████░░░░░░░░░░  61%  Streaming frame 737/1140
  ███████████████░░░░░░░░░░  61%  Streaming frame 738/1140
  ███████████████░░░░░░░░░░  61%  Streaming frame 739/1140
  ███████████████░░░░░░░░░░  61%  Streaming frame 740/1140
  ███████████████░░░░░░░░░░  61%  Streaming frame 741/1140
  ███████████████░░░░░░░░░░  61%  Streaming frame 742/1140
  ███████████████░░░░░░░░░░  61%  Streaming frame 743/1140
  ███████████████░░░░░░░░░░  61%  Streaming frame 744/1140
  ███████████████░░░░░░░░░░  61%  Streaming frame 745/1140
  ███████████████░░░░░░░░░░  61%  Streaming frame 746/1140
  ███████████████░░░░░░░░░░  61%  Streaming frame 747/1140
  ███████████████░░░░░░░░░░  61%  Streaming frame 748/1140
  ███████████████░░░░░░░░░░  61%  Streaming frame 749/1140
  ███████████████░░░░░░░░░░  61%  Streaming frame 750/1140
  ███████████████░░░░░░░░░░  61%  Streaming frame 751/1140
  ███████████████░░░░░░░░░░  61%  Streaming frame 752/1140
  ███████████████░░░░░░░░░░  61%  Streaming frame 753/1140
  ███████████████░░░░░░░░░░  61%  Streaming frame 754/1140
  ███████████████░░░░░░░░░░  61%  Streaming frame 755/1140
  ███████████████░░░░░░░░░░  61%  Streaming frame 756/1140
  ███████████████░░░░░░░░░░  62%  Streaming frame 757/1140
  ███████████████░░░░░░░░░░  62%  Streaming frame 758/1140
  ███████████████░░░░░░░░░░  62%  Streaming frame 759/1140
  ███████████████░░░░░░░░░░  62%  Streaming frame 760/1140
  ███████████████░░░░░░░░░░  62%  Streaming frame 761/1140
  ███████████████░░░░░░░░░░  62%  Streaming frame 762/1140
  ███████████████░░░░░░░░░░  62%  Streaming frame 763/1140
  ███████████████░░░░░░░░░░  62%  Streaming frame 764/1140
  ███████████████░░░░░░░░░░  62%  Streaming frame 765/1140
  ███████████████░░░░░░░░░░  62%  Streaming frame 766/1140
  ███████████████░░░░░░░░░░  62%  Streaming frame 767/1140
  ███████████████░░░░░░░░░░  62%  Streaming frame 768/1140
  ███████████████░░░░░░░░░░  62%  Streaming frame 769/1140
  ███████████████░░░░░░░░░░  62%  Streaming frame 770/1140
  ███████████████░░░░░░░░░░  62%  Streaming frame 771/1140
  ███████████████░░░░░░░░░░  62%  Streaming frame 772/1140
  ███████████████░░░░░░░░░░  62%  Streaming frame 773/1140
  ███████████████░░░░░░░░░░  62%  Streaming frame 774/1140
  ███████████████░░░░░░░░░░  62%  Streaming frame 775/1140
  ███████████████░░░░░░░░░░  62%  Streaming frame 776/1140
  ███████████████░░░░░░░░░░  62%  Streaming frame 777/1140
  ███████████████░░░░░░░░░░  63%  Streaming frame 778/1140
  ███████████████░░░░░░░░░░  63%  Streaming frame 779/1140
  ███████████████░░░░░░░░░░  63%  Streaming frame 780/1140
  ███████████████░░░░░░░░░░  63%  Streaming frame 781/1140
  ███████████████░░░░░░░░░░  63%  Streaming frame 782/1140
  ███████████████░░░░░░░░░░  63%  Streaming frame 783/1140
  ███████████████░░░░░░░░░░  63%  Streaming frame 784/1140
  ███████████████░░░░░░░░░░  63%  Streaming frame 785/1140
  ███████████████░░░░░░░░░░  63%  Streaming frame 786/1140
  ███████████████░░░░░░░░░░  63%  Streaming frame 787/1140
  ███████████████░░░░░░░░░░  63%  Streaming frame 788/1140
  ███████████████░░░░░░░░░░  63%  Streaming frame 789/1140
  ███████████████░░░░░░░░░░  63%  Streaming frame 790/1140
  ███████████████░░░░░░░░░░  63%  Streaming frame 791/1140
  ███████████████░░░░░░░░░░  63%  Streaming frame 792/1140
  ███████████████░░░░░░░░░░  63%  Streaming frame 793/1140
  ███████████████░░░░░░░░░░  63%  Streaming frame 794/1140
  ███████████████░░░░░░░░░░  63%  Streaming frame 795/1140
  ███████████████░░░░░░░░░░  63%  Streaming frame 796/1140
  ███████████████░░░░░░░░░░  63%  Streaming frame 797/1140
  ████████████████░░░░░░░░░  64%  Streaming frame 798/1140
  ████████████████░░░░░░░░░  64%  Streaming frame 799/1140
  ████████████████░░░░░░░░░  64%  Streaming frame 800/1140
  ████████████████░░░░░░░░░  64%  Streaming frame 801/1140
  ████████████████░░░░░░░░░  64%  Streaming frame 802/1140
  ████████████████░░░░░░░░░  64%  Streaming frame 803/1140
  ████████████████░░░░░░░░░  64%  Streaming frame 804/1140
  ████████████████░░░░░░░░░  64%  Streaming frame 805/1140
  ████████████████░░░░░░░░░  64%  Streaming frame 806/1140
  ████████████████░░░░░░░░░  64%  Streaming frame 807/1140
  ████████████████░░░░░░░░░  64%  Streaming frame 808/1140
  ████████████████░░░░░░░░░  64%  Streaming frame 809/1140
  ████████████████░░░░░░░░░  64%  Streaming frame 810/1140
  ████████████████░░░░░░░░░  64%  Streaming frame 811/1140
  ████████████████░░░░░░░░░  64%  Streaming frame 812/1140
  ████████████████░░░░░░░░░  64%  Streaming frame 813/1140
  ████████████████░░░░░░░░░  64%  Streaming frame 814/1140
  ████████████████░░░░░░░░░  64%  Streaming frame 815/1140
  ████████████████░░░░░░░░░  64%  Streaming frame 816/1140
  ████████████████░░░░░░░░░  64%  Streaming frame 817/1140
  ████████████████░░░░░░░░░  64%  Streaming frame 818/1140
  ████████████████░░░░░░░░░  65%  Streaming frame 819/1140
  ████████████████░░░░░░░░░  65%  Streaming frame 820/1140
  ████████████████░░░░░░░░░  65%  Streaming frame 821/1140
  ████████████████░░░░░░░░░  65%  Streaming frame 822/1140
  ████████████████░░░░░░░░░  65%  Streaming frame 823/1140
  ████████████████░░░░░░░░░  65%  Streaming frame 824/1140
  ████████████████░░░░░░░░░  65%  Streaming frame 825/1140
  ████████████████░░░░░░░░░  65%  Streaming frame 826/1140
  ████████████████░░░░░░░░░  65%  Streaming frame 827/1140
  ████████████████░░░░░░░░░  65%  Streaming frame 828/1140
  ████████████████░░░░░░░░░  65%  Streaming frame 829/1140
  ████████████████░░░░░░░░░  65%  Streaming frame 830/1140
  ████████████████░░░░░░░░░  65%  Streaming frame 831/1140
  ████████████████░░░░░░░░░  65%  Streaming frame 832/1140
  ████████████████░░░░░░░░░  65%  Streaming frame 833/1140
  ████████████████░░░░░░░░░  65%  Streaming frame 834/1140
  ████████████████░░░░░░░░░  65%  Streaming frame 835/1140
  ████████████████░░░░░░░░░  65%  Streaming frame 836/1140
  ████████████████░░░░░░░░░  65%  Streaming frame 837/1140
  ████████████████░░░░░░░░░  65%  Streaming frame 838/1140
  ████████████████░░░░░░░░░  65%  Streaming frame 839/1140
  ████████████████░░░░░░░░░  66%  Streaming frame 840/1140
  ████████████████░░░░░░░░░  66%  Streaming frame 841/1140
  ████████████████░░░░░░░░░  66%  Streaming frame 842/1140
  ████████████████░░░░░░░░░  66%  Streaming frame 843/1140
  ████████████████░░░░░░░░░  66%  Streaming frame 844/1140
  ████████████████░░░░░░░░░  66%  Streaming frame 845/1140
  ████████████████░░░░░░░░░  66%  Streaming frame 846/1140
  ████████████████░░░░░░░░░  66%  Streaming frame 847/1140
  ████████████████░░░░░░░░░  66%  Streaming frame 848/1140
  ████████████████░░░░░░░░░  66%  Streaming frame 849/1140
  ████████████████░░░░░░░░░  66%  Streaming frame 850/1140
  ████████████████░░░░░░░░░  66%  Streaming frame 851/1140
  ████████████████░░░░░░░░░  66%  Streaming frame 852/1140
  ████████████████░░░░░░░░░  66%  Streaming frame 853/1140
  ████████████████░░░░░░░░░  66%  Streaming frame 854/1140
  ████████████████░░░░░░░░░  66%  Streaming frame 855/1140
[INFO] [Render] drawElement self-verify passed {"renderJobId":"edc7072a-0334-442f-b5f2-7bf8052a590d","frame":855,"psnrDb":"inf"}
  ████████████████░░░░░░░░░  66%  Streaming frame 856/1140
  ████████████████░░░░░░░░░  66%  Streaming frame 857/1140
  ████████████████░░░░░░░░░  66%  Streaming frame 858/1140
  ████████████████░░░░░░░░░  66%  Streaming frame 859/1140
  ████████████████░░░░░░░░░  66%  Streaming frame 860/1140
  ████████████████░░░░░░░░░  67%  Streaming frame 861/1140
  ████████████████░░░░░░░░░  67%  Streaming frame 862/1140
  ████████████████░░░░░░░░░  67%  Streaming frame 863/1140
  ████████████████░░░░░░░░░  67%  Streaming frame 864/1140
  ████████████████░░░░░░░░░  67%  Streaming frame 865/1140
  ████████████████░░░░░░░░░  67%  Streaming frame 866/1140
  ████████████████░░░░░░░░░  67%  Streaming frame 867/1140
  ████████████████░░░░░░░░░  67%  Streaming frame 868/1140
  ████████████████░░░░░░░░░  67%  Streaming frame 869/1140
  ████████████████░░░░░░░░░  67%  Streaming frame 870/1140
  ████████████████░░░░░░░░░  67%  Streaming frame 871/1140
  ████████████████░░░░░░░░░  67%  Streaming frame 872/1140
  ████████████████░░░░░░░░░  67%  Streaming frame 873/1140
  ████████████████░░░░░░░░░  67%  Streaming frame 874/1140
  ████████████████░░░░░░░░░  67%  Streaming frame 875/1140
  ████████████████░░░░░░░░░  67%  Streaming frame 876/1140
  ████████████████░░░░░░░░░  67%  Streaming frame 877/1140
  ████████████████░░░░░░░░░  67%  Streaming frame 878/1140
  ████████████████░░░░░░░░░  67%  Streaming frame 879/1140
  ████████████████░░░░░░░░░  67%  Streaming frame 880/1140
  █████████████████░░░░░░░░  68%  Streaming frame 881/1140
  █████████████████░░░░░░░░  68%  Streaming frame 882/1140
  █████████████████░░░░░░░░  68%  Streaming frame 883/1140
  █████████████████░░░░░░░░  68%  Streaming frame 884/1140
  █████████████████░░░░░░░░  68%  Streaming frame 885/1140
  █████████████████░░░░░░░░  68%  Streaming frame 886/1140
  █████████████████░░░░░░░░  68%  Streaming frame 887/1140
  █████████████████░░░░░░░░  68%  Streaming frame 888/1140
  █████████████████░░░░░░░░  68%  Streaming frame 889/1140
  █████████████████░░░░░░░░  68%  Streaming frame 890/1140
  █████████████████░░░░░░░░  68%  Streaming frame 891/1140
  █████████████████░░░░░░░░  68%  Streaming frame 892/1140
  █████████████████░░░░░░░░  68%  Streaming frame 893/1140
  █████████████████░░░░░░░░  68%  Streaming frame 894/1140
  █████████████████░░░░░░░░  68%  Streaming frame 895/1140
  █████████████████░░░░░░░░  68%  Streaming frame 896/1140
  █████████████████░░░░░░░░  68%  Streaming frame 897/1140
  █████████████████░░░░░░░░  68%  Streaming frame 898/1140
  █████████████████░░░░░░░░  68%  Streaming frame 899/1140
  █████████████████░░░░░░░░  68%  Streaming frame 900/1140
  █████████████████░░░░░░░░  68%  Streaming frame 901/1140
  █████████████████░░░░░░░░  69%  Streaming frame 902/1140
  █████████████████░░░░░░░░  69%  Streaming frame 903/1140
  █████████████████░░░░░░░░  69%  Streaming frame 904/1140
  █████████████████░░░░░░░░  69%  Streaming frame 905/1140
  █████████████████░░░░░░░░  69%  Streaming frame 906/1140
  █████████████████░░░░░░░░  69%  Streaming frame 907/1140
  █████████████████░░░░░░░░  69%  Streaming frame 908/1140
  █████████████████░░░░░░░░  69%  Streaming frame 909/1140
  █████████████████░░░░░░░░  69%  Streaming frame 910/1140
  █████████████████░░░░░░░░  69%  Streaming frame 911/1140
  █████████████████░░░░░░░░  69%  Streaming frame 912/1140
  █████████████████░░░░░░░░  69%  Streaming frame 913/1140
  █████████████████░░░░░░░░  69%  Streaming frame 914/1140
  █████████████████░░░░░░░░  69%  Streaming frame 915/1140
  █████████████████░░░░░░░░  69%  Streaming frame 916/1140
  █████████████████░░░░░░░░  69%  Streaming frame 917/1140
  █████████████████░░░░░░░░  69%  Streaming frame 918/1140
  █████████████████░░░░░░░░  69%  Streaming frame 919/1140
  █████████████████░░░░░░░░  69%  Streaming frame 920/1140
  █████████████████░░░░░░░░  69%  Streaming frame 921/1140
  █████████████████░░░░░░░░  69%  Streaming frame 922/1140
  █████████████████░░░░░░░░  70%  Streaming frame 923/1140
  █████████████████░░░░░░░░  70%  Streaming frame 924/1140
  █████████████████░░░░░░░░  70%  Streaming frame 925/1140
  █████████████████░░░░░░░░  70%  Streaming frame 926/1140
  █████████████████░░░░░░░░  70%  Streaming frame 927/1140
  █████████████████░░░░░░░░  70%  Streaming frame 928/1140
  █████████████████░░░░░░░░  70%  Streaming frame 929/1140
  █████████████████░░░░░░░░  70%  Streaming frame 930/1140
  █████████████████░░░░░░░░  70%  Streaming frame 931/1140
  █████████████████░░░░░░░░  70%  Streaming frame 932/1140
  █████████████████░░░░░░░░  70%  Streaming frame 933/1140
  █████████████████░░░░░░░░  70%  Streaming frame 934/1140
  █████████████████░░░░░░░░  70%  Streaming frame 935/1140
  █████████████████░░░░░░░░  70%  Streaming frame 936/1140
  █████████████████░░░░░░░░  70%  Streaming frame 937/1140
  █████████████████░░░░░░░░  70%  Streaming frame 938/1140
  █████████████████░░░░░░░░  70%  Streaming frame 939/1140
  █████████████████░░░░░░░░  70%  Streaming frame 940/1140
  █████████████████░░░░░░░░  70%  Streaming frame 941/1140
  █████████████████░░░░░░░░  70%  Streaming frame 942/1140
  █████████████████░░░░░░░░  70%  Streaming frame 943/1140
  █████████████████░░░░░░░░  71%  Streaming frame 944/1140
  █████████████████░░░░░░░░  71%  Streaming frame 945/1140
  █████████████████░░░░░░░░  71%  Streaming frame 946/1140
  █████████████████░░░░░░░░  71%  Streaming frame 947/1140
  █████████████████░░░░░░░░  71%  Streaming frame 948/1140
  █████████████████░░░░░░░░  71%  Streaming frame 949/1140
  █████████████████░░░░░░░░  71%  Streaming frame 950/1140
  █████████████████░░░░░░░░  71%  Streaming frame 951/1140
  █████████████████░░░░░░░░  71%  Streaming frame 952/1140
  █████████████████░░░░░░░░  71%  Streaming frame 953/1140
  █████████████████░░░░░░░░  71%  Streaming frame 954/1140
  █████████████████░░░░░░░░  71%  Streaming frame 955/1140
  █████████████████░░░░░░░░  71%  Streaming frame 956/1140
  █████████████████░░░░░░░░  71%  Streaming frame 957/1140
  █████████████████░░░░░░░░  71%  Streaming frame 958/1140
  █████████████████░░░░░░░░  71%  Streaming frame 959/1140
  █████████████████░░░░░░░░  71%  Streaming frame 960/1140
  █████████████████░░░░░░░░  71%  Streaming frame 961/1140
  █████████████████░░░░░░░░  71%  Streaming frame 962/1140
  █████████████████░░░░░░░░  71%  Streaming frame 963/1140
  ██████████████████░░░░░░░  72%  Streaming frame 964/1140
  ██████████████████░░░░░░░  72%  Streaming frame 965/1140
  ██████████████████░░░░░░░  72%  Streaming frame 966/1140
  ██████████████████░░░░░░░  72%  Streaming frame 967/1140
  ██████████████████░░░░░░░  72%  Streaming frame 968/1140
  ██████████████████░░░░░░░  72%  Streaming frame 969/1140
  ██████████████████░░░░░░░  72%  Streaming frame 970/1140
  ██████████████████░░░░░░░  72%  Streaming frame 971/1140
  ██████████████████░░░░░░░  72%  Streaming frame 972/1140
  ██████████████████░░░░░░░  72%  Streaming frame 973/1140
  ██████████████████░░░░░░░  72%  Streaming frame 974/1140
  ██████████████████░░░░░░░  72%  Streaming frame 975/1140
  ██████████████████░░░░░░░  72%  Streaming frame 976/1140
  ██████████████████░░░░░░░  72%  Streaming frame 977/1140
  ██████████████████░░░░░░░  72%  Streaming frame 978/1140
  ██████████████████░░░░░░░  72%  Streaming frame 979/1140
  ██████████████████░░░░░░░  72%  Streaming frame 980/1140
  ██████████████████░░░░░░░  72%  Streaming frame 981/1140
  ██████████████████░░░░░░░  72%  Streaming frame 982/1140
  ██████████████████░░░░░░░  72%  Streaming frame 983/1140
  ██████████████████░░░░░░░  72%  Streaming frame 984/1140
  ██████████████████░░░░░░░  73%  Streaming frame 985/1140
  ██████████████████░░░░░░░  73%  Streaming frame 986/1140
  ██████████████████░░░░░░░  73%  Streaming frame 987/1140
  ██████████████████░░░░░░░  73%  Streaming frame 988/1140
  ██████████████████░░░░░░░  73%  Streaming frame 989/1140
  ██████████████████░░░░░░░  73%  Streaming frame 990/1140
  ██████████████████░░░░░░░  73%  Streaming frame 991/1140
  ██████████████████░░░░░░░  73%  Streaming frame 992/1140
  ██████████████████░░░░░░░  73%  Streaming frame 993/1140
  ██████████████████░░░░░░░  73%  Streaming frame 994/1140
  ██████████████████░░░░░░░  73%  Streaming frame 995/1140
  ██████████████████░░░░░░░  73%  Streaming frame 996/1140
  ██████████████████░░░░░░░  73%  Streaming frame 997/1140
  ██████████████████░░░░░░░  73%  Streaming frame 998/1140
  ██████████████████░░░░░░░  73%  Streaming frame 999/1140
  ██████████████████░░░░░░░  73%  Streaming frame 1000/1140
  ██████████████████░░░░░░░  73%  Streaming frame 1001/1140
  ██████████████████░░░░░░░  73%  Streaming frame 1002/1140
  ██████████████████░░░░░░░  73%  Streaming frame 1003/1140
  ██████████████████░░░░░░░  73%  Streaming frame 1004/1140
  ██████████████████░░░░░░░  73%  Streaming frame 1005/1140
  ██████████████████░░░░░░░  74%  Streaming frame 1006/1140
  ██████████████████░░░░░░░  74%  Streaming frame 1007/1140
  ██████████████████░░░░░░░  74%  Streaming frame 1008/1140
  ██████████████████░░░░░░░  74%  Streaming frame 1009/1140
  ██████████████████░░░░░░░  74%  Streaming frame 1010/1140
  ██████████████████░░░░░░░  74%  Streaming frame 1011/1140
  ██████████████████░░░░░░░  74%  Streaming frame 1012/1140
  ██████████████████░░░░░░░  74%  Streaming frame 1013/1140
  ██████████████████░░░░░░░  74%  Streaming frame 1014/1140
  ██████████████████░░░░░░░  74%  Streaming frame 1015/1140
  ██████████████████░░░░░░░  74%  Streaming frame 1016/1140
  ██████████████████░░░░░░░  74%  Streaming frame 1017/1140
  ██████████████████░░░░░░░  74%  Streaming frame 1018/1140
  ██████████████████░░░░░░░  74%  Streaming frame 1019/1140
  ██████████████████░░░░░░░  74%  Streaming frame 1020/1140
  ██████████████████░░░░░░░  74%  Streaming frame 1021/1140
  ██████████████████░░░░░░░  74%  Streaming frame 1022/1140
  ██████████████████░░░░░░░  74%  Streaming frame 1023/1140
  ██████████████████░░░░░░░  74%  Streaming frame 1024/1140
  ██████████████████░░░░░░░  74%  Streaming frame 1025/1140
  ██████████████████░░░░░░░  75%  Streaming frame 1026/1140
  ██████████████████░░░░░░░  75%  Streaming frame 1027/1140
  ██████████████████░░░░░░░  75%  Streaming frame 1028/1140
  ██████████████████░░░░░░░  75%  Streaming frame 1029/1140
  ██████████████████░░░░░░░  75%  Streaming frame 1030/1140
  ██████████████████░░░░░░░  75%  Streaming frame 1031/1140
  ██████████████████░░░░░░░  75%  Streaming frame 1032/1140
  ██████████████████░░░░░░░  75%  Streaming frame 1033/1140
  ██████████████████░░░░░░░  75%  Streaming frame 1034/1140
  ██████████████████░░░░░░░  75%  Streaming frame 1035/1140
  ██████████████████░░░░░░░  75%  Streaming frame 1036/1140
  ██████████████████░░░░░░░  75%  Streaming frame 1037/1140
  ██████████████████░░░░░░░  75%  Streaming frame 1038/1140
  ██████████████████░░░░░░░  75%  Streaming frame 1039/1140
  ██████████████████░░░░░░░  75%  Streaming frame 1040/1140
  ██████████████████░░░░░░░  75%  Streaming frame 1041/1140
  ██████████████████░░░░░░░  75%  Streaming frame 1042/1140
  ██████████████████░░░░░░░  75%  Streaming frame 1043/1140
  ██████████████████░░░░░░░  75%  Streaming frame 1044/1140
  ██████████████████░░░░░░░  75%  Streaming frame 1045/1140
  ██████████████████░░░░░░░  75%  Streaming frame 1046/1140
  ███████████████████░░░░░░  76%  Streaming frame 1047/1140
  ███████████████████░░░░░░  76%  Streaming frame 1048/1140
  ███████████████████░░░░░░  76%  Streaming frame 1049/1140
  ███████████████████░░░░░░  76%  Streaming frame 1050/1140
  ███████████████████░░░░░░  76%  Streaming frame 1051/1140
  ███████████████████░░░░░░  76%  Streaming frame 1052/1140
  ███████████████████░░░░░░  76%  Streaming frame 1053/1140
  ███████████████████░░░░░░  76%  Streaming frame 1054/1140
  ███████████████████░░░░░░  76%  Streaming frame 1055/1140
  ███████████████████░░░░░░  76%  Streaming frame 1056/1140
  ███████████████████░░░░░░  76%  Streaming frame 1057/1140
  ███████████████████░░░░░░  76%  Streaming frame 1058/1140
  ███████████████████░░░░░░  76%  Streaming frame 1059/1140
  ███████████████████░░░░░░  76%  Streaming frame 1060/1140
  ███████████████████░░░░░░  76%  Streaming frame 1061/1140
  ███████████████████░░░░░░  76%  Streaming frame 1062/1140
  ███████████████████░░░░░░  76%  Streaming frame 1063/1140
  ███████████████████░░░░░░  76%  Streaming frame 1064/1140
  ███████████████████░░░░░░  76%  Streaming frame 1065/1140
  ███████████████████░░░░░░  76%  Streaming frame 1066/1140
  ███████████████████░░░░░░  76%  Streaming frame 1067/1140
  ███████████████████░░░░░░  77%  Streaming frame 1068/1140
  ███████████████████░░░░░░  77%  Streaming frame 1069/1140
  ███████████████████░░░░░░  77%  Streaming frame 1070/1140
  ███████████████████░░░░░░  77%  Streaming frame 1071/1140
  ███████████████████░░░░░░  77%  Streaming frame 1072/1140
  ███████████████████░░░░░░  77%  Streaming frame 1073/1140
  ███████████████████░░░░░░  77%  Streaming frame 1074/1140
  ███████████████████░░░░░░  77%  Streaming frame 1075/1140
  ███████████████████░░░░░░  77%  Streaming frame 1076/1140
  ███████████████████░░░░░░  77%  Streaming frame 1077/1140
  ███████████████████░░░░░░  77%  Streaming frame 1078/1140
  ███████████████████░░░░░░  77%  Streaming frame 1079/1140
  ███████████████████░░░░░░  77%  Streaming frame 1080/1140
  ███████████████████░░░░░░  77%  Streaming frame 1081/1140
  ███████████████████░░░░░░  77%  Streaming frame 1082/1140
  ███████████████████░░░░░░  77%  Streaming frame 1083/1140
[INFO] [Render] drawElement self-verify passed {"renderJobId":"edc7072a-0334-442f-b5f2-7bf8052a590d","frame":1083,"psnrDb":81.3}
  ███████████████████░░░░░░  77%  Streaming frame 1084/1140
  ███████████████████░░░░░░  77%  Streaming frame 1085/1140
  ███████████████████░░░░░░  77%  Streaming frame 1086/1140
  ███████████████████░░░░░░  77%  Streaming frame 1087/1140
  ███████████████████░░░░░░  77%  Streaming frame 1088/1140
  ███████████████████░░░░░░  78%  Streaming frame 1089/1140
  ███████████████████░░░░░░  78%  Streaming frame 1090/1140
  ███████████████████░░░░░░  78%  Streaming frame 1091/1140
  ███████████████████░░░░░░  78%  Streaming frame 1092/1140
  ███████████████████░░░░░░  78%  Streaming frame 1093/1140
  ███████████████████░░░░░░  78%  Streaming frame 1094/1140
  ███████████████████░░░░░░  78%  Streaming frame 1095/1140
  ███████████████████░░░░░░  78%  Streaming frame 1096/1140
  ███████████████████░░░░░░  78%  Streaming frame 1097/1140
  ███████████████████░░░░░░  78%  Streaming frame 1098/1140
  ███████████████████░░░░░░  78%  Streaming frame 1099/1140
  ███████████████████░░░░░░  78%  Streaming frame 1100/1140
  ███████████████████░░░░░░  78%  Streaming frame 1101/1140
  ███████████████████░░░░░░  78%  Streaming frame 1102/1140
  ███████████████████░░░░░░  78%  Streaming frame 1103/1140
  ███████████████████░░░░░░  78%  Streaming frame 1104/1140
  ███████████████████░░░░░░  78%  Streaming frame 1105/1140
  ███████████████████░░░░░░  78%  Streaming frame 1106/1140
  ███████████████████░░░░░░  78%  Streaming frame 1107/1140
  ███████████████████░░░░░░  78%  Streaming frame 1108/1140
  ███████████████████░░░░░░  79%  Streaming frame 1109/1140
  ███████████████████░░░░░░  79%  Streaming frame 1110/1140
  ███████████████████░░░░░░  79%  Streaming frame 1111/1140
  ███████████████████░░░░░░  79%  Streaming frame 1112/1140
  ███████████████████░░░░░░  79%  Streaming frame 1113/1140
  ███████████████████░░░░░░  79%  Streaming frame 1114/1140
  ███████████████████░░░░░░  79%  Streaming frame 1115/1140
  ███████████████████░░░░░░  79%  Streaming frame 1116/1140
  ███████████████████░░░░░░  79%  Streaming frame 1117/1140
  ███████████████████░░░░░░  79%  Streaming frame 1118/1140
  ███████████████████░░░░░░  79%  Streaming frame 1119/1140
  ███████████████████░░░░░░  79%  Streaming frame 1120/1140
  ███████████████████░░░░░░  79%  Streaming frame 1121/1140
  ███████████████████░░░░░░  79%  Streaming frame 1122/1140
  ███████████████████░░░░░░  79%  Streaming frame 1123/1140
  ███████████████████░░░░░░  79%  Streaming frame 1124/1140
  ███████████████████░░░░░░  79%  Streaming frame 1125/1140
  ███████████████████░░░░░░  79%  Streaming frame 1126/1140
  ███████████████████░░░░░░  79%  Streaming frame 1127/1140
  ███████████████████░░░░░░  79%  Streaming frame 1128/1140
  ███████████████████░░░░░░  79%  Streaming frame 1129/1140
  ████████████████████░░░░░  80%  Streaming frame 1130/1140
  ████████████████████░░░░░  80%  Streaming frame 1131/1140
  ████████████████████░░░░░  80%  Streaming frame 1132/1140
  ████████████████████░░░░░  80%  Streaming frame 1133/1140
  ████████████████████░░░░░  80%  Streaming frame 1134/1140
  ████████████████████░░░░░  80%  Streaming frame 1135/1140
  ████████████████████░░░░░  80%  Streaming frame 1136/1140
  ████████████████████░░░░░  80%  Streaming frame 1137/1140
  ████████████████████░░░░░  80%  Streaming frame 1138/1140
  ████████████████████░░░░░  80%  Streaming frame 1139/1140
  ████████████████████░░░░░  80%  Streaming frame 1140/1140
[INFO] [Render:trace] {"renderJobId":"edc7072a-0334-442f-b5f2-7bf8052a590d","phase":"capture_streaming","status":"end","elapsedMs":23261,"durationMs":21355,"stagePhase":"capturing","workerCount":1,"forceScreenshot":false,"totalFrames":1140,"framesCompleted":1140,"captureMode":"drawelement","captureOperation":"encode"}
[INFO] [Render:trace] {"renderJobId":"edc7072a-0334-442f-b5f2-7bf8052a590d","phase":"assemble","status":"start","elapsedMs":23262,"stagePhase":"capturing","hasAudio":true,"workerCount":1,"forceScreenshot":false,"totalFrames":1140,"framesCompleted":1140,"captureMode":"drawelement","captureOperation":"encode"}
  ██████████████████████░░░  90%  Assembling final video
[INFO] [Render:trace] {"renderJobId":"edc7072a-0334-442f-b5f2-7bf8052a590d","phase":"assemble","status":"end","elapsedMs":24404,"durationMs":1142,"stagePhase":"capturing","hasAudio":true,"workerCount":1,"forceScreenshot":false,"totalFrames":1140,"framesCompleted":1140,"captureMode":"drawelement","captureOperation":"encode"}
[INFO] [Render:trace] {"renderJobId":"edc7072a-0334-442f-b5f2-7bf8052a590d","phase":"pipeline","status":"checkpoint","elapsedMs":24426,"message":"artifact validated","totalElapsedMs":24426}
  █████████████████████████  100%  Render complete

◇  /Users/brownmanbrain/GitHub/operator-economy/blueprint-cinema/experiments/EP007-NET-NEW-UNFINISHED-ANSWER-003/hyperframes/reviews/r36-buyer-demand/qa/s07-review.mp4
   2.1 MB · 47.5s video · rendered in 24.4s
