
◆  Rendering r41-owner-connection → /Users/brownmanbrain/GitHub/operator-economy/blueprint-cinema/experiments/EP007-NET-NEW-UNFINISHED-ANSWER-003/hyperframes/reviews/r41-owner-connection/qa/r41-owner-connection.mp4
   24fps · high · auto workers (10 cores detected)
   GPU: browser GPU (auto-detect)

[?25l│
◇  Browser: cache
[?25h[INFO] [Render] Pipeline started {"renderJobId":"af43148d-8485-4072-9395-eee9c6e5a776","platform":"darwin","arch":"arm64","nodeVersion":"v25.6.1","fps":{"num":24,"den":1},"format":"mp4","quality":"high","browserGpuMode":"auto","forceScreenshot":false,"protocolTimeout":300000,"browserTimeout":120000,"pageNavigationTimeout":60000,"playerReadyTimeout":45000}
[INFO] [Render:trace] {"renderJobId":"af43148d-8485-4072-9395-eee9c6e5a776","phase":"pipeline","status":"checkpoint","elapsedMs":2,"message":"started","format":"mp4","quality":"high","browserGpuMode":"auto","forceScreenshot":false,"protocolTimeoutMs":300000,"pageNavigationTimeoutMs":60000,"playerReadyTimeoutMs":45000,"requestedWorkers":"auto"}
[INFO] [Render:trace] {"renderJobId":"af43148d-8485-4072-9395-eee9c6e5a776","phase":"compile","status":"start","elapsedMs":2,"needsAlpha":false}
  █░░░░░░░░░░░░░░░░░░░░░░░░  5%  Compiling composition
[INFO] [Compiler] Embedded local font file: public/fonts/supreme-400.woff2 (18 KB → data URI)
[INFO] [Compiler] Embedded local font file: public/fonts/supreme-500.woff2 (18 KB → data URI)
[INFO] Compiled composition metadata {"renderJobId":"af43148d-8485-4072-9395-eee9c6e5a776","entryFile":"index.html","staticDuration":14,"width":1280,"height":720,"videoCount":0,"audioCount":0,"renderModeHints":{"recommendScreenshot":false,"reasons":[]}}
[INFO] [Render:trace] {"renderJobId":"af43148d-8485-4072-9395-eee9c6e5a776","phase":"compile","status":"end","elapsedMs":19,"durationMs":17,"needsAlpha":false}
[INFO] [Render:trace] {"renderJobId":"af43148d-8485-4072-9395-eee9c6e5a776","phase":"compile","status":"checkpoint","elapsedMs":20,"message":"composition metadata resolved","width":1280,"height":720,"videoCount":0,"audioCount":0,"imageCount":0,"deviceScaleFactor":1,"forceScreenshot":false,"compositionHash":"b810aac6696fb39c"}
[INFO] [Render:trace] {"renderJobId":"af43148d-8485-4072-9395-eee9c6e5a776","phase":"browser_probe","status":"start","elapsedMs":20,"forceScreenshot":false,"stagePhase":"calibrating"}
[INFO] [Render:trace] {"renderJobId":"af43148d-8485-4072-9395-eee9c6e5a776","phase":"browser_probe","status":"end","elapsedMs":22,"durationMs":2,"forceScreenshot":false,"stagePhase":"calibrating"}
[INFO] [Render:trace] {"renderJobId":"af43148d-8485-4072-9395-eee9c6e5a776","phase":"browser_probe","status":"checkpoint","elapsedMs":22,"message":"duration resolved","durationSeconds":14,"totalFrames":336,"compositionHash":"b810aac6696fb39c","beginFrameStalled":false}
[INFO] [Render:trace] {"renderJobId":"af43148d-8485-4072-9395-eee9c6e5a776","phase":"video_extract","status":"start","elapsedMs":22,"videoCount":0}
  ██░░░░░░░░░░░░░░░░░░░░░░░  10%  Extracting video frames
[INFO] [Render:trace] {"renderJobId":"af43148d-8485-4072-9395-eee9c6e5a776","phase":"video_extract","status":"end","elapsedMs":22,"durationMs":0,"videoCount":0}
[INFO] [Render:trace] {"renderJobId":"af43148d-8485-4072-9395-eee9c6e5a776","phase":"video_extract","status":"checkpoint","elapsedMs":23,"message":"frames resolved","videoCount":0,"extractedVideoCount":0,"totalFramesExtracted":0,"maxFramesPerVideo":0,"avgFramesPerExtractedVideo":null,"vfrPreflightCount":null,"vfrPreflightMs":null,"cacheHits":null,"cacheMisses":null,"transientRetries":null,"minVideoFrameCoverageRatio":null,"authoredTimedClipCount":1}
[INFO] [Render] No HDR sources detected — rendering SDR {"renderJobId":"af43148d-8485-4072-9395-eee9c6e5a776"}
[INFO] [Render:trace] {"renderJobId":"af43148d-8485-4072-9395-eee9c6e5a776","phase":"hdr_detection","status":"checkpoint","elapsedMs":23,"message":"resolved","requestedHdrMode":"auto","effectiveHdr":"sdr","nativeHdrVideoCount":0,"nativeHdrImageCount":0}
[INFO] [Render:trace] {"renderJobId":"af43148d-8485-4072-9395-eee9c6e5a776","phase":"audio_process","status":"start","elapsedMs":24,"audioCount":0}
[INFO] [Render:trace] {"renderJobId":"af43148d-8485-4072-9395-eee9c6e5a776","phase":"audio_process","status":"end","elapsedMs":24,"durationMs":0,"audioCount":0}
  █████░░░░░░░░░░░░░░░░░░░░  20%  Processing audio tracks
[INFO] [Render:trace] {"renderJobId":"af43148d-8485-4072-9395-eee9c6e5a776","phase":"file_server","status":"start","elapsedMs":24,"reused":false}
  ██████░░░░░░░░░░░░░░░░░░░  25%  Starting frame capture
[INFO] [Render:trace] {"renderJobId":"af43148d-8485-4072-9395-eee9c6e5a776","phase":"file_server","status":"end","elapsedMs":30,"durationMs":6}
[hyperframes] browserGpuMode probe → hardware (WebGL renderer vendor="Google Inc. (Apple)" renderer="ANGLE (Apple, ANGLE Metal Renderer: Apple M4, Unspecified Version)")
[INFO] [Render:trace] {"renderJobId":"af43148d-8485-4072-9395-eee9c6e5a776","phase":"capture_calibration","status":"start","elapsedMs":210,"stagePhase":"calibrating","forceScreenshot":false,"totalFrames":336,"framesCompleted":0,"captureMode":"drawelement","captureOperation":"drawElement"}
[INFO] [Render] Calibration config {"renderJobId":"af43148d-8485-4072-9395-eee9c6e5a776","protocolTimeout":30000,"parentProtocolTimeout":300000,"forceScreenshot":false,"totalFrames":336}
[INFO] Launching browser for capture calibration... {"renderJobId":"af43148d-8485-4072-9395-eee9c6e5a776"}
[BrowserManager] Browser launched (HeadlessChrome/152.0.7977.30, screenshot, gl=--use-gl=angle --use-angle=metal, headlessShell=true, platform=darwin)
[INFO] Initializing calibration session... {"renderJobId":"af43148d-8485-4072-9395-eee9c6e5a776"}
[initSession:screenshot] page.goto start (0ms)
[HyperFrames] render runtime fps [object Object]
[initSession:screenshot] page.goto complete (87ms)
[initSession:screenshot] GSAP proxy flush complete (117ms)
[initSession:screenshot] pollHfReady complete (117ms)
[initSession:screenshot] pollSubCompositionTimelines complete (ready) (118ms)
[initSession:screenshot] applyVideoMetadataHints complete (118ms)
[initSession:screenshot] media + fonts + tailwind ready (119ms)
[initSession:screenshot] timeline at-risk predictor: 0/336 frames (0%) (149ms)
[initSession:screenshot] static-frame dedup: 203/203 predicted frame(s) reusable (outcome=verified, runs=4/4, screenshots=28, seeks=29, elapsedMs=1137) (1467ms)
[initSession:screenshot] drawElement self-verify armed: 4 ground-truth frame(s) @ [84, 168, 252, 319] of 336 (1823ms)
[initSession:drawelement] drawElement canvas injected (1827ms)
[initSession:drawelement] screenshot fallback: 5 clip-boundary frame(s) (1827ms)
[initSession:drawelement] drawElement worker encode initialized (1833ms)
[INFO] Calibration session ready, capturing test frames... {"renderJobId":"af43148d-8485-4072-9395-eee9c6e5a776"}
[INFO] Calibration: capturing test frame 1/5... {"renderJobId":"af43148d-8485-4072-9395-eee9c6e5a776"}
[INFO] Calibration: capturing test frame 2/5... {"renderJobId":"af43148d-8485-4072-9395-eee9c6e5a776"}
[INFO] Calibration: capturing test frame 3/5... {"renderJobId":"af43148d-8485-4072-9395-eee9c6e5a776"}
[INFO] Calibration: capturing test frame 4/5... {"renderJobId":"af43148d-8485-4072-9395-eee9c6e5a776"}
[INFO] Calibration: capturing test frame 5/5... {"renderJobId":"af43148d-8485-4072-9395-eee9c6e5a776"}
[INFO] Calibration complete, estimated cost: 20ms/frame (p95) {"renderJobId":"af43148d-8485-4072-9395-eee9c6e5a776"}
[INFO] [Render:trace] {"renderJobId":"af43148d-8485-4072-9395-eee9c6e5a776","phase":"capture_calibration","status":"end","elapsedMs":2316,"durationMs":2106,"stagePhase":"calibrating","forceScreenshot":false,"totalFrames":336,"framesCompleted":0,"captureMode":"drawelement","captureOperation":"drawElement"}
[INFO] [Render:trace] {"renderJobId":"af43148d-8485-4072-9395-eee9c6e5a776","phase":"capture_calibration","status":"checkpoint","elapsedMs":2316,"message":"resolved","forceScreenshot":false,"multiplier":1,"p95Ms":20}
[INFO] [Render:trace] {"renderJobId":"af43148d-8485-4072-9395-eee9c6e5a776","phase":"worker_resolution","status":"checkpoint","elapsedMs":2317,"message":"resolved","workerCount":4}
[INFO] [Render] Fast capture: default-on drawElement disabled for this render — parallel capture has no runtime self-verification. Set PRODUCER_EXPERIMENTAL_FAST_CAPTURE=true to override. {"renderJobId":"af43148d-8485-4072-9395-eee9c6e5a776"}
[INFO] streaming-encode gate {"renderJobId":"af43148d-8485-4072-9395-eee9c6e5a776","enabled":false,"configFlag":true,"outputFormat":"mp4","workerCount":4,"durationSeconds":14,"maxDurationSeconds":240}
[INFO] [Render:trace] {"renderJobId":"af43148d-8485-4072-9395-eee9c6e5a776","phase":"capture_strategy","status":"checkpoint","elapsedMs":2317,"message":"resolved","workerCount":4,"forceScreenshot":false,"captureBeyondViewport":null,"useStreamingEncode":false,"useLayeredComposite":false,"usePageSideCompositing":false,"hasHdrContent":false,"hasShaderTransitions":false,"isPngSequence":false}
[INFO] [Render:trace] {"renderJobId":"af43148d-8485-4072-9395-eee9c6e5a776","phase":"capture_disk","status":"start","elapsedMs":2317,"stagePhase":"capturing","needsAlpha":false,"workerCount":4,"forceScreenshot":false,"totalFrames":336,"framesCompleted":0,"captureMode":"beginframe","captureOperation":"beginFrame"}
  ██████░░░░░░░░░░░░░░░░░░░  25%  Capturing frame 0/336 (4 workers)
  ██████░░░░░░░░░░░░░░░░░░░  25%  Capturing frame 0/336 (4 workers)
  ██████░░░░░░░░░░░░░░░░░░░  25%  Capturing frame 0/336 (4 workers)
  ██████░░░░░░░░░░░░░░░░░░░  25%  Capturing frame 0/336 (4 workers)
[BrowserManager] Browser launched (HeadlessChrome/152.0.7977.30, screenshot, gl=--use-gl=angle --use-angle=metal, headlessShell=true, platform=darwin)
  ██████░░░░░░░░░░░░░░░░░░░  25%  Capturing frame 0/336 (4 workers)
[initSession:screenshot] page.goto start (0ms)
  ██████░░░░░░░░░░░░░░░░░░░  25%  Capturing frame 0/336 (4 workers)
  ██████░░░░░░░░░░░░░░░░░░░  25%  Capturing frame 0/336 (4 workers)
[initSession:screenshot] page.goto start (0ms)
  ██████░░░░░░░░░░░░░░░░░░░  25%  Capturing frame 0/336 (4 workers)
  ██████░░░░░░░░░░░░░░░░░░░  25%  Capturing frame 0/336 (4 workers)
[initSession:screenshot] page.goto start (0ms)
  ██████░░░░░░░░░░░░░░░░░░░  25%  Capturing frame 0/336 (4 workers)
  ██████░░░░░░░░░░░░░░░░░░░  25%  Capturing frame 0/336 (4 workers)
[initSession:screenshot] page.goto start (0ms)
  ██████░░░░░░░░░░░░░░░░░░░  25%  Capturing frame 0/336 (4 workers)
[HyperFrames] render runtime fps [object Object]
[HyperFrames] render runtime fps [object Object]
[HyperFrames] render runtime fps [object Object]
[HyperFrames] render runtime fps [object Object]
[initSession:screenshot] page.goto complete (99ms)
[initSession:screenshot] page.goto complete (101ms)
[initSession:screenshot] page.goto complete (102ms)
[initSession:screenshot] page.goto complete (101ms)
[initSession:screenshot] GSAP proxy flush complete (113ms)
[initSession:screenshot] GSAP proxy flush complete (112ms)
[initSession:screenshot] GSAP proxy flush complete (112ms)
[initSession:screenshot] GSAP proxy flush complete (114ms)
[initSession:screenshot] pollHfReady complete (114ms)
[initSession:screenshot] pollHfReady complete (113ms)
[initSession:screenshot] pollHfReady complete (113ms)
[initSession:screenshot] pollHfReady complete (114ms)
[initSession:screenshot] pollSubCompositionTimelines complete (ready) (115ms)
[initSession:screenshot] applyVideoMetadataHints complete (115ms)
[initSession:screenshot] pollSubCompositionTimelines complete (ready) (114ms)
[initSession:screenshot] applyVideoMetadataHints complete (115ms)
[initSession:screenshot] pollSubCompositionTimelines complete (ready) (115ms)
[initSession:screenshot] applyVideoMetadataHints complete (115ms)
[initSession:screenshot] pollSubCompositionTimelines complete (ready) (116ms)
[initSession:screenshot] applyVideoMetadataHints complete (116ms)
[initSession:screenshot] media + fonts + tailwind ready (117ms)
[initSession:screenshot] media + fonts + tailwind ready (116ms)
[initSession:screenshot] media + fonts + tailwind ready (116ms)
[initSession:screenshot] media + fonts + tailwind ready (117ms)
[initSession:screenshot] static-frame dedup: 203/203 predicted frame(s) reusable (outcome=verified, runs=4/4, screenshots=28, seeks=29, elapsedMs=1096) (1423ms)
  ██████░░░░░░░░░░░░░░░░░░░  25%  Capturing frame 0/336 (4 workers)
[initSession:screenshot] static-frame dedup: 203/203 predicted frame(s) reusable (outcome=verified, runs=4/4, screenshots=28, seeks=29, elapsedMs=1130) (1454ms)
  ██████░░░░░░░░░░░░░░░░░░░  25%  Capturing frame 0/336 (4 workers)
  ███████░░░░░░░░░░░░░░░░░░  29%  Capturing frame 30/336 (4 workers)
  ████████░░░░░░░░░░░░░░░░░  33%  Capturing frame 60/336 (4 workers)
[initSession:screenshot] static-frame dedup: 203/203 predicted frame(s) reusable (outcome=verified, runs=4/4, screenshots=28, seeks=29, elapsedMs=1173) (1506ms)
[initSession:screenshot] static-frame dedup: 203/203 predicted frame(s) reusable (outcome=verified, runs=4/4, screenshots=28, seeks=29, elapsedMs=1182) (1508ms)
[static-dedup] reused 82/84 frame(s) (98%), est. ~3362ms saved (avg 41ms/frame)
  █████████░░░░░░░░░░░░░░░░  37%  Capturing frame 90/336 (4 workers)
  ██████████░░░░░░░░░░░░░░░  41%  Capturing frame 120/336 (4 workers)
  ███████████░░░░░░░░░░░░░░  45%  Capturing frame 150/336 (4 workers)
  ████████████░░░░░░░░░░░░░  49%  Capturing frame 180/336 (4 workers)
  █████████████░░░░░░░░░░░░  53%  Capturing frame 210/336 (4 workers)
  ██████████████░░░░░░░░░░░  57%  Capturing frame 240/336 (4 workers)
  ███████████████░░░░░░░░░░  61%  Capturing frame 270/336 (4 workers)
  ████████████████░░░░░░░░░  65%  Capturing frame 300/336 (4 workers)
[static-dedup] reused 50/84 frame(s) (60%), est. ~2100ms saved (avg 42ms/frame)
  █████████████████░░░░░░░░  69%  Capturing frame 330/336 (4 workers)
[static-dedup] reused 35/84 frame(s) (42%), est. ~1470ms saved (avg 42ms/frame)
  █████████████████░░░░░░░░  70%  Capturing frame 336/336 (4 workers)
[static-dedup] reused 34/84 frame(s) (40%), est. ~1394ms saved (avg 41ms/frame)
[INFO] [Render:trace] {"renderJobId":"af43148d-8485-4072-9395-eee9c6e5a776","phase":"capture_disk","status":"end","elapsedMs":6131,"durationMs":3814,"stagePhase":"capturing","needsAlpha":false,"workerCount":4,"forceScreenshot":false,"totalFrames":336,"framesCompleted":336,"captureMode":"beginframe","captureOperation":"encode"}
[INFO] [Render:trace] {"renderJobId":"af43148d-8485-4072-9395-eee9c6e5a776","phase":"encode","status":"start","elapsedMs":6132,"stagePhase":"capturing","hasAudio":false,"isPngSequence":false,"isGif":false,"chunkedEncode":false,"workerCount":4,"forceScreenshot":false,"totalFrames":336,"framesCompleted":336,"captureMode":"beginframe","captureOperation":"encode"}
  ██████████████████░░░░░░░  75%  Encoding video
[INFO] [Render:trace] {"renderJobId":"af43148d-8485-4072-9395-eee9c6e5a776","phase":"encode","status":"end","elapsedMs":6741,"durationMs":609,"stagePhase":"capturing","hasAudio":false,"isPngSequence":false,"isGif":false,"chunkedEncode":false,"workerCount":4,"forceScreenshot":false,"totalFrames":336,"framesCompleted":336,"captureMode":"beginframe","captureOperation":"encode"}
[INFO] [Render:trace] {"renderJobId":"af43148d-8485-4072-9395-eee9c6e5a776","phase":"assemble","status":"start","elapsedMs":6741,"stagePhase":"capturing","hasAudio":false,"workerCount":4,"forceScreenshot":false,"totalFrames":336,"framesCompleted":336,"captureMode":"beginframe","captureOperation":"encode"}
  ██████████████████████░░░  90%  Assembling final video
[INFO] [Render:trace] {"renderJobId":"af43148d-8485-4072-9395-eee9c6e5a776","phase":"assemble","status":"end","elapsedMs":6768,"durationMs":27,"stagePhase":"capturing","hasAudio":false,"workerCount":4,"forceScreenshot":false,"totalFrames":336,"framesCompleted":336,"captureMode":"beginframe","captureOperation":"encode"}
[INFO] [Render:trace] {"renderJobId":"af43148d-8485-4072-9395-eee9c6e5a776","phase":"pipeline","status":"checkpoint","elapsedMs":6791,"message":"artifact validated","totalElapsedMs":6790}
  █████████████████████████  100%  Render complete

◇  /Users/brownmanbrain/GitHub/operator-economy/blueprint-cinema/experiments/EP007-NET-NEW-UNFINISHED-ANSWER-003/hyperframes/reviews/r41-owner-connection/qa/r41-owner-connection.mp4
   406.7 KB · 14.0s video · rendered in 6.8s
