
◆  Rendering 02-cheap-tools → /Users/brownmanbrain/GitHub/operator-economy/blueprint-cinema/experiments/EP009-SHORTS-003/02-cheap-tools/review/ep009-short02-avatar-r3-review-final.mp4
   24fps · draft · 1 workers
   GPU: browser GPU (auto-detect)

[?25l│
◒  Checking browser[1G[J◐  Checking browser[1G[J◓  Checking browser[1G[J◇  Browser: cache
[?25h
  Lint: 0 error(s), 1 warning(s) — run with --lint-verbose for full output.
  Continuing render despite lint issues. Use --strict to block errors.

[INFO] [Render] Pipeline started {"renderJobId":"7f87f93d-9f6a-448a-9115-dcf2b7d224a3","platform":"darwin","arch":"arm64","nodeVersion":"v25.6.1","fps":{"num":24,"den":1},"format":"mp4","quality":"draft","browserGpuMode":"auto","forceScreenshot":false,"protocolTimeout":300000,"browserTimeout":120000,"pageNavigationTimeout":60000,"playerReadyTimeout":45000}
[INFO] [Render:trace] {"renderJobId":"7f87f93d-9f6a-448a-9115-dcf2b7d224a3","phase":"pipeline","status":"checkpoint","elapsedMs":3,"message":"started","format":"mp4","quality":"draft","browserGpuMode":"auto","forceScreenshot":false,"protocolTimeoutMs":300000,"pageNavigationTimeoutMs":60000,"playerReadyTimeoutMs":45000,"requestedWorkers":1}
[INFO] [Render:trace] {"renderJobId":"7f87f93d-9f6a-448a-9115-dcf2b7d224a3","phase":"compile","status":"start","elapsedMs":4,"needsAlpha":false}
  █░░░░░░░░░░░░░░░░░░░░░░░░  5%  Compiling composition
[INFO] [Compiler] Embedded local font file: assets/supreme-500.woff2 (18 KB → data URI)
[INFO] [Compiler] Embedded local font file: assets/supreme-400.woff2 (18 KB → data URI)
[INFO] [Compiler] Embedded local font file: assets/boska-700.woff2 (30 KB → data URI)
[INFO] Compiled composition metadata {"renderJobId":"7f87f93d-9f6a-448a-9115-dcf2b7d224a3","entryFile":"index.html","staticDuration":17.791666666666664,"width":1080,"height":1920,"videoCount":5,"audioCount":1,"renderModeHints":{"recommendScreenshot":false,"reasons":[]}}
[WARN] [Compiler] WARNING: Video "tool-overview" has sparse keyframes (max interval: 3.29s). This causes seek failures and frame freezing. Re-encode with: ffmpeg -i "assets/tools.mp4" -c:v libx264 -r 30 -g 30 -keyint_min 30 -movflags +faststart -c:a copy output.mp4
[WARN] [Compiler] WARNING: Video "tool-draft" has sparse keyframes (max interval: 3.29s). This causes seek failures and frame freezing. Re-encode with: ffmpeg -i "assets/tools.mp4" -c:v libx264 -r 30 -g 30 -keyint_min 30 -movflags +faststart -c:a copy output.mp4
[INFO] [Render:trace] {"renderJobId":"7f87f93d-9f6a-448a-9115-dcf2b7d224a3","phase":"compile","status":"end","elapsedMs":186,"durationMs":182,"needsAlpha":false}
[INFO] [Render:trace] {"renderJobId":"7f87f93d-9f6a-448a-9115-dcf2b7d224a3","phase":"compile","status":"checkpoint","elapsedMs":187,"message":"composition metadata resolved","width":1080,"height":1920,"videoCount":5,"audioCount":1,"imageCount":0,"deviceScaleFactor":1,"forceScreenshot":false,"compositionHash":"7c997f78d3f801ed"}
[INFO] [Render:trace] {"renderJobId":"7f87f93d-9f6a-448a-9115-dcf2b7d224a3","phase":"browser_probe","status":"start","elapsedMs":187,"forceScreenshot":false,"stagePhase":"calibrating"}
[WARN] [Compiler] WARNING: Video "return" has sparse keyframes (max interval: 3.63s). This causes seek failures and frame freezing. Re-encode with: ffmpeg -i "assets/return.mp4" -c:v libx264 -r 30 -g 30 -keyint_min 30 -movflags +faststart -c:a copy output.mp4
[INFO] [Render:trace] {"renderJobId":"7f87f93d-9f6a-448a-9115-dcf2b7d224a3","phase":"browser_probe","status":"end","elapsedMs":262,"durationMs":75,"forceScreenshot":false,"stagePhase":"calibrating"}
[INFO] [Render:trace] {"renderJobId":"7f87f93d-9f6a-448a-9115-dcf2b7d224a3","phase":"browser_probe","status":"checkpoint","elapsedMs":263,"message":"duration resolved","durationSeconds":17.791666666666664,"totalFrames":427,"compositionHash":"7c997f78d3f801ed","beginFrameStalled":false}
[INFO] [Render:trace] {"renderJobId":"7f87f93d-9f6a-448a-9115-dcf2b7d224a3","phase":"video_extract","status":"start","elapsedMs":263,"videoCount":5}
[INFO] Probing video color spaces... {"renderJobId":"7f87f93d-9f6a-448a-9115-dcf2b7d224a3","videoCount":5}
  ██░░░░░░░░░░░░░░░░░░░░░░░  10%  Extracting video frames
[INFO] Extracting frames from video 1/5 {"renderJobId":"7f87f93d-9f6a-448a-9115-dcf2b7d224a3","sourceType":"local"}
[INFO] Extracting frames from video 2/5 {"renderJobId":"7f87f93d-9f6a-448a-9115-dcf2b7d224a3","sourceType":"local"}
[INFO] Extracting frames from video 3/5 {"renderJobId":"7f87f93d-9f6a-448a-9115-dcf2b7d224a3","sourceType":"local"}
[INFO] Extracting frames from video 4/5 {"renderJobId":"7f87f93d-9f6a-448a-9115-dcf2b7d224a3","sourceType":"local"}
[INFO] Extracting frames from video 5/5 {"renderJobId":"7f87f93d-9f6a-448a-9115-dcf2b7d224a3","sourceType":"local"}
[INFO] [Render:trace] {"renderJobId":"7f87f93d-9f6a-448a-9115-dcf2b7d224a3","phase":"video_extract","status":"end","elapsedMs":455,"durationMs":192,"videoCount":5}
[INFO] [Render:trace] {"renderJobId":"7f87f93d-9f6a-448a-9115-dcf2b7d224a3","phase":"video_extract","status":"checkpoint","elapsedMs":456,"message":"frames resolved","videoCount":5,"extractedVideoCount":5,"totalFramesExtracted":373,"maxFramesPerVideo":156,"avgFramesPerExtractedVideo":75,"vfrPreflightCount":0,"vfrPreflightMs":0,"cacheHits":2,"cacheMisses":3,"transientRetries":0,"minVideoFrameCoverageRatio":1,"authoredTimedClipCount":21}
[INFO] [Render] No HDR sources detected — rendering SDR {"renderJobId":"7f87f93d-9f6a-448a-9115-dcf2b7d224a3"}
[INFO] [Render:trace] {"renderJobId":"7f87f93d-9f6a-448a-9115-dcf2b7d224a3","phase":"hdr_detection","status":"checkpoint","elapsedMs":456,"message":"resolved","requestedHdrMode":"auto","effectiveHdr":"sdr","nativeHdrVideoCount":0,"nativeHdrImageCount":0}
[INFO] [Render:trace] {"renderJobId":"7f87f93d-9f6a-448a-9115-dcf2b7d224a3","phase":"audio_process","status":"start","elapsedMs":456,"audioCount":1}
  █████░░░░░░░░░░░░░░░░░░░░  20%  Processing audio tracks
[INFO] [Render:trace] {"renderJobId":"7f87f93d-9f6a-448a-9115-dcf2b7d224a3","phase":"audio_process","status":"end","elapsedMs":897,"durationMs":441,"audioCount":1}
[INFO] [Render:trace] {"renderJobId":"7f87f93d-9f6a-448a-9115-dcf2b7d224a3","phase":"file_server","status":"start","elapsedMs":898,"reused":false}
  ██████░░░░░░░░░░░░░░░░░░░  25%  Starting frame capture
[INFO] [Render:trace] {"renderJobId":"7f87f93d-9f6a-448a-9115-dcf2b7d224a3","phase":"file_server","status":"end","elapsedMs":904,"durationMs":6}
[hyperframes] browserGpuMode probe → hardware (WebGL renderer vendor="Google Inc. (Apple)" renderer="ANGLE (Apple, ANGLE Metal Renderer: Apple M4, Unspecified Version)")
[INFO] [Render:trace] {"renderJobId":"7f87f93d-9f6a-448a-9115-dcf2b7d224a3","phase":"capture_calibration","status":"checkpoint","elapsedMs":1090,"message":"skipped","requestedWorkers":1,"totalFrames":427,"htmlInCanvasDetected":false,"lowMemoryMode":false,"deInversionEligible":false,"deParallelRouterEligible":false}
[INFO] [Render:trace] {"renderJobId":"7f87f93d-9f6a-448a-9115-dcf2b7d224a3","phase":"worker_resolution","status":"checkpoint","elapsedMs":1091,"message":"resolved","workerCount":1}
[INFO] streaming-encode gate {"renderJobId":"7f87f93d-9f6a-448a-9115-dcf2b7d224a3","enabled":true,"reason":"single_worker","configFlag":true,"durationCapEnabled":false,"outputFormat":"mp4","workerCount":1,"durationSeconds":17.791666666666664,"maxDurationSeconds":240}
[INFO] [Render:trace] {"renderJobId":"7f87f93d-9f6a-448a-9115-dcf2b7d224a3","phase":"capture_strategy","status":"checkpoint","elapsedMs":1091,"message":"resolved","workerCount":1,"forceScreenshot":false,"captureBeyondViewport":true,"useStreamingEncode":true,"useLayeredComposite":false,"usePageSideCompositing":false,"hasHdrContent":false,"hasShaderTransitions":false,"isPngSequence":false}
[INFO] [Render:trace] {"renderJobId":"7f87f93d-9f6a-448a-9115-dcf2b7d224a3","phase":"capture_streaming","status":"start","elapsedMs":1091,"stagePhase":"capturing","workerCount":1,"forceScreenshot":false,"totalFrames":427,"framesCompleted":0,"captureMode":"drawelement","captureOperation":"drawElement"}
[BrowserManager] Browser launched (HeadlessChrome/152.0.7977.30, screenshot, gl=--use-gl=angle --use-angle=metal, headlessShell=true, platform=darwin)
[initSession:screenshot] page.goto start (0ms)
[HyperFrames] render runtime fps [object Object]
[initSession:screenshot] page.goto complete (129ms)
[initSession:screenshot] GSAP proxy flush complete (163ms)
[initSession:screenshot] pollHfReady complete (168ms)
[initSession:screenshot] pollSubCompositionTimelines complete (ready) (170ms)
[initSession:screenshot] applyVideoMetadataHints complete (171ms)
[initSession:screenshot] media + fonts + tailwind ready (173ms)
[initSession:screenshot] captureBeyondViewport downgraded: page content fits the capture viewport (177ms)
[initSession:screenshot] timeline at-risk predictor: 0/428 frames (0%) (219ms)
[initSession:screenshot] static-frame dedup: disabled (before-capture hook / video injection active) (221ms)
[initSession:screenshot] drawElement self-verify armed: 4 ground-truth frame(s) @ [107, 213, 322, 405] of 426 (611ms)
[initSession:drawelement] drawElement canvas injected (613ms)
[initSession:drawelement] screenshot fallback: 53 clip-boundary frame(s) (613ms)
[initSession:drawelement] drawElement worker encode initialized (615ms)
  ██████░░░░░░░░░░░░░░░░░░░  25%  Streaming frame 1/427
  ██████░░░░░░░░░░░░░░░░░░░  25%  Streaming frame 2/427
  ██████░░░░░░░░░░░░░░░░░░░  25%  Streaming frame 3/427
  ██████░░░░░░░░░░░░░░░░░░░  26%  Streaming frame 4/427
  ██████░░░░░░░░░░░░░░░░░░░  26%  Streaming frame 5/427
  ██████░░░░░░░░░░░░░░░░░░░  26%  Streaming frame 6/427
  ██████░░░░░░░░░░░░░░░░░░░  26%  Streaming frame 7/427
  ██████░░░░░░░░░░░░░░░░░░░  26%  Streaming frame 8/427
  ██████░░░░░░░░░░░░░░░░░░░  26%  Streaming frame 9/427
  ██████░░░░░░░░░░░░░░░░░░░  26%  Streaming frame 10/427
  ██████░░░░░░░░░░░░░░░░░░░  26%  Streaming frame 11/427
  ██████░░░░░░░░░░░░░░░░░░░  27%  Streaming frame 12/427
  ██████░░░░░░░░░░░░░░░░░░░  27%  Streaming frame 13/427
  ██████░░░░░░░░░░░░░░░░░░░  27%  Streaming frame 14/427
  ██████░░░░░░░░░░░░░░░░░░░  27%  Streaming frame 15/427
  ██████░░░░░░░░░░░░░░░░░░░  27%  Streaming frame 16/427
  ██████░░░░░░░░░░░░░░░░░░░  27%  Streaming frame 17/427
  ██████░░░░░░░░░░░░░░░░░░░  27%  Streaming frame 18/427
  ██████░░░░░░░░░░░░░░░░░░░  27%  Streaming frame 19/427
  ███████░░░░░░░░░░░░░░░░░░  28%  Streaming frame 20/427
  ███████░░░░░░░░░░░░░░░░░░  28%  Streaming frame 21/427
  ███████░░░░░░░░░░░░░░░░░░  28%  Streaming frame 22/427
  ███████░░░░░░░░░░░░░░░░░░  28%  Streaming frame 23/427
  ███████░░░░░░░░░░░░░░░░░░  28%  Streaming frame 24/427
  ███████░░░░░░░░░░░░░░░░░░  28%  Streaming frame 25/427
  ███████░░░░░░░░░░░░░░░░░░  28%  Streaming frame 26/427
  ███████░░░░░░░░░░░░░░░░░░  28%  Streaming frame 27/427
  ███████░░░░░░░░░░░░░░░░░░  29%  Streaming frame 28/427
  ███████░░░░░░░░░░░░░░░░░░  29%  Streaming frame 29/427
  ███████░░░░░░░░░░░░░░░░░░  29%  Streaming frame 30/427
  ███████░░░░░░░░░░░░░░░░░░  29%  Streaming frame 31/427
  ███████░░░░░░░░░░░░░░░░░░  29%  Streaming frame 32/427
  ███████░░░░░░░░░░░░░░░░░░  29%  Streaming frame 33/427
  ███████░░░░░░░░░░░░░░░░░░  29%  Streaming frame 34/427
  ███████░░░░░░░░░░░░░░░░░░  30%  Streaming frame 35/427
  ███████░░░░░░░░░░░░░░░░░░  30%  Streaming frame 36/427
  ███████░░░░░░░░░░░░░░░░░░  30%  Streaming frame 37/427
  ███████░░░░░░░░░░░░░░░░░░  30%  Streaming frame 38/427
  ███████░░░░░░░░░░░░░░░░░░  30%  Streaming frame 39/427
  ███████░░░░░░░░░░░░░░░░░░  30%  Streaming frame 40/427
  ███████░░░░░░░░░░░░░░░░░░  30%  Streaming frame 41/427
  ███████░░░░░░░░░░░░░░░░░░  30%  Streaming frame 42/427
  ███████░░░░░░░░░░░░░░░░░░  31%  Streaming frame 43/427
  ███████░░░░░░░░░░░░░░░░░░  31%  Streaming frame 44/427
  ███████░░░░░░░░░░░░░░░░░░  31%  Streaming frame 45/427
  ███████░░░░░░░░░░░░░░░░░░  31%  Streaming frame 46/427
  ███████░░░░░░░░░░░░░░░░░░  31%  Streaming frame 47/427
  ███████░░░░░░░░░░░░░░░░░░  31%  Streaming frame 48/427
  ███████░░░░░░░░░░░░░░░░░░  31%  Streaming frame 49/427
  ███████░░░░░░░░░░░░░░░░░░  31%  Streaming frame 50/427
  ████████░░░░░░░░░░░░░░░░░  32%  Streaming frame 51/427
  ████████░░░░░░░░░░░░░░░░░  32%  Streaming frame 52/427
  ████████░░░░░░░░░░░░░░░░░  32%  Streaming frame 53/427
  ████████░░░░░░░░░░░░░░░░░  32%  Streaming frame 54/427
  ████████░░░░░░░░░░░░░░░░░  32%  Streaming frame 55/427
  ████████░░░░░░░░░░░░░░░░░  32%  Streaming frame 56/427
  ████████░░░░░░░░░░░░░░░░░  32%  Streaming frame 57/427
  ████████░░░░░░░░░░░░░░░░░  32%  Streaming frame 58/427
  ████████░░░░░░░░░░░░░░░░░  33%  Streaming frame 59/427
  ████████░░░░░░░░░░░░░░░░░  33%  Streaming frame 60/427
  ████████░░░░░░░░░░░░░░░░░  33%  Streaming frame 61/427
  ████████░░░░░░░░░░░░░░░░░  33%  Streaming frame 62/427
  ████████░░░░░░░░░░░░░░░░░  33%  Streaming frame 63/427
  ████████░░░░░░░░░░░░░░░░░  33%  Streaming frame 64/427
  ████████░░░░░░░░░░░░░░░░░  33%  Streaming frame 65/427
  ████████░░░░░░░░░░░░░░░░░  34%  Streaming frame 66/427
  ████████░░░░░░░░░░░░░░░░░  34%  Streaming frame 67/427
  ████████░░░░░░░░░░░░░░░░░  34%  Streaming frame 68/427
  ████████░░░░░░░░░░░░░░░░░  34%  Streaming frame 69/427
  ████████░░░░░░░░░░░░░░░░░  34%  Streaming frame 70/427
  ████████░░░░░░░░░░░░░░░░░  34%  Streaming frame 71/427
  ████████░░░░░░░░░░░░░░░░░  34%  Streaming frame 72/427
  ████████░░░░░░░░░░░░░░░░░  34%  Streaming frame 73/427
  ████████░░░░░░░░░░░░░░░░░  35%  Streaming frame 74/427
  ████████░░░░░░░░░░░░░░░░░  35%  Streaming frame 75/427
  ████████░░░░░░░░░░░░░░░░░  35%  Streaming frame 76/427
  ████████░░░░░░░░░░░░░░░░░  35%  Streaming frame 77/427
  ████████░░░░░░░░░░░░░░░░░  35%  Streaming frame 78/427
  ████████░░░░░░░░░░░░░░░░░  35%  Streaming frame 79/427
  ████████░░░░░░░░░░░░░░░░░  35%  Streaming frame 80/427
  ████████░░░░░░░░░░░░░░░░░  35%  Streaming frame 81/427
  █████████░░░░░░░░░░░░░░░░  36%  Streaming frame 82/427
  █████████░░░░░░░░░░░░░░░░  36%  Streaming frame 83/427
  █████████░░░░░░░░░░░░░░░░  36%  Streaming frame 84/427
  █████████░░░░░░░░░░░░░░░░  36%  Streaming frame 85/427
  █████████░░░░░░░░░░░░░░░░  36%  Streaming frame 86/427
  █████████░░░░░░░░░░░░░░░░  36%  Streaming frame 87/427
  █████████░░░░░░░░░░░░░░░░  36%  Streaming frame 88/427
  █████████░░░░░░░░░░░░░░░░  36%  Streaming frame 89/427
  █████████░░░░░░░░░░░░░░░░  37%  Streaming frame 90/427
  █████████░░░░░░░░░░░░░░░░  37%  Streaming frame 91/427
  █████████░░░░░░░░░░░░░░░░  37%  Streaming frame 92/427
  █████████░░░░░░░░░░░░░░░░  37%  Streaming frame 93/427
  █████████░░░░░░░░░░░░░░░░  37%  Streaming frame 94/427
  █████████░░░░░░░░░░░░░░░░  37%  Streaming frame 95/427
  █████████░░░░░░░░░░░░░░░░  37%  Streaming frame 96/427
  █████████░░░░░░░░░░░░░░░░  37%  Streaming frame 97/427
  █████████░░░░░░░░░░░░░░░░  38%  Streaming frame 98/427
  █████████░░░░░░░░░░░░░░░░  38%  Streaming frame 99/427
  █████████░░░░░░░░░░░░░░░░  38%  Streaming frame 100/427
  █████████░░░░░░░░░░░░░░░░  38%  Streaming frame 101/427
  █████████░░░░░░░░░░░░░░░░  38%  Streaming frame 102/427
  █████████░░░░░░░░░░░░░░░░  38%  Streaming frame 103/427
  █████████░░░░░░░░░░░░░░░░  38%  Streaming frame 104/427
  █████████░░░░░░░░░░░░░░░░  39%  Streaming frame 105/427
  █████████░░░░░░░░░░░░░░░░  39%  Streaming frame 106/427
  █████████░░░░░░░░░░░░░░░░  39%  Streaming frame 107/427
[INFO] [Render] drawElement self-verify passed {"renderJobId":"7f87f93d-9f6a-448a-9115-dcf2b7d224a3","frame":107,"psnrDb":"inf"}
  █████████░░░░░░░░░░░░░░░░  39%  Streaming frame 108/427
  █████████░░░░░░░░░░░░░░░░  39%  Streaming frame 109/427
  █████████░░░░░░░░░░░░░░░░  39%  Streaming frame 110/427
  █████████░░░░░░░░░░░░░░░░  39%  Streaming frame 111/427
  █████████░░░░░░░░░░░░░░░░  39%  Streaming frame 112/427
  ██████████░░░░░░░░░░░░░░░  40%  Streaming frame 113/427
  ██████████░░░░░░░░░░░░░░░  40%  Streaming frame 114/427
  ██████████░░░░░░░░░░░░░░░  40%  Streaming frame 115/427
  ██████████░░░░░░░░░░░░░░░  40%  Streaming frame 116/427
  ██████████░░░░░░░░░░░░░░░  40%  Streaming frame 117/427
  ██████████░░░░░░░░░░░░░░░  40%  Streaming frame 118/427
  ██████████░░░░░░░░░░░░░░░  40%  Streaming frame 119/427
  ██████████░░░░░░░░░░░░░░░  40%  Streaming frame 120/427
  ██████████░░░░░░░░░░░░░░░  41%  Streaming frame 121/427
  ██████████░░░░░░░░░░░░░░░  41%  Streaming frame 122/427
  ██████████░░░░░░░░░░░░░░░  41%  Streaming frame 123/427
  ██████████░░░░░░░░░░░░░░░  41%  Streaming frame 124/427
  ██████████░░░░░░░░░░░░░░░  41%  Streaming frame 125/427
  ██████████░░░░░░░░░░░░░░░  41%  Streaming frame 126/427
  ██████████░░░░░░░░░░░░░░░  41%  Streaming frame 127/427
  ██████████░░░░░░░░░░░░░░░  41%  Streaming frame 128/427
  ██████████░░░░░░░░░░░░░░░  42%  Streaming frame 129/427
  ██████████░░░░░░░░░░░░░░░  42%  Streaming frame 130/427
  ██████████░░░░░░░░░░░░░░░  42%  Streaming frame 131/427
  ██████████░░░░░░░░░░░░░░░  42%  Streaming frame 132/427
  ██████████░░░░░░░░░░░░░░░  42%  Streaming frame 133/427
  ██████████░░░░░░░░░░░░░░░  42%  Streaming frame 134/427
  ██████████░░░░░░░░░░░░░░░  42%  Streaming frame 135/427
  ██████████░░░░░░░░░░░░░░░  43%  Streaming frame 136/427
  ██████████░░░░░░░░░░░░░░░  43%  Streaming frame 137/427
  ██████████░░░░░░░░░░░░░░░  43%  Streaming frame 138/427
  ██████████░░░░░░░░░░░░░░░  43%  Streaming frame 139/427
  ██████████░░░░░░░░░░░░░░░  43%  Streaming frame 140/427
  ██████████░░░░░░░░░░░░░░░  43%  Streaming frame 141/427
  ██████████░░░░░░░░░░░░░░░  43%  Streaming frame 142/427
  ██████████░░░░░░░░░░░░░░░  43%  Streaming frame 143/427
  ███████████░░░░░░░░░░░░░░  44%  Streaming frame 144/427
  ███████████░░░░░░░░░░░░░░  44%  Streaming frame 145/427
  ███████████░░░░░░░░░░░░░░  44%  Streaming frame 146/427
  ███████████░░░░░░░░░░░░░░  44%  Streaming frame 147/427
  ███████████░░░░░░░░░░░░░░  44%  Streaming frame 148/427
  ███████████░░░░░░░░░░░░░░  44%  Streaming frame 149/427
  ███████████░░░░░░░░░░░░░░  44%  Streaming frame 150/427
  ███████████░░░░░░░░░░░░░░  44%  Streaming frame 151/427
  ███████████░░░░░░░░░░░░░░  45%  Streaming frame 152/427
  ███████████░░░░░░░░░░░░░░  45%  Streaming frame 153/427
  ███████████░░░░░░░░░░░░░░  45%  Streaming frame 154/427
  ███████████░░░░░░░░░░░░░░  45%  Streaming frame 155/427
  ███████████░░░░░░░░░░░░░░  45%  Streaming frame 156/427
  ███████████░░░░░░░░░░░░░░  45%  Streaming frame 157/427
  ███████████░░░░░░░░░░░░░░  45%  Streaming frame 158/427
  ███████████░░░░░░░░░░░░░░  45%  Streaming frame 159/427
  ███████████░░░░░░░░░░░░░░  46%  Streaming frame 160/427
  ███████████░░░░░░░░░░░░░░  46%  Streaming frame 161/427
  ███████████░░░░░░░░░░░░░░  46%  Streaming frame 162/427
  ███████████░░░░░░░░░░░░░░  46%  Streaming frame 163/427
  ███████████░░░░░░░░░░░░░░  46%  Streaming frame 164/427
  ███████████░░░░░░░░░░░░░░  46%  Streaming frame 165/427
  ███████████░░░░░░░░░░░░░░  46%  Streaming frame 166/427
  ███████████░░░░░░░░░░░░░░  47%  Streaming frame 167/427
  ███████████░░░░░░░░░░░░░░  47%  Streaming frame 168/427
  ███████████░░░░░░░░░░░░░░  47%  Streaming frame 169/427
  ███████████░░░░░░░░░░░░░░  47%  Streaming frame 170/427
  ███████████░░░░░░░░░░░░░░  47%  Streaming frame 171/427
  ███████████░░░░░░░░░░░░░░  47%  Streaming frame 172/427
  ███████████░░░░░░░░░░░░░░  47%  Streaming frame 173/427
  ███████████░░░░░░░░░░░░░░  47%  Streaming frame 174/427
  ████████████░░░░░░░░░░░░░  48%  Streaming frame 175/427
  ████████████░░░░░░░░░░░░░  48%  Streaming frame 176/427
  ████████████░░░░░░░░░░░░░  48%  Streaming frame 177/427
  ████████████░░░░░░░░░░░░░  48%  Streaming frame 178/427
  ████████████░░░░░░░░░░░░░  48%  Streaming frame 179/427
  ████████████░░░░░░░░░░░░░  48%  Streaming frame 180/427
  ████████████░░░░░░░░░░░░░  48%  Streaming frame 181/427
  ████████████░░░░░░░░░░░░░  48%  Streaming frame 182/427
  ████████████░░░░░░░░░░░░░  49%  Streaming frame 183/427
  ████████████░░░░░░░░░░░░░  49%  Streaming frame 184/427
  ████████████░░░░░░░░░░░░░  49%  Streaming frame 185/427
  ████████████░░░░░░░░░░░░░  49%  Streaming frame 186/427
  ████████████░░░░░░░░░░░░░  49%  Streaming frame 187/427
  ████████████░░░░░░░░░░░░░  49%  Streaming frame 188/427
  ████████████░░░░░░░░░░░░░  49%  Streaming frame 189/427
  ████████████░░░░░░░░░░░░░  49%  Streaming frame 190/427
  ████████████░░░░░░░░░░░░░  50%  Streaming frame 191/427
  ████████████░░░░░░░░░░░░░  50%  Streaming frame 192/427
  ████████████░░░░░░░░░░░░░  50%  Streaming frame 193/427
  ████████████░░░░░░░░░░░░░  50%  Streaming frame 194/427
  ████████████░░░░░░░░░░░░░  50%  Streaming frame 195/427
  ████████████░░░░░░░░░░░░░  50%  Streaming frame 196/427
  ████████████░░░░░░░░░░░░░  50%  Streaming frame 197/427
  ████████████░░░░░░░░░░░░░  51%  Streaming frame 198/427
  ████████████░░░░░░░░░░░░░  51%  Streaming frame 199/427
  ████████████░░░░░░░░░░░░░  51%  Streaming frame 200/427
  ████████████░░░░░░░░░░░░░  51%  Streaming frame 201/427
  ████████████░░░░░░░░░░░░░  51%  Streaming frame 202/427
  ████████████░░░░░░░░░░░░░  51%  Streaming frame 203/427
  ████████████░░░░░░░░░░░░░  51%  Streaming frame 204/427
  ████████████░░░░░░░░░░░░░  51%  Streaming frame 205/427
  █████████████░░░░░░░░░░░░  52%  Streaming frame 206/427
  █████████████░░░░░░░░░░░░  52%  Streaming frame 207/427
  █████████████░░░░░░░░░░░░  52%  Streaming frame 208/427
  █████████████░░░░░░░░░░░░  52%  Streaming frame 209/427
  █████████████░░░░░░░░░░░░  52%  Streaming frame 210/427
  █████████████░░░░░░░░░░░░  52%  Streaming frame 211/427
  █████████████░░░░░░░░░░░░  52%  Streaming frame 212/427
  █████████████░░░░░░░░░░░░  52%  Streaming frame 213/427
[INFO] [Render] drawElement self-verify passed {"renderJobId":"7f87f93d-9f6a-448a-9115-dcf2b7d224a3","frame":213,"psnrDb":"inf"}
  █████████████░░░░░░░░░░░░  53%  Streaming frame 214/427
  █████████████░░░░░░░░░░░░  53%  Streaming frame 215/427
  █████████████░░░░░░░░░░░░  53%  Streaming frame 216/427
  █████████████░░░░░░░░░░░░  53%  Streaming frame 217/427
  █████████████░░░░░░░░░░░░  53%  Streaming frame 218/427
  █████████████░░░░░░░░░░░░  53%  Streaming frame 219/427
  █████████████░░░░░░░░░░░░  53%  Streaming frame 220/427
  █████████████░░░░░░░░░░░░  53%  Streaming frame 221/427
  █████████████░░░░░░░░░░░░  54%  Streaming frame 222/427
  █████████████░░░░░░░░░░░░  54%  Streaming frame 223/427
  █████████████░░░░░░░░░░░░  54%  Streaming frame 224/427
  █████████████░░░░░░░░░░░░  54%  Streaming frame 225/427
  █████████████░░░░░░░░░░░░  54%  Streaming frame 226/427
  █████████████░░░░░░░░░░░░  54%  Streaming frame 227/427
  █████████████░░░░░░░░░░░░  54%  Streaming frame 228/427
  █████████████░░░░░░░░░░░░  54%  Streaming frame 229/427
  █████████████░░░░░░░░░░░░  55%  Streaming frame 230/427
  █████████████░░░░░░░░░░░░  55%  Streaming frame 231/427
  █████████████░░░░░░░░░░░░  55%  Streaming frame 232/427
  █████████████░░░░░░░░░░░░  55%  Streaming frame 233/427
  █████████████░░░░░░░░░░░░  55%  Streaming frame 234/427
  █████████████░░░░░░░░░░░░  55%  Streaming frame 235/427
  █████████████░░░░░░░░░░░░  55%  Streaming frame 236/427
  ██████████████░░░░░░░░░░░  56%  Streaming frame 237/427
  ██████████████░░░░░░░░░░░  56%  Streaming frame 238/427
  ██████████████░░░░░░░░░░░  56%  Streaming frame 239/427
  ██████████████░░░░░░░░░░░  56%  Streaming frame 240/427
  ██████████████░░░░░░░░░░░  56%  Streaming frame 241/427
  ██████████████░░░░░░░░░░░  56%  Streaming frame 242/427
  ██████████████░░░░░░░░░░░  56%  Streaming frame 243/427
  ██████████████░░░░░░░░░░░  56%  Streaming frame 244/427
  ██████████████░░░░░░░░░░░  57%  Streaming frame 245/427
  ██████████████░░░░░░░░░░░  57%  Streaming frame 246/427
  ██████████████░░░░░░░░░░░  57%  Streaming frame 247/427
  ██████████████░░░░░░░░░░░  57%  Streaming frame 248/427
  ██████████████░░░░░░░░░░░  57%  Streaming frame 249/427
  ██████████████░░░░░░░░░░░  57%  Streaming frame 250/427
  ██████████████░░░░░░░░░░░  57%  Streaming frame 251/427
  ██████████████░░░░░░░░░░░  57%  Streaming frame 252/427
  ██████████████░░░░░░░░░░░  58%  Streaming frame 253/427
  ██████████████░░░░░░░░░░░  58%  Streaming frame 254/427
  ██████████████░░░░░░░░░░░  58%  Streaming frame 255/427
  ██████████████░░░░░░░░░░░  58%  Streaming frame 256/427
  ██████████████░░░░░░░░░░░  58%  Streaming frame 257/427
  ██████████████░░░░░░░░░░░  58%  Streaming frame 258/427
  ██████████████░░░░░░░░░░░  58%  Streaming frame 259/427
  ██████████████░░░░░░░░░░░  58%  Streaming frame 260/427
  ██████████████░░░░░░░░░░░  59%  Streaming frame 261/427
  ██████████████░░░░░░░░░░░  59%  Streaming frame 262/427
  ██████████████░░░░░░░░░░░  59%  Streaming frame 263/427
  ██████████████░░░░░░░░░░░  59%  Streaming frame 264/427
  ██████████████░░░░░░░░░░░  59%  Streaming frame 265/427
  ██████████████░░░░░░░░░░░  59%  Streaming frame 266/427
  ██████████████░░░░░░░░░░░  59%  Streaming frame 267/427
  ███████████████░░░░░░░░░░  60%  Streaming frame 268/427
  ███████████████░░░░░░░░░░  60%  Streaming frame 269/427
  ███████████████░░░░░░░░░░  60%  Streaming frame 270/427
  ███████████████░░░░░░░░░░  60%  Streaming frame 271/427
  ███████████████░░░░░░░░░░  60%  Streaming frame 272/427
  ███████████████░░░░░░░░░░  60%  Streaming frame 273/427
  ███████████████░░░░░░░░░░  60%  Streaming frame 274/427
  ███████████████░░░░░░░░░░  60%  Streaming frame 275/427
  ███████████████░░░░░░░░░░  61%  Streaming frame 276/427
  ███████████████░░░░░░░░░░  61%  Streaming frame 277/427
  ███████████████░░░░░░░░░░  61%  Streaming frame 278/427
  ███████████████░░░░░░░░░░  61%  Streaming frame 279/427
  ███████████████░░░░░░░░░░  61%  Streaming frame 280/427
  ███████████████░░░░░░░░░░  61%  Streaming frame 281/427
  ███████████████░░░░░░░░░░  61%  Streaming frame 282/427
  ███████████████░░░░░░░░░░  61%  Streaming frame 283/427
  ███████████████░░░░░░░░░░  62%  Streaming frame 284/427
  ███████████████░░░░░░░░░░  62%  Streaming frame 285/427
  ███████████████░░░░░░░░░░  62%  Streaming frame 286/427
  ███████████████░░░░░░░░░░  62%  Streaming frame 287/427
  ███████████████░░░░░░░░░░  62%  Streaming frame 288/427
  ███████████████░░░░░░░░░░  62%  Streaming frame 289/427
  ███████████████░░░░░░░░░░  62%  Streaming frame 290/427
  ███████████████░░░░░░░░░░  62%  Streaming frame 291/427
  ███████████████░░░░░░░░░░  63%  Streaming frame 292/427
  ███████████████░░░░░░░░░░  63%  Streaming frame 293/427
  ███████████████░░░░░░░░░░  63%  Streaming frame 294/427
  ███████████████░░░░░░░░░░  63%  Streaming frame 295/427
  ███████████████░░░░░░░░░░  63%  Streaming frame 296/427
  ███████████████░░░░░░░░░░  63%  Streaming frame 297/427
  ███████████████░░░░░░░░░░  63%  Streaming frame 298/427
  ████████████████░░░░░░░░░  64%  Streaming frame 299/427
  ████████████████░░░░░░░░░  64%  Streaming frame 300/427
  ████████████████░░░░░░░░░  64%  Streaming frame 301/427
  ████████████████░░░░░░░░░  64%  Streaming frame 302/427
  ████████████████░░░░░░░░░  64%  Streaming frame 303/427
  ████████████████░░░░░░░░░  64%  Streaming frame 304/427
  ████████████████░░░░░░░░░  64%  Streaming frame 305/427
  ████████████████░░░░░░░░░  64%  Streaming frame 306/427
  ████████████████░░░░░░░░░  65%  Streaming frame 307/427
  ████████████████░░░░░░░░░  65%  Streaming frame 308/427
  ████████████████░░░░░░░░░  65%  Streaming frame 309/427
  ████████████████░░░░░░░░░  65%  Streaming frame 310/427
  ████████████████░░░░░░░░░  65%  Streaming frame 311/427
  ████████████████░░░░░░░░░  65%  Streaming frame 312/427
  ████████████████░░░░░░░░░  65%  Streaming frame 313/427
  ████████████████░░░░░░░░░  65%  Streaming frame 314/427
  ████████████████░░░░░░░░░  66%  Streaming frame 315/427
  ████████████████░░░░░░░░░  66%  Streaming frame 316/427
  ████████████████░░░░░░░░░  66%  Streaming frame 317/427
  ████████████████░░░░░░░░░  66%  Streaming frame 318/427
  ████████████████░░░░░░░░░  66%  Streaming frame 319/427
  ████████████████░░░░░░░░░  66%  Streaming frame 320/427
  ████████████████░░░░░░░░░  66%  Streaming frame 321/427
  ████████████████░░░░░░░░░  66%  Streaming frame 322/427
[INFO] [Render] drawElement self-verify passed {"renderJobId":"7f87f93d-9f6a-448a-9115-dcf2b7d224a3","frame":322,"psnrDb":"inf"}
  ████████████████░░░░░░░░░  67%  Streaming frame 323/427
  ████████████████░░░░░░░░░  67%  Streaming frame 324/427
  ████████████████░░░░░░░░░  67%  Streaming frame 325/427
  ████████████████░░░░░░░░░  67%  Streaming frame 326/427
  ████████████████░░░░░░░░░  67%  Streaming frame 327/427
  ████████████████░░░░░░░░░  67%  Streaming frame 328/427
  ████████████████░░░░░░░░░  67%  Streaming frame 329/427
  █████████████████░░░░░░░░  68%  Streaming frame 330/427
  █████████████████░░░░░░░░  68%  Streaming frame 331/427
  █████████████████░░░░░░░░  68%  Streaming frame 332/427
  █████████████████░░░░░░░░  68%  Streaming frame 333/427
  █████████████████░░░░░░░░  68%  Streaming frame 334/427
  █████████████████░░░░░░░░  68%  Streaming frame 335/427
  █████████████████░░░░░░░░  68%  Streaming frame 336/427
  █████████████████░░░░░░░░  68%  Streaming frame 337/427
  █████████████████░░░░░░░░  69%  Streaming frame 338/427
  █████████████████░░░░░░░░  69%  Streaming frame 339/427
  █████████████████░░░░░░░░  69%  Streaming frame 340/427
  █████████████████░░░░░░░░  69%  Streaming frame 341/427
  █████████████████░░░░░░░░  69%  Streaming frame 342/427
  █████████████████░░░░░░░░  69%  Streaming frame 343/427
  █████████████████░░░░░░░░  69%  Streaming frame 344/427
  █████████████████░░░░░░░░  69%  Streaming frame 345/427
  █████████████████░░░░░░░░  70%  Streaming frame 346/427
  █████████████████░░░░░░░░  70%  Streaming frame 347/427
  █████████████████░░░░░░░░  70%  Streaming frame 348/427
  █████████████████░░░░░░░░  70%  Streaming frame 349/427
  █████████████████░░░░░░░░  70%  Streaming frame 350/427
  █████████████████░░░░░░░░  70%  Streaming frame 351/427
  █████████████████░░░░░░░░  70%  Streaming frame 352/427
  █████████████████░░░░░░░░  70%  Streaming frame 353/427
  █████████████████░░░░░░░░  71%  Streaming frame 354/427
  █████████████████░░░░░░░░  71%  Streaming frame 355/427
  █████████████████░░░░░░░░  71%  Streaming frame 356/427
  █████████████████░░░░░░░░  71%  Streaming frame 357/427
  █████████████████░░░░░░░░  71%  Streaming frame 358/427
  █████████████████░░░░░░░░  71%  Streaming frame 359/427
  █████████████████░░░░░░░░  71%  Streaming frame 360/427
  █████████████████░░░░░░░░  71%  Streaming frame 361/427
  ██████████████████░░░░░░░  72%  Streaming frame 362/427
  ██████████████████░░░░░░░  72%  Streaming frame 363/427
  ██████████████████░░░░░░░  72%  Streaming frame 364/427
  ██████████████████░░░░░░░  72%  Streaming frame 365/427
  ██████████████████░░░░░░░  72%  Streaming frame 366/427
  ██████████████████░░░░░░░  72%  Streaming frame 367/427
  ██████████████████░░░░░░░  72%  Streaming frame 368/427
  ██████████████████░░░░░░░  73%  Streaming frame 369/427
  ██████████████████░░░░░░░  73%  Streaming frame 370/427
  ██████████████████░░░░░░░  73%  Streaming frame 371/427
  ██████████████████░░░░░░░  73%  Streaming frame 372/427
  ██████████████████░░░░░░░  73%  Streaming frame 373/427
  ██████████████████░░░░░░░  73%  Streaming frame 374/427
  ██████████████████░░░░░░░  73%  Streaming frame 375/427
  ██████████████████░░░░░░░  73%  Streaming frame 376/427
  ██████████████████░░░░░░░  74%  Streaming frame 377/427
  ██████████████████░░░░░░░  74%  Streaming frame 378/427
  ██████████████████░░░░░░░  74%  Streaming frame 379/427
  ██████████████████░░░░░░░  74%  Streaming frame 380/427
  ██████████████████░░░░░░░  74%  Streaming frame 381/427
  ██████████████████░░░░░░░  74%  Streaming frame 382/427
  ██████████████████░░░░░░░  74%  Streaming frame 383/427
  ██████████████████░░░░░░░  74%  Streaming frame 384/427
  ██████████████████░░░░░░░  75%  Streaming frame 385/427
  ██████████████████░░░░░░░  75%  Streaming frame 386/427
  ██████████████████░░░░░░░  75%  Streaming frame 387/427
  ██████████████████░░░░░░░  75%  Streaming frame 388/427
  ██████████████████░░░░░░░  75%  Streaming frame 389/427
  ██████████████████░░░░░░░  75%  Streaming frame 390/427
  ██████████████████░░░░░░░  75%  Streaming frame 391/427
  ██████████████████░░░░░░░  75%  Streaming frame 392/427
  ███████████████████░░░░░░  76%  Streaming frame 393/427
  ███████████████████░░░░░░  76%  Streaming frame 394/427
  ███████████████████░░░░░░  76%  Streaming frame 395/427
  ███████████████████░░░░░░  76%  Streaming frame 396/427
  ███████████████████░░░░░░  76%  Streaming frame 397/427
  ███████████████████░░░░░░  76%  Streaming frame 398/427
  ███████████████████░░░░░░  76%  Streaming frame 399/427
  ███████████████████░░░░░░  77%  Streaming frame 400/427
  ███████████████████░░░░░░  77%  Streaming frame 401/427
  ███████████████████░░░░░░  77%  Streaming frame 402/427
  ███████████████████░░░░░░  77%  Streaming frame 403/427
  ███████████████████░░░░░░  77%  Streaming frame 404/427
  ███████████████████░░░░░░  77%  Streaming frame 405/427
[INFO] [Render] drawElement self-verify passed {"renderJobId":"7f87f93d-9f6a-448a-9115-dcf2b7d224a3","frame":405,"psnrDb":"inf"}
  ███████████████████░░░░░░  77%  Streaming frame 406/427
  ███████████████████░░░░░░  77%  Streaming frame 407/427
  ███████████████████░░░░░░  78%  Streaming frame 408/427
  ███████████████████░░░░░░  78%  Streaming frame 409/427
  ███████████████████░░░░░░  78%  Streaming frame 410/427
  ███████████████████░░░░░░  78%  Streaming frame 411/427
  ███████████████████░░░░░░  78%  Streaming frame 412/427
  ███████████████████░░░░░░  78%  Streaming frame 413/427
  ███████████████████░░░░░░  78%  Streaming frame 414/427
  ███████████████████░░░░░░  78%  Streaming frame 415/427
  ███████████████████░░░░░░  79%  Streaming frame 416/427
  ███████████████████░░░░░░  79%  Streaming frame 417/427
  ███████████████████░░░░░░  79%  Streaming frame 418/427
  ███████████████████░░░░░░  79%  Streaming frame 419/427
  ███████████████████░░░░░░  79%  Streaming frame 420/427
  ███████████████████░░░░░░  79%  Streaming frame 421/427
  ███████████████████░░░░░░  79%  Streaming frame 422/427
  ███████████████████░░░░░░  79%  Streaming frame 423/427
  ████████████████████░░░░░  80%  Streaming frame 424/427
  ████████████████████░░░░░  80%  Streaming frame 425/427
  ████████████████████░░░░░  80%  Streaming frame 426/427
  ████████████████████░░░░░  80%  Streaming frame 427/427
[INFO] [Render:trace] {"renderJobId":"7f87f93d-9f6a-448a-9115-dcf2b7d224a3","phase":"capture_streaming","status":"end","elapsedMs":13359,"durationMs":12268,"stagePhase":"capturing","workerCount":1,"forceScreenshot":false,"totalFrames":427,"framesCompleted":427,"captureMode":"drawelement","captureOperation":"encode"}
[INFO] [Render:trace] {"renderJobId":"7f87f93d-9f6a-448a-9115-dcf2b7d224a3","phase":"assemble","status":"start","elapsedMs":13361,"stagePhase":"capturing","hasAudio":true,"workerCount":1,"forceScreenshot":false,"totalFrames":427,"framesCompleted":427,"captureMode":"drawelement","captureOperation":"encode"}
  ██████████████████████░░░  90%  Assembling final video
[INFO] [Render:trace] {"renderJobId":"7f87f93d-9f6a-448a-9115-dcf2b7d224a3","phase":"assemble","status":"end","elapsedMs":13822,"durationMs":461,"stagePhase":"capturing","hasAudio":true,"workerCount":1,"forceScreenshot":false,"totalFrames":427,"framesCompleted":427,"captureMode":"drawelement","captureOperation":"encode"}
[INFO] [Render:trace] {"renderJobId":"7f87f93d-9f6a-448a-9115-dcf2b7d224a3","phase":"pipeline","status":"checkpoint","elapsedMs":13848,"message":"artifact validated","totalElapsedMs":13846}
  █████████████████████████  100%  Render complete

◇  /Users/brownmanbrain/GitHub/operator-economy/blueprint-cinema/experiments/EP009-SHORTS-003/02-cheap-tools/review/ep009-short02-avatar-r3-review-final.mp4
   4.1 MB · 17.8s video · rendered in 13.9s
   drawelement capture · hardware gpu · compile 0.3s · extract 0.2s · audio 0.4s · probe 0.1s · setup 0.2s · capture 12.3s · encode (during capture) 12.3s · assemble 0.5s
