
◆  Rendering seg036__seg039 → /Users/brownmanbrain/GitHub/operator-economy/blueprint-cinema/experiments/EP009-FULL-BUILD-001/scenes/seg036__seg039/qa/seg036__seg039.mp4
   24fps · high · auto workers (10 cores detected)
   GPU: browser GPU (auto-detect)

[?25l│
◇  Browser: cache
[?25h[INFO] [Render] Pipeline started {"renderJobId":"d3905a33-3e34-4c28-b132-ecab6760f6c4","platform":"darwin","arch":"arm64","nodeVersion":"v25.6.1","fps":{"num":24,"den":1},"format":"mp4","quality":"high","browserGpuMode":"auto","forceScreenshot":false,"protocolTimeout":300000,"browserTimeout":120000,"pageNavigationTimeout":60000,"playerReadyTimeout":45000}
[INFO] [Render:trace] {"renderJobId":"d3905a33-3e34-4c28-b132-ecab6760f6c4","phase":"pipeline","status":"checkpoint","elapsedMs":2,"message":"started","format":"mp4","quality":"high","browserGpuMode":"auto","forceScreenshot":false,"protocolTimeoutMs":300000,"pageNavigationTimeoutMs":60000,"playerReadyTimeoutMs":45000,"requestedWorkers":"auto"}
[INFO] [Render:trace] {"renderJobId":"d3905a33-3e34-4c28-b132-ecab6760f6c4","phase":"compile","status":"start","elapsedMs":2,"needsAlpha":false}
  █░░░░░░░░░░░░░░░░░░░░░░░░  5%  Compiling composition
[INFO] [Compiler] Embedded local font file: public/fonts/boska-700.woff2 (30 KB → data URI)
[INFO] [Compiler] Embedded local font file: public/fonts/supreme-400.woff2 (18 KB → data URI)
[INFO] [Compiler] Embedded local font file: public/fonts/supreme-500.woff2 (18 KB → data URI)
[INFO] [Render] Fast capture: composition uses mix-blend-mode — disabling drawElementImage for this render. Capture uses the platform's baseline route. {"renderJobId":"d3905a33-3e34-4c28-b132-ecab6760f6c4"}
[INFO] Compiled composition metadata {"renderJobId":"d3905a33-3e34-4c28-b132-ecab6760f6c4","entryFile":"index.html","staticDuration":109.833333,"width":1280,"height":720,"videoCount":0,"audioCount":1,"renderModeHints":{"recommendScreenshot":false,"reasons":[]}}
[INFO] [Render:trace] {"renderJobId":"d3905a33-3e34-4c28-b132-ecab6760f6c4","phase":"compile","status":"end","elapsedMs":75,"durationMs":73,"needsAlpha":false}
[INFO] [Render:trace] {"renderJobId":"d3905a33-3e34-4c28-b132-ecab6760f6c4","phase":"compile","status":"checkpoint","elapsedMs":76,"message":"composition metadata resolved","width":1280,"height":720,"videoCount":0,"audioCount":1,"imageCount":0,"deviceScaleFactor":1,"forceScreenshot":false,"compositionHash":"e629691f948b4159"}
[INFO] [Render:trace] {"renderJobId":"d3905a33-3e34-4c28-b132-ecab6760f6c4","phase":"browser_probe","status":"start","elapsedMs":76,"forceScreenshot":false,"stagePhase":"calibrating"}
[INFO] [Render:trace] {"renderJobId":"d3905a33-3e34-4c28-b132-ecab6760f6c4","phase":"browser_probe","status":"end","elapsedMs":84,"durationMs":8,"forceScreenshot":false,"stagePhase":"calibrating"}
[INFO] [Render:trace] {"renderJobId":"d3905a33-3e34-4c28-b132-ecab6760f6c4","phase":"browser_probe","status":"checkpoint","elapsedMs":84,"message":"duration resolved","durationSeconds":109.833333,"totalFrames":2636,"compositionHash":"e629691f948b4159","beginFrameStalled":false}
[INFO] [Render:trace] {"renderJobId":"d3905a33-3e34-4c28-b132-ecab6760f6c4","phase":"video_extract","status":"start","elapsedMs":84,"videoCount":0}
  ██░░░░░░░░░░░░░░░░░░░░░░░  10%  Extracting video frames
[INFO] [Render:trace] {"renderJobId":"d3905a33-3e34-4c28-b132-ecab6760f6c4","phase":"video_extract","status":"end","elapsedMs":84,"durationMs":0,"videoCount":0}
[INFO] [Render:trace] {"renderJobId":"d3905a33-3e34-4c28-b132-ecab6760f6c4","phase":"video_extract","status":"checkpoint","elapsedMs":85,"message":"frames resolved","videoCount":0,"extractedVideoCount":0,"totalFramesExtracted":0,"maxFramesPerVideo":0,"avgFramesPerExtractedVideo":null,"vfrPreflightCount":null,"vfrPreflightMs":null,"cacheHits":null,"cacheMisses":null,"transientRetries":null,"minVideoFrameCoverageRatio":null,"authoredTimedClipCount":2}
[INFO] [Render] No HDR sources detected — rendering SDR {"renderJobId":"d3905a33-3e34-4c28-b132-ecab6760f6c4"}
[INFO] [Render:trace] {"renderJobId":"d3905a33-3e34-4c28-b132-ecab6760f6c4","phase":"hdr_detection","status":"checkpoint","elapsedMs":86,"message":"resolved","requestedHdrMode":"auto","effectiveHdr":"sdr","nativeHdrVideoCount":0,"nativeHdrImageCount":0}
[INFO] [Render:trace] {"renderJobId":"d3905a33-3e34-4c28-b132-ecab6760f6c4","phase":"audio_process","status":"start","elapsedMs":86,"audioCount":1}
  █████░░░░░░░░░░░░░░░░░░░░  20%  Processing audio tracks
[INFO] [Render:trace] {"renderJobId":"d3905a33-3e34-4c28-b132-ecab6760f6c4","phase":"audio_process","status":"end","elapsedMs":2051,"durationMs":1965,"audioCount":1}
[INFO] [Render:trace] {"renderJobId":"d3905a33-3e34-4c28-b132-ecab6760f6c4","phase":"file_server","status":"start","elapsedMs":2051,"reused":false}
  ██████░░░░░░░░░░░░░░░░░░░  25%  Starting frame capture
[INFO] [Render:trace] {"renderJobId":"d3905a33-3e34-4c28-b132-ecab6760f6c4","phase":"file_server","status":"end","elapsedMs":2058,"durationMs":7}
[hyperframes] browserGpuMode probe → hardware (WebGL renderer vendor="Google Inc. (Apple)" renderer="ANGLE (Apple, ANGLE Metal Renderer: Apple M4, Unspecified Version)")
[INFO] [Render:trace] {"renderJobId":"d3905a33-3e34-4c28-b132-ecab6760f6c4","phase":"capture_calibration","status":"start","elapsedMs":2200,"stagePhase":"calibrating","forceScreenshot":false,"totalFrames":2636,"framesCompleted":0,"captureMode":"beginframe","captureOperation":"beginFrame"}
[INFO] [Render] Calibration config {"renderJobId":"d3905a33-3e34-4c28-b132-ecab6760f6c4","protocolTimeout":30000,"parentProtocolTimeout":300000,"forceScreenshot":false,"totalFrames":2636}
[INFO] Launching browser for capture calibration... {"renderJobId":"d3905a33-3e34-4c28-b132-ecab6760f6c4"}
[BrowserManager] Browser launched (HeadlessChrome/152.0.7977.30, screenshot, gl=--use-gl=angle --use-angle=metal, headlessShell=true, platform=darwin)
[INFO] Initializing calibration session... {"renderJobId":"d3905a33-3e34-4c28-b132-ecab6760f6c4"}
[initSession:screenshot] page.goto start (0ms)
[HyperFrames] render runtime fps [object Object]
[initSession:screenshot] page.goto complete (82ms)
[initSession:screenshot] GSAP proxy flush complete (113ms)
[initSession:screenshot] pollHfReady complete (114ms)
[initSession:screenshot] pollSubCompositionTimelines complete (ready) (115ms)
[initSession:screenshot] applyVideoMetadataHints complete (115ms)
[initSession:screenshot] media + fonts + tailwind ready (116ms)
[initSession:screenshot] static-frame dedup: 2030/2030 predicted frame(s) reusable (outcome=verified, runs=37/37, screenshots=140, seeks=141, elapsedMs=5766) (6066ms)
[INFO] Calibration session ready, capturing test frames... {"renderJobId":"d3905a33-3e34-4c28-b132-ecab6760f6c4"}
[INFO] Calibration: capturing test frame 1/5... {"renderJobId":"d3905a33-3e34-4c28-b132-ecab6760f6c4"}
[INFO] Calibration: capturing test frame 2/5... {"renderJobId":"d3905a33-3e34-4c28-b132-ecab6760f6c4"}
[INFO] Calibration: capturing test frame 3/5... {"renderJobId":"d3905a33-3e34-4c28-b132-ecab6760f6c4"}
[INFO] Calibration: capturing test frame 4/5... {"renderJobId":"d3905a33-3e34-4c28-b132-ecab6760f6c4"}
[INFO] Calibration: capturing test frame 5/5... {"renderJobId":"d3905a33-3e34-4c28-b132-ecab6760f6c4"}
[INFO] Calibration complete, estimated cost: 51ms/frame (p95) {"renderJobId":"d3905a33-3e34-4c28-b132-ecab6760f6c4"}
[INFO] [Render:trace] {"renderJobId":"d3905a33-3e34-4c28-b132-ecab6760f6c4","phase":"capture_calibration","status":"end","elapsedMs":8647,"durationMs":6447,"stagePhase":"calibrating","forceScreenshot":false,"totalFrames":2636,"framesCompleted":0,"captureMode":"beginframe","captureOperation":"beginFrame"}
[INFO] [Render:trace] {"renderJobId":"d3905a33-3e34-4c28-b132-ecab6760f6c4","phase":"capture_calibration","status":"checkpoint","elapsedMs":8648,"message":"resolved","forceScreenshot":false,"multiplier":1,"p95Ms":51}
[INFO] [Render:trace] {"renderJobId":"d3905a33-3e34-4c28-b132-ecab6760f6c4","phase":"worker_resolution","status":"checkpoint","elapsedMs":8648,"message":"resolved","workerCount":4}
[INFO] streaming-encode gate {"renderJobId":"d3905a33-3e34-4c28-b132-ecab6760f6c4","enabled":false,"configFlag":true,"outputFormat":"mp4","workerCount":4,"durationSeconds":109.833333,"maxDurationSeconds":240}
[INFO] [Render:trace] {"renderJobId":"d3905a33-3e34-4c28-b132-ecab6760f6c4","phase":"capture_strategy","status":"checkpoint","elapsedMs":8648,"message":"resolved","workerCount":4,"forceScreenshot":false,"captureBeyondViewport":null,"useStreamingEncode":false,"useLayeredComposite":false,"usePageSideCompositing":false,"hasHdrContent":false,"hasShaderTransitions":false,"isPngSequence":false}
[INFO] [Render:trace] {"renderJobId":"d3905a33-3e34-4c28-b132-ecab6760f6c4","phase":"capture_disk","status":"start","elapsedMs":8649,"stagePhase":"capturing","needsAlpha":false,"workerCount":4,"forceScreenshot":false,"totalFrames":2636,"framesCompleted":0,"captureMode":"beginframe","captureOperation":"beginFrame"}
  ██████░░░░░░░░░░░░░░░░░░░  25%  Capturing frame 0/2636 (4 workers)
  ██████░░░░░░░░░░░░░░░░░░░  25%  Capturing frame 0/2636 (4 workers)
  ██████░░░░░░░░░░░░░░░░░░░  25%  Capturing frame 0/2636 (4 workers)
  ██████░░░░░░░░░░░░░░░░░░░  25%  Capturing frame 0/2636 (4 workers)
[BrowserManager] Browser launched (HeadlessChrome/152.0.7977.30, screenshot, gl=--use-gl=angle --use-angle=metal, headlessShell=true, platform=darwin)
  ██████░░░░░░░░░░░░░░░░░░░  25%  Capturing frame 0/2636 (4 workers)
[initSession:screenshot] page.goto start (0ms)
  ██████░░░░░░░░░░░░░░░░░░░  25%  Capturing frame 0/2636 (4 workers)
  ██████░░░░░░░░░░░░░░░░░░░  25%  Capturing frame 0/2636 (4 workers)
[initSession:screenshot] page.goto start (0ms)
  ██████░░░░░░░░░░░░░░░░░░░  25%  Capturing frame 0/2636 (4 workers)
  ██████░░░░░░░░░░░░░░░░░░░  25%  Capturing frame 0/2636 (4 workers)
[initSession:screenshot] page.goto start (0ms)
  ██████░░░░░░░░░░░░░░░░░░░  25%  Capturing frame 0/2636 (4 workers)
  ██████░░░░░░░░░░░░░░░░░░░  25%  Capturing frame 0/2636 (4 workers)
[initSession:screenshot] page.goto start (1ms)
  ██████░░░░░░░░░░░░░░░░░░░  25%  Capturing frame 0/2636 (4 workers)
[HyperFrames] render runtime fps [object Object]
[HyperFrames] render runtime fps [object Object]
[HyperFrames] render runtime fps [object Object]
[HyperFrames] render runtime fps [object Object]
[initSession:screenshot] page.goto complete (111ms)
[initSession:screenshot] page.goto complete (132ms)
[initSession:screenshot] page.goto complete (141ms)
[initSession:screenshot] page.goto complete (145ms)
[initSession:screenshot] GSAP proxy flush complete (156ms)
[initSession:screenshot] GSAP proxy flush complete (165ms)
[initSession:screenshot] GSAP proxy flush complete (168ms)
[initSession:screenshot] GSAP proxy flush complete (168ms)
[initSession:screenshot] pollHfReady complete (169ms)
[initSession:screenshot] pollHfReady complete (169ms)
[initSession:screenshot] pollHfReady complete (170ms)
[initSession:screenshot] pollHfReady complete (169ms)
[initSession:screenshot] pollSubCompositionTimelines complete (ready) (170ms)
[initSession:screenshot] applyVideoMetadataHints complete (170ms)
[initSession:screenshot] pollSubCompositionTimelines complete (ready) (171ms)
[initSession:screenshot] applyVideoMetadataHints complete (171ms)
[initSession:screenshot] pollSubCompositionTimelines complete (ready) (172ms)
[initSession:screenshot] applyVideoMetadataHints complete (172ms)
[initSession:screenshot] pollSubCompositionTimelines complete (ready) (171ms)
[initSession:screenshot] applyVideoMetadataHints complete (172ms)
[initSession:screenshot] media + fonts + tailwind ready (172ms)
[initSession:screenshot] media + fonts + tailwind ready (173ms)
[initSession:screenshot] media + fonts + tailwind ready (174ms)
[initSession:screenshot] media + fonts + tailwind ready (173ms)
[initSession:screenshot] static-frame dedup: 2030/2030 predicted frame(s) reusable (outcome=verified, runs=37/37, screenshots=140, seeks=141, elapsedMs=5694) (6021ms)
  ██████░░░░░░░░░░░░░░░░░░░  25%  Capturing frame 0/2636 (4 workers)
[initSession:screenshot] static-frame dedup: 2030/2030 predicted frame(s) reusable (outcome=verified, runs=37/37, screenshots=140, seeks=141, elapsedMs=5715) (6045ms)
  ██████░░░░░░░░░░░░░░░░░░░  25%  Capturing frame 0/2636 (4 workers)
[initSession:screenshot] static-frame dedup: 2030/2030 predicted frame(s) reusable (outcome=verified, runs=37/37, screenshots=140, seeks=141, elapsedMs=5731) (6057ms)
  ██████░░░░░░░░░░░░░░░░░░░  25%  Capturing frame 0/2636 (4 workers)
  ██████░░░░░░░░░░░░░░░░░░░  26%  Capturing frame 30/2636 (4 workers)
[initSession:screenshot] static-frame dedup: 2030/2030 predicted frame(s) reusable (outcome=verified, runs=37/37, screenshots=140, seeks=141, elapsedMs=5732) (6158ms)
  ██████░░░░░░░░░░░░░░░░░░░  26%  Capturing frame 60/2636 (4 workers)
  ██████░░░░░░░░░░░░░░░░░░░  27%  Capturing frame 90/2636 (4 workers)
  ██████░░░░░░░░░░░░░░░░░░░  27%  Capturing frame 120/2636 (4 workers)
  ███████░░░░░░░░░░░░░░░░░░  28%  Capturing frame 150/2636 (4 workers)
  ███████░░░░░░░░░░░░░░░░░░  28%  Capturing frame 180/2636 (4 workers)
  ███████░░░░░░░░░░░░░░░░░░  29%  Capturing frame 210/2636 (4 workers)
  ███████░░░░░░░░░░░░░░░░░░  29%  Capturing frame 240/2636 (4 workers)
  ███████░░░░░░░░░░░░░░░░░░  30%  Capturing frame 270/2636 (4 workers)
  ███████░░░░░░░░░░░░░░░░░░  30%  Capturing frame 300/2636 (4 workers)
  ███████░░░░░░░░░░░░░░░░░░  31%  Capturing frame 330/2636 (4 workers)
  ███████░░░░░░░░░░░░░░░░░░  31%  Capturing frame 360/2636 (4 workers)
  ████████░░░░░░░░░░░░░░░░░  32%  Capturing frame 390/2636 (4 workers)
  ████████░░░░░░░░░░░░░░░░░  32%  Capturing frame 420/2636 (4 workers)
  ████████░░░░░░░░░░░░░░░░░  33%  Capturing frame 450/2636 (4 workers)
  ████████░░░░░░░░░░░░░░░░░  33%  Capturing frame 480/2636 (4 workers)
  ████████░░░░░░░░░░░░░░░░░  34%  Capturing frame 510/2636 (4 workers)
  ████████░░░░░░░░░░░░░░░░░  34%  Capturing frame 540/2636 (4 workers)
  ████████░░░░░░░░░░░░░░░░░  35%  Capturing frame 570/2636 (4 workers)
  ████████░░░░░░░░░░░░░░░░░  35%  Capturing frame 600/2636 (4 workers)
  █████████░░░░░░░░░░░░░░░░  36%  Capturing frame 630/2636 (4 workers)
  █████████░░░░░░░░░░░░░░░░  36%  Capturing frame 660/2636 (4 workers)
  █████████░░░░░░░░░░░░░░░░  37%  Capturing frame 690/2636 (4 workers)
  █████████░░░░░░░░░░░░░░░░  37%  Capturing frame 720/2636 (4 workers)
  █████████░░░░░░░░░░░░░░░░  38%  Capturing frame 750/2636 (4 workers)
  █████████░░░░░░░░░░░░░░░░  38%  Capturing frame 780/2636 (4 workers)
  █████████░░░░░░░░░░░░░░░░  39%  Capturing frame 810/2636 (4 workers)
  █████████░░░░░░░░░░░░░░░░  39%  Capturing frame 840/2636 (4 workers)
  ██████████░░░░░░░░░░░░░░░  40%  Capturing frame 870/2636 (4 workers)
  ██████████░░░░░░░░░░░░░░░  40%  Capturing frame 900/2636 (4 workers)
  ██████████░░░░░░░░░░░░░░░  41%  Capturing frame 930/2636 (4 workers)
  ██████████░░░░░░░░░░░░░░░  41%  Capturing frame 960/2636 (4 workers)
  ██████████░░░░░░░░░░░░░░░  42%  Capturing frame 990/2636 (4 workers)
  ██████████░░░░░░░░░░░░░░░  42%  Capturing frame 1020/2636 (4 workers)
  ██████████░░░░░░░░░░░░░░░  43%  Capturing frame 1050/2636 (4 workers)
  ██████████░░░░░░░░░░░░░░░  43%  Capturing frame 1080/2636 (4 workers)
  ███████████░░░░░░░░░░░░░░  44%  Capturing frame 1110/2636 (4 workers)
  ███████████░░░░░░░░░░░░░░  44%  Capturing frame 1140/2636 (4 workers)
  ███████████░░░░░░░░░░░░░░  45%  Capturing frame 1170/2636 (4 workers)
  ███████████░░░░░░░░░░░░░░  45%  Capturing frame 1200/2636 (4 workers)
  ███████████░░░░░░░░░░░░░░  46%  Capturing frame 1230/2636 (4 workers)
  ███████████░░░░░░░░░░░░░░  47%  Capturing frame 1260/2636 (4 workers)
  ███████████░░░░░░░░░░░░░░  47%  Capturing frame 1290/2636 (4 workers)
  ████████████░░░░░░░░░░░░░  48%  Capturing frame 1320/2636 (4 workers)
  ████████████░░░░░░░░░░░░░  48%  Capturing frame 1350/2636 (4 workers)
[static-dedup] reused 594/659 frame(s) (90%), est. ~24354ms saved (avg 41ms/frame)
  ████████████░░░░░░░░░░░░░  49%  Capturing frame 1380/2636 (4 workers)
  ████████████░░░░░░░░░░░░░  49%  Capturing frame 1410/2636 (4 workers)
  ████████████░░░░░░░░░░░░░  50%  Capturing frame 1440/2636 (4 workers)
  ████████████░░░░░░░░░░░░░  50%  Capturing frame 1470/2636 (4 workers)
  ████████████░░░░░░░░░░░░░  51%  Capturing frame 1500/2636 (4 workers)
  ████████████░░░░░░░░░░░░░  51%  Capturing frame 1530/2636 (4 workers)
  █████████████░░░░░░░░░░░░  52%  Capturing frame 1560/2636 (4 workers)
  █████████████░░░░░░░░░░░░  52%  Capturing frame 1590/2636 (4 workers)
  █████████████░░░░░░░░░░░░  53%  Capturing frame 1620/2636 (4 workers)
  █████████████░░░░░░░░░░░░  53%  Capturing frame 1650/2636 (4 workers)
  █████████████░░░░░░░░░░░░  54%  Capturing frame 1680/2636 (4 workers)
  █████████████░░░░░░░░░░░░  54%  Capturing frame 1710/2636 (4 workers)
  █████████████░░░░░░░░░░░░  55%  Capturing frame 1740/2636 (4 workers)
  █████████████░░░░░░░░░░░░  55%  Capturing frame 1770/2636 (4 workers)
  ██████████████░░░░░░░░░░░  56%  Capturing frame 1800/2636 (4 workers)
  ██████████████░░░░░░░░░░░  56%  Capturing frame 1830/2636 (4 workers)
  ██████████████░░░░░░░░░░░  57%  Capturing frame 1860/2636 (4 workers)
  ██████████████░░░░░░░░░░░  57%  Capturing frame 1890/2636 (4 workers)
  ██████████████░░░░░░░░░░░  58%  Capturing frame 1920/2636 (4 workers)
  ██████████████░░░░░░░░░░░  58%  Capturing frame 1950/2636 (4 workers)
  ██████████████░░░░░░░░░░░  59%  Capturing frame 1980/2636 (4 workers)
  ██████████████░░░░░░░░░░░  59%  Capturing frame 2010/2636 (4 workers)
  ███████████████░░░░░░░░░░  60%  Capturing frame 2040/2636 (4 workers)
  ███████████████░░░░░░░░░░  60%  Capturing frame 2070/2636 (4 workers)
  ███████████████░░░░░░░░░░  61%  Capturing frame 2100/2636 (4 workers)
  ███████████████░░░░░░░░░░  61%  Capturing frame 2130/2636 (4 workers)
  ███████████████░░░░░░░░░░  62%  Capturing frame 2160/2636 (4 workers)
  ███████████████░░░░░░░░░░  62%  Capturing frame 2190/2636 (4 workers)
  ███████████████░░░░░░░░░░  63%  Capturing frame 2220/2636 (4 workers)
  ███████████████░░░░░░░░░░  63%  Capturing frame 2250/2636 (4 workers)
  ████████████████░░░░░░░░░  64%  Capturing frame 2280/2636 (4 workers)
  ████████████████░░░░░░░░░  64%  Capturing frame 2310/2636 (4 workers)
  ████████████████░░░░░░░░░  65%  Capturing frame 2340/2636 (4 workers)
  ████████████████░░░░░░░░░  65%  Capturing frame 2370/2636 (4 workers)
[static-dedup] reused 496/659 frame(s) (75%), est. ~20832ms saved (avg 42ms/frame)
  ████████████████░░░░░░░░░  66%  Capturing frame 2400/2636 (4 workers)
  ████████████████░░░░░░░░░  66%  Capturing frame 2430/2636 (4 workers)
[static-dedup] reused 487/659 frame(s) (74%), est. ~20454ms saved (avg 42ms/frame)
  ████████████████░░░░░░░░░  67%  Capturing frame 2460/2636 (4 workers)
  █████████████████░░░░░░░░  68%  Capturing frame 2490/2636 (4 workers)
  █████████████████░░░░░░░░  68%  Capturing frame 2520/2636 (4 workers)
  █████████████████░░░░░░░░  69%  Capturing frame 2550/2636 (4 workers)
  █████████████████░░░░░░░░  69%  Capturing frame 2580/2636 (4 workers)
  █████████████████░░░░░░░░  70%  Capturing frame 2610/2636 (4 workers)
  █████████████████░░░░░░░░  70%  Capturing frame 2636/2636 (4 workers)
[static-dedup] reused 451/659 frame(s) (68%), est. ~18942ms saved (avg 42ms/frame)
[INFO] [Render:trace] {"renderJobId":"d3905a33-3e34-4c28-b132-ecab6760f6c4","phase":"capture_disk","status":"end","elapsedMs":23916,"durationMs":15267,"stagePhase":"capturing","needsAlpha":false,"workerCount":4,"forceScreenshot":false,"totalFrames":2636,"framesCompleted":2636,"captureMode":"beginframe","captureOperation":"encode"}
[INFO] [Render:trace] {"renderJobId":"d3905a33-3e34-4c28-b132-ecab6760f6c4","phase":"encode","status":"start","elapsedMs":23916,"stagePhase":"capturing","hasAudio":true,"isPngSequence":false,"isGif":false,"chunkedEncode":false,"workerCount":4,"forceScreenshot":false,"totalFrames":2636,"framesCompleted":2636,"captureMode":"beginframe","captureOperation":"encode"}
  ██████████████████░░░░░░░  75%  Encoding video
[INFO] [Render:trace] {"renderJobId":"d3905a33-3e34-4c28-b132-ecab6760f6c4","phase":"encode","status":"end","elapsedMs":27332,"durationMs":3416,"stagePhase":"capturing","hasAudio":true,"isPngSequence":false,"isGif":false,"chunkedEncode":false,"workerCount":4,"forceScreenshot":false,"totalFrames":2636,"framesCompleted":2636,"captureMode":"beginframe","captureOperation":"encode"}
[INFO] [Render:trace] {"renderJobId":"d3905a33-3e34-4c28-b132-ecab6760f6c4","phase":"assemble","status":"start","elapsedMs":27333,"stagePhase":"capturing","hasAudio":true,"workerCount":4,"forceScreenshot":false,"totalFrames":2636,"framesCompleted":2636,"captureMode":"beginframe","captureOperation":"encode"}
  ██████████████████████░░░  90%  Assembling final video
[INFO] [Render:trace] {"renderJobId":"d3905a33-3e34-4c28-b132-ecab6760f6c4","phase":"assemble","status":"end","elapsedMs":29514,"durationMs":2181,"stagePhase":"capturing","hasAudio":true,"workerCount":4,"forceScreenshot":false,"totalFrames":2636,"framesCompleted":2636,"captureMode":"beginframe","captureOperation":"encode"}
[INFO] [Render:trace] {"renderJobId":"d3905a33-3e34-4c28-b132-ecab6760f6c4","phase":"pipeline","status":"checkpoint","elapsedMs":29541,"message":"artifact validated","totalElapsedMs":29533}
  █████████████████████████  100%  Render complete

◇  /Users/brownmanbrain/GitHub/operator-economy/blueprint-cinema/experiments/EP009-FULL-BUILD-001/scenes/seg036__seg039/qa/seg036__seg039.mp4
   4.6 MB · 1m 49.8s video · rendered in 29.6s
