
◆  Rendering seg013 → /Users/brownmanbrain/GitHub/operator-economy/blueprint-cinema/experiments/EP009-FULL-BUILD-001/scenes/seg013/qa/seg013.mp4
   24fps · high · auto workers (10 cores detected)
   GPU: browser GPU (auto-detect)

[?25l│
◇  Browser: cache
[?25h  █░░░░░░░░░░░░░░░░░░░░░░░░  5%  Compiling composition
  ██░░░░░░░░░░░░░░░░░░░░░░░  10%  Extracting video frames
  █████░░░░░░░░░░░░░░░░░░░░  20%  Processing audio tracks
  ██████░░░░░░░░░░░░░░░░░░░  25%  Starting frame capture
[BrowserManager] Browser launched (HeadlessChrome/152.0.7977.30, screenshot, gl=--use-gl=angle --use-angle=metal, headlessShell=true, platform=darwin)
[initSession:screenshot] page.goto start (0ms)
[HyperFrames] render runtime fps [object Object]
[initSession:screenshot] page.goto complete (84ms)
[initSession:screenshot] GSAP proxy flush complete (115ms)
[initSession:screenshot] pollHfReady complete (116ms)
[initSession:screenshot] pollSubCompositionTimelines complete (ready) (117ms)
[initSession:screenshot] applyVideoMetadataHints complete (117ms)
[initSession:screenshot] media + fonts + tailwind ready (118ms)
[initSession:screenshot] timeline at-risk predictor: 0/143 frames (0%) (143ms)
[initSession:screenshot] static-frame dedup: 112/112 predicted frame(s) reusable (outcome=verified, runs=3/3, screenshots=27, seeks=28, elapsedMs=1053) (1373ms)
[initSession:screenshot] drawElement self-verify armed: 4 ground-truth frame(s) @ [36, 71, 107, 135] of 142 (1738ms)
[initSession:drawelement] drawElement canvas injected (1739ms)
[initSession:drawelement] screenshot fallback: 5 clip-boundary frame(s) (1739ms)
[initSession:drawelement] drawElement worker encode initialized (1741ms)
  ██████░░░░░░░░░░░░░░░░░░░  25%  Capturing frame 0/142 (4 workers)
  ██████░░░░░░░░░░░░░░░░░░░  25%  Capturing frame 0/142 (4 workers)
  ██████░░░░░░░░░░░░░░░░░░░  25%  Capturing frame 0/142 (4 workers)
  ██████░░░░░░░░░░░░░░░░░░░  25%  Capturing frame 0/142 (4 workers)
[BrowserManager] Browser launched (HeadlessChrome/152.0.7977.30, screenshot, gl=--use-gl=angle --use-angle=metal, headlessShell=true, platform=darwin)
  ██████░░░░░░░░░░░░░░░░░░░  25%  Capturing frame 0/142 (4 workers)
[initSession:screenshot] page.goto start (0ms)
  ██████░░░░░░░░░░░░░░░░░░░  25%  Capturing frame 0/142 (4 workers)
  ██████░░░░░░░░░░░░░░░░░░░  25%  Capturing frame 0/142 (4 workers)
[initSession:screenshot] page.goto start (0ms)
  ██████░░░░░░░░░░░░░░░░░░░  25%  Capturing frame 0/142 (4 workers)
  ██████░░░░░░░░░░░░░░░░░░░  25%  Capturing frame 0/142 (4 workers)
[initSession:screenshot] page.goto start (0ms)
  ██████░░░░░░░░░░░░░░░░░░░  25%  Capturing frame 0/142 (4 workers)
  ██████░░░░░░░░░░░░░░░░░░░  25%  Capturing frame 0/142 (4 workers)
[initSession:screenshot] page.goto start (0ms)
  ██████░░░░░░░░░░░░░░░░░░░  25%  Capturing frame 0/142 (4 workers)
[HyperFrames] render runtime fps [object Object]
[HyperFrames] render runtime fps [object Object]
[HyperFrames] render runtime fps [object Object]
[initSession:screenshot] page.goto complete (133ms)
[initSession:screenshot] page.goto complete (138ms)
[initSession:screenshot] page.goto complete (144ms)
[HyperFrames] render runtime fps [object Object]
[initSession:screenshot] GSAP proxy flush complete (156ms)
[initSession:screenshot] GSAP proxy flush complete (157ms)
[initSession:screenshot] page.goto complete (117ms)
[initSession:screenshot] GSAP proxy flush complete (159ms)
[initSession:screenshot] pollHfReady complete (160ms)
[initSession:screenshot] pollHfReady complete (162ms)
[initSession:screenshot] GSAP proxy flush complete (121ms)
[initSession:screenshot] pollHfReady complete (162ms)
[initSession:screenshot] pollSubCompositionTimelines complete (ready) (164ms)
[initSession:screenshot] applyVideoMetadataHints complete (164ms)
[initSession:screenshot] pollSubCompositionTimelines complete (ready) (166ms)
[initSession:screenshot] applyVideoMetadataHints complete (166ms)
[initSession:screenshot] pollSubCompositionTimelines complete (ready) (167ms)
[initSession:screenshot] applyVideoMetadataHints complete (167ms)
[initSession:screenshot] media + fonts + tailwind ready (168ms)
[initSession:screenshot] media + fonts + tailwind ready (170ms)
[initSession:screenshot] media + fonts + tailwind ready (170ms)
[initSession:screenshot] pollHfReady complete (224ms)
[initSession:screenshot] pollSubCompositionTimelines complete (ready) (226ms)
[initSession:screenshot] applyVideoMetadataHints complete (226ms)
[initSession:screenshot] media + fonts + tailwind ready (228ms)
[initSession:screenshot] static-frame dedup: 112/112 predicted frame(s) reusable (outcome=verified, runs=3/3, screenshots=27, seeks=28, elapsedMs=1055) (1451ms)
  ██████░░░░░░░░░░░░░░░░░░░  25%  Capturing frame 0/142 (4 workers)
[initSession:screenshot] static-frame dedup: 112/112 predicted frame(s) reusable (outcome=verified, runs=3/3, screenshots=27, seeks=28, elapsedMs=1066) (1471ms)
  ██████░░░░░░░░░░░░░░░░░░░  25%  Capturing frame 0/142 (4 workers)
[initSession:screenshot] static-frame dedup: 112/112 predicted frame(s) reusable (outcome=verified, runs=3/3, screenshots=27, seeks=28, elapsedMs=1091) (1493ms)
  ██████░░░░░░░░░░░░░░░░░░░  25%  Capturing frame 0/142 (4 workers)
  ████████░░░░░░░░░░░░░░░░░  35%  Capturing frame 30/142 (4 workers)
[initSession:screenshot] static-frame dedup: 112/112 predicted frame(s) reusable (outcome=verified, runs=3/3, screenshots=27, seeks=28, elapsedMs=1047) (1485ms)
  ███████████░░░░░░░░░░░░░░  44%  Capturing frame 60/142 (4 workers)
[static-dedup] reused 35/36 frame(s) (97%), est. ~1505ms saved (avg 43ms/frame)
[static-dedup] reused 32/34 frame(s) (94%), est. ~1536ms saved (avg 48ms/frame)
  █████████████░░░░░░░░░░░░  54%  Capturing frame 90/142 (4 workers)
  ███████████████░░░░░░░░░░  63%  Capturing frame 120/142 (4 workers)
[static-dedup] reused 28/36 frame(s) (78%), est. ~1176ms saved (avg 42ms/frame)
  █████████████████░░░░░░░░  70%  Capturing frame 142/142 (4 workers)
[static-dedup] reused 15/36 frame(s) (42%), est. ~630ms saved (avg 42ms/frame)
  ██████████████████░░░░░░░  75%  Encoding video
  ██████████████████████░░░  90%  Assembling final video
  █████████████████████████  100%  Render complete

◇  /Users/brownmanbrain/GitHub/operator-economy/blueprint-cinema/experiments/EP009-FULL-BUILD-001/scenes/seg013/qa/seg013.mp4
   226.3 KB · 5.9s video · rendered in 5.7s
[INFO] [Render] Pipeline started {"renderJobId":"1758a2e4-92d3-492e-9c5e-2c69ac31bee1","platform":"darwin","arch":"arm64","nodeVersion":"v25.6.1","fps":{"num":24,"den":1},"format":"mp4","quality":"high","browserGpuMode":"auto","forceScreenshot":false,"protocolTimeout":300000,"browserTimeout":120000,"pageNavigationTimeout":60000,"playerReadyTimeout":45000}
[INFO] [Render:trace] {"renderJobId":"1758a2e4-92d3-492e-9c5e-2c69ac31bee1","phase":"pipeline","status":"checkpoint","elapsedMs":1,"message":"started","format":"mp4","quality":"high","browserGpuMode":"auto","forceScreenshot":false,"protocolTimeoutMs":300000,"pageNavigationTimeoutMs":60000,"playerReadyTimeoutMs":45000,"requestedWorkers":"auto"}
[INFO] [Render:trace] {"renderJobId":"1758a2e4-92d3-492e-9c5e-2c69ac31bee1","phase":"compile","status":"start","elapsedMs":2,"needsAlpha":false}
[INFO] [Compiler] Embedded local font file: public/fonts/boska-700.woff2 (30 KB → data URI)
[INFO] [Compiler] Embedded local font file: public/fonts/supreme-400.woff2 (18 KB → data URI)
[INFO] [Compiler] Embedded local font file: public/fonts/supreme-500.woff2 (18 KB → data URI)
[INFO] Compiled composition metadata {"renderJobId":"1758a2e4-92d3-492e-9c5e-2c69ac31bee1","entryFile":"index.html","staticDuration":5.916666666666667,"width":1280,"height":720,"videoCount":0,"audioCount":1,"renderModeHints":{"recommendScreenshot":false,"reasons":[]}}
[INFO] [Render:trace] {"renderJobId":"1758a2e4-92d3-492e-9c5e-2c69ac31bee1","phase":"compile","status":"end","elapsedMs":69,"durationMs":67,"needsAlpha":false}
[INFO] [Render:trace] {"renderJobId":"1758a2e4-92d3-492e-9c5e-2c69ac31bee1","phase":"compile","status":"checkpoint","elapsedMs":70,"message":"composition metadata resolved","width":1280,"height":720,"videoCount":0,"audioCount":1,"imageCount":0,"deviceScaleFactor":1,"forceScreenshot":false,"compositionHash":"61661c522919b5f1"}
[INFO] [Render:trace] {"renderJobId":"1758a2e4-92d3-492e-9c5e-2c69ac31bee1","phase":"browser_probe","status":"start","elapsedMs":70,"forceScreenshot":false,"stagePhase":"calibrating"}
[INFO] [Render:trace] {"renderJobId":"1758a2e4-92d3-492e-9c5e-2c69ac31bee1","phase":"browser_probe","status":"end","elapsedMs":72,"durationMs":2,"forceScreenshot":false,"stagePhase":"calibrating"}
[INFO] [Render:trace] {"renderJobId":"1758a2e4-92d3-492e-9c5e-2c69ac31bee1","phase":"browser_probe","status":"checkpoint","elapsedMs":72,"message":"duration resolved","durationSeconds":5.916666666666667,"totalFrames":142,"compositionHash":"61661c522919b5f1","beginFrameStalled":false}
[INFO] [Render:trace] {"renderJobId":"1758a2e4-92d3-492e-9c5e-2c69ac31bee1","phase":"video_extract","status":"start","elapsedMs":72,"videoCount":0}
[INFO] [Render:trace] {"renderJobId":"1758a2e4-92d3-492e-9c5e-2c69ac31bee1","phase":"video_extract","status":"end","elapsedMs":73,"durationMs":1,"videoCount":0}
[INFO] [Render:trace] {"renderJobId":"1758a2e4-92d3-492e-9c5e-2c69ac31bee1","phase":"video_extract","status":"checkpoint","elapsedMs":73,"message":"frames resolved","videoCount":0,"extractedVideoCount":0,"totalFramesExtracted":0,"maxFramesPerVideo":0,"avgFramesPerExtractedVideo":null,"vfrPreflightCount":null,"vfrPreflightMs":null,"cacheHits":null,"cacheMisses":null,"transientRetries":null,"minVideoFrameCoverageRatio":null,"authoredTimedClipCount":2}
[INFO] [Render] No HDR sources detected — rendering SDR {"renderJobId":"1758a2e4-92d3-492e-9c5e-2c69ac31bee1"}
[INFO] [Render:trace] {"renderJobId":"1758a2e4-92d3-492e-9c5e-2c69ac31bee1","phase":"hdr_detection","status":"checkpoint","elapsedMs":73,"message":"resolved","requestedHdrMode":"auto","effectiveHdr":"sdr","nativeHdrVideoCount":0,"nativeHdrImageCount":0}
[INFO] [Render:trace] {"renderJobId":"1758a2e4-92d3-492e-9c5e-2c69ac31bee1","phase":"audio_process","status":"start","elapsedMs":73,"audioCount":1}
[INFO] [Render:trace] {"renderJobId":"1758a2e4-92d3-492e-9c5e-2c69ac31bee1","phase":"audio_process","status":"end","elapsedMs":347,"durationMs":274,"audioCount":1}
[INFO] [Render:trace] {"renderJobId":"1758a2e4-92d3-492e-9c5e-2c69ac31bee1","phase":"file_server","status":"start","elapsedMs":347,"reused":false}
[INFO] [Render:trace] {"renderJobId":"1758a2e4-92d3-492e-9c5e-2c69ac31bee1","phase":"file_server","status":"end","elapsedMs":353,"durationMs":6}
[hyperframes] browserGpuMode probe → hardware (WebGL renderer vendor="Google Inc. (Apple)" renderer="ANGLE (Apple, ANGLE Metal Renderer: Apple M4, Unspecified Version)")
[INFO] [Render:trace] {"renderJobId":"1758a2e4-92d3-492e-9c5e-2c69ac31bee1","phase":"capture_calibration","status":"start","elapsedMs":511,"stagePhase":"calibrating","forceScreenshot":false,"totalFrames":142,"framesCompleted":0,"captureMode":"drawelement","captureOperation":"drawElement"}
[INFO] [Render] Calibration config {"renderJobId":"1758a2e4-92d3-492e-9c5e-2c69ac31bee1","protocolTimeout":30000,"parentProtocolTimeout":300000,"forceScreenshot":false,"totalFrames":142}
[INFO] Launching browser for capture calibration... {"renderJobId":"1758a2e4-92d3-492e-9c5e-2c69ac31bee1"}
[INFO] Initializing calibration session... {"renderJobId":"1758a2e4-92d3-492e-9c5e-2c69ac31bee1"}
[INFO] Calibration session ready, capturing test frames... {"renderJobId":"1758a2e4-92d3-492e-9c5e-2c69ac31bee1"}
[INFO] Calibration: capturing test frame 1/5... {"renderJobId":"1758a2e4-92d3-492e-9c5e-2c69ac31bee1"}
[INFO] Calibration: capturing test frame 2/5... {"renderJobId":"1758a2e4-92d3-492e-9c5e-2c69ac31bee1"}
[INFO] Calibration: capturing test frame 3/5... {"renderJobId":"1758a2e4-92d3-492e-9c5e-2c69ac31bee1"}
[INFO] Calibration: capturing test frame 4/5... {"renderJobId":"1758a2e4-92d3-492e-9c5e-2c69ac31bee1"}
[INFO] Calibration: capturing test frame 5/5... {"renderJobId":"1758a2e4-92d3-492e-9c5e-2c69ac31bee1"}
[INFO] Calibration complete, estimated cost: 18ms/frame (p95) {"renderJobId":"1758a2e4-92d3-492e-9c5e-2c69ac31bee1"}
[INFO] [Render:trace] {"renderJobId":"1758a2e4-92d3-492e-9c5e-2c69ac31bee1","phase":"capture_calibration","status":"end","elapsedMs":2513,"durationMs":2002,"stagePhase":"calibrating","forceScreenshot":false,"totalFrames":142,"framesCompleted":0,"captureMode":"drawelement","captureOperation":"drawElement"}
[INFO] [Render:trace] {"renderJobId":"1758a2e4-92d3-492e-9c5e-2c69ac31bee1","phase":"capture_calibration","status":"checkpoint","elapsedMs":2513,"message":"resolved","forceScreenshot":false,"multiplier":1,"p95Ms":18}
[INFO] [Render:trace] {"renderJobId":"1758a2e4-92d3-492e-9c5e-2c69ac31bee1","phase":"worker_resolution","status":"checkpoint","elapsedMs":2513,"message":"resolved","workerCount":4}
[INFO] [Render] Fast capture: default-on drawElement disabled for this render — parallel capture has no runtime self-verification. Set PRODUCER_EXPERIMENTAL_FAST_CAPTURE=true to override. {"renderJobId":"1758a2e4-92d3-492e-9c5e-2c69ac31bee1"}
[INFO] streaming-encode gate {"renderJobId":"1758a2e4-92d3-492e-9c5e-2c69ac31bee1","enabled":false,"configFlag":true,"outputFormat":"mp4","workerCount":4,"durationSeconds":5.916666666666667,"maxDurationSeconds":240}
[INFO] [Render:trace] {"renderJobId":"1758a2e4-92d3-492e-9c5e-2c69ac31bee1","phase":"capture_strategy","status":"checkpoint","elapsedMs":2513,"message":"resolved","workerCount":4,"forceScreenshot":false,"captureBeyondViewport":null,"useStreamingEncode":false,"useLayeredComposite":false,"usePageSideCompositing":false,"hasHdrContent":false,"hasShaderTransitions":false,"isPngSequence":false}
[INFO] [Render:trace] {"renderJobId":"1758a2e4-92d3-492e-9c5e-2c69ac31bee1","phase":"capture_disk","status":"start","elapsedMs":2514,"stagePhase":"capturing","needsAlpha":false,"workerCount":4,"forceScreenshot":false,"totalFrames":142,"framesCompleted":0,"captureMode":"beginframe","captureOperation":"beginFrame"}
[INFO] [Render:trace] {"renderJobId":"1758a2e4-92d3-492e-9c5e-2c69ac31bee1","phase":"capture_disk","status":"end","elapsedMs":5157,"durationMs":2643,"stagePhase":"capturing","needsAlpha":false,"workerCount":4,"forceScreenshot":false,"totalFrames":142,"framesCompleted":142,"captureMode":"beginframe","captureOperation":"encode"}
[INFO] [Render:trace] {"renderJobId":"1758a2e4-92d3-492e-9c5e-2c69ac31bee1","phase":"encode","status":"start","elapsedMs":5157,"stagePhase":"capturing","hasAudio":true,"isPngSequence":false,"isGif":false,"chunkedEncode":false,"workerCount":4,"forceScreenshot":false,"totalFrames":142,"framesCompleted":142,"captureMode":"beginframe","captureOperation":"encode"}
[INFO] [Render:trace] {"renderJobId":"1758a2e4-92d3-492e-9c5e-2c69ac31bee1","phase":"encode","status":"end","elapsedMs":5439,"durationMs":282,"stagePhase":"capturing","hasAudio":true,"isPngSequence":false,"isGif":false,"chunkedEncode":false,"workerCount":4,"forceScreenshot":false,"totalFrames":142,"framesCompleted":142,"captureMode":"beginframe","captureOperation":"encode"}
[INFO] [Render:trace] {"renderJobId":"1758a2e4-92d3-492e-9c5e-2c69ac31bee1","phase":"assemble","status":"start","elapsedMs":5440,"stagePhase":"capturing","hasAudio":true,"workerCount":4,"forceScreenshot":false,"totalFrames":142,"framesCompleted":142,"captureMode":"beginframe","captureOperation":"encode"}
[INFO] [Render:trace] {"renderJobId":"1758a2e4-92d3-492e-9c5e-2c69ac31bee1","phase":"assemble","status":"end","elapsedMs":5668,"durationMs":228,"stagePhase":"capturing","hasAudio":true,"workerCount":4,"forceScreenshot":false,"totalFrames":142,"framesCompleted":142,"captureMode":"beginframe","captureOperation":"encode"}
[INFO] [Render:trace] {"renderJobId":"1758a2e4-92d3-492e-9c5e-2c69ac31bee1","phase":"pipeline","status":"checkpoint","elapsedMs":5692,"message":"artifact validated","totalElapsedMs":5691}
