
◆  Rendering seg025__seg027 → /Users/brownmanbrain/GitHub/operator-economy/blueprint-cinema/experiments/EP009-FULL-BUILD-001/scenes/seg025__seg027/qa/seg025__seg027.mp4
   24fps · high · auto workers (10 cores detected)
   GPU: browser GPU (auto-detect)

[?25l│
◇  Browser: cache
[?25h[INFO] [Render] Pipeline started {"renderJobId":"998a8c3d-e253-4893-b042-c771e1efd992","platform":"darwin","arch":"arm64","nodeVersion":"v25.6.1","fps":{"num":24,"den":1},"format":"mp4","quality":"high","browserGpuMode":"auto","forceScreenshot":false,"protocolTimeout":300000,"browserTimeout":120000,"pageNavigationTimeout":60000,"playerReadyTimeout":45000}
[INFO] [Render:trace] {"renderJobId":"998a8c3d-e253-4893-b042-c771e1efd992","phase":"pipeline","status":"checkpoint","elapsedMs":2,"message":"started","format":"mp4","quality":"high","browserGpuMode":"auto","forceScreenshot":false,"protocolTimeoutMs":300000,"pageNavigationTimeoutMs":60000,"playerReadyTimeoutMs":45000,"requestedWorkers":"auto"}
[INFO] [Render:trace] {"renderJobId":"998a8c3d-e253-4893-b042-c771e1efd992","phase":"compile","status":"start","elapsedMs":2,"needsAlpha":false}
  █░░░░░░░░░░░░░░░░░░░░░░░░  5%  Compiling composition
[INFO] [Compiler] Embedded local font file: public/fonts/boska-700.woff2 (30 KB → data URI)
[INFO] [Compiler] Embedded local font file: public/fonts/supreme-400.woff2 (18 KB → data URI)
[INFO] [Compiler] Embedded local font file: public/fonts/supreme-500.woff2 (18 KB → data URI)
[INFO] Compiled composition metadata {"renderJobId":"998a8c3d-e253-4893-b042-c771e1efd992","entryFile":"index.html","staticDuration":62.333333,"width":1280,"height":720,"videoCount":0,"audioCount":1,"renderModeHints":{"recommendScreenshot":false,"reasons":[]}}
[INFO] [Render:trace] {"renderJobId":"998a8c3d-e253-4893-b042-c771e1efd992","phase":"compile","status":"end","elapsedMs":74,"durationMs":72,"needsAlpha":false}
[INFO] [Render:trace] {"renderJobId":"998a8c3d-e253-4893-b042-c771e1efd992","phase":"compile","status":"checkpoint","elapsedMs":74,"message":"composition metadata resolved","width":1280,"height":720,"videoCount":0,"audioCount":1,"imageCount":0,"deviceScaleFactor":1,"forceScreenshot":false,"compositionHash":"0a035e39c5805be0"}
[INFO] [Render:trace] {"renderJobId":"998a8c3d-e253-4893-b042-c771e1efd992","phase":"browser_probe","status":"start","elapsedMs":75,"forceScreenshot":false,"stagePhase":"calibrating"}
[INFO] [Render:trace] {"renderJobId":"998a8c3d-e253-4893-b042-c771e1efd992","phase":"browser_probe","status":"end","elapsedMs":83,"durationMs":8,"forceScreenshot":false,"stagePhase":"calibrating"}
[INFO] [Render:trace] {"renderJobId":"998a8c3d-e253-4893-b042-c771e1efd992","phase":"browser_probe","status":"checkpoint","elapsedMs":83,"message":"duration resolved","durationSeconds":62.333333,"totalFrames":1496,"compositionHash":"0a035e39c5805be0","beginFrameStalled":false}
[INFO] [Render:trace] {"renderJobId":"998a8c3d-e253-4893-b042-c771e1efd992","phase":"video_extract","status":"start","elapsedMs":83,"videoCount":0}
  ██░░░░░░░░░░░░░░░░░░░░░░░  10%  Extracting video frames
[INFO] [Render:trace] {"renderJobId":"998a8c3d-e253-4893-b042-c771e1efd992","phase":"video_extract","status":"end","elapsedMs":83,"durationMs":0,"videoCount":0}
[INFO] [Render:trace] {"renderJobId":"998a8c3d-e253-4893-b042-c771e1efd992","phase":"video_extract","status":"checkpoint","elapsedMs":84,"message":"frames resolved","videoCount":0,"extractedVideoCount":0,"totalFramesExtracted":0,"maxFramesPerVideo":0,"avgFramesPerExtractedVideo":null,"vfrPreflightCount":null,"vfrPreflightMs":null,"cacheHits":null,"cacheMisses":null,"transientRetries":null,"minVideoFrameCoverageRatio":null,"authoredTimedClipCount":2}
[INFO] [Render] No HDR sources detected — rendering SDR {"renderJobId":"998a8c3d-e253-4893-b042-c771e1efd992"}
[INFO] [Render:trace] {"renderJobId":"998a8c3d-e253-4893-b042-c771e1efd992","phase":"hdr_detection","status":"checkpoint","elapsedMs":85,"message":"resolved","requestedHdrMode":"auto","effectiveHdr":"sdr","nativeHdrVideoCount":0,"nativeHdrImageCount":0}
[INFO] [Render:trace] {"renderJobId":"998a8c3d-e253-4893-b042-c771e1efd992","phase":"audio_process","status":"start","elapsedMs":85,"audioCount":1}
  █████░░░░░░░░░░░░░░░░░░░░  20%  Processing audio tracks
[INFO] [Render:trace] {"renderJobId":"998a8c3d-e253-4893-b042-c771e1efd992","phase":"audio_process","status":"end","elapsedMs":1261,"durationMs":1176,"audioCount":1}
[INFO] [Render:trace] {"renderJobId":"998a8c3d-e253-4893-b042-c771e1efd992","phase":"file_server","status":"start","elapsedMs":1261,"reused":false}
  ██████░░░░░░░░░░░░░░░░░░░  25%  Starting frame capture
[INFO] [Render:trace] {"renderJobId":"998a8c3d-e253-4893-b042-c771e1efd992","phase":"file_server","status":"end","elapsedMs":1267,"durationMs":6}
[hyperframes] browserGpuMode probe → hardware (WebGL renderer vendor="Google Inc. (Apple)" renderer="ANGLE (Apple, ANGLE Metal Renderer: Apple M4, Unspecified Version)")
[INFO] [Render:trace] {"renderJobId":"998a8c3d-e253-4893-b042-c771e1efd992","phase":"capture_calibration","status":"checkpoint","elapsedMs":1429,"message":"skipped","requestedWorkers":"auto","totalFrames":1496,"htmlInCanvasDetected":false,"lowMemoryMode":false,"deInversionEligible":true,"deParallelRouterEligible":false}
[INFO] [Render] Fast capture: single-worker drawElement streaming preferred over 4-worker screenshot capture (1496 frames >= 900; verified path, measured faster at every worker count). Set HF_DE_SINGLE_MIN_FRAMES=0 or --workers N to override. {"renderJobId":"998a8c3d-e253-4893-b042-c771e1efd992"}
[INFO] [Render:trace] {"renderJobId":"998a8c3d-e253-4893-b042-c771e1efd992","phase":"worker_resolution","status":"checkpoint","elapsedMs":1430,"message":"resolved","workerCount":1}
[INFO] streaming-encode gate {"renderJobId":"998a8c3d-e253-4893-b042-c771e1efd992","enabled":true,"configFlag":true,"outputFormat":"mp4","workerCount":1,"durationSeconds":62.333333,"maxDurationSeconds":240}
[INFO] [Render:trace] {"renderJobId":"998a8c3d-e253-4893-b042-c771e1efd992","phase":"capture_strategy","status":"checkpoint","elapsedMs":1430,"message":"resolved","workerCount":1,"forceScreenshot":false,"captureBeyondViewport":null,"useStreamingEncode":true,"useLayeredComposite":false,"usePageSideCompositing":false,"hasHdrContent":false,"hasShaderTransitions":false,"isPngSequence":false}
[INFO] [Render:trace] {"renderJobId":"998a8c3d-e253-4893-b042-c771e1efd992","phase":"capture_streaming","status":"start","elapsedMs":1430,"stagePhase":"capturing","workerCount":1,"forceScreenshot":false,"totalFrames":1496,"framesCompleted":0,"captureMode":"drawelement","captureOperation":"drawElement"}
[BrowserManager] Browser launched (HeadlessChrome/152.0.7977.30, screenshot, gl=--use-gl=angle --use-angle=metal, headlessShell=true, platform=darwin)
[initSession:screenshot] page.goto start (0ms)
[HyperFrames] render runtime fps [object Object]
[initSession:screenshot] page.goto complete (139ms)
[initSession:screenshot] GSAP proxy flush complete (168ms)
[initSession:screenshot] pollHfReady complete (169ms)
[initSession:screenshot] pollSubCompositionTimelines complete (ready) (170ms)
[initSession:screenshot] applyVideoMetadataHints complete (170ms)
[initSession:screenshot] media + fonts + tailwind ready (171ms)
[initSession:screenshot] timeline at-risk predictor: 0/1496 frames (0%) (198ms)
[initSession:screenshot] static-frame dedup: 1115/1115 predicted frame(s) reusable (outcome=verified, runs=24/24, screenshots=82, seeks=83, elapsedMs=3412) (3798ms)
[initSession:screenshot] drawElement self-verify armed: 4 ground-truth frame(s) @ [374, 748, 1121, 1420] of 1495 (4158ms)
[initSession:drawelement] drawElement canvas injected (4159ms)
[initSession:drawelement] screenshot fallback: 5 clip-boundary frame(s) (4159ms)
[initSession:drawelement] drawElement worker encode initialized (4160ms)
  ██████░░░░░░░░░░░░░░░░░░░  25%  Streaming frame 1/1496
  ██████░░░░░░░░░░░░░░░░░░░  25%  Streaming frame 2/1496
  ██████░░░░░░░░░░░░░░░░░░░  25%  Streaming frame 3/1496
  ██████░░░░░░░░░░░░░░░░░░░  25%  Streaming frame 4/1496
  ██████░░░░░░░░░░░░░░░░░░░  25%  Streaming frame 5/1496
  ██████░░░░░░░░░░░░░░░░░░░  25%  Streaming frame 6/1496
  ██████░░░░░░░░░░░░░░░░░░░  25%  Streaming frame 7/1496
  ██████░░░░░░░░░░░░░░░░░░░  25%  Streaming frame 8/1496
  ██████░░░░░░░░░░░░░░░░░░░  25%  Streaming frame 9/1496
  ██████░░░░░░░░░░░░░░░░░░░  25%  Streaming frame 10/1496
  ██████░░░░░░░░░░░░░░░░░░░  25%  Streaming frame 11/1496
  ██████░░░░░░░░░░░░░░░░░░░  25%  Streaming frame 12/1496
  ██████░░░░░░░░░░░░░░░░░░░  25%  Streaming frame 13/1496
  ██████░░░░░░░░░░░░░░░░░░░  26%  Streaming frame 14/1496
  ██████░░░░░░░░░░░░░░░░░░░  26%  Streaming frame 15/1496
  ██████░░░░░░░░░░░░░░░░░░░  26%  Streaming frame 16/1496
  ██████░░░░░░░░░░░░░░░░░░░  26%  Streaming frame 17/1496
  ██████░░░░░░░░░░░░░░░░░░░  26%  Streaming frame 18/1496
  ██████░░░░░░░░░░░░░░░░░░░  26%  Streaming frame 19/1496
  ██████░░░░░░░░░░░░░░░░░░░  26%  Streaming frame 20/1496
  ██████░░░░░░░░░░░░░░░░░░░  26%  Streaming frame 21/1496
  ██████░░░░░░░░░░░░░░░░░░░  26%  Streaming frame 22/1496
  ██████░░░░░░░░░░░░░░░░░░░  26%  Streaming frame 23/1496
  ██████░░░░░░░░░░░░░░░░░░░  26%  Streaming frame 24/1496
  ██████░░░░░░░░░░░░░░░░░░░  26%  Streaming frame 25/1496
  ██████░░░░░░░░░░░░░░░░░░░  26%  Streaming frame 26/1496
  ██████░░░░░░░░░░░░░░░░░░░  26%  Streaming frame 27/1496
  ██████░░░░░░░░░░░░░░░░░░░  26%  Streaming frame 28/1496
  ██████░░░░░░░░░░░░░░░░░░░  26%  Streaming frame 29/1496
  ██████░░░░░░░░░░░░░░░░░░░  26%  Streaming frame 30/1496
  ██████░░░░░░░░░░░░░░░░░░░  26%  Streaming frame 31/1496
  ██████░░░░░░░░░░░░░░░░░░░  26%  Streaming frame 32/1496
  ██████░░░░░░░░░░░░░░░░░░░  26%  Streaming frame 33/1496
  ██████░░░░░░░░░░░░░░░░░░░  26%  Streaming frame 34/1496
  ██████░░░░░░░░░░░░░░░░░░░  26%  Streaming frame 35/1496
  ██████░░░░░░░░░░░░░░░░░░░  26%  Streaming frame 36/1496
  ██████░░░░░░░░░░░░░░░░░░░  26%  Streaming frame 37/1496
  ██████░░░░░░░░░░░░░░░░░░░  26%  Streaming frame 38/1496
  ██████░░░░░░░░░░░░░░░░░░░  26%  Streaming frame 39/1496
  ██████░░░░░░░░░░░░░░░░░░░  26%  Streaming frame 40/1496
  ██████░░░░░░░░░░░░░░░░░░░  27%  Streaming frame 41/1496
  ██████░░░░░░░░░░░░░░░░░░░  27%  Streaming frame 42/1496
  ██████░░░░░░░░░░░░░░░░░░░  27%  Streaming frame 43/1496
  ██████░░░░░░░░░░░░░░░░░░░  27%  Streaming frame 44/1496
  ██████░░░░░░░░░░░░░░░░░░░  27%  Streaming frame 45/1496
  ██████░░░░░░░░░░░░░░░░░░░  27%  Streaming frame 46/1496
  ██████░░░░░░░░░░░░░░░░░░░  27%  Streaming frame 47/1496
  ██████░░░░░░░░░░░░░░░░░░░  27%  Streaming frame 48/1496
  ██████░░░░░░░░░░░░░░░░░░░  27%  Streaming frame 49/1496
  ██████░░░░░░░░░░░░░░░░░░░  27%  Streaming frame 50/1496
  ██████░░░░░░░░░░░░░░░░░░░  27%  Streaming frame 51/1496
  ██████░░░░░░░░░░░░░░░░░░░  27%  Streaming frame 52/1496
  ██████░░░░░░░░░░░░░░░░░░░  27%  Streaming frame 53/1496
  ██████░░░░░░░░░░░░░░░░░░░  27%  Streaming frame 54/1496
  ██████░░░░░░░░░░░░░░░░░░░  27%  Streaming frame 55/1496
  ██████░░░░░░░░░░░░░░░░░░░  27%  Streaming frame 56/1496
  ██████░░░░░░░░░░░░░░░░░░░  27%  Streaming frame 57/1496
  ██████░░░░░░░░░░░░░░░░░░░  27%  Streaming frame 58/1496
  ██████░░░░░░░░░░░░░░░░░░░  27%  Streaming frame 59/1496
  ██████░░░░░░░░░░░░░░░░░░░  27%  Streaming frame 60/1496
  ██████░░░░░░░░░░░░░░░░░░░  27%  Streaming frame 61/1496
  ██████░░░░░░░░░░░░░░░░░░░  27%  Streaming frame 62/1496
  ██████░░░░░░░░░░░░░░░░░░░  27%  Streaming frame 63/1496
  ██████░░░░░░░░░░░░░░░░░░░  27%  Streaming frame 64/1496
  ██████░░░░░░░░░░░░░░░░░░░  27%  Streaming frame 65/1496
  ██████░░░░░░░░░░░░░░░░░░░  27%  Streaming frame 66/1496
  ██████░░░░░░░░░░░░░░░░░░░  27%  Streaming frame 67/1496
  ███████░░░░░░░░░░░░░░░░░░  28%  Streaming frame 68/1496
  ███████░░░░░░░░░░░░░░░░░░  28%  Streaming frame 69/1496
  ███████░░░░░░░░░░░░░░░░░░  28%  Streaming frame 70/1496
  ███████░░░░░░░░░░░░░░░░░░  28%  Streaming frame 71/1496
  ███████░░░░░░░░░░░░░░░░░░  28%  Streaming frame 72/1496
  ███████░░░░░░░░░░░░░░░░░░  28%  Streaming frame 73/1496
  ███████░░░░░░░░░░░░░░░░░░  28%  Streaming frame 74/1496
  ███████░░░░░░░░░░░░░░░░░░  28%  Streaming frame 75/1496
  ███████░░░░░░░░░░░░░░░░░░  28%  Streaming frame 76/1496
  ███████░░░░░░░░░░░░░░░░░░  28%  Streaming frame 77/1496
  ███████░░░░░░░░░░░░░░░░░░  28%  Streaming frame 78/1496
  ███████░░░░░░░░░░░░░░░░░░  28%  Streaming frame 79/1496
  ███████░░░░░░░░░░░░░░░░░░  28%  Streaming frame 80/1496
  ███████░░░░░░░░░░░░░░░░░░  28%  Streaming frame 81/1496
  ███████░░░░░░░░░░░░░░░░░░  28%  Streaming frame 82/1496
  ███████░░░░░░░░░░░░░░░░░░  28%  Streaming frame 83/1496
  ███████░░░░░░░░░░░░░░░░░░  28%  Streaming frame 84/1496
  ███████░░░░░░░░░░░░░░░░░░  28%  Streaming frame 85/1496
  ███████░░░░░░░░░░░░░░░░░░  28%  Streaming frame 86/1496
  ███████░░░░░░░░░░░░░░░░░░  28%  Streaming frame 87/1496
  ███████░░░░░░░░░░░░░░░░░░  28%  Streaming frame 88/1496
  ███████░░░░░░░░░░░░░░░░░░  28%  Streaming frame 89/1496
  ███████░░░░░░░░░░░░░░░░░░  28%  Streaming frame 90/1496
  ███████░░░░░░░░░░░░░░░░░░  28%  Streaming frame 91/1496
  ███████░░░░░░░░░░░░░░░░░░  28%  Streaming frame 92/1496
  ███████░░░░░░░░░░░░░░░░░░  28%  Streaming frame 93/1496
  ███████░░░░░░░░░░░░░░░░░░  28%  Streaming frame 94/1496
  ███████░░░░░░░░░░░░░░░░░░  28%  Streaming frame 95/1496
  ███████░░░░░░░░░░░░░░░░░░  29%  Streaming frame 96/1496
  ███████░░░░░░░░░░░░░░░░░░  29%  Streaming frame 97/1496
  ███████░░░░░░░░░░░░░░░░░░  29%  Streaming frame 98/1496
  ███████░░░░░░░░░░░░░░░░░░  29%  Streaming frame 99/1496
  ███████░░░░░░░░░░░░░░░░░░  29%  Streaming frame 100/1496
  ███████░░░░░░░░░░░░░░░░░░  29%  Streaming frame 101/1496
  ███████░░░░░░░░░░░░░░░░░░  29%  Streaming frame 102/1496
  ███████░░░░░░░░░░░░░░░░░░  29%  Streaming frame 103/1496
  ███████░░░░░░░░░░░░░░░░░░  29%  Streaming frame 104/1496
  ███████░░░░░░░░░░░░░░░░░░  29%  Streaming frame 105/1496
  ███████░░░░░░░░░░░░░░░░░░  29%  Streaming frame 106/1496
  ███████░░░░░░░░░░░░░░░░░░  29%  Streaming frame 107/1496
  ███████░░░░░░░░░░░░░░░░░░  29%  Streaming frame 108/1496
  ███████░░░░░░░░░░░░░░░░░░  29%  Streaming frame 109/1496
  ███████░░░░░░░░░░░░░░░░░░  29%  Streaming frame 110/1496
  ███████░░░░░░░░░░░░░░░░░░  29%  Streaming frame 111/1496
  ███████░░░░░░░░░░░░░░░░░░  29%  Streaming frame 112/1496
  ███████░░░░░░░░░░░░░░░░░░  29%  Streaming frame 113/1496
  ███████░░░░░░░░░░░░░░░░░░  29%  Streaming frame 114/1496
  ███████░░░░░░░░░░░░░░░░░░  29%  Streaming frame 115/1496
  ███████░░░░░░░░░░░░░░░░░░  29%  Streaming frame 116/1496
  ███████░░░░░░░░░░░░░░░░░░  29%  Streaming frame 117/1496
  ███████░░░░░░░░░░░░░░░░░░  29%  Streaming frame 118/1496
  ███████░░░░░░░░░░░░░░░░░░  29%  Streaming frame 119/1496
  ███████░░░░░░░░░░░░░░░░░░  29%  Streaming frame 120/1496
  ███████░░░░░░░░░░░░░░░░░░  29%  Streaming frame 121/1496
  ███████░░░░░░░░░░░░░░░░░░  29%  Streaming frame 122/1496
  ███████░░░░░░░░░░░░░░░░░░  30%  Streaming frame 123/1496
  ███████░░░░░░░░░░░░░░░░░░  30%  Streaming frame 124/1496
  ███████░░░░░░░░░░░░░░░░░░  30%  Streaming frame 125/1496
  ███████░░░░░░░░░░░░░░░░░░  30%  Streaming frame 126/1496
  ███████░░░░░░░░░░░░░░░░░░  30%  Streaming frame 127/1496
  ███████░░░░░░░░░░░░░░░░░░  30%  Streaming frame 128/1496
  ███████░░░░░░░░░░░░░░░░░░  30%  Streaming frame 129/1496
  ███████░░░░░░░░░░░░░░░░░░  30%  Streaming frame 130/1496
  ███████░░░░░░░░░░░░░░░░░░  30%  Streaming frame 131/1496
  ███████░░░░░░░░░░░░░░░░░░  30%  Streaming frame 132/1496
  ███████░░░░░░░░░░░░░░░░░░  30%  Streaming frame 133/1496
  ███████░░░░░░░░░░░░░░░░░░  30%  Streaming frame 134/1496
  ███████░░░░░░░░░░░░░░░░░░  30%  Streaming frame 135/1496
  ███████░░░░░░░░░░░░░░░░░░  30%  Streaming frame 136/1496
  ███████░░░░░░░░░░░░░░░░░░  30%  Streaming frame 137/1496
  ███████░░░░░░░░░░░░░░░░░░  30%  Streaming frame 138/1496
  ███████░░░░░░░░░░░░░░░░░░  30%  Streaming frame 139/1496
  ███████░░░░░░░░░░░░░░░░░░  30%  Streaming frame 140/1496
  ███████░░░░░░░░░░░░░░░░░░  30%  Streaming frame 141/1496
  ███████░░░░░░░░░░░░░░░░░░  30%  Streaming frame 142/1496
  ███████░░░░░░░░░░░░░░░░░░  30%  Streaming frame 143/1496
  ███████░░░░░░░░░░░░░░░░░░  30%  Streaming frame 144/1496
  ███████░░░░░░░░░░░░░░░░░░  30%  Streaming frame 145/1496
  ███████░░░░░░░░░░░░░░░░░░  30%  Streaming frame 146/1496
  ███████░░░░░░░░░░░░░░░░░░  30%  Streaming frame 147/1496
  ███████░░░░░░░░░░░░░░░░░░  30%  Streaming frame 148/1496
  ███████░░░░░░░░░░░░░░░░░░  30%  Streaming frame 149/1496
  ███████░░░░░░░░░░░░░░░░░░  31%  Streaming frame 150/1496
  ███████░░░░░░░░░░░░░░░░░░  31%  Streaming frame 151/1496
  ███████░░░░░░░░░░░░░░░░░░  31%  Streaming frame 152/1496
  ███████░░░░░░░░░░░░░░░░░░  31%  Streaming frame 153/1496
  ███████░░░░░░░░░░░░░░░░░░  31%  Streaming frame 154/1496
  ███████░░░░░░░░░░░░░░░░░░  31%  Streaming frame 155/1496
  ███████░░░░░░░░░░░░░░░░░░  31%  Streaming frame 156/1496
  ███████░░░░░░░░░░░░░░░░░░  31%  Streaming frame 157/1496
  ███████░░░░░░░░░░░░░░░░░░  31%  Streaming frame 158/1496
  ███████░░░░░░░░░░░░░░░░░░  31%  Streaming frame 159/1496
  ███████░░░░░░░░░░░░░░░░░░  31%  Streaming frame 160/1496
  ███████░░░░░░░░░░░░░░░░░░  31%  Streaming frame 161/1496
  ███████░░░░░░░░░░░░░░░░░░  31%  Streaming frame 162/1496
  ███████░░░░░░░░░░░░░░░░░░  31%  Streaming frame 163/1496
  ███████░░░░░░░░░░░░░░░░░░  31%  Streaming frame 164/1496
  ███████░░░░░░░░░░░░░░░░░░  31%  Streaming frame 165/1496
  ███████░░░░░░░░░░░░░░░░░░  31%  Streaming frame 166/1496
  ███████░░░░░░░░░░░░░░░░░░  31%  Streaming frame 167/1496
  ███████░░░░░░░░░░░░░░░░░░  31%  Streaming frame 168/1496
  ███████░░░░░░░░░░░░░░░░░░  31%  Streaming frame 169/1496
  ███████░░░░░░░░░░░░░░░░░░  31%  Streaming frame 170/1496
  ███████░░░░░░░░░░░░░░░░░░  31%  Streaming frame 171/1496
  ███████░░░░░░░░░░░░░░░░░░  31%  Streaming frame 172/1496
  ███████░░░░░░░░░░░░░░░░░░  31%  Streaming frame 173/1496
  ███████░░░░░░░░░░░░░░░░░░  31%  Streaming frame 174/1496
  ███████░░░░░░░░░░░░░░░░░░  31%  Streaming frame 175/1496
  ███████░░░░░░░░░░░░░░░░░░  31%  Streaming frame 176/1496
  ████████░░░░░░░░░░░░░░░░░  32%  Streaming frame 177/1496
  ████████░░░░░░░░░░░░░░░░░  32%  Streaming frame 178/1496
  ████████░░░░░░░░░░░░░░░░░  32%  Streaming frame 179/1496
  ████████░░░░░░░░░░░░░░░░░  32%  Streaming frame 180/1496
  ████████░░░░░░░░░░░░░░░░░  32%  Streaming frame 181/1496
  ████████░░░░░░░░░░░░░░░░░  32%  Streaming frame 182/1496
  ████████░░░░░░░░░░░░░░░░░  32%  Streaming frame 183/1496
  ████████░░░░░░░░░░░░░░░░░  32%  Streaming frame 184/1496
  ████████░░░░░░░░░░░░░░░░░  32%  Streaming frame 185/1496
  ████████░░░░░░░░░░░░░░░░░  32%  Streaming frame 186/1496
  ████████░░░░░░░░░░░░░░░░░  32%  Streaming frame 187/1496
  ████████░░░░░░░░░░░░░░░░░  32%  Streaming frame 188/1496
  ████████░░░░░░░░░░░░░░░░░  32%  Streaming frame 189/1496
  ████████░░░░░░░░░░░░░░░░░  32%  Streaming frame 190/1496
  ████████░░░░░░░░░░░░░░░░░  32%  Streaming frame 191/1496
  ████████░░░░░░░░░░░░░░░░░  32%  Streaming frame 192/1496
  ████████░░░░░░░░░░░░░░░░░  32%  Streaming frame 193/1496
  ████████░░░░░░░░░░░░░░░░░  32%  Streaming frame 194/1496
  ████████░░░░░░░░░░░░░░░░░  32%  Streaming frame 195/1496
  ████████░░░░░░░░░░░░░░░░░  32%  Streaming frame 196/1496
  ████████░░░░░░░░░░░░░░░░░  32%  Streaming frame 197/1496
  ████████░░░░░░░░░░░░░░░░░  32%  Streaming frame 198/1496
  ████████░░░░░░░░░░░░░░░░░  32%  Streaming frame 199/1496
  ████████░░░░░░░░░░░░░░░░░  32%  Streaming frame 200/1496
  ████████░░░░░░░░░░░░░░░░░  32%  Streaming frame 201/1496
  ████████░░░░░░░░░░░░░░░░░  32%  Streaming frame 202/1496
  ████████░░░░░░░░░░░░░░░░░  32%  Streaming frame 203/1496
  ████████░░░░░░░░░░░░░░░░░  33%  Streaming frame 204/1496
  ████████░░░░░░░░░░░░░░░░░  33%  Streaming frame 205/1496
  ████████░░░░░░░░░░░░░░░░░  33%  Streaming frame 206/1496
  ████████░░░░░░░░░░░░░░░░░  33%  Streaming frame 207/1496
  ████████░░░░░░░░░░░░░░░░░  33%  Streaming frame 208/1496
  ████████░░░░░░░░░░░░░░░░░  33%  Streaming frame 209/1496
  ████████░░░░░░░░░░░░░░░░░  33%  Streaming frame 210/1496
  ████████░░░░░░░░░░░░░░░░░  33%  Streaming frame 211/1496
  ████████░░░░░░░░░░░░░░░░░  33%  Streaming frame 212/1496
  ████████░░░░░░░░░░░░░░░░░  33%  Streaming frame 213/1496
  ████████░░░░░░░░░░░░░░░░░  33%  Streaming frame 214/1496
  ████████░░░░░░░░░░░░░░░░░  33%  Streaming frame 215/1496
  ████████░░░░░░░░░░░░░░░░░  33%  Streaming frame 216/1496
  ████████░░░░░░░░░░░░░░░░░  33%  Streaming frame 217/1496
  ████████░░░░░░░░░░░░░░░░░  33%  Streaming frame 218/1496
  ████████░░░░░░░░░░░░░░░░░  33%  Streaming frame 219/1496
  ████████░░░░░░░░░░░░░░░░░  33%  Streaming frame 220/1496
  ████████░░░░░░░░░░░░░░░░░  33%  Streaming frame 221/1496
  ████████░░░░░░░░░░░░░░░░░  33%  Streaming frame 222/1496
  ████████░░░░░░░░░░░░░░░░░  33%  Streaming frame 223/1496
  ████████░░░░░░░░░░░░░░░░░  33%  Streaming frame 224/1496
  ████████░░░░░░░░░░░░░░░░░  33%  Streaming frame 225/1496
  ████████░░░░░░░░░░░░░░░░░  33%  Streaming frame 226/1496
  ████████░░░░░░░░░░░░░░░░░  33%  Streaming frame 227/1496
  ████████░░░░░░░░░░░░░░░░░  33%  Streaming frame 228/1496
  ████████░░░░░░░░░░░░░░░░░  33%  Streaming frame 229/1496
  ████████░░░░░░░░░░░░░░░░░  33%  Streaming frame 230/1496
  ████████░░░░░░░░░░░░░░░░░  33%  Streaming frame 231/1496
  ████████░░░░░░░░░░░░░░░░░  34%  Streaming frame 232/1496
  ████████░░░░░░░░░░░░░░░░░  34%  Streaming frame 233/1496
  ████████░░░░░░░░░░░░░░░░░  34%  Streaming frame 234/1496
  ████████░░░░░░░░░░░░░░░░░  34%  Streaming frame 235/1496
  ████████░░░░░░░░░░░░░░░░░  34%  Streaming frame 236/1496
  ████████░░░░░░░░░░░░░░░░░  34%  Streaming frame 237/1496
  ████████░░░░░░░░░░░░░░░░░  34%  Streaming frame 238/1496
  ████████░░░░░░░░░░░░░░░░░  34%  Streaming frame 239/1496
  ████████░░░░░░░░░░░░░░░░░  34%  Streaming frame 240/1496
  ████████░░░░░░░░░░░░░░░░░  34%  Streaming frame 241/1496
  ████████░░░░░░░░░░░░░░░░░  34%  Streaming frame 242/1496
  ████████░░░░░░░░░░░░░░░░░  34%  Streaming frame 243/1496
  ████████░░░░░░░░░░░░░░░░░  34%  Streaming frame 244/1496
  ████████░░░░░░░░░░░░░░░░░  34%  Streaming frame 245/1496
  ████████░░░░░░░░░░░░░░░░░  34%  Streaming frame 246/1496
  ████████░░░░░░░░░░░░░░░░░  34%  Streaming frame 247/1496
  ████████░░░░░░░░░░░░░░░░░  34%  Streaming frame 248/1496
  ████████░░░░░░░░░░░░░░░░░  34%  Streaming frame 249/1496
  ████████░░░░░░░░░░░░░░░░░  34%  Streaming frame 250/1496
  ████████░░░░░░░░░░░░░░░░░  34%  Streaming frame 251/1496
  ████████░░░░░░░░░░░░░░░░░  34%  Streaming frame 252/1496
  ████████░░░░░░░░░░░░░░░░░  34%  Streaming frame 253/1496
  ████████░░░░░░░░░░░░░░░░░  34%  Streaming frame 254/1496
  ████████░░░░░░░░░░░░░░░░░  34%  Streaming frame 255/1496
  ████████░░░░░░░░░░░░░░░░░  34%  Streaming frame 256/1496
  ████████░░░░░░░░░░░░░░░░░  34%  Streaming frame 257/1496
  ████████░░░░░░░░░░░░░░░░░  34%  Streaming frame 258/1496
  ████████░░░░░░░░░░░░░░░░░  35%  Streaming frame 259/1496
  ████████░░░░░░░░░░░░░░░░░  35%  Streaming frame 260/1496
  ████████░░░░░░░░░░░░░░░░░  35%  Streaming frame 261/1496
  ████████░░░░░░░░░░░░░░░░░  35%  Streaming frame 262/1496
  ████████░░░░░░░░░░░░░░░░░  35%  Streaming frame 263/1496
  ████████░░░░░░░░░░░░░░░░░  35%  Streaming frame 264/1496
  ████████░░░░░░░░░░░░░░░░░  35%  Streaming frame 265/1496
  ████████░░░░░░░░░░░░░░░░░  35%  Streaming frame 266/1496
  ████████░░░░░░░░░░░░░░░░░  35%  Streaming frame 267/1496
  ████████░░░░░░░░░░░░░░░░░  35%  Streaming frame 268/1496
  ████████░░░░░░░░░░░░░░░░░  35%  Streaming frame 269/1496
  ████████░░░░░░░░░░░░░░░░░  35%  Streaming frame 270/1496
  ████████░░░░░░░░░░░░░░░░░  35%  Streaming frame 271/1496
  ████████░░░░░░░░░░░░░░░░░  35%  Streaming frame 272/1496
  ████████░░░░░░░░░░░░░░░░░  35%  Streaming frame 273/1496
  ████████░░░░░░░░░░░░░░░░░  35%  Streaming frame 274/1496
  ████████░░░░░░░░░░░░░░░░░  35%  Streaming frame 275/1496
  ████████░░░░░░░░░░░░░░░░░  35%  Streaming frame 276/1496
  ████████░░░░░░░░░░░░░░░░░  35%  Streaming frame 277/1496
  ████████░░░░░░░░░░░░░░░░░  35%  Streaming frame 278/1496
  ████████░░░░░░░░░░░░░░░░░  35%  Streaming frame 279/1496
  ████████░░░░░░░░░░░░░░░░░  35%  Streaming frame 280/1496
  ████████░░░░░░░░░░░░░░░░░  35%  Streaming frame 281/1496
  ████████░░░░░░░░░░░░░░░░░  35%  Streaming frame 282/1496
  ████████░░░░░░░░░░░░░░░░░  35%  Streaming frame 283/1496
  ████████░░░░░░░░░░░░░░░░░  35%  Streaming frame 284/1496
  ████████░░░░░░░░░░░░░░░░░  35%  Streaming frame 285/1496
  █████████░░░░░░░░░░░░░░░░  36%  Streaming frame 286/1496
  █████████░░░░░░░░░░░░░░░░  36%  Streaming frame 287/1496
  █████████░░░░░░░░░░░░░░░░  36%  Streaming frame 288/1496
  █████████░░░░░░░░░░░░░░░░  36%  Streaming frame 289/1496
  █████████░░░░░░░░░░░░░░░░  36%  Streaming frame 290/1496
  █████████░░░░░░░░░░░░░░░░  36%  Streaming frame 291/1496
  █████████░░░░░░░░░░░░░░░░  36%  Streaming frame 292/1496
  █████████░░░░░░░░░░░░░░░░  36%  Streaming frame 293/1496
  █████████░░░░░░░░░░░░░░░░  36%  Streaming frame 294/1496
  █████████░░░░░░░░░░░░░░░░  36%  Streaming frame 295/1496
  █████████░░░░░░░░░░░░░░░░  36%  Streaming frame 296/1496
  █████████░░░░░░░░░░░░░░░░  36%  Streaming frame 297/1496
  █████████░░░░░░░░░░░░░░░░  36%  Streaming frame 298/1496
  █████████░░░░░░░░░░░░░░░░  36%  Streaming frame 299/1496
  █████████░░░░░░░░░░░░░░░░  36%  Streaming frame 300/1496
  █████████░░░░░░░░░░░░░░░░  36%  Streaming frame 301/1496
  █████████░░░░░░░░░░░░░░░░  36%  Streaming frame 302/1496
  █████████░░░░░░░░░░░░░░░░  36%  Streaming frame 303/1496
  █████████░░░░░░░░░░░░░░░░  36%  Streaming frame 304/1496
  █████████░░░░░░░░░░░░░░░░  36%  Streaming frame 305/1496
  █████████░░░░░░░░░░░░░░░░  36%  Streaming frame 306/1496
  █████████░░░░░░░░░░░░░░░░  36%  Streaming frame 307/1496
  █████████░░░░░░░░░░░░░░░░  36%  Streaming frame 308/1496
  █████████░░░░░░░░░░░░░░░░  36%  Streaming frame 309/1496
  █████████░░░░░░░░░░░░░░░░  36%  Streaming frame 310/1496
  █████████░░░░░░░░░░░░░░░░  36%  Streaming frame 311/1496
  █████████░░░░░░░░░░░░░░░░  36%  Streaming frame 312/1496
  █████████░░░░░░░░░░░░░░░░  37%  Streaming frame 313/1496
  █████████░░░░░░░░░░░░░░░░  37%  Streaming frame 314/1496
  █████████░░░░░░░░░░░░░░░░  37%  Streaming frame 315/1496
  █████████░░░░░░░░░░░░░░░░  37%  Streaming frame 316/1496
  █████████░░░░░░░░░░░░░░░░  37%  Streaming frame 317/1496
[WARN] [Render] drawElement blank-frame suspect; re-capturing {"renderJobId":"998a8c3d-e253-4893-b042-c771e1efd992","frame":317,"bytes":10553,"floor":20000}
[INFO] [Render] drawElement small frame is deterministic; accepted {"renderJobId":"998a8c3d-e253-4893-b042-c771e1efd992","frame":317,"bytes":10553}
  █████████░░░░░░░░░░░░░░░░  37%  Streaming frame 318/1496
  █████████░░░░░░░░░░░░░░░░  37%  Streaming frame 319/1496
  █████████░░░░░░░░░░░░░░░░  37%  Streaming frame 320/1496
  █████████░░░░░░░░░░░░░░░░  37%  Streaming frame 321/1496
  █████████░░░░░░░░░░░░░░░░  37%  Streaming frame 322/1496
  █████████░░░░░░░░░░░░░░░░  37%  Streaming frame 323/1496
  █████████░░░░░░░░░░░░░░░░  37%  Streaming frame 324/1496
  █████████░░░░░░░░░░░░░░░░  37%  Streaming frame 325/1496
  █████████░░░░░░░░░░░░░░░░  37%  Streaming frame 326/1496
  █████████░░░░░░░░░░░░░░░░  37%  Streaming frame 327/1496
  █████████░░░░░░░░░░░░░░░░  37%  Streaming frame 328/1496
  █████████░░░░░░░░░░░░░░░░  37%  Streaming frame 329/1496
  █████████░░░░░░░░░░░░░░░░  37%  Streaming frame 330/1496
  █████████░░░░░░░░░░░░░░░░  37%  Streaming frame 331/1496
  █████████░░░░░░░░░░░░░░░░  37%  Streaming frame 332/1496
  █████████░░░░░░░░░░░░░░░░  37%  Streaming frame 333/1496
  █████████░░░░░░░░░░░░░░░░  37%  Streaming frame 334/1496
  █████████░░░░░░░░░░░░░░░░  37%  Streaming frame 335/1496
  █████████░░░░░░░░░░░░░░░░  37%  Streaming frame 336/1496
  █████████░░░░░░░░░░░░░░░░  37%  Streaming frame 337/1496
  █████████░░░░░░░░░░░░░░░░  37%  Streaming frame 338/1496
  █████████░░░░░░░░░░░░░░░░  37%  Streaming frame 339/1496
  █████████░░░░░░░░░░░░░░░░  38%  Streaming frame 340/1496
  █████████░░░░░░░░░░░░░░░░  38%  Streaming frame 341/1496
  █████████░░░░░░░░░░░░░░░░  38%  Streaming frame 342/1496
  █████████░░░░░░░░░░░░░░░░  38%  Streaming frame 343/1496
  █████████░░░░░░░░░░░░░░░░  38%  Streaming frame 344/1496
  █████████░░░░░░░░░░░░░░░░  38%  Streaming frame 345/1496
  █████████░░░░░░░░░░░░░░░░  38%  Streaming frame 346/1496
  █████████░░░░░░░░░░░░░░░░  38%  Streaming frame 347/1496
  █████████░░░░░░░░░░░░░░░░  38%  Streaming frame 348/1496
  █████████░░░░░░░░░░░░░░░░  38%  Streaming frame 349/1496
  █████████░░░░░░░░░░░░░░░░  38%  Streaming frame 350/1496
  █████████░░░░░░░░░░░░░░░░  38%  Streaming frame 351/1496
  █████████░░░░░░░░░░░░░░░░  38%  Streaming frame 352/1496
  █████████░░░░░░░░░░░░░░░░  38%  Streaming frame 353/1496
  █████████░░░░░░░░░░░░░░░░  38%  Streaming frame 354/1496
  █████████░░░░░░░░░░░░░░░░  38%  Streaming frame 355/1496
  █████████░░░░░░░░░░░░░░░░  38%  Streaming frame 356/1496
  █████████░░░░░░░░░░░░░░░░  38%  Streaming frame 357/1496
  █████████░░░░░░░░░░░░░░░░  38%  Streaming frame 358/1496
  █████████░░░░░░░░░░░░░░░░  38%  Streaming frame 359/1496
  █████████░░░░░░░░░░░░░░░░  38%  Streaming frame 360/1496
  █████████░░░░░░░░░░░░░░░░  38%  Streaming frame 361/1496
  █████████░░░░░░░░░░░░░░░░  38%  Streaming frame 362/1496
  █████████░░░░░░░░░░░░░░░░  38%  Streaming frame 363/1496
  █████████░░░░░░░░░░░░░░░░  38%  Streaming frame 364/1496
  █████████░░░░░░░░░░░░░░░░  38%  Streaming frame 365/1496
  █████████░░░░░░░░░░░░░░░░  38%  Streaming frame 366/1496
  █████████░░░░░░░░░░░░░░░░  38%  Streaming frame 367/1496
  █████████░░░░░░░░░░░░░░░░  39%  Streaming frame 368/1496
  █████████░░░░░░░░░░░░░░░░  39%  Streaming frame 369/1496
  █████████░░░░░░░░░░░░░░░░  39%  Streaming frame 370/1496
  █████████░░░░░░░░░░░░░░░░  39%  Streaming frame 371/1496
  █████████░░░░░░░░░░░░░░░░  39%  Streaming frame 372/1496
  █████████░░░░░░░░░░░░░░░░  39%  Streaming frame 373/1496
  █████████░░░░░░░░░░░░░░░░  39%  Streaming frame 374/1496
[INFO] [Render] drawElement self-verify passed {"renderJobId":"998a8c3d-e253-4893-b042-c771e1efd992","frame":374,"psnrDb":"inf"}
  █████████░░░░░░░░░░░░░░░░  39%  Streaming frame 375/1496
  █████████░░░░░░░░░░░░░░░░  39%  Streaming frame 376/1496
  █████████░░░░░░░░░░░░░░░░  39%  Streaming frame 377/1496
  █████████░░░░░░░░░░░░░░░░  39%  Streaming frame 378/1496
  █████████░░░░░░░░░░░░░░░░  39%  Streaming frame 379/1496
  █████████░░░░░░░░░░░░░░░░  39%  Streaming frame 380/1496
  █████████░░░░░░░░░░░░░░░░  39%  Streaming frame 381/1496
  █████████░░░░░░░░░░░░░░░░  39%  Streaming frame 382/1496
  █████████░░░░░░░░░░░░░░░░  39%  Streaming frame 383/1496
  █████████░░░░░░░░░░░░░░░░  39%  Streaming frame 384/1496
  █████████░░░░░░░░░░░░░░░░  39%  Streaming frame 385/1496
  █████████░░░░░░░░░░░░░░░░  39%  Streaming frame 386/1496
  █████████░░░░░░░░░░░░░░░░  39%  Streaming frame 387/1496
  █████████░░░░░░░░░░░░░░░░  39%  Streaming frame 388/1496
  █████████░░░░░░░░░░░░░░░░  39%  Streaming frame 389/1496
  █████████░░░░░░░░░░░░░░░░  39%  Streaming frame 390/1496
  █████████░░░░░░░░░░░░░░░░  39%  Streaming frame 391/1496
  █████████░░░░░░░░░░░░░░░░  39%  Streaming frame 392/1496
  █████████░░░░░░░░░░░░░░░░  39%  Streaming frame 393/1496
  █████████░░░░░░░░░░░░░░░░  39%  Streaming frame 394/1496
  ██████████░░░░░░░░░░░░░░░  40%  Streaming frame 395/1496
  ██████████░░░░░░░░░░░░░░░  40%  Streaming frame 396/1496
  ██████████░░░░░░░░░░░░░░░  40%  Streaming frame 397/1496
  ██████████░░░░░░░░░░░░░░░  40%  Streaming frame 398/1496
  ██████████░░░░░░░░░░░░░░░  40%  Streaming frame 399/1496
  ██████████░░░░░░░░░░░░░░░  40%  Streaming frame 400/1496
  ██████████░░░░░░░░░░░░░░░  40%  Streaming frame 401/1496
  ██████████░░░░░░░░░░░░░░░  40%  Streaming frame 402/1496
  ██████████░░░░░░░░░░░░░░░  40%  Streaming frame 403/1496
  ██████████░░░░░░░░░░░░░░░  40%  Streaming frame 404/1496
  ██████████░░░░░░░░░░░░░░░  40%  Streaming frame 405/1496
  ██████████░░░░░░░░░░░░░░░  40%  Streaming frame 406/1496
  ██████████░░░░░░░░░░░░░░░  40%  Streaming frame 407/1496
  ██████████░░░░░░░░░░░░░░░  40%  Streaming frame 408/1496
  ██████████░░░░░░░░░░░░░░░  40%  Streaming frame 409/1496
  ██████████░░░░░░░░░░░░░░░  40%  Streaming frame 410/1496
  ██████████░░░░░░░░░░░░░░░  40%  Streaming frame 411/1496
  ██████████░░░░░░░░░░░░░░░  40%  Streaming frame 412/1496
  ██████████░░░░░░░░░░░░░░░  40%  Streaming frame 413/1496
  ██████████░░░░░░░░░░░░░░░  40%  Streaming frame 414/1496
  ██████████░░░░░░░░░░░░░░░  40%  Streaming frame 415/1496
  ██████████░░░░░░░░░░░░░░░  40%  Streaming frame 416/1496
  ██████████░░░░░░░░░░░░░░░  40%  Streaming frame 417/1496
  ██████████░░░░░░░░░░░░░░░  40%  Streaming frame 418/1496
  ██████████░░░░░░░░░░░░░░░  40%  Streaming frame 419/1496
  ██████████░░░░░░░░░░░░░░░  40%  Streaming frame 420/1496
  ██████████░░░░░░░░░░░░░░░  40%  Streaming frame 421/1496
  ██████████░░░░░░░░░░░░░░░  41%  Streaming frame 422/1496
  ██████████░░░░░░░░░░░░░░░  41%  Streaming frame 423/1496
  ██████████░░░░░░░░░░░░░░░  41%  Streaming frame 424/1496
  ██████████░░░░░░░░░░░░░░░  41%  Streaming frame 425/1496
  ██████████░░░░░░░░░░░░░░░  41%  Streaming frame 426/1496
  ██████████░░░░░░░░░░░░░░░  41%  Streaming frame 427/1496
  ██████████░░░░░░░░░░░░░░░  41%  Streaming frame 428/1496
  ██████████░░░░░░░░░░░░░░░  41%  Streaming frame 429/1496
  ██████████░░░░░░░░░░░░░░░  41%  Streaming frame 430/1496
  ██████████░░░░░░░░░░░░░░░  41%  Streaming frame 431/1496
  ██████████░░░░░░░░░░░░░░░  41%  Streaming frame 432/1496
  ██████████░░░░░░░░░░░░░░░  41%  Streaming frame 433/1496
  ██████████░░░░░░░░░░░░░░░  41%  Streaming frame 434/1496
  ██████████░░░░░░░░░░░░░░░  41%  Streaming frame 435/1496
  ██████████░░░░░░░░░░░░░░░  41%  Streaming frame 436/1496
  ██████████░░░░░░░░░░░░░░░  41%  Streaming frame 437/1496
  ██████████░░░░░░░░░░░░░░░  41%  Streaming frame 438/1496
  ██████████░░░░░░░░░░░░░░░  41%  Streaming frame 439/1496
  ██████████░░░░░░░░░░░░░░░  41%  Streaming frame 440/1496
  ██████████░░░░░░░░░░░░░░░  41%  Streaming frame 441/1496
  ██████████░░░░░░░░░░░░░░░  41%  Streaming frame 442/1496
  ██████████░░░░░░░░░░░░░░░  41%  Streaming frame 443/1496
  ██████████░░░░░░░░░░░░░░░  41%  Streaming frame 444/1496
  ██████████░░░░░░░░░░░░░░░  41%  Streaming frame 445/1496
  ██████████░░░░░░░░░░░░░░░  41%  Streaming frame 446/1496
  ██████████░░░░░░░░░░░░░░░  41%  Streaming frame 447/1496
  ██████████░░░░░░░░░░░░░░░  41%  Streaming frame 448/1496
  ██████████░░░░░░░░░░░░░░░  42%  Streaming frame 449/1496
  ██████████░░░░░░░░░░░░░░░  42%  Streaming frame 450/1496
  ██████████░░░░░░░░░░░░░░░  42%  Streaming frame 451/1496
  ██████████░░░░░░░░░░░░░░░  42%  Streaming frame 452/1496
  ██████████░░░░░░░░░░░░░░░  42%  Streaming frame 453/1496
  ██████████░░░░░░░░░░░░░░░  42%  Streaming frame 454/1496
  ██████████░░░░░░░░░░░░░░░  42%  Streaming frame 455/1496
  ██████████░░░░░░░░░░░░░░░  42%  Streaming frame 456/1496
  ██████████░░░░░░░░░░░░░░░  42%  Streaming frame 457/1496
  ██████████░░░░░░░░░░░░░░░  42%  Streaming frame 458/1496
  ██████████░░░░░░░░░░░░░░░  42%  Streaming frame 459/1496
  ██████████░░░░░░░░░░░░░░░  42%  Streaming frame 460/1496
  ██████████░░░░░░░░░░░░░░░  42%  Streaming frame 461/1496
  ██████████░░░░░░░░░░░░░░░  42%  Streaming frame 462/1496
  ██████████░░░░░░░░░░░░░░░  42%  Streaming frame 463/1496
  ██████████░░░░░░░░░░░░░░░  42%  Streaming frame 464/1496
  ██████████░░░░░░░░░░░░░░░  42%  Streaming frame 465/1496
  ██████████░░░░░░░░░░░░░░░  42%  Streaming frame 466/1496
  ██████████░░░░░░░░░░░░░░░  42%  Streaming frame 467/1496
  ██████████░░░░░░░░░░░░░░░  42%  Streaming frame 468/1496
  ██████████░░░░░░░░░░░░░░░  42%  Streaming frame 469/1496
  ██████████░░░░░░░░░░░░░░░  42%  Streaming frame 470/1496
  ██████████░░░░░░░░░░░░░░░  42%  Streaming frame 471/1496
  ██████████░░░░░░░░░░░░░░░  42%  Streaming frame 472/1496
  ██████████░░░░░░░░░░░░░░░  42%  Streaming frame 473/1496
  ██████████░░░░░░░░░░░░░░░  42%  Streaming frame 474/1496
  ██████████░░░░░░░░░░░░░░░  42%  Streaming frame 475/1496
  ██████████░░░░░░░░░░░░░░░  43%  Streaming frame 476/1496
  ██████████░░░░░░░░░░░░░░░  43%  Streaming frame 477/1496
  ██████████░░░░░░░░░░░░░░░  43%  Streaming frame 478/1496
  ██████████░░░░░░░░░░░░░░░  43%  Streaming frame 479/1496
  ██████████░░░░░░░░░░░░░░░  43%  Streaming frame 480/1496
  ██████████░░░░░░░░░░░░░░░  43%  Streaming frame 481/1496
  ██████████░░░░░░░░░░░░░░░  43%  Streaming frame 482/1496
  ██████████░░░░░░░░░░░░░░░  43%  Streaming frame 483/1496
  ██████████░░░░░░░░░░░░░░░  43%  Streaming frame 484/1496
  ██████████░░░░░░░░░░░░░░░  43%  Streaming frame 485/1496
  ██████████░░░░░░░░░░░░░░░  43%  Streaming frame 486/1496
  ██████████░░░░░░░░░░░░░░░  43%  Streaming frame 487/1496
  ██████████░░░░░░░░░░░░░░░  43%  Streaming frame 488/1496
  ██████████░░░░░░░░░░░░░░░  43%  Streaming frame 489/1496
  ██████████░░░░░░░░░░░░░░░  43%  Streaming frame 490/1496
  ██████████░░░░░░░░░░░░░░░  43%  Streaming frame 491/1496
  ██████████░░░░░░░░░░░░░░░  43%  Streaming frame 492/1496
  ██████████░░░░░░░░░░░░░░░  43%  Streaming frame 493/1496
  ██████████░░░░░░░░░░░░░░░  43%  Streaming frame 494/1496
  ██████████░░░░░░░░░░░░░░░  43%  Streaming frame 495/1496
  ██████████░░░░░░░░░░░░░░░  43%  Streaming frame 496/1496
  ██████████░░░░░░░░░░░░░░░  43%  Streaming frame 497/1496
  ██████████░░░░░░░░░░░░░░░  43%  Streaming frame 498/1496
  ██████████░░░░░░░░░░░░░░░  43%  Streaming frame 499/1496
  ██████████░░░░░░░░░░░░░░░  43%  Streaming frame 500/1496
  ██████████░░░░░░░░░░░░░░░  43%  Streaming frame 501/1496
  ██████████░░░░░░░░░░░░░░░  43%  Streaming frame 502/1496
  ██████████░░░░░░░░░░░░░░░  43%  Streaming frame 503/1496
  ███████████░░░░░░░░░░░░░░  44%  Streaming frame 504/1496
  ███████████░░░░░░░░░░░░░░  44%  Streaming frame 505/1496
  ███████████░░░░░░░░░░░░░░  44%  Streaming frame 506/1496
  ███████████░░░░░░░░░░░░░░  44%  Streaming frame 507/1496
  ███████████░░░░░░░░░░░░░░  44%  Streaming frame 508/1496
  ███████████░░░░░░░░░░░░░░  44%  Streaming frame 509/1496
  ███████████░░░░░░░░░░░░░░  44%  Streaming frame 510/1496
  ███████████░░░░░░░░░░░░░░  44%  Streaming frame 511/1496
  ███████████░░░░░░░░░░░░░░  44%  Streaming frame 512/1496
  ███████████░░░░░░░░░░░░░░  44%  Streaming frame 513/1496
  ███████████░░░░░░░░░░░░░░  44%  Streaming frame 514/1496
  ███████████░░░░░░░░░░░░░░  44%  Streaming frame 515/1496
  ███████████░░░░░░░░░░░░░░  44%  Streaming frame 516/1496
  ███████████░░░░░░░░░░░░░░  44%  Streaming frame 517/1496
  ███████████░░░░░░░░░░░░░░  44%  Streaming frame 518/1496
  ███████████░░░░░░░░░░░░░░  44%  Streaming frame 519/1496
  ███████████░░░░░░░░░░░░░░  44%  Streaming frame 520/1496
  ███████████░░░░░░░░░░░░░░  44%  Streaming frame 521/1496
  ███████████░░░░░░░░░░░░░░  44%  Streaming frame 522/1496
  ███████████░░░░░░░░░░░░░░  44%  Streaming frame 523/1496
  ███████████░░░░░░░░░░░░░░  44%  Streaming frame 524/1496
  ███████████░░░░░░░░░░░░░░  44%  Streaming frame 525/1496
  ███████████░░░░░░░░░░░░░░  44%  Streaming frame 526/1496
  ███████████░░░░░░░░░░░░░░  44%  Streaming frame 527/1496
  ███████████░░░░░░░░░░░░░░  44%  Streaming frame 528/1496
  ███████████░░░░░░░░░░░░░░  44%  Streaming frame 529/1496
  ███████████░░░░░░░░░░░░░░  44%  Streaming frame 530/1496
  ███████████░░░░░░░░░░░░░░  45%  Streaming frame 531/1496
  ███████████░░░░░░░░░░░░░░  45%  Streaming frame 532/1496
  ███████████░░░░░░░░░░░░░░  45%  Streaming frame 533/1496
  ███████████░░░░░░░░░░░░░░  45%  Streaming frame 534/1496
  ███████████░░░░░░░░░░░░░░  45%  Streaming frame 535/1496
  ███████████░░░░░░░░░░░░░░  45%  Streaming frame 536/1496
  ███████████░░░░░░░░░░░░░░  45%  Streaming frame 537/1496
  ███████████░░░░░░░░░░░░░░  45%  Streaming frame 538/1496
  ███████████░░░░░░░░░░░░░░  45%  Streaming frame 539/1496
  ███████████░░░░░░░░░░░░░░  45%  Streaming frame 540/1496
  ███████████░░░░░░░░░░░░░░  45%  Streaming frame 541/1496
  ███████████░░░░░░░░░░░░░░  45%  Streaming frame 542/1496
  ███████████░░░░░░░░░░░░░░  45%  Streaming frame 543/1496
  ███████████░░░░░░░░░░░░░░  45%  Streaming frame 544/1496
  ███████████░░░░░░░░░░░░░░  45%  Streaming frame 545/1496
  ███████████░░░░░░░░░░░░░░  45%  Streaming frame 546/1496
  ███████████░░░░░░░░░░░░░░  45%  Streaming frame 547/1496
  ███████████░░░░░░░░░░░░░░  45%  Streaming frame 548/1496
  ███████████░░░░░░░░░░░░░░  45%  Streaming frame 549/1496
  ███████████░░░░░░░░░░░░░░  45%  Streaming frame 550/1496
  ███████████░░░░░░░░░░░░░░  45%  Streaming frame 551/1496
  ███████████░░░░░░░░░░░░░░  45%  Streaming frame 552/1496
  ███████████░░░░░░░░░░░░░░  45%  Streaming frame 553/1496
  ███████████░░░░░░░░░░░░░░  45%  Streaming frame 554/1496
  ███████████░░░░░░░░░░░░░░  45%  Streaming frame 555/1496
  ███████████░░░░░░░░░░░░░░  45%  Streaming frame 556/1496
  ███████████░░░░░░░░░░░░░░  45%  Streaming frame 557/1496
  ███████████░░░░░░░░░░░░░░  46%  Streaming frame 558/1496
  ███████████░░░░░░░░░░░░░░  46%  Streaming frame 559/1496
  ███████████░░░░░░░░░░░░░░  46%  Streaming frame 560/1496
  ███████████░░░░░░░░░░░░░░  46%  Streaming frame 561/1496
  ███████████░░░░░░░░░░░░░░  46%  Streaming frame 562/1496
  ███████████░░░░░░░░░░░░░░  46%  Streaming frame 563/1496
  ███████████░░░░░░░░░░░░░░  46%  Streaming frame 564/1496
  ███████████░░░░░░░░░░░░░░  46%  Streaming frame 565/1496
  ███████████░░░░░░░░░░░░░░  46%  Streaming frame 566/1496
  ███████████░░░░░░░░░░░░░░  46%  Streaming frame 567/1496
  ███████████░░░░░░░░░░░░░░  46%  Streaming frame 568/1496
  ███████████░░░░░░░░░░░░░░  46%  Streaming frame 569/1496
  ███████████░░░░░░░░░░░░░░  46%  Streaming frame 570/1496
  ███████████░░░░░░░░░░░░░░  46%  Streaming frame 571/1496
  ███████████░░░░░░░░░░░░░░  46%  Streaming frame 572/1496
  ███████████░░░░░░░░░░░░░░  46%  Streaming frame 573/1496
  ███████████░░░░░░░░░░░░░░  46%  Streaming frame 574/1496
  ███████████░░░░░░░░░░░░░░  46%  Streaming frame 575/1496
  ███████████░░░░░░░░░░░░░░  46%  Streaming frame 576/1496
  ███████████░░░░░░░░░░░░░░  46%  Streaming frame 577/1496
  ███████████░░░░░░░░░░░░░░  46%  Streaming frame 578/1496
  ███████████░░░░░░░░░░░░░░  46%  Streaming frame 579/1496
  ███████████░░░░░░░░░░░░░░  46%  Streaming frame 580/1496
  ███████████░░░░░░░░░░░░░░  46%  Streaming frame 581/1496
  ███████████░░░░░░░░░░░░░░  46%  Streaming frame 582/1496
  ███████████░░░░░░░░░░░░░░  46%  Streaming frame 583/1496
  ███████████░░░░░░░░░░░░░░  46%  Streaming frame 584/1496
  ███████████░░░░░░░░░░░░░░  47%  Streaming frame 585/1496
  ███████████░░░░░░░░░░░░░░  47%  Streaming frame 586/1496
  ███████████░░░░░░░░░░░░░░  47%  Streaming frame 587/1496
  ███████████░░░░░░░░░░░░░░  47%  Streaming frame 588/1496
  ███████████░░░░░░░░░░░░░░  47%  Streaming frame 589/1496
  ███████████░░░░░░░░░░░░░░  47%  Streaming frame 590/1496
  ███████████░░░░░░░░░░░░░░  47%  Streaming frame 591/1496
  ███████████░░░░░░░░░░░░░░  47%  Streaming frame 592/1496
  ███████████░░░░░░░░░░░░░░  47%  Streaming frame 593/1496
  ███████████░░░░░░░░░░░░░░  47%  Streaming frame 594/1496
  ███████████░░░░░░░░░░░░░░  47%  Streaming frame 595/1496
  ███████████░░░░░░░░░░░░░░  47%  Streaming frame 596/1496
  ███████████░░░░░░░░░░░░░░  47%  Streaming frame 597/1496
  ███████████░░░░░░░░░░░░░░  47%  Streaming frame 598/1496
  ███████████░░░░░░░░░░░░░░  47%  Streaming frame 599/1496
  ███████████░░░░░░░░░░░░░░  47%  Streaming frame 600/1496
  ███████████░░░░░░░░░░░░░░  47%  Streaming frame 601/1496
  ███████████░░░░░░░░░░░░░░  47%  Streaming frame 602/1496
  ███████████░░░░░░░░░░░░░░  47%  Streaming frame 603/1496
  ███████████░░░░░░░░░░░░░░  47%  Streaming frame 604/1496
  ███████████░░░░░░░░░░░░░░  47%  Streaming frame 605/1496
  ███████████░░░░░░░░░░░░░░  47%  Streaming frame 606/1496
  ███████████░░░░░░░░░░░░░░  47%  Streaming frame 607/1496
  ███████████░░░░░░░░░░░░░░  47%  Streaming frame 608/1496
  ███████████░░░░░░░░░░░░░░  47%  Streaming frame 609/1496
  ███████████░░░░░░░░░░░░░░  47%  Streaming frame 610/1496
  ███████████░░░░░░░░░░░░░░  47%  Streaming frame 611/1496
  ████████████░░░░░░░░░░░░░  48%  Streaming frame 612/1496
  ████████████░░░░░░░░░░░░░  48%  Streaming frame 613/1496
  ████████████░░░░░░░░░░░░░  48%  Streaming frame 614/1496
  ████████████░░░░░░░░░░░░░  48%  Streaming frame 615/1496
  ████████████░░░░░░░░░░░░░  48%  Streaming frame 616/1496
  ████████████░░░░░░░░░░░░░  48%  Streaming frame 617/1496
  ████████████░░░░░░░░░░░░░  48%  Streaming frame 618/1496
  ████████████░░░░░░░░░░░░░  48%  Streaming frame 619/1496
  ████████████░░░░░░░░░░░░░  48%  Streaming frame 620/1496
  ████████████░░░░░░░░░░░░░  48%  Streaming frame 621/1496
  ████████████░░░░░░░░░░░░░  48%  Streaming frame 622/1496
  ████████████░░░░░░░░░░░░░  48%  Streaming frame 623/1496
  ████████████░░░░░░░░░░░░░  48%  Streaming frame 624/1496
  ████████████░░░░░░░░░░░░░  48%  Streaming frame 625/1496
  ████████████░░░░░░░░░░░░░  48%  Streaming frame 626/1496
  ████████████░░░░░░░░░░░░░  48%  Streaming frame 627/1496
  ████████████░░░░░░░░░░░░░  48%  Streaming frame 628/1496
  ████████████░░░░░░░░░░░░░  48%  Streaming frame 629/1496
  ████████████░░░░░░░░░░░░░  48%  Streaming frame 630/1496
  ████████████░░░░░░░░░░░░░  48%  Streaming frame 631/1496
  ████████████░░░░░░░░░░░░░  48%  Streaming frame 632/1496
  ████████████░░░░░░░░░░░░░  48%  Streaming frame 633/1496
  ████████████░░░░░░░░░░░░░  48%  Streaming frame 634/1496
  ████████████░░░░░░░░░░░░░  48%  Streaming frame 635/1496
  ████████████░░░░░░░░░░░░░  48%  Streaming frame 636/1496
  ████████████░░░░░░░░░░░░░  48%  Streaming frame 637/1496
  ████████████░░░░░░░░░░░░░  48%  Streaming frame 638/1496
  ████████████░░░░░░░░░░░░░  48%  Streaming frame 639/1496
  ████████████░░░░░░░░░░░░░  49%  Streaming frame 640/1496
  ████████████░░░░░░░░░░░░░  49%  Streaming frame 641/1496
  ████████████░░░░░░░░░░░░░  49%  Streaming frame 642/1496
  ████████████░░░░░░░░░░░░░  49%  Streaming frame 643/1496
  ████████████░░░░░░░░░░░░░  49%  Streaming frame 644/1496
  ████████████░░░░░░░░░░░░░  49%  Streaming frame 645/1496
  ████████████░░░░░░░░░░░░░  49%  Streaming frame 646/1496
  ████████████░░░░░░░░░░░░░  49%  Streaming frame 647/1496
  ████████████░░░░░░░░░░░░░  49%  Streaming frame 648/1496
  ████████████░░░░░░░░░░░░░  49%  Streaming frame 649/1496
  ████████████░░░░░░░░░░░░░  49%  Streaming frame 650/1496
  ████████████░░░░░░░░░░░░░  49%  Streaming frame 651/1496
  ████████████░░░░░░░░░░░░░  49%  Streaming frame 652/1496
  ████████████░░░░░░░░░░░░░  49%  Streaming frame 653/1496
  ████████████░░░░░░░░░░░░░  49%  Streaming frame 654/1496
  ████████████░░░░░░░░░░░░░  49%  Streaming frame 655/1496
  ████████████░░░░░░░░░░░░░  49%  Streaming frame 656/1496
  ████████████░░░░░░░░░░░░░  49%  Streaming frame 657/1496
  ████████████░░░░░░░░░░░░░  49%  Streaming frame 658/1496
  ████████████░░░░░░░░░░░░░  49%  Streaming frame 659/1496
  ████████████░░░░░░░░░░░░░  49%  Streaming frame 660/1496
  ████████████░░░░░░░░░░░░░  49%  Streaming frame 661/1496
  ████████████░░░░░░░░░░░░░  49%  Streaming frame 662/1496
  ████████████░░░░░░░░░░░░░  49%  Streaming frame 663/1496
  ████████████░░░░░░░░░░░░░  49%  Streaming frame 664/1496
  ████████████░░░░░░░░░░░░░  49%  Streaming frame 665/1496
  ████████████░░░░░░░░░░░░░  49%  Streaming frame 666/1496
  ████████████░░░░░░░░░░░░░  50%  Streaming frame 667/1496
  ████████████░░░░░░░░░░░░░  50%  Streaming frame 668/1496
  ████████████░░░░░░░░░░░░░  50%  Streaming frame 669/1496
  ████████████░░░░░░░░░░░░░  50%  Streaming frame 670/1496
  ████████████░░░░░░░░░░░░░  50%  Streaming frame 671/1496
  ████████████░░░░░░░░░░░░░  50%  Streaming frame 672/1496
  ████████████░░░░░░░░░░░░░  50%  Streaming frame 673/1496
  ████████████░░░░░░░░░░░░░  50%  Streaming frame 674/1496
  ████████████░░░░░░░░░░░░░  50%  Streaming frame 675/1496
  ████████████░░░░░░░░░░░░░  50%  Streaming frame 676/1496
  ████████████░░░░░░░░░░░░░  50%  Streaming frame 677/1496
  ████████████░░░░░░░░░░░░░  50%  Streaming frame 678/1496
  ████████████░░░░░░░░░░░░░  50%  Streaming frame 679/1496
  ████████████░░░░░░░░░░░░░  50%  Streaming frame 680/1496
  ████████████░░░░░░░░░░░░░  50%  Streaming frame 681/1496
  ████████████░░░░░░░░░░░░░  50%  Streaming frame 682/1496
  ████████████░░░░░░░░░░░░░  50%  Streaming frame 683/1496
  ████████████░░░░░░░░░░░░░  50%  Streaming frame 684/1496
  ████████████░░░░░░░░░░░░░  50%  Streaming frame 685/1496
  ████████████░░░░░░░░░░░░░  50%  Streaming frame 686/1496
  ████████████░░░░░░░░░░░░░  50%  Streaming frame 687/1496
  ████████████░░░░░░░░░░░░░  50%  Streaming frame 688/1496
  ████████████░░░░░░░░░░░░░  50%  Streaming frame 689/1496
  ████████████░░░░░░░░░░░░░  50%  Streaming frame 690/1496
  ████████████░░░░░░░░░░░░░  50%  Streaming frame 691/1496
  ████████████░░░░░░░░░░░░░  50%  Streaming frame 692/1496
  ████████████░░░░░░░░░░░░░  50%  Streaming frame 693/1496
  ████████████░░░░░░░░░░░░░  51%  Streaming frame 694/1496
  ████████████░░░░░░░░░░░░░  51%  Streaming frame 695/1496
  ████████████░░░░░░░░░░░░░  51%  Streaming frame 696/1496
  ████████████░░░░░░░░░░░░░  51%  Streaming frame 697/1496
  ████████████░░░░░░░░░░░░░  51%  Streaming frame 698/1496
  ████████████░░░░░░░░░░░░░  51%  Streaming frame 699/1496
  ████████████░░░░░░░░░░░░░  51%  Streaming frame 700/1496
  ████████████░░░░░░░░░░░░░  51%  Streaming frame 701/1496
  ████████████░░░░░░░░░░░░░  51%  Streaming frame 702/1496
  ████████████░░░░░░░░░░░░░  51%  Streaming frame 703/1496
  ████████████░░░░░░░░░░░░░  51%  Streaming frame 704/1496
  ████████████░░░░░░░░░░░░░  51%  Streaming frame 705/1496
  ████████████░░░░░░░░░░░░░  51%  Streaming frame 706/1496
  ████████████░░░░░░░░░░░░░  51%  Streaming frame 707/1496
  ████████████░░░░░░░░░░░░░  51%  Streaming frame 708/1496
  ████████████░░░░░░░░░░░░░  51%  Streaming frame 709/1496
  ████████████░░░░░░░░░░░░░  51%  Streaming frame 710/1496
  ████████████░░░░░░░░░░░░░  51%  Streaming frame 711/1496
  ████████████░░░░░░░░░░░░░  51%  Streaming frame 712/1496
  ████████████░░░░░░░░░░░░░  51%  Streaming frame 713/1496
  ████████████░░░░░░░░░░░░░  51%  Streaming frame 714/1496
  ████████████░░░░░░░░░░░░░  51%  Streaming frame 715/1496
  ████████████░░░░░░░░░░░░░  51%  Streaming frame 716/1496
  ████████████░░░░░░░░░░░░░  51%  Streaming frame 717/1496
  ████████████░░░░░░░░░░░░░  51%  Streaming frame 718/1496
  ████████████░░░░░░░░░░░░░  51%  Streaming frame 719/1496
  ████████████░░░░░░░░░░░░░  51%  Streaming frame 720/1496
  █████████████░░░░░░░░░░░░  52%  Streaming frame 721/1496
  █████████████░░░░░░░░░░░░  52%  Streaming frame 722/1496
  █████████████░░░░░░░░░░░░  52%  Streaming frame 723/1496
  █████████████░░░░░░░░░░░░  52%  Streaming frame 724/1496
  █████████████░░░░░░░░░░░░  52%  Streaming frame 725/1496
  █████████████░░░░░░░░░░░░  52%  Streaming frame 726/1496
  █████████████░░░░░░░░░░░░  52%  Streaming frame 727/1496
  █████████████░░░░░░░░░░░░  52%  Streaming frame 728/1496
  █████████████░░░░░░░░░░░░  52%  Streaming frame 729/1496
  █████████████░░░░░░░░░░░░  52%  Streaming frame 730/1496
  █████████████░░░░░░░░░░░░  52%  Streaming frame 731/1496
  █████████████░░░░░░░░░░░░  52%  Streaming frame 732/1496
  █████████████░░░░░░░░░░░░  52%  Streaming frame 733/1496
  █████████████░░░░░░░░░░░░  52%  Streaming frame 734/1496
  █████████████░░░░░░░░░░░░  52%  Streaming frame 735/1496
  █████████████░░░░░░░░░░░░  52%  Streaming frame 736/1496
  █████████████░░░░░░░░░░░░  52%  Streaming frame 737/1496
  █████████████░░░░░░░░░░░░  52%  Streaming frame 738/1496
  █████████████░░░░░░░░░░░░  52%  Streaming frame 739/1496
  █████████████░░░░░░░░░░░░  52%  Streaming frame 740/1496
  █████████████░░░░░░░░░░░░  52%  Streaming frame 741/1496
  █████████████░░░░░░░░░░░░  52%  Streaming frame 742/1496
  █████████████░░░░░░░░░░░░  52%  Streaming frame 743/1496
  █████████████░░░░░░░░░░░░  52%  Streaming frame 744/1496
  █████████████░░░░░░░░░░░░  52%  Streaming frame 745/1496
  █████████████░░░░░░░░░░░░  52%  Streaming frame 746/1496
  █████████████░░░░░░░░░░░░  52%  Streaming frame 747/1496
  █████████████░░░░░░░░░░░░  53%  Streaming frame 748/1496
[INFO] [Render] drawElement self-verify passed {"renderJobId":"998a8c3d-e253-4893-b042-c771e1efd992","frame":748,"psnrDb":"inf"}
  █████████████░░░░░░░░░░░░  53%  Streaming frame 749/1496
  █████████████░░░░░░░░░░░░  53%  Streaming frame 750/1496
  █████████████░░░░░░░░░░░░  53%  Streaming frame 751/1496
  █████████████░░░░░░░░░░░░  53%  Streaming frame 752/1496
  █████████████░░░░░░░░░░░░  53%  Streaming frame 753/1496
  █████████████░░░░░░░░░░░░  53%  Streaming frame 754/1496
  █████████████░░░░░░░░░░░░  53%  Streaming frame 755/1496
  █████████████░░░░░░░░░░░░  53%  Streaming frame 756/1496
  █████████████░░░░░░░░░░░░  53%  Streaming frame 757/1496
  █████████████░░░░░░░░░░░░  53%  Streaming frame 758/1496
  █████████████░░░░░░░░░░░░  53%  Streaming frame 759/1496
  █████████████░░░░░░░░░░░░  53%  Streaming frame 760/1496
  █████████████░░░░░░░░░░░░  53%  Streaming frame 761/1496
  █████████████░░░░░░░░░░░░  53%  Streaming frame 762/1496
  █████████████░░░░░░░░░░░░  53%  Streaming frame 763/1496
  █████████████░░░░░░░░░░░░  53%  Streaming frame 764/1496
  █████████████░░░░░░░░░░░░  53%  Streaming frame 765/1496
  █████████████░░░░░░░░░░░░  53%  Streaming frame 766/1496
  █████████████░░░░░░░░░░░░  53%  Streaming frame 767/1496
  █████████████░░░░░░░░░░░░  53%  Streaming frame 768/1496
  █████████████░░░░░░░░░░░░  53%  Streaming frame 769/1496
  █████████████░░░░░░░░░░░░  53%  Streaming frame 770/1496
  █████████████░░░░░░░░░░░░  53%  Streaming frame 771/1496
  █████████████░░░░░░░░░░░░  53%  Streaming frame 772/1496
  █████████████░░░░░░░░░░░░  53%  Streaming frame 773/1496
  █████████████░░░░░░░░░░░░  53%  Streaming frame 774/1496
  █████████████░░░░░░░░░░░░  53%  Streaming frame 775/1496
  █████████████░░░░░░░░░░░░  54%  Streaming frame 776/1496
  █████████████░░░░░░░░░░░░  54%  Streaming frame 777/1496
  █████████████░░░░░░░░░░░░  54%  Streaming frame 778/1496
  █████████████░░░░░░░░░░░░  54%  Streaming frame 779/1496
  █████████████░░░░░░░░░░░░  54%  Streaming frame 780/1496
  █████████████░░░░░░░░░░░░  54%  Streaming frame 781/1496
  █████████████░░░░░░░░░░░░  54%  Streaming frame 782/1496
  █████████████░░░░░░░░░░░░  54%  Streaming frame 783/1496
  █████████████░░░░░░░░░░░░  54%  Streaming frame 784/1496
  █████████████░░░░░░░░░░░░  54%  Streaming frame 785/1496
  █████████████░░░░░░░░░░░░  54%  Streaming frame 786/1496
  █████████████░░░░░░░░░░░░  54%  Streaming frame 787/1496
  █████████████░░░░░░░░░░░░  54%  Streaming frame 788/1496
  █████████████░░░░░░░░░░░░  54%  Streaming frame 789/1496
  █████████████░░░░░░░░░░░░  54%  Streaming frame 790/1496
  █████████████░░░░░░░░░░░░  54%  Streaming frame 791/1496
  █████████████░░░░░░░░░░░░  54%  Streaming frame 792/1496
  █████████████░░░░░░░░░░░░  54%  Streaming frame 793/1496
  █████████████░░░░░░░░░░░░  54%  Streaming frame 794/1496
  █████████████░░░░░░░░░░░░  54%  Streaming frame 795/1496
  █████████████░░░░░░░░░░░░  54%  Streaming frame 796/1496
  █████████████░░░░░░░░░░░░  54%  Streaming frame 797/1496
  █████████████░░░░░░░░░░░░  54%  Streaming frame 798/1496
  █████████████░░░░░░░░░░░░  54%  Streaming frame 799/1496
  █████████████░░░░░░░░░░░░  54%  Streaming frame 800/1496
  █████████████░░░░░░░░░░░░  54%  Streaming frame 801/1496
  █████████████░░░░░░░░░░░░  54%  Streaming frame 802/1496
  █████████████░░░░░░░░░░░░  55%  Streaming frame 803/1496
  █████████████░░░░░░░░░░░░  55%  Streaming frame 804/1496
  █████████████░░░░░░░░░░░░  55%  Streaming frame 805/1496
  █████████████░░░░░░░░░░░░  55%  Streaming frame 806/1496
  █████████████░░░░░░░░░░░░  55%  Streaming frame 807/1496
  █████████████░░░░░░░░░░░░  55%  Streaming frame 808/1496
  █████████████░░░░░░░░░░░░  55%  Streaming frame 809/1496
  █████████████░░░░░░░░░░░░  55%  Streaming frame 810/1496
  █████████████░░░░░░░░░░░░  55%  Streaming frame 811/1496
  █████████████░░░░░░░░░░░░  55%  Streaming frame 812/1496
  █████████████░░░░░░░░░░░░  55%  Streaming frame 813/1496
  █████████████░░░░░░░░░░░░  55%  Streaming frame 814/1496
  █████████████░░░░░░░░░░░░  55%  Streaming frame 815/1496
  █████████████░░░░░░░░░░░░  55%  Streaming frame 816/1496
  █████████████░░░░░░░░░░░░  55%  Streaming frame 817/1496
  █████████████░░░░░░░░░░░░  55%  Streaming frame 818/1496
  █████████████░░░░░░░░░░░░  55%  Streaming frame 819/1496
  █████████████░░░░░░░░░░░░  55%  Streaming frame 820/1496
  █████████████░░░░░░░░░░░░  55%  Streaming frame 821/1496
  █████████████░░░░░░░░░░░░  55%  Streaming frame 822/1496
  █████████████░░░░░░░░░░░░  55%  Streaming frame 823/1496
  █████████████░░░░░░░░░░░░  55%  Streaming frame 824/1496
  █████████████░░░░░░░░░░░░  55%  Streaming frame 825/1496
  █████████████░░░░░░░░░░░░  55%  Streaming frame 826/1496
  █████████████░░░░░░░░░░░░  55%  Streaming frame 827/1496
  █████████████░░░░░░░░░░░░  55%  Streaming frame 828/1496
  █████████████░░░░░░░░░░░░  55%  Streaming frame 829/1496
  ██████████████░░░░░░░░░░░  56%  Streaming frame 830/1496
  ██████████████░░░░░░░░░░░  56%  Streaming frame 831/1496
  ██████████████░░░░░░░░░░░  56%  Streaming frame 832/1496
  ██████████████░░░░░░░░░░░  56%  Streaming frame 833/1496
  ██████████████░░░░░░░░░░░  56%  Streaming frame 834/1496
  ██████████████░░░░░░░░░░░  56%  Streaming frame 835/1496
  ██████████████░░░░░░░░░░░  56%  Streaming frame 836/1496
  ██████████████░░░░░░░░░░░  56%  Streaming frame 837/1496
  ██████████████░░░░░░░░░░░  56%  Streaming frame 838/1496
  ██████████████░░░░░░░░░░░  56%  Streaming frame 839/1496
  ██████████████░░░░░░░░░░░  56%  Streaming frame 840/1496
  ██████████████░░░░░░░░░░░  56%  Streaming frame 841/1496
  ██████████████░░░░░░░░░░░  56%  Streaming frame 842/1496
  ██████████████░░░░░░░░░░░  56%  Streaming frame 843/1496
  ██████████████░░░░░░░░░░░  56%  Streaming frame 844/1496
  ██████████████░░░░░░░░░░░  56%  Streaming frame 845/1496
  ██████████████░░░░░░░░░░░  56%  Streaming frame 846/1496
  ██████████████░░░░░░░░░░░  56%  Streaming frame 847/1496
  ██████████████░░░░░░░░░░░  56%  Streaming frame 848/1496
  ██████████████░░░░░░░░░░░  56%  Streaming frame 849/1496
  ██████████████░░░░░░░░░░░  56%  Streaming frame 850/1496
  ██████████████░░░░░░░░░░░  56%  Streaming frame 851/1496
  ██████████████░░░░░░░░░░░  56%  Streaming frame 852/1496
  ██████████████░░░░░░░░░░░  56%  Streaming frame 853/1496
  ██████████████░░░░░░░░░░░  56%  Streaming frame 854/1496
  ██████████████░░░░░░░░░░░  56%  Streaming frame 855/1496
  ██████████████░░░░░░░░░░░  56%  Streaming frame 856/1496
  ██████████████░░░░░░░░░░░  57%  Streaming frame 857/1496
  ██████████████░░░░░░░░░░░  57%  Streaming frame 858/1496
  ██████████████░░░░░░░░░░░  57%  Streaming frame 859/1496
  ██████████████░░░░░░░░░░░  57%  Streaming frame 860/1496
  ██████████████░░░░░░░░░░░  57%  Streaming frame 861/1496
  ██████████████░░░░░░░░░░░  57%  Streaming frame 862/1496
  ██████████████░░░░░░░░░░░  57%  Streaming frame 863/1496
  ██████████████░░░░░░░░░░░  57%  Streaming frame 864/1496
  ██████████████░░░░░░░░░░░  57%  Streaming frame 865/1496
  ██████████████░░░░░░░░░░░  57%  Streaming frame 866/1496
  ██████████████░░░░░░░░░░░  57%  Streaming frame 867/1496
  ██████████████░░░░░░░░░░░  57%  Streaming frame 868/1496
  ██████████████░░░░░░░░░░░  57%  Streaming frame 869/1496
  ██████████████░░░░░░░░░░░  57%  Streaming frame 870/1496
  ██████████████░░░░░░░░░░░  57%  Streaming frame 871/1496
  ██████████████░░░░░░░░░░░  57%  Streaming frame 872/1496
  ██████████████░░░░░░░░░░░  57%  Streaming frame 873/1496
  ██████████████░░░░░░░░░░░  57%  Streaming frame 874/1496
  ██████████████░░░░░░░░░░░  57%  Streaming frame 875/1496
  ██████████████░░░░░░░░░░░  57%  Streaming frame 876/1496
  ██████████████░░░░░░░░░░░  57%  Streaming frame 877/1496
  ██████████████░░░░░░░░░░░  57%  Streaming frame 878/1496
  ██████████████░░░░░░░░░░░  57%  Streaming frame 879/1496
  ██████████████░░░░░░░░░░░  57%  Streaming frame 880/1496
  ██████████████░░░░░░░░░░░  57%  Streaming frame 881/1496
  ██████████████░░░░░░░░░░░  57%  Streaming frame 882/1496
  ██████████████░░░░░░░░░░░  57%  Streaming frame 883/1496
  ██████████████░░░░░░░░░░░  58%  Streaming frame 884/1496
  ██████████████░░░░░░░░░░░  58%  Streaming frame 885/1496
  ██████████████░░░░░░░░░░░  58%  Streaming frame 886/1496
  ██████████████░░░░░░░░░░░  58%  Streaming frame 887/1496
  ██████████████░░░░░░░░░░░  58%  Streaming frame 888/1496
  ██████████████░░░░░░░░░░░  58%  Streaming frame 889/1496
  ██████████████░░░░░░░░░░░  58%  Streaming frame 890/1496
  ██████████████░░░░░░░░░░░  58%  Streaming frame 891/1496
  ██████████████░░░░░░░░░░░  58%  Streaming frame 892/1496
  ██████████████░░░░░░░░░░░  58%  Streaming frame 893/1496
  ██████████████░░░░░░░░░░░  58%  Streaming frame 894/1496
  ██████████████░░░░░░░░░░░  58%  Streaming frame 895/1496
  ██████████████░░░░░░░░░░░  58%  Streaming frame 896/1496
  ██████████████░░░░░░░░░░░  58%  Streaming frame 897/1496
  ██████████████░░░░░░░░░░░  58%  Streaming frame 898/1496
  ██████████████░░░░░░░░░░░  58%  Streaming frame 899/1496
  ██████████████░░░░░░░░░░░  58%  Streaming frame 900/1496
  ██████████████░░░░░░░░░░░  58%  Streaming frame 901/1496
  ██████████████░░░░░░░░░░░  58%  Streaming frame 902/1496
  ██████████████░░░░░░░░░░░  58%  Streaming frame 903/1496
  ██████████████░░░░░░░░░░░  58%  Streaming frame 904/1496
  ██████████████░░░░░░░░░░░  58%  Streaming frame 905/1496
  ██████████████░░░░░░░░░░░  58%  Streaming frame 906/1496
  ██████████████░░░░░░░░░░░  58%  Streaming frame 907/1496
  ██████████████░░░░░░░░░░░  58%  Streaming frame 908/1496
  ██████████████░░░░░░░░░░░  58%  Streaming frame 909/1496
  ██████████████░░░░░░░░░░░  58%  Streaming frame 910/1496
  ██████████████░░░░░░░░░░░  58%  Streaming frame 911/1496
  ██████████████░░░░░░░░░░░  59%  Streaming frame 912/1496
  ██████████████░░░░░░░░░░░  59%  Streaming frame 913/1496
  ██████████████░░░░░░░░░░░  59%  Streaming frame 914/1496
  ██████████████░░░░░░░░░░░  59%  Streaming frame 915/1496
  ██████████████░░░░░░░░░░░  59%  Streaming frame 916/1496
  ██████████████░░░░░░░░░░░  59%  Streaming frame 917/1496
  ██████████████░░░░░░░░░░░  59%  Streaming frame 918/1496
  ██████████████░░░░░░░░░░░  59%  Streaming frame 919/1496
  ██████████████░░░░░░░░░░░  59%  Streaming frame 920/1496
  ██████████████░░░░░░░░░░░  59%  Streaming frame 921/1496
  ██████████████░░░░░░░░░░░  59%  Streaming frame 922/1496
  ██████████████░░░░░░░░░░░  59%  Streaming frame 923/1496
  ██████████████░░░░░░░░░░░  59%  Streaming frame 924/1496
  ██████████████░░░░░░░░░░░  59%  Streaming frame 925/1496
  ██████████████░░░░░░░░░░░  59%  Streaming frame 926/1496
  ██████████████░░░░░░░░░░░  59%  Streaming frame 927/1496
  ██████████████░░░░░░░░░░░  59%  Streaming frame 928/1496
  ██████████████░░░░░░░░░░░  59%  Streaming frame 929/1496
  ██████████████░░░░░░░░░░░  59%  Streaming frame 930/1496
  ██████████████░░░░░░░░░░░  59%  Streaming frame 931/1496
  ██████████████░░░░░░░░░░░  59%  Streaming frame 932/1496
  ██████████████░░░░░░░░░░░  59%  Streaming frame 933/1496
  ██████████████░░░░░░░░░░░  59%  Streaming frame 934/1496
  ██████████████░░░░░░░░░░░  59%  Streaming frame 935/1496
  ██████████████░░░░░░░░░░░  59%  Streaming frame 936/1496
  ██████████████░░░░░░░░░░░  59%  Streaming frame 937/1496
  ██████████████░░░░░░░░░░░  59%  Streaming frame 938/1496
  ███████████████░░░░░░░░░░  60%  Streaming frame 939/1496
  ███████████████░░░░░░░░░░  60%  Streaming frame 940/1496
  ███████████████░░░░░░░░░░  60%  Streaming frame 941/1496
  ███████████████░░░░░░░░░░  60%  Streaming frame 942/1496
  ███████████████░░░░░░░░░░  60%  Streaming frame 943/1496
  ███████████████░░░░░░░░░░  60%  Streaming frame 944/1496
  ███████████████░░░░░░░░░░  60%  Streaming frame 945/1496
  ███████████████░░░░░░░░░░  60%  Streaming frame 946/1496
  ███████████████░░░░░░░░░░  60%  Streaming frame 947/1496
  ███████████████░░░░░░░░░░  60%  Streaming frame 948/1496
  ███████████████░░░░░░░░░░  60%  Streaming frame 949/1496
  ███████████████░░░░░░░░░░  60%  Streaming frame 950/1496
  ███████████████░░░░░░░░░░  60%  Streaming frame 951/1496
  ███████████████░░░░░░░░░░  60%  Streaming frame 952/1496
  ███████████████░░░░░░░░░░  60%  Streaming frame 953/1496
  ███████████████░░░░░░░░░░  60%  Streaming frame 954/1496
  ███████████████░░░░░░░░░░  60%  Streaming frame 955/1496
  ███████████████░░░░░░░░░░  60%  Streaming frame 956/1496
  ███████████████░░░░░░░░░░  60%  Streaming frame 957/1496
  ███████████████░░░░░░░░░░  60%  Streaming frame 958/1496
  ███████████████░░░░░░░░░░  60%  Streaming frame 959/1496
  ███████████████░░░░░░░░░░  60%  Streaming frame 960/1496
  ███████████████░░░░░░░░░░  60%  Streaming frame 961/1496
  ███████████████░░░░░░░░░░  60%  Streaming frame 962/1496
  ███████████████░░░░░░░░░░  60%  Streaming frame 963/1496
  ███████████████░░░░░░░░░░  60%  Streaming frame 964/1496
  ███████████████░░░░░░░░░░  60%  Streaming frame 965/1496
  ███████████████░░░░░░░░░░  61%  Streaming frame 966/1496
  ███████████████░░░░░░░░░░  61%  Streaming frame 967/1496
  ███████████████░░░░░░░░░░  61%  Streaming frame 968/1496
  ███████████████░░░░░░░░░░  61%  Streaming frame 969/1496
  ███████████████░░░░░░░░░░  61%  Streaming frame 970/1496
  ███████████████░░░░░░░░░░  61%  Streaming frame 971/1496
  ███████████████░░░░░░░░░░  61%  Streaming frame 972/1496
  ███████████████░░░░░░░░░░  61%  Streaming frame 973/1496
  ███████████████░░░░░░░░░░  61%  Streaming frame 974/1496
  ███████████████░░░░░░░░░░  61%  Streaming frame 975/1496
  ███████████████░░░░░░░░░░  61%  Streaming frame 976/1496
  ███████████████░░░░░░░░░░  61%  Streaming frame 977/1496
  ███████████████░░░░░░░░░░  61%  Streaming frame 978/1496
  ███████████████░░░░░░░░░░  61%  Streaming frame 979/1496
  ███████████████░░░░░░░░░░  61%  Streaming frame 980/1496
  ███████████████░░░░░░░░░░  61%  Streaming frame 981/1496
  ███████████████░░░░░░░░░░  61%  Streaming frame 982/1496
  ███████████████░░░░░░░░░░  61%  Streaming frame 983/1496
  ███████████████░░░░░░░░░░  61%  Streaming frame 984/1496
  ███████████████░░░░░░░░░░  61%  Streaming frame 985/1496
  ███████████████░░░░░░░░░░  61%  Streaming frame 986/1496
  ███████████████░░░░░░░░░░  61%  Streaming frame 987/1496
  ███████████████░░░░░░░░░░  61%  Streaming frame 988/1496
  ███████████████░░░░░░░░░░  61%  Streaming frame 989/1496
  ███████████████░░░░░░░░░░  61%  Streaming frame 990/1496
  ███████████████░░░░░░░░░░  61%  Streaming frame 991/1496
  ███████████████░░░░░░░░░░  61%  Streaming frame 992/1496
  ███████████████░░░░░░░░░░  62%  Streaming frame 993/1496
  ███████████████░░░░░░░░░░  62%  Streaming frame 994/1496
  ███████████████░░░░░░░░░░  62%  Streaming frame 995/1496
  ███████████████░░░░░░░░░░  62%  Streaming frame 996/1496
  ███████████████░░░░░░░░░░  62%  Streaming frame 997/1496
  ███████████████░░░░░░░░░░  62%  Streaming frame 998/1496
  ███████████████░░░░░░░░░░  62%  Streaming frame 999/1496
  ███████████████░░░░░░░░░░  62%  Streaming frame 1000/1496
  ███████████████░░░░░░░░░░  62%  Streaming frame 1001/1496
  ███████████████░░░░░░░░░░  62%  Streaming frame 1002/1496
  ███████████████░░░░░░░░░░  62%  Streaming frame 1003/1496
  ███████████████░░░░░░░░░░  62%  Streaming frame 1004/1496
  ███████████████░░░░░░░░░░  62%  Streaming frame 1005/1496
  ███████████████░░░░░░░░░░  62%  Streaming frame 1006/1496
  ███████████████░░░░░░░░░░  62%  Streaming frame 1007/1496
  ███████████████░░░░░░░░░░  62%  Streaming frame 1008/1496
  ███████████████░░░░░░░░░░  62%  Streaming frame 1009/1496
  ███████████████░░░░░░░░░░  62%  Streaming frame 1010/1496
  ███████████████░░░░░░░░░░  62%  Streaming frame 1011/1496
  ███████████████░░░░░░░░░░  62%  Streaming frame 1012/1496
  ███████████████░░░░░░░░░░  62%  Streaming frame 1013/1496
  ███████████████░░░░░░░░░░  62%  Streaming frame 1014/1496
  ███████████████░░░░░░░░░░  62%  Streaming frame 1015/1496
  ███████████████░░░░░░░░░░  62%  Streaming frame 1016/1496
  ███████████████░░░░░░░░░░  62%  Streaming frame 1017/1496
  ███████████████░░░░░░░░░░  62%  Streaming frame 1018/1496
  ███████████████░░░░░░░░░░  62%  Streaming frame 1019/1496
  ███████████████░░░░░░░░░░  63%  Streaming frame 1020/1496
  ███████████████░░░░░░░░░░  63%  Streaming frame 1021/1496
  ███████████████░░░░░░░░░░  63%  Streaming frame 1022/1496
  ███████████████░░░░░░░░░░  63%  Streaming frame 1023/1496
  ███████████████░░░░░░░░░░  63%  Streaming frame 1024/1496
  ███████████████░░░░░░░░░░  63%  Streaming frame 1025/1496
  ███████████████░░░░░░░░░░  63%  Streaming frame 1026/1496
  ███████████████░░░░░░░░░░  63%  Streaming frame 1027/1496
  ███████████████░░░░░░░░░░  63%  Streaming frame 1028/1496
  ███████████████░░░░░░░░░░  63%  Streaming frame 1029/1496
  ███████████████░░░░░░░░░░  63%  Streaming frame 1030/1496
  ███████████████░░░░░░░░░░  63%  Streaming frame 1031/1496
  ███████████████░░░░░░░░░░  63%  Streaming frame 1032/1496
  ███████████████░░░░░░░░░░  63%  Streaming frame 1033/1496
  ███████████████░░░░░░░░░░  63%  Streaming frame 1034/1496
  ███████████████░░░░░░░░░░  63%  Streaming frame 1035/1496
  ███████████████░░░░░░░░░░  63%  Streaming frame 1036/1496
  ███████████████░░░░░░░░░░  63%  Streaming frame 1037/1496
  ███████████████░░░░░░░░░░  63%  Streaming frame 1038/1496
  ███████████████░░░░░░░░░░  63%  Streaming frame 1039/1496
  ███████████████░░░░░░░░░░  63%  Streaming frame 1040/1496
  ███████████████░░░░░░░░░░  63%  Streaming frame 1041/1496
  ███████████████░░░░░░░░░░  63%  Streaming frame 1042/1496
  ███████████████░░░░░░░░░░  63%  Streaming frame 1043/1496
  ███████████████░░░░░░░░░░  63%  Streaming frame 1044/1496
  ███████████████░░░░░░░░░░  63%  Streaming frame 1045/1496
  ███████████████░░░░░░░░░░  63%  Streaming frame 1046/1496
  ███████████████░░░░░░░░░░  63%  Streaming frame 1047/1496
  ████████████████░░░░░░░░░  64%  Streaming frame 1048/1496
  ████████████████░░░░░░░░░  64%  Streaming frame 1049/1496
  ████████████████░░░░░░░░░  64%  Streaming frame 1050/1496
  ████████████████░░░░░░░░░  64%  Streaming frame 1051/1496
  ████████████████░░░░░░░░░  64%  Streaming frame 1052/1496
  ████████████████░░░░░░░░░  64%  Streaming frame 1053/1496
  ████████████████░░░░░░░░░  64%  Streaming frame 1054/1496
  ████████████████░░░░░░░░░  64%  Streaming frame 1055/1496
  ████████████████░░░░░░░░░  64%  Streaming frame 1056/1496
  ████████████████░░░░░░░░░  64%  Streaming frame 1057/1496
  ████████████████░░░░░░░░░  64%  Streaming frame 1058/1496
  ████████████████░░░░░░░░░  64%  Streaming frame 1059/1496
  ████████████████░░░░░░░░░  64%  Streaming frame 1060/1496
  ████████████████░░░░░░░░░  64%  Streaming frame 1061/1496
  ████████████████░░░░░░░░░  64%  Streaming frame 1062/1496
  ████████████████░░░░░░░░░  64%  Streaming frame 1063/1496
  ████████████████░░░░░░░░░  64%  Streaming frame 1064/1496
  ████████████████░░░░░░░░░  64%  Streaming frame 1065/1496
  ████████████████░░░░░░░░░  64%  Streaming frame 1066/1496
  ████████████████░░░░░░░░░  64%  Streaming frame 1067/1496
  ████████████████░░░░░░░░░  64%  Streaming frame 1068/1496
  ████████████████░░░░░░░░░  64%  Streaming frame 1069/1496
  ████████████████░░░░░░░░░  64%  Streaming frame 1070/1496
  ████████████████░░░░░░░░░  64%  Streaming frame 1071/1496
  ████████████████░░░░░░░░░  64%  Streaming frame 1072/1496
  ████████████████░░░░░░░░░  64%  Streaming frame 1073/1496
  ████████████████░░░░░░░░░  64%  Streaming frame 1074/1496
  ████████████████░░░░░░░░░  65%  Streaming frame 1075/1496
  ████████████████░░░░░░░░░  65%  Streaming frame 1076/1496
  ████████████████░░░░░░░░░  65%  Streaming frame 1077/1496
  ████████████████░░░░░░░░░  65%  Streaming frame 1078/1496
  ████████████████░░░░░░░░░  65%  Streaming frame 1079/1496
  ████████████████░░░░░░░░░  65%  Streaming frame 1080/1496
  ████████████████░░░░░░░░░  65%  Streaming frame 1081/1496
  ████████████████░░░░░░░░░  65%  Streaming frame 1082/1496
  ████████████████░░░░░░░░░  65%  Streaming frame 1083/1496
  ████████████████░░░░░░░░░  65%  Streaming frame 1084/1496
  ████████████████░░░░░░░░░  65%  Streaming frame 1085/1496
  ████████████████░░░░░░░░░  65%  Streaming frame 1086/1496
  ████████████████░░░░░░░░░  65%  Streaming frame 1087/1496
  ████████████████░░░░░░░░░  65%  Streaming frame 1088/1496
  ████████████████░░░░░░░░░  65%  Streaming frame 1089/1496
  ████████████████░░░░░░░░░  65%  Streaming frame 1090/1496
  ████████████████░░░░░░░░░  65%  Streaming frame 1091/1496
  ████████████████░░░░░░░░░  65%  Streaming frame 1092/1496
  ████████████████░░░░░░░░░  65%  Streaming frame 1093/1496
  ████████████████░░░░░░░░░  65%  Streaming frame 1094/1496
  ████████████████░░░░░░░░░  65%  Streaming frame 1095/1496
  ████████████████░░░░░░░░░  65%  Streaming frame 1096/1496
  ████████████████░░░░░░░░░  65%  Streaming frame 1097/1496
  ████████████████░░░░░░░░░  65%  Streaming frame 1098/1496
  ████████████████░░░░░░░░░  65%  Streaming frame 1099/1496
  ████████████████░░░░░░░░░  65%  Streaming frame 1100/1496
  ████████████████░░░░░░░░░  65%  Streaming frame 1101/1496
  ████████████████░░░░░░░░░  66%  Streaming frame 1102/1496
  ████████████████░░░░░░░░░  66%  Streaming frame 1103/1496
  ████████████████░░░░░░░░░  66%  Streaming frame 1104/1496
  ████████████████░░░░░░░░░  66%  Streaming frame 1105/1496
  ████████████████░░░░░░░░░  66%  Streaming frame 1106/1496
  ████████████████░░░░░░░░░  66%  Streaming frame 1107/1496
  ████████████████░░░░░░░░░  66%  Streaming frame 1108/1496
  ████████████████░░░░░░░░░  66%  Streaming frame 1109/1496
  ████████████████░░░░░░░░░  66%  Streaming frame 1110/1496
  ████████████████░░░░░░░░░  66%  Streaming frame 1111/1496
  ████████████████░░░░░░░░░  66%  Streaming frame 1112/1496
  ████████████████░░░░░░░░░  66%  Streaming frame 1113/1496
  ████████████████░░░░░░░░░  66%  Streaming frame 1114/1496
  ████████████████░░░░░░░░░  66%  Streaming frame 1115/1496
  ████████████████░░░░░░░░░  66%  Streaming frame 1116/1496
  ████████████████░░░░░░░░░  66%  Streaming frame 1117/1496
  ████████████████░░░░░░░░░  66%  Streaming frame 1118/1496
  ████████████████░░░░░░░░░  66%  Streaming frame 1119/1496
  ████████████████░░░░░░░░░  66%  Streaming frame 1120/1496
  ████████████████░░░░░░░░░  66%  Streaming frame 1121/1496
[INFO] [Render] drawElement self-verify passed {"renderJobId":"998a8c3d-e253-4893-b042-c771e1efd992","frame":1121,"psnrDb":76.7}
  ████████████████░░░░░░░░░  66%  Streaming frame 1122/1496
  ████████████████░░░░░░░░░  66%  Streaming frame 1123/1496
  ████████████████░░░░░░░░░  66%  Streaming frame 1124/1496
  ████████████████░░░░░░░░░  66%  Streaming frame 1125/1496
  ████████████████░░░░░░░░░  66%  Streaming frame 1126/1496
  ████████████████░░░░░░░░░  66%  Streaming frame 1127/1496
  ████████████████░░░░░░░░░  66%  Streaming frame 1128/1496
  ████████████████░░░░░░░░░  67%  Streaming frame 1129/1496
  ████████████████░░░░░░░░░  67%  Streaming frame 1130/1496
  ████████████████░░░░░░░░░  67%  Streaming frame 1131/1496
  ████████████████░░░░░░░░░  67%  Streaming frame 1132/1496
  ████████████████░░░░░░░░░  67%  Streaming frame 1133/1496
  ████████████████░░░░░░░░░  67%  Streaming frame 1134/1496
  ████████████████░░░░░░░░░  67%  Streaming frame 1135/1496
  ████████████████░░░░░░░░░  67%  Streaming frame 1136/1496
  ████████████████░░░░░░░░░  67%  Streaming frame 1137/1496
  ████████████████░░░░░░░░░  67%  Streaming frame 1138/1496
  ████████████████░░░░░░░░░  67%  Streaming frame 1139/1496
  ████████████████░░░░░░░░░  67%  Streaming frame 1140/1496
  ████████████████░░░░░░░░░  67%  Streaming frame 1141/1496
  ████████████████░░░░░░░░░  67%  Streaming frame 1142/1496
  ████████████████░░░░░░░░░  67%  Streaming frame 1143/1496
  ████████████████░░░░░░░░░  67%  Streaming frame 1144/1496
  ████████████████░░░░░░░░░  67%  Streaming frame 1145/1496
  ████████████████░░░░░░░░░  67%  Streaming frame 1146/1496
  ████████████████░░░░░░░░░  67%  Streaming frame 1147/1496
  ████████████████░░░░░░░░░  67%  Streaming frame 1148/1496
  ████████████████░░░░░░░░░  67%  Streaming frame 1149/1496
  ████████████████░░░░░░░░░  67%  Streaming frame 1150/1496
  ████████████████░░░░░░░░░  67%  Streaming frame 1151/1496
  ████████████████░░░░░░░░░  67%  Streaming frame 1152/1496
  ████████████████░░░░░░░░░  67%  Streaming frame 1153/1496
  ████████████████░░░░░░░░░  67%  Streaming frame 1154/1496
  ████████████████░░░░░░░░░  67%  Streaming frame 1155/1496
  █████████████████░░░░░░░░  68%  Streaming frame 1156/1496
  █████████████████░░░░░░░░  68%  Streaming frame 1157/1496
  █████████████████░░░░░░░░  68%  Streaming frame 1158/1496
  █████████████████░░░░░░░░  68%  Streaming frame 1159/1496
  █████████████████░░░░░░░░  68%  Streaming frame 1160/1496
  █████████████████░░░░░░░░  68%  Streaming frame 1161/1496
  █████████████████░░░░░░░░  68%  Streaming frame 1162/1496
  █████████████████░░░░░░░░  68%  Streaming frame 1163/1496
  █████████████████░░░░░░░░  68%  Streaming frame 1164/1496
  █████████████████░░░░░░░░  68%  Streaming frame 1165/1496
  █████████████████░░░░░░░░  68%  Streaming frame 1166/1496
  █████████████████░░░░░░░░  68%  Streaming frame 1167/1496
  █████████████████░░░░░░░░  68%  Streaming frame 1168/1496
  █████████████████░░░░░░░░  68%  Streaming frame 1169/1496
  █████████████████░░░░░░░░  68%  Streaming frame 1170/1496
  █████████████████░░░░░░░░  68%  Streaming frame 1171/1496
  █████████████████░░░░░░░░  68%  Streaming frame 1172/1496
  █████████████████░░░░░░░░  68%  Streaming frame 1173/1496
  █████████████████░░░░░░░░  68%  Streaming frame 1174/1496
  █████████████████░░░░░░░░  68%  Streaming frame 1175/1496
  █████████████████░░░░░░░░  68%  Streaming frame 1176/1496
  █████████████████░░░░░░░░  68%  Streaming frame 1177/1496
  █████████████████░░░░░░░░  68%  Streaming frame 1178/1496
  █████████████████░░░░░░░░  68%  Streaming frame 1179/1496
  █████████████████░░░░░░░░  68%  Streaming frame 1180/1496
  █████████████████░░░░░░░░  68%  Streaming frame 1181/1496
  █████████████████░░░░░░░░  68%  Streaming frame 1182/1496
  █████████████████░░░░░░░░  68%  Streaming frame 1183/1496
  █████████████████░░░░░░░░  69%  Streaming frame 1184/1496
  █████████████████░░░░░░░░  69%  Streaming frame 1185/1496
  █████████████████░░░░░░░░  69%  Streaming frame 1186/1496
  █████████████████░░░░░░░░  69%  Streaming frame 1187/1496
  █████████████████░░░░░░░░  69%  Streaming frame 1188/1496
  █████████████████░░░░░░░░  69%  Streaming frame 1189/1496
  █████████████████░░░░░░░░  69%  Streaming frame 1190/1496
  █████████████████░░░░░░░░  69%  Streaming frame 1191/1496
  █████████████████░░░░░░░░  69%  Streaming frame 1192/1496
  █████████████████░░░░░░░░  69%  Streaming frame 1193/1496
  █████████████████░░░░░░░░  69%  Streaming frame 1194/1496
  █████████████████░░░░░░░░  69%  Streaming frame 1195/1496
  █████████████████░░░░░░░░  69%  Streaming frame 1196/1496
  █████████████████░░░░░░░░  69%  Streaming frame 1197/1496
  █████████████████░░░░░░░░  69%  Streaming frame 1198/1496
  █████████████████░░░░░░░░  69%  Streaming frame 1199/1496
  █████████████████░░░░░░░░  69%  Streaming frame 1200/1496
  █████████████████░░░░░░░░  69%  Streaming frame 1201/1496
  █████████████████░░░░░░░░  69%  Streaming frame 1202/1496
  █████████████████░░░░░░░░  69%  Streaming frame 1203/1496
  █████████████████░░░░░░░░  69%  Streaming frame 1204/1496
  █████████████████░░░░░░░░  69%  Streaming frame 1205/1496
  █████████████████░░░░░░░░  69%  Streaming frame 1206/1496
  █████████████████░░░░░░░░  69%  Streaming frame 1207/1496
  █████████████████░░░░░░░░  69%  Streaming frame 1208/1496
  █████████████████░░░░░░░░  69%  Streaming frame 1209/1496
  █████████████████░░░░░░░░  69%  Streaming frame 1210/1496
  █████████████████░░░░░░░░  70%  Streaming frame 1211/1496
  █████████████████░░░░░░░░  70%  Streaming frame 1212/1496
  █████████████████░░░░░░░░  70%  Streaming frame 1213/1496
  █████████████████░░░░░░░░  70%  Streaming frame 1214/1496
  █████████████████░░░░░░░░  70%  Streaming frame 1215/1496
  █████████████████░░░░░░░░  70%  Streaming frame 1216/1496
  █████████████████░░░░░░░░  70%  Streaming frame 1217/1496
  █████████████████░░░░░░░░  70%  Streaming frame 1218/1496
  █████████████████░░░░░░░░  70%  Streaming frame 1219/1496
  █████████████████░░░░░░░░  70%  Streaming frame 1220/1496
  █████████████████░░░░░░░░  70%  Streaming frame 1221/1496
  █████████████████░░░░░░░░  70%  Streaming frame 1222/1496
  █████████████████░░░░░░░░  70%  Streaming frame 1223/1496
  █████████████████░░░░░░░░  70%  Streaming frame 1224/1496
  █████████████████░░░░░░░░  70%  Streaming frame 1225/1496
  █████████████████░░░░░░░░  70%  Streaming frame 1226/1496
  █████████████████░░░░░░░░  70%  Streaming frame 1227/1496
  █████████████████░░░░░░░░  70%  Streaming frame 1228/1496
  █████████████████░░░░░░░░  70%  Streaming frame 1229/1496
  █████████████████░░░░░░░░  70%  Streaming frame 1230/1496
  █████████████████░░░░░░░░  70%  Streaming frame 1231/1496
  █████████████████░░░░░░░░  70%  Streaming frame 1232/1496
  █████████████████░░░░░░░░  70%  Streaming frame 1233/1496
  █████████████████░░░░░░░░  70%  Streaming frame 1234/1496
  █████████████████░░░░░░░░  70%  Streaming frame 1235/1496
  █████████████████░░░░░░░░  70%  Streaming frame 1236/1496
  █████████████████░░░░░░░░  70%  Streaming frame 1237/1496
  █████████████████░░░░░░░░  71%  Streaming frame 1238/1496
  █████████████████░░░░░░░░  71%  Streaming frame 1239/1496
  █████████████████░░░░░░░░  71%  Streaming frame 1240/1496
  █████████████████░░░░░░░░  71%  Streaming frame 1241/1496
  █████████████████░░░░░░░░  71%  Streaming frame 1242/1496
  █████████████████░░░░░░░░  71%  Streaming frame 1243/1496
  █████████████████░░░░░░░░  71%  Streaming frame 1244/1496
  █████████████████░░░░░░░░  71%  Streaming frame 1245/1496
  █████████████████░░░░░░░░  71%  Streaming frame 1246/1496
  █████████████████░░░░░░░░  71%  Streaming frame 1247/1496
  █████████████████░░░░░░░░  71%  Streaming frame 1248/1496
  █████████████████░░░░░░░░  71%  Streaming frame 1249/1496
  █████████████████░░░░░░░░  71%  Streaming frame 1250/1496
  █████████████████░░░░░░░░  71%  Streaming frame 1251/1496
  █████████████████░░░░░░░░  71%  Streaming frame 1252/1496
  █████████████████░░░░░░░░  71%  Streaming frame 1253/1496
  █████████████████░░░░░░░░  71%  Streaming frame 1254/1496
  █████████████████░░░░░░░░  71%  Streaming frame 1255/1496
  █████████████████░░░░░░░░  71%  Streaming frame 1256/1496
  █████████████████░░░░░░░░  71%  Streaming frame 1257/1496
  █████████████████░░░░░░░░  71%  Streaming frame 1258/1496
  █████████████████░░░░░░░░  71%  Streaming frame 1259/1496
  █████████████████░░░░░░░░  71%  Streaming frame 1260/1496
  █████████████████░░░░░░░░  71%  Streaming frame 1261/1496
  █████████████████░░░░░░░░  71%  Streaming frame 1262/1496
  █████████████████░░░░░░░░  71%  Streaming frame 1263/1496
  █████████████████░░░░░░░░  71%  Streaming frame 1264/1496
  ██████████████████░░░░░░░  72%  Streaming frame 1265/1496
  ██████████████████░░░░░░░  72%  Streaming frame 1266/1496
  ██████████████████░░░░░░░  72%  Streaming frame 1267/1496
  ██████████████████░░░░░░░  72%  Streaming frame 1268/1496
  ██████████████████░░░░░░░  72%  Streaming frame 1269/1496
  ██████████████████░░░░░░░  72%  Streaming frame 1270/1496
  ██████████████████░░░░░░░  72%  Streaming frame 1271/1496
  ██████████████████░░░░░░░  72%  Streaming frame 1272/1496
  ██████████████████░░░░░░░  72%  Streaming frame 1273/1496
  ██████████████████░░░░░░░  72%  Streaming frame 1274/1496
  ██████████████████░░░░░░░  72%  Streaming frame 1275/1496
  ██████████████████░░░░░░░  72%  Streaming frame 1276/1496
  ██████████████████░░░░░░░  72%  Streaming frame 1277/1496
  ██████████████████░░░░░░░  72%  Streaming frame 1278/1496
  ██████████████████░░░░░░░  72%  Streaming frame 1279/1496
  ██████████████████░░░░░░░  72%  Streaming frame 1280/1496
  ██████████████████░░░░░░░  72%  Streaming frame 1281/1496
  ██████████████████░░░░░░░  72%  Streaming frame 1282/1496
  ██████████████████░░░░░░░  72%  Streaming frame 1283/1496
  ██████████████████░░░░░░░  72%  Streaming frame 1284/1496
  ██████████████████░░░░░░░  72%  Streaming frame 1285/1496
  ██████████████████░░░░░░░  72%  Streaming frame 1286/1496
  ██████████████████░░░░░░░  72%  Streaming frame 1287/1496
  ██████████████████░░░░░░░  72%  Streaming frame 1288/1496
  ██████████████████░░░░░░░  72%  Streaming frame 1289/1496
  ██████████████████░░░░░░░  72%  Streaming frame 1290/1496
  ██████████████████░░░░░░░  72%  Streaming frame 1291/1496
  ██████████████████░░░░░░░  73%  Streaming frame 1292/1496
  ██████████████████░░░░░░░  73%  Streaming frame 1293/1496
  ██████████████████░░░░░░░  73%  Streaming frame 1294/1496
  ██████████████████░░░░░░░  73%  Streaming frame 1295/1496
  ██████████████████░░░░░░░  73%  Streaming frame 1296/1496
  ██████████████████░░░░░░░  73%  Streaming frame 1297/1496
  ██████████████████░░░░░░░  73%  Streaming frame 1298/1496
  ██████████████████░░░░░░░  73%  Streaming frame 1299/1496
  ██████████████████░░░░░░░  73%  Streaming frame 1300/1496
  ██████████████████░░░░░░░  73%  Streaming frame 1301/1496
  ██████████████████░░░░░░░  73%  Streaming frame 1302/1496
  ██████████████████░░░░░░░  73%  Streaming frame 1303/1496
  ██████████████████░░░░░░░  73%  Streaming frame 1304/1496
  ██████████████████░░░░░░░  73%  Streaming frame 1305/1496
  ██████████████████░░░░░░░  73%  Streaming frame 1306/1496
  ██████████████████░░░░░░░  73%  Streaming frame 1307/1496
  ██████████████████░░░░░░░  73%  Streaming frame 1308/1496
  ██████████████████░░░░░░░  73%  Streaming frame 1309/1496
  ██████████████████░░░░░░░  73%  Streaming frame 1310/1496
  ██████████████████░░░░░░░  73%  Streaming frame 1311/1496
  ██████████████████░░░░░░░  73%  Streaming frame 1312/1496
  ██████████████████░░░░░░░  73%  Streaming frame 1313/1496
  ██████████████████░░░░░░░  73%  Streaming frame 1314/1496
  ██████████████████░░░░░░░  73%  Streaming frame 1315/1496
  ██████████████████░░░░░░░  73%  Streaming frame 1316/1496
  ██████████████████░░░░░░░  73%  Streaming frame 1317/1496
  ██████████████████░░░░░░░  73%  Streaming frame 1318/1496
  ██████████████████░░░░░░░  73%  Streaming frame 1319/1496
  ██████████████████░░░░░░░  74%  Streaming frame 1320/1496
  ██████████████████░░░░░░░  74%  Streaming frame 1321/1496
  ██████████████████░░░░░░░  74%  Streaming frame 1322/1496
  ██████████████████░░░░░░░  74%  Streaming frame 1323/1496
  ██████████████████░░░░░░░  74%  Streaming frame 1324/1496
  ██████████████████░░░░░░░  74%  Streaming frame 1325/1496
  ██████████████████░░░░░░░  74%  Streaming frame 1326/1496
  ██████████████████░░░░░░░  74%  Streaming frame 1327/1496
  ██████████████████░░░░░░░  74%  Streaming frame 1328/1496
  ██████████████████░░░░░░░  74%  Streaming frame 1329/1496
  ██████████████████░░░░░░░  74%  Streaming frame 1330/1496
  ██████████████████░░░░░░░  74%  Streaming frame 1331/1496
  ██████████████████░░░░░░░  74%  Streaming frame 1332/1496
  ██████████████████░░░░░░░  74%  Streaming frame 1333/1496
  ██████████████████░░░░░░░  74%  Streaming frame 1334/1496
  ██████████████████░░░░░░░  74%  Streaming frame 1335/1496
  ██████████████████░░░░░░░  74%  Streaming frame 1336/1496
  ██████████████████░░░░░░░  74%  Streaming frame 1337/1496
  ██████████████████░░░░░░░  74%  Streaming frame 1338/1496
  ██████████████████░░░░░░░  74%  Streaming frame 1339/1496
  ██████████████████░░░░░░░  74%  Streaming frame 1340/1496
  ██████████████████░░░░░░░  74%  Streaming frame 1341/1496
  ██████████████████░░░░░░░  74%  Streaming frame 1342/1496
  ██████████████████░░░░░░░  74%  Streaming frame 1343/1496
  ██████████████████░░░░░░░  74%  Streaming frame 1344/1496
  ██████████████████░░░░░░░  74%  Streaming frame 1345/1496
  ██████████████████░░░░░░░  74%  Streaming frame 1346/1496
  ██████████████████░░░░░░░  75%  Streaming frame 1347/1496
  ██████████████████░░░░░░░  75%  Streaming frame 1348/1496
  ██████████████████░░░░░░░  75%  Streaming frame 1349/1496
  ██████████████████░░░░░░░  75%  Streaming frame 1350/1496
  ██████████████████░░░░░░░  75%  Streaming frame 1351/1496
  ██████████████████░░░░░░░  75%  Streaming frame 1352/1496
  ██████████████████░░░░░░░  75%  Streaming frame 1353/1496
  ██████████████████░░░░░░░  75%  Streaming frame 1354/1496
  ██████████████████░░░░░░░  75%  Streaming frame 1355/1496
  ██████████████████░░░░░░░  75%  Streaming frame 1356/1496
  ██████████████████░░░░░░░  75%  Streaming frame 1357/1496
  ██████████████████░░░░░░░  75%  Streaming frame 1358/1496
  ██████████████████░░░░░░░  75%  Streaming frame 1359/1496
  ██████████████████░░░░░░░  75%  Streaming frame 1360/1496
  ██████████████████░░░░░░░  75%  Streaming frame 1361/1496
  ██████████████████░░░░░░░  75%  Streaming frame 1362/1496
  ██████████████████░░░░░░░  75%  Streaming frame 1363/1496
  ██████████████████░░░░░░░  75%  Streaming frame 1364/1496
  ██████████████████░░░░░░░  75%  Streaming frame 1365/1496
  ██████████████████░░░░░░░  75%  Streaming frame 1366/1496
  ██████████████████░░░░░░░  75%  Streaming frame 1367/1496
  ██████████████████░░░░░░░  75%  Streaming frame 1368/1496
  ██████████████████░░░░░░░  75%  Streaming frame 1369/1496
  ██████████████████░░░░░░░  75%  Streaming frame 1370/1496
  ██████████████████░░░░░░░  75%  Streaming frame 1371/1496
  ██████████████████░░░░░░░  75%  Streaming frame 1372/1496
  ██████████████████░░░░░░░  75%  Streaming frame 1373/1496
  ███████████████████░░░░░░  76%  Streaming frame 1374/1496
  ███████████████████░░░░░░  76%  Streaming frame 1375/1496
  ███████████████████░░░░░░  76%  Streaming frame 1376/1496
  ███████████████████░░░░░░  76%  Streaming frame 1377/1496
  ███████████████████░░░░░░  76%  Streaming frame 1378/1496
  ███████████████████░░░░░░  76%  Streaming frame 1379/1496
  ███████████████████░░░░░░  76%  Streaming frame 1380/1496
  ███████████████████░░░░░░  76%  Streaming frame 1381/1496
  ███████████████████░░░░░░  76%  Streaming frame 1382/1496
  ███████████████████░░░░░░  76%  Streaming frame 1383/1496
  ███████████████████░░░░░░  76%  Streaming frame 1384/1496
  ███████████████████░░░░░░  76%  Streaming frame 1385/1496
  ███████████████████░░░░░░  76%  Streaming frame 1386/1496
  ███████████████████░░░░░░  76%  Streaming frame 1387/1496
  ███████████████████░░░░░░  76%  Streaming frame 1388/1496
  ███████████████████░░░░░░  76%  Streaming frame 1389/1496
  ███████████████████░░░░░░  76%  Streaming frame 1390/1496
  ███████████████████░░░░░░  76%  Streaming frame 1391/1496
  ███████████████████░░░░░░  76%  Streaming frame 1392/1496
  ███████████████████░░░░░░  76%  Streaming frame 1393/1496
  ███████████████████░░░░░░  76%  Streaming frame 1394/1496
  ███████████████████░░░░░░  76%  Streaming frame 1395/1496
  ███████████████████░░░░░░  76%  Streaming frame 1396/1496
  ███████████████████░░░░░░  76%  Streaming frame 1397/1496
  ███████████████████░░░░░░  76%  Streaming frame 1398/1496
  ███████████████████░░░░░░  76%  Streaming frame 1399/1496
  ███████████████████░░░░░░  76%  Streaming frame 1400/1496
  ███████████████████░░░░░░  77%  Streaming frame 1401/1496
  ███████████████████░░░░░░  77%  Streaming frame 1402/1496
  ███████████████████░░░░░░  77%  Streaming frame 1403/1496
  ███████████████████░░░░░░  77%  Streaming frame 1404/1496
  ███████████████████░░░░░░  77%  Streaming frame 1405/1496
  ███████████████████░░░░░░  77%  Streaming frame 1406/1496
  ███████████████████░░░░░░  77%  Streaming frame 1407/1496
  ███████████████████░░░░░░  77%  Streaming frame 1408/1496
  ███████████████████░░░░░░  77%  Streaming frame 1409/1496
  ███████████████████░░░░░░  77%  Streaming frame 1410/1496
  ███████████████████░░░░░░  77%  Streaming frame 1411/1496
  ███████████████████░░░░░░  77%  Streaming frame 1412/1496
  ███████████████████░░░░░░  77%  Streaming frame 1413/1496
  ███████████████████░░░░░░  77%  Streaming frame 1414/1496
  ███████████████████░░░░░░  77%  Streaming frame 1415/1496
  ███████████████████░░░░░░  77%  Streaming frame 1416/1496
  ███████████████████░░░░░░  77%  Streaming frame 1417/1496
  ███████████████████░░░░░░  77%  Streaming frame 1418/1496
  ███████████████████░░░░░░  77%  Streaming frame 1419/1496
  ███████████████████░░░░░░  77%  Streaming frame 1420/1496
[INFO] [Render] drawElement self-verify passed {"renderJobId":"998a8c3d-e253-4893-b042-c771e1efd992","frame":1420,"psnrDb":76.7}
  ███████████████████░░░░░░  77%  Streaming frame 1421/1496
  ███████████████████░░░░░░  77%  Streaming frame 1422/1496
  ███████████████████░░░░░░  77%  Streaming frame 1423/1496
  ███████████████████░░░░░░  77%  Streaming frame 1424/1496
  ███████████████████░░░░░░  77%  Streaming frame 1425/1496
  ███████████████████░░░░░░  77%  Streaming frame 1426/1496
  ███████████████████░░░░░░  77%  Streaming frame 1427/1496
  ███████████████████░░░░░░  78%  Streaming frame 1428/1496
  ███████████████████░░░░░░  78%  Streaming frame 1429/1496
  ███████████████████░░░░░░  78%  Streaming frame 1430/1496
  ███████████████████░░░░░░  78%  Streaming frame 1431/1496
  ███████████████████░░░░░░  78%  Streaming frame 1432/1496
  ███████████████████░░░░░░  78%  Streaming frame 1433/1496
  ███████████████████░░░░░░  78%  Streaming frame 1434/1496
  ███████████████████░░░░░░  78%  Streaming frame 1435/1496
  ███████████████████░░░░░░  78%  Streaming frame 1436/1496
  ███████████████████░░░░░░  78%  Streaming frame 1437/1496
  ███████████████████░░░░░░  78%  Streaming frame 1438/1496
  ███████████████████░░░░░░  78%  Streaming frame 1439/1496
  ███████████████████░░░░░░  78%  Streaming frame 1440/1496
  ███████████████████░░░░░░  78%  Streaming frame 1441/1496
  ███████████████████░░░░░░  78%  Streaming frame 1442/1496
  ███████████████████░░░░░░  78%  Streaming frame 1443/1496
  ███████████████████░░░░░░  78%  Streaming frame 1444/1496
  ███████████████████░░░░░░  78%  Streaming frame 1445/1496
  ███████████████████░░░░░░  78%  Streaming frame 1446/1496
  ███████████████████░░░░░░  78%  Streaming frame 1447/1496
  ███████████████████░░░░░░  78%  Streaming frame 1448/1496
  ███████████████████░░░░░░  78%  Streaming frame 1449/1496
  ███████████████████░░░░░░  78%  Streaming frame 1450/1496
  ███████████████████░░░░░░  78%  Streaming frame 1451/1496
  ███████████████████░░░░░░  78%  Streaming frame 1452/1496
  ███████████████████░░░░░░  78%  Streaming frame 1453/1496
  ███████████████████░░░░░░  78%  Streaming frame 1454/1496
  ███████████████████░░░░░░  78%  Streaming frame 1455/1496
  ███████████████████░░░░░░  79%  Streaming frame 1456/1496
  ███████████████████░░░░░░  79%  Streaming frame 1457/1496
  ███████████████████░░░░░░  79%  Streaming frame 1458/1496
  ███████████████████░░░░░░  79%  Streaming frame 1459/1496
  ███████████████████░░░░░░  79%  Streaming frame 1460/1496
  ███████████████████░░░░░░  79%  Streaming frame 1461/1496
  ███████████████████░░░░░░  79%  Streaming frame 1462/1496
  ███████████████████░░░░░░  79%  Streaming frame 1463/1496
  ███████████████████░░░░░░  79%  Streaming frame 1464/1496
  ███████████████████░░░░░░  79%  Streaming frame 1465/1496
  ███████████████████░░░░░░  79%  Streaming frame 1466/1496
  ███████████████████░░░░░░  79%  Streaming frame 1467/1496
  ███████████████████░░░░░░  79%  Streaming frame 1468/1496
  ███████████████████░░░░░░  79%  Streaming frame 1469/1496
  ███████████████████░░░░░░  79%  Streaming frame 1470/1496
  ███████████████████░░░░░░  79%  Streaming frame 1471/1496
  ███████████████████░░░░░░  79%  Streaming frame 1472/1496
  ███████████████████░░░░░░  79%  Streaming frame 1473/1496
  ███████████████████░░░░░░  79%  Streaming frame 1474/1496
  ███████████████████░░░░░░  79%  Streaming frame 1475/1496
  ███████████████████░░░░░░  79%  Streaming frame 1476/1496
  ███████████████████░░░░░░  79%  Streaming frame 1477/1496
  ███████████████████░░░░░░  79%  Streaming frame 1478/1496
  ███████████████████░░░░░░  79%  Streaming frame 1479/1496
  ███████████████████░░░░░░  79%  Streaming frame 1480/1496
  ███████████████████░░░░░░  79%  Streaming frame 1481/1496
  ███████████████████░░░░░░  79%  Streaming frame 1482/1496
  ████████████████████░░░░░  80%  Streaming frame 1483/1496
  ████████████████████░░░░░  80%  Streaming frame 1484/1496
  ████████████████████░░░░░  80%  Streaming frame 1485/1496
  ████████████████████░░░░░  80%  Streaming frame 1486/1496
  ████████████████████░░░░░  80%  Streaming frame 1487/1496
  ████████████████████░░░░░  80%  Streaming frame 1488/1496
  ████████████████████░░░░░  80%  Streaming frame 1489/1496
  ████████████████████░░░░░  80%  Streaming frame 1490/1496
  ████████████████████░░░░░  80%  Streaming frame 1491/1496
  ████████████████████░░░░░  80%  Streaming frame 1492/1496
  ████████████████████░░░░░  80%  Streaming frame 1493/1496
  ████████████████████░░░░░  80%  Streaming frame 1494/1496
  ████████████████████░░░░░  80%  Streaming frame 1495/1496
  ████████████████████░░░░░  80%  Streaming frame 1496/1496
[static-dedup] reused 1092/2588 frame(s) (42%), est. ~4368ms saved (avg 4ms/frame)
[INFO] [Render:trace] {"renderJobId":"998a8c3d-e253-4893-b042-c771e1efd992","phase":"capture_streaming","status":"end","elapsedMs":13868,"durationMs":12438,"stagePhase":"capturing","workerCount":1,"forceScreenshot":false,"totalFrames":1496,"framesCompleted":1496,"captureMode":"drawelement","captureOperation":"encode"}
[INFO] [Render:trace] {"renderJobId":"998a8c3d-e253-4893-b042-c771e1efd992","phase":"assemble","status":"start","elapsedMs":13869,"stagePhase":"capturing","hasAudio":true,"workerCount":1,"forceScreenshot":false,"totalFrames":1496,"framesCompleted":1496,"captureMode":"drawelement","captureOperation":"encode"}
  ██████████████████████░░░  90%  Assembling final video
[INFO] [Render:trace] {"renderJobId":"998a8c3d-e253-4893-b042-c771e1efd992","phase":"assemble","status":"end","elapsedMs":15393,"durationMs":1524,"stagePhase":"capturing","hasAudio":true,"workerCount":1,"forceScreenshot":false,"totalFrames":1496,"framesCompleted":1496,"captureMode":"drawelement","captureOperation":"encode"}
[INFO] [Render:trace] {"renderJobId":"998a8c3d-e253-4893-b042-c771e1efd992","phase":"pipeline","status":"checkpoint","elapsedMs":15419,"message":"artifact validated","totalElapsedMs":15419}
  █████████████████████████  100%  Render complete

◇  /Users/brownmanbrain/GitHub/operator-economy/blueprint-cinema/experiments/EP009-FULL-BUILD-001/scenes/seg025__seg027/qa/seg025__seg027.mp4
   3.2 MB · 1m 2.3s video · rendered in 15.4s
