
◆  Rendering seg004__seg006 → /Users/brownmanbrain/GitHub/operator-economy/blueprint-cinema/experiments/EP009-FULL-BUILD-001/scenes/seg004__seg006/qa/r2/seg004__seg006.r2.mp4
   24fps · high · 1 workers
   GPU: browser GPU (auto-detect)

[?25l│
◇  Browser: cache
[?25h[INFO] [Render] Pipeline started {"renderJobId":"147ca1a0-1a6f-4cd9-853b-74fccdbdf20c","platform":"darwin","arch":"arm64","nodeVersion":"v25.6.1","fps":{"num":24,"den":1},"format":"mp4","quality":"high","browserGpuMode":"auto","forceScreenshot":false,"protocolTimeout":300000,"browserTimeout":120000,"pageNavigationTimeout":60000,"playerReadyTimeout":45000}
[INFO] [Render:trace] {"renderJobId":"147ca1a0-1a6f-4cd9-853b-74fccdbdf20c","phase":"pipeline","status":"checkpoint","elapsedMs":2,"message":"started","format":"mp4","quality":"high","browserGpuMode":"auto","forceScreenshot":false,"protocolTimeoutMs":300000,"pageNavigationTimeoutMs":60000,"playerReadyTimeoutMs":45000,"requestedWorkers":1}
[INFO] [Render:trace] {"renderJobId":"147ca1a0-1a6f-4cd9-853b-74fccdbdf20c","phase":"compile","status":"start","elapsedMs":3,"needsAlpha":false}
  █░░░░░░░░░░░░░░░░░░░░░░░░  5%  Compiling composition
[INFO] [Compiler] Embedded local font file: public/fonts/boska-700.woff2 (30 KB → data URI)
[INFO] [Compiler] Embedded local font file: public/fonts/supreme-400.woff2 (18 KB → data URI)
[INFO] [Compiler] Embedded local font file: public/fonts/supreme-500.woff2 (18 KB → data URI)
[INFO] Compiled composition metadata {"renderJobId":"147ca1a0-1a6f-4cd9-853b-74fccdbdf20c","entryFile":"index.html","staticDuration":19.5,"width":1280,"height":720,"videoCount":0,"audioCount":1,"renderModeHints":{"recommendScreenshot":false,"reasons":[]}}
[INFO] [Render:trace] {"renderJobId":"147ca1a0-1a6f-4cd9-853b-74fccdbdf20c","phase":"compile","status":"end","elapsedMs":112,"durationMs":109,"needsAlpha":false}
[INFO] [Render:trace] {"renderJobId":"147ca1a0-1a6f-4cd9-853b-74fccdbdf20c","phase":"compile","status":"checkpoint","elapsedMs":112,"message":"composition metadata resolved","width":1280,"height":720,"videoCount":0,"audioCount":1,"imageCount":0,"deviceScaleFactor":1,"forceScreenshot":false,"compositionHash":"a1e4ed8ba37878ec"}
[INFO] [Render:trace] {"renderJobId":"147ca1a0-1a6f-4cd9-853b-74fccdbdf20c","phase":"browser_probe","status":"start","elapsedMs":112,"forceScreenshot":false,"stagePhase":"calibrating"}
[INFO] [Render:trace] {"renderJobId":"147ca1a0-1a6f-4cd9-853b-74fccdbdf20c","phase":"browser_probe","status":"end","elapsedMs":119,"durationMs":7,"forceScreenshot":false,"stagePhase":"calibrating"}
[INFO] [Render:trace] {"renderJobId":"147ca1a0-1a6f-4cd9-853b-74fccdbdf20c","phase":"browser_probe","status":"checkpoint","elapsedMs":120,"message":"duration resolved","durationSeconds":19.5,"totalFrames":468,"compositionHash":"a1e4ed8ba37878ec","beginFrameStalled":false}
[INFO] [Render:trace] {"renderJobId":"147ca1a0-1a6f-4cd9-853b-74fccdbdf20c","phase":"video_extract","status":"start","elapsedMs":120,"videoCount":0}
  ██░░░░░░░░░░░░░░░░░░░░░░░  10%  Extracting video frames
[INFO] [Render:trace] {"renderJobId":"147ca1a0-1a6f-4cd9-853b-74fccdbdf20c","phase":"video_extract","status":"end","elapsedMs":121,"durationMs":1,"videoCount":0}
[INFO] [Render:trace] {"renderJobId":"147ca1a0-1a6f-4cd9-853b-74fccdbdf20c","phase":"video_extract","status":"checkpoint","elapsedMs":124,"message":"frames resolved","videoCount":0,"extractedVideoCount":0,"totalFramesExtracted":0,"maxFramesPerVideo":0,"avgFramesPerExtractedVideo":null,"vfrPreflightCount":null,"vfrPreflightMs":null,"cacheHits":null,"cacheMisses":null,"transientRetries":null,"minVideoFrameCoverageRatio":null,"authoredTimedClipCount":2}
[INFO] [Render] No HDR sources detected — rendering SDR {"renderJobId":"147ca1a0-1a6f-4cd9-853b-74fccdbdf20c"}
[INFO] [Render:trace] {"renderJobId":"147ca1a0-1a6f-4cd9-853b-74fccdbdf20c","phase":"hdr_detection","status":"checkpoint","elapsedMs":125,"message":"resolved","requestedHdrMode":"auto","effectiveHdr":"sdr","nativeHdrVideoCount":0,"nativeHdrImageCount":0}
[INFO] [Render:trace] {"renderJobId":"147ca1a0-1a6f-4cd9-853b-74fccdbdf20c","phase":"audio_process","status":"start","elapsedMs":125,"audioCount":1}
  █████░░░░░░░░░░░░░░░░░░░░  20%  Processing audio tracks
[INFO] [Render:trace] {"renderJobId":"147ca1a0-1a6f-4cd9-853b-74fccdbdf20c","phase":"audio_process","status":"end","elapsedMs":651,"durationMs":526,"audioCount":1}
[INFO] [Render:trace] {"renderJobId":"147ca1a0-1a6f-4cd9-853b-74fccdbdf20c","phase":"file_server","status":"start","elapsedMs":651,"reused":false}
  ██████░░░░░░░░░░░░░░░░░░░  25%  Starting frame capture
[INFO] [Render:trace] {"renderJobId":"147ca1a0-1a6f-4cd9-853b-74fccdbdf20c","phase":"file_server","status":"end","elapsedMs":658,"durationMs":7}
[hyperframes] browserGpuMode probe → hardware (WebGL renderer vendor="Google Inc. (Apple)" renderer="ANGLE (Apple, ANGLE Metal Renderer: Apple M4, Unspecified Version)")
[INFO] [Render:trace] {"renderJobId":"147ca1a0-1a6f-4cd9-853b-74fccdbdf20c","phase":"capture_calibration","status":"checkpoint","elapsedMs":1273,"message":"skipped","requestedWorkers":1,"totalFrames":468,"htmlInCanvasDetected":false,"lowMemoryMode":false,"deInversionEligible":false,"deParallelRouterEligible":false}
[INFO] [Render:trace] {"renderJobId":"147ca1a0-1a6f-4cd9-853b-74fccdbdf20c","phase":"worker_resolution","status":"checkpoint","elapsedMs":1273,"message":"resolved","workerCount":1}
[INFO] streaming-encode gate {"renderJobId":"147ca1a0-1a6f-4cd9-853b-74fccdbdf20c","enabled":true,"configFlag":true,"outputFormat":"mp4","workerCount":1,"durationSeconds":19.5,"maxDurationSeconds":240}
[INFO] [Render:trace] {"renderJobId":"147ca1a0-1a6f-4cd9-853b-74fccdbdf20c","phase":"capture_strategy","status":"checkpoint","elapsedMs":1273,"message":"resolved","workerCount":1,"forceScreenshot":false,"captureBeyondViewport":null,"useStreamingEncode":true,"useLayeredComposite":false,"usePageSideCompositing":false,"hasHdrContent":false,"hasShaderTransitions":false,"isPngSequence":false}
[INFO] [Render:trace] {"renderJobId":"147ca1a0-1a6f-4cd9-853b-74fccdbdf20c","phase":"capture_streaming","status":"start","elapsedMs":1274,"stagePhase":"capturing","workerCount":1,"forceScreenshot":false,"totalFrames":468,"framesCompleted":0,"captureMode":"drawelement","captureOperation":"drawElement"}
[BrowserManager] Browser launched (HeadlessChrome/152.0.7977.30, screenshot, gl=--use-gl=angle --use-angle=metal, headlessShell=true, platform=darwin)
[initSession:screenshot] page.goto start (1ms)
[HyperFrames] render runtime fps [object Object]
[initSession:screenshot] page.goto complete (292ms)
[initSession:screenshot] GSAP proxy flush complete (322ms)
[initSession:screenshot] pollHfReady complete (323ms)
[initSession:screenshot] pollSubCompositionTimelines complete (ready) (326ms)
[initSession:screenshot] applyVideoMetadataHints complete (326ms)
[initSession:screenshot] media + fonts + tailwind ready (329ms)
[initSession:screenshot] timeline at-risk predictor: 0/468 frames (0%) (387ms)
[initSession:screenshot] static-frame dedup: 214/215 predicted frame(s) reusable (outcome=verified, runs=8/8, screenshots=32, seeks=33, elapsedMs=1357) (2005ms)
[initSession:screenshot] drawElement self-verify armed: 4 ground-truth frame(s) @ [117, 234, 351, 445] of 468 (2395ms)
[initSession:drawelement] drawElement canvas injected (2398ms)
[initSession:drawelement] screenshot fallback: 5 clip-boundary frame(s) (2405ms)
[initSession:drawelement] drawElement worker encode initialized (2409ms)
  ██████░░░░░░░░░░░░░░░░░░░  25%  Streaming frame 1/468
  ██████░░░░░░░░░░░░░░░░░░░  25%  Streaming frame 2/468
  ██████░░░░░░░░░░░░░░░░░░░  25%  Streaming frame 3/468
  ██████░░░░░░░░░░░░░░░░░░░  25%  Streaming frame 4/468
  ██████░░░░░░░░░░░░░░░░░░░  26%  Streaming frame 5/468
  ██████░░░░░░░░░░░░░░░░░░░  26%  Streaming frame 6/468
  ██████░░░░░░░░░░░░░░░░░░░  26%  Streaming frame 7/468
  ██████░░░░░░░░░░░░░░░░░░░  26%  Streaming frame 8/468
  ██████░░░░░░░░░░░░░░░░░░░  26%  Streaming frame 9/468
  ██████░░░░░░░░░░░░░░░░░░░  26%  Streaming frame 10/468
  ██████░░░░░░░░░░░░░░░░░░░  26%  Streaming frame 11/468
  ██████░░░░░░░░░░░░░░░░░░░  26%  Streaming frame 12/468
  ██████░░░░░░░░░░░░░░░░░░░  27%  Streaming frame 13/468
  ██████░░░░░░░░░░░░░░░░░░░  27%  Streaming frame 14/468
  ██████░░░░░░░░░░░░░░░░░░░  27%  Streaming frame 15/468
  ██████░░░░░░░░░░░░░░░░░░░  27%  Streaming frame 16/468
  ██████░░░░░░░░░░░░░░░░░░░  27%  Streaming frame 17/468
  ██████░░░░░░░░░░░░░░░░░░░  27%  Streaming frame 18/468
  ██████░░░░░░░░░░░░░░░░░░░  27%  Streaming frame 19/468
  ██████░░░░░░░░░░░░░░░░░░░  27%  Streaming frame 20/468
  ██████░░░░░░░░░░░░░░░░░░░  27%  Streaming frame 21/468
  ███████░░░░░░░░░░░░░░░░░░  28%  Streaming frame 22/468
  ███████░░░░░░░░░░░░░░░░░░  28%  Streaming frame 23/468
  ███████░░░░░░░░░░░░░░░░░░  28%  Streaming frame 24/468
  ███████░░░░░░░░░░░░░░░░░░  28%  Streaming frame 25/468
  ███████░░░░░░░░░░░░░░░░░░  28%  Streaming frame 26/468
  ███████░░░░░░░░░░░░░░░░░░  28%  Streaming frame 27/468
  ███████░░░░░░░░░░░░░░░░░░  28%  Streaming frame 28/468
  ███████░░░░░░░░░░░░░░░░░░  28%  Streaming frame 29/468
  ███████░░░░░░░░░░░░░░░░░░  29%  Streaming frame 30/468
  ███████░░░░░░░░░░░░░░░░░░  29%  Streaming frame 31/468
  ███████░░░░░░░░░░░░░░░░░░  29%  Streaming frame 32/468
  ███████░░░░░░░░░░░░░░░░░░  29%  Streaming frame 33/468
  ███████░░░░░░░░░░░░░░░░░░  29%  Streaming frame 34/468
  ███████░░░░░░░░░░░░░░░░░░  29%  Streaming frame 35/468
  ███████░░░░░░░░░░░░░░░░░░  29%  Streaming frame 36/468
  ███████░░░░░░░░░░░░░░░░░░  29%  Streaming frame 37/468
  ███████░░░░░░░░░░░░░░░░░░  29%  Streaming frame 38/468
  ███████░░░░░░░░░░░░░░░░░░  30%  Streaming frame 39/468
  ███████░░░░░░░░░░░░░░░░░░  30%  Streaming frame 40/468
  ███████░░░░░░░░░░░░░░░░░░  30%  Streaming frame 41/468
  ███████░░░░░░░░░░░░░░░░░░  30%  Streaming frame 42/468
  ███████░░░░░░░░░░░░░░░░░░  30%  Streaming frame 43/468
  ███████░░░░░░░░░░░░░░░░░░  30%  Streaming frame 44/468
  ███████░░░░░░░░░░░░░░░░░░  30%  Streaming frame 45/468
  ███████░░░░░░░░░░░░░░░░░░  30%  Streaming frame 46/468
  ███████░░░░░░░░░░░░░░░░░░  31%  Streaming frame 47/468
  ███████░░░░░░░░░░░░░░░░░░  31%  Streaming frame 48/468
  ███████░░░░░░░░░░░░░░░░░░  31%  Streaming frame 49/468
  ███████░░░░░░░░░░░░░░░░░░  31%  Streaming frame 50/468
  ███████░░░░░░░░░░░░░░░░░░  31%  Streaming frame 51/468
  ███████░░░░░░░░░░░░░░░░░░  31%  Streaming frame 52/468
  ███████░░░░░░░░░░░░░░░░░░  31%  Streaming frame 53/468
  ███████░░░░░░░░░░░░░░░░░░  31%  Streaming frame 54/468
  ███████░░░░░░░░░░░░░░░░░░  31%  Streaming frame 55/468
  ████████░░░░░░░░░░░░░░░░░  32%  Streaming frame 56/468
  ████████░░░░░░░░░░░░░░░░░  32%  Streaming frame 57/468
  ████████░░░░░░░░░░░░░░░░░  32%  Streaming frame 58/468
  ████████░░░░░░░░░░░░░░░░░  32%  Streaming frame 59/468
  ████████░░░░░░░░░░░░░░░░░  32%  Streaming frame 60/468
  ████████░░░░░░░░░░░░░░░░░  32%  Streaming frame 61/468
  ████████░░░░░░░░░░░░░░░░░  32%  Streaming frame 62/468
  ████████░░░░░░░░░░░░░░░░░  32%  Streaming frame 63/468
  ████████░░░░░░░░░░░░░░░░░  33%  Streaming frame 64/468
  ████████░░░░░░░░░░░░░░░░░  33%  Streaming frame 65/468
  ████████░░░░░░░░░░░░░░░░░  33%  Streaming frame 66/468
  ████████░░░░░░░░░░░░░░░░░  33%  Streaming frame 67/468
  ████████░░░░░░░░░░░░░░░░░  33%  Streaming frame 68/468
  ████████░░░░░░░░░░░░░░░░░  33%  Streaming frame 69/468
  ████████░░░░░░░░░░░░░░░░░  33%  Streaming frame 70/468
  ████████░░░░░░░░░░░░░░░░░  33%  Streaming frame 71/468
  ████████░░░░░░░░░░░░░░░░░  33%  Streaming frame 72/468
  ████████░░░░░░░░░░░░░░░░░  34%  Streaming frame 73/468
  ████████░░░░░░░░░░░░░░░░░  34%  Streaming frame 74/468
  ████████░░░░░░░░░░░░░░░░░  34%  Streaming frame 75/468
  ████████░░░░░░░░░░░░░░░░░  34%  Streaming frame 76/468
  ████████░░░░░░░░░░░░░░░░░  34%  Streaming frame 77/468
  ████████░░░░░░░░░░░░░░░░░  34%  Streaming frame 78/468
  ████████░░░░░░░░░░░░░░░░░  34%  Streaming frame 79/468
  ████████░░░░░░░░░░░░░░░░░  34%  Streaming frame 80/468
  ████████░░░░░░░░░░░░░░░░░  35%  Streaming frame 81/468
  ████████░░░░░░░░░░░░░░░░░  35%  Streaming frame 82/468
  ████████░░░░░░░░░░░░░░░░░  35%  Streaming frame 83/468
  ████████░░░░░░░░░░░░░░░░░  35%  Streaming frame 84/468
  ████████░░░░░░░░░░░░░░░░░  35%  Streaming frame 85/468
  ████████░░░░░░░░░░░░░░░░░  35%  Streaming frame 86/468
  ████████░░░░░░░░░░░░░░░░░  35%  Streaming frame 87/468
  ████████░░░░░░░░░░░░░░░░░  35%  Streaming frame 88/468
  ████████░░░░░░░░░░░░░░░░░  35%  Streaming frame 89/468
  █████████░░░░░░░░░░░░░░░░  36%  Streaming frame 90/468
  █████████░░░░░░░░░░░░░░░░  36%  Streaming frame 91/468
  █████████░░░░░░░░░░░░░░░░  36%  Streaming frame 92/468
  █████████░░░░░░░░░░░░░░░░  36%  Streaming frame 93/468
  █████████░░░░░░░░░░░░░░░░  36%  Streaming frame 94/468
  █████████░░░░░░░░░░░░░░░░  36%  Streaming frame 95/468
  █████████░░░░░░░░░░░░░░░░  36%  Streaming frame 96/468
  █████████░░░░░░░░░░░░░░░░  36%  Streaming frame 97/468
  █████████░░░░░░░░░░░░░░░░  37%  Streaming frame 98/468
  █████████░░░░░░░░░░░░░░░░  37%  Streaming frame 99/468
  █████████░░░░░░░░░░░░░░░░  37%  Streaming frame 100/468
  █████████░░░░░░░░░░░░░░░░  37%  Streaming frame 101/468
  █████████░░░░░░░░░░░░░░░░  37%  Streaming frame 102/468
  █████████░░░░░░░░░░░░░░░░  37%  Streaming frame 103/468
  █████████░░░░░░░░░░░░░░░░  37%  Streaming frame 104/468
  █████████░░░░░░░░░░░░░░░░  37%  Streaming frame 105/468
  █████████░░░░░░░░░░░░░░░░  37%  Streaming frame 106/468
  █████████░░░░░░░░░░░░░░░░  38%  Streaming frame 107/468
  █████████░░░░░░░░░░░░░░░░  38%  Streaming frame 108/468
  █████████░░░░░░░░░░░░░░░░  38%  Streaming frame 109/468
  █████████░░░░░░░░░░░░░░░░  38%  Streaming frame 110/468
  █████████░░░░░░░░░░░░░░░░  38%  Streaming frame 111/468
  █████████░░░░░░░░░░░░░░░░  38%  Streaming frame 112/468
  █████████░░░░░░░░░░░░░░░░  38%  Streaming frame 113/468
  █████████░░░░░░░░░░░░░░░░  38%  Streaming frame 114/468
  █████████░░░░░░░░░░░░░░░░  39%  Streaming frame 115/468
  █████████░░░░░░░░░░░░░░░░  39%  Streaming frame 116/468
  █████████░░░░░░░░░░░░░░░░  39%  Streaming frame 117/468
[INFO] [Render] drawElement self-verify passed {"renderJobId":"147ca1a0-1a6f-4cd9-853b-74fccdbdf20c","frame":117,"psnrDb":69.4}
  █████████░░░░░░░░░░░░░░░░  39%  Streaming frame 118/468
  █████████░░░░░░░░░░░░░░░░  39%  Streaming frame 119/468
  █████████░░░░░░░░░░░░░░░░  39%  Streaming frame 120/468
  █████████░░░░░░░░░░░░░░░░  39%  Streaming frame 121/468
  █████████░░░░░░░░░░░░░░░░  39%  Streaming frame 122/468
  █████████░░░░░░░░░░░░░░░░  39%  Streaming frame 123/468
  ██████████░░░░░░░░░░░░░░░  40%  Streaming frame 124/468
  ██████████░░░░░░░░░░░░░░░  40%  Streaming frame 125/468
  ██████████░░░░░░░░░░░░░░░  40%  Streaming frame 126/468
  ██████████░░░░░░░░░░░░░░░  40%  Streaming frame 127/468
  ██████████░░░░░░░░░░░░░░░  40%  Streaming frame 128/468
  ██████████░░░░░░░░░░░░░░░  40%  Streaming frame 129/468
  ██████████░░░░░░░░░░░░░░░  40%  Streaming frame 130/468
  ██████████░░░░░░░░░░░░░░░  40%  Streaming frame 131/468
  ██████████░░░░░░░░░░░░░░░  41%  Streaming frame 132/468
  ██████████░░░░░░░░░░░░░░░  41%  Streaming frame 133/468
  ██████████░░░░░░░░░░░░░░░  41%  Streaming frame 134/468
  ██████████░░░░░░░░░░░░░░░  41%  Streaming frame 135/468
  ██████████░░░░░░░░░░░░░░░  41%  Streaming frame 136/468
  ██████████░░░░░░░░░░░░░░░  41%  Streaming frame 137/468
  ██████████░░░░░░░░░░░░░░░  41%  Streaming frame 138/468
  ██████████░░░░░░░░░░░░░░░  41%  Streaming frame 139/468
  ██████████░░░░░░░░░░░░░░░  41%  Streaming frame 140/468
  ██████████░░░░░░░░░░░░░░░  42%  Streaming frame 141/468
  ██████████░░░░░░░░░░░░░░░  42%  Streaming frame 142/468
  ██████████░░░░░░░░░░░░░░░  42%  Streaming frame 143/468
  ██████████░░░░░░░░░░░░░░░  42%  Streaming frame 144/468
  ██████████░░░░░░░░░░░░░░░  42%  Streaming frame 145/468
  ██████████░░░░░░░░░░░░░░░  42%  Streaming frame 146/468
  ██████████░░░░░░░░░░░░░░░  42%  Streaming frame 147/468
  ██████████░░░░░░░░░░░░░░░  42%  Streaming frame 148/468
  ██████████░░░░░░░░░░░░░░░  43%  Streaming frame 149/468
  ██████████░░░░░░░░░░░░░░░  43%  Streaming frame 150/468
  ██████████░░░░░░░░░░░░░░░  43%  Streaming frame 151/468
  ██████████░░░░░░░░░░░░░░░  43%  Streaming frame 152/468
  ██████████░░░░░░░░░░░░░░░  43%  Streaming frame 153/468
  ██████████░░░░░░░░░░░░░░░  43%  Streaming frame 154/468
  ██████████░░░░░░░░░░░░░░░  43%  Streaming frame 155/468
  ██████████░░░░░░░░░░░░░░░  43%  Streaming frame 156/468
  ██████████░░░░░░░░░░░░░░░  43%  Streaming frame 157/468
  ███████████░░░░░░░░░░░░░░  44%  Streaming frame 158/468
  ███████████░░░░░░░░░░░░░░  44%  Streaming frame 159/468
  ███████████░░░░░░░░░░░░░░  44%  Streaming frame 160/468
  ███████████░░░░░░░░░░░░░░  44%  Streaming frame 161/468
  ███████████░░░░░░░░░░░░░░  44%  Streaming frame 162/468
  ███████████░░░░░░░░░░░░░░  44%  Streaming frame 163/468
  ███████████░░░░░░░░░░░░░░  44%  Streaming frame 164/468
  ███████████░░░░░░░░░░░░░░  44%  Streaming frame 165/468
  ███████████░░░░░░░░░░░░░░  45%  Streaming frame 166/468
  ███████████░░░░░░░░░░░░░░  45%  Streaming frame 167/468
  ███████████░░░░░░░░░░░░░░  45%  Streaming frame 168/468
  ███████████░░░░░░░░░░░░░░  45%  Streaming frame 169/468
  ███████████░░░░░░░░░░░░░░  45%  Streaming frame 170/468
  ███████████░░░░░░░░░░░░░░  45%  Streaming frame 171/468
  ███████████░░░░░░░░░░░░░░  45%  Streaming frame 172/468
  ███████████░░░░░░░░░░░░░░  45%  Streaming frame 173/468
  ███████████░░░░░░░░░░░░░░  45%  Streaming frame 174/468
  ███████████░░░░░░░░░░░░░░  46%  Streaming frame 175/468
  ███████████░░░░░░░░░░░░░░  46%  Streaming frame 176/468
  ███████████░░░░░░░░░░░░░░  46%  Streaming frame 177/468
  ███████████░░░░░░░░░░░░░░  46%  Streaming frame 178/468
  ███████████░░░░░░░░░░░░░░  46%  Streaming frame 179/468
  ███████████░░░░░░░░░░░░░░  46%  Streaming frame 180/468
  ███████████░░░░░░░░░░░░░░  46%  Streaming frame 181/468
  ███████████░░░░░░░░░░░░░░  46%  Streaming frame 182/468
  ███████████░░░░░░░░░░░░░░  47%  Streaming frame 183/468
  ███████████░░░░░░░░░░░░░░  47%  Streaming frame 184/468
  ███████████░░░░░░░░░░░░░░  47%  Streaming frame 185/468
  ███████████░░░░░░░░░░░░░░  47%  Streaming frame 186/468
  ███████████░░░░░░░░░░░░░░  47%  Streaming frame 187/468
  ███████████░░░░░░░░░░░░░░  47%  Streaming frame 188/468
  ███████████░░░░░░░░░░░░░░  47%  Streaming frame 189/468
  ███████████░░░░░░░░░░░░░░  47%  Streaming frame 190/468
  ███████████░░░░░░░░░░░░░░  47%  Streaming frame 191/468
  ████████████░░░░░░░░░░░░░  48%  Streaming frame 192/468
  ████████████░░░░░░░░░░░░░  48%  Streaming frame 193/468
  ████████████░░░░░░░░░░░░░  48%  Streaming frame 194/468
  ████████████░░░░░░░░░░░░░  48%  Streaming frame 195/468
  ████████████░░░░░░░░░░░░░  48%  Streaming frame 196/468
  ████████████░░░░░░░░░░░░░  48%  Streaming frame 197/468
  ████████████░░░░░░░░░░░░░  48%  Streaming frame 198/468
  ████████████░░░░░░░░░░░░░  48%  Streaming frame 199/468
  ████████████░░░░░░░░░░░░░  49%  Streaming frame 200/468
  ████████████░░░░░░░░░░░░░  49%  Streaming frame 201/468
  ████████████░░░░░░░░░░░░░  49%  Streaming frame 202/468
  ████████████░░░░░░░░░░░░░  49%  Streaming frame 203/468
  ████████████░░░░░░░░░░░░░  49%  Streaming frame 204/468
  ████████████░░░░░░░░░░░░░  49%  Streaming frame 205/468
  ████████████░░░░░░░░░░░░░  49%  Streaming frame 206/468
  ████████████░░░░░░░░░░░░░  49%  Streaming frame 207/468
  ████████████░░░░░░░░░░░░░  49%  Streaming frame 208/468
  ████████████░░░░░░░░░░░░░  50%  Streaming frame 209/468
  ████████████░░░░░░░░░░░░░  50%  Streaming frame 210/468
  ████████████░░░░░░░░░░░░░  50%  Streaming frame 211/468
  ████████████░░░░░░░░░░░░░  50%  Streaming frame 212/468
  ████████████░░░░░░░░░░░░░  50%  Streaming frame 213/468
  ████████████░░░░░░░░░░░░░  50%  Streaming frame 214/468
  ████████████░░░░░░░░░░░░░  50%  Streaming frame 215/468
  ████████████░░░░░░░░░░░░░  50%  Streaming frame 216/468
  ████████████░░░░░░░░░░░░░  51%  Streaming frame 217/468
  ████████████░░░░░░░░░░░░░  51%  Streaming frame 218/468
  ████████████░░░░░░░░░░░░░  51%  Streaming frame 219/468
  ████████████░░░░░░░░░░░░░  51%  Streaming frame 220/468
  ████████████░░░░░░░░░░░░░  51%  Streaming frame 221/468
  ████████████░░░░░░░░░░░░░  51%  Streaming frame 222/468
  ████████████░░░░░░░░░░░░░  51%  Streaming frame 223/468
  ████████████░░░░░░░░░░░░░  51%  Streaming frame 224/468
  ████████████░░░░░░░░░░░░░  51%  Streaming frame 225/468
  █████████████░░░░░░░░░░░░  52%  Streaming frame 226/468
  █████████████░░░░░░░░░░░░  52%  Streaming frame 227/468
  █████████████░░░░░░░░░░░░  52%  Streaming frame 228/468
  █████████████░░░░░░░░░░░░  52%  Streaming frame 229/468
  █████████████░░░░░░░░░░░░  52%  Streaming frame 230/468
  █████████████░░░░░░░░░░░░  52%  Streaming frame 231/468
  █████████████░░░░░░░░░░░░  52%  Streaming frame 232/468
  █████████████░░░░░░░░░░░░  52%  Streaming frame 233/468
  █████████████░░░░░░░░░░░░  53%  Streaming frame 234/468
[INFO] [Render] drawElement self-verify passed {"renderJobId":"147ca1a0-1a6f-4cd9-853b-74fccdbdf20c","frame":234,"psnrDb":81.7}
  █████████████░░░░░░░░░░░░  53%  Streaming frame 235/468
  █████████████░░░░░░░░░░░░  53%  Streaming frame 236/468
  █████████████░░░░░░░░░░░░  53%  Streaming frame 237/468
  █████████████░░░░░░░░░░░░  53%  Streaming frame 238/468
  █████████████░░░░░░░░░░░░  53%  Streaming frame 239/468
  █████████████░░░░░░░░░░░░  53%  Streaming frame 240/468
  █████████████░░░░░░░░░░░░  53%  Streaming frame 241/468
  █████████████░░░░░░░░░░░░  53%  Streaming frame 242/468
  █████████████░░░░░░░░░░░░  54%  Streaming frame 243/468
  █████████████░░░░░░░░░░░░  54%  Streaming frame 244/468
  █████████████░░░░░░░░░░░░  54%  Streaming frame 245/468
  █████████████░░░░░░░░░░░░  54%  Streaming frame 246/468
  █████████████░░░░░░░░░░░░  54%  Streaming frame 247/468
  █████████████░░░░░░░░░░░░  54%  Streaming frame 248/468
  █████████████░░░░░░░░░░░░  54%  Streaming frame 249/468
  █████████████░░░░░░░░░░░░  54%  Streaming frame 250/468
  █████████████░░░░░░░░░░░░  54%  Streaming frame 251/468
  █████████████░░░░░░░░░░░░  55%  Streaming frame 252/468
  █████████████░░░░░░░░░░░░  55%  Streaming frame 253/468
  █████████████░░░░░░░░░░░░  55%  Streaming frame 254/468
  █████████████░░░░░░░░░░░░  55%  Streaming frame 255/468
  █████████████░░░░░░░░░░░░  55%  Streaming frame 256/468
  █████████████░░░░░░░░░░░░  55%  Streaming frame 257/468
  █████████████░░░░░░░░░░░░  55%  Streaming frame 258/468
  █████████████░░░░░░░░░░░░  55%  Streaming frame 259/468
  ██████████████░░░░░░░░░░░  56%  Streaming frame 260/468
  ██████████████░░░░░░░░░░░  56%  Streaming frame 261/468
  ██████████████░░░░░░░░░░░  56%  Streaming frame 262/468
  ██████████████░░░░░░░░░░░  56%  Streaming frame 263/468
  ██████████████░░░░░░░░░░░  56%  Streaming frame 264/468
  ██████████████░░░░░░░░░░░  56%  Streaming frame 265/468
  ██████████████░░░░░░░░░░░  56%  Streaming frame 266/468
  ██████████████░░░░░░░░░░░  56%  Streaming frame 267/468
  ██████████████░░░░░░░░░░░  56%  Streaming frame 268/468
  ██████████████░░░░░░░░░░░  57%  Streaming frame 269/468
  ██████████████░░░░░░░░░░░  57%  Streaming frame 270/468
  ██████████████░░░░░░░░░░░  57%  Streaming frame 271/468
  ██████████████░░░░░░░░░░░  57%  Streaming frame 272/468
  ██████████████░░░░░░░░░░░  57%  Streaming frame 273/468
  ██████████████░░░░░░░░░░░  57%  Streaming frame 274/468
  ██████████████░░░░░░░░░░░  57%  Streaming frame 275/468
  ██████████████░░░░░░░░░░░  57%  Streaming frame 276/468
  ██████████████░░░░░░░░░░░  58%  Streaming frame 277/468
  ██████████████░░░░░░░░░░░  58%  Streaming frame 278/468
  ██████████████░░░░░░░░░░░  58%  Streaming frame 279/468
  ██████████████░░░░░░░░░░░  58%  Streaming frame 280/468
  ██████████████░░░░░░░░░░░  58%  Streaming frame 281/468
  ██████████████░░░░░░░░░░░  58%  Streaming frame 282/468
  ██████████████░░░░░░░░░░░  58%  Streaming frame 283/468
  ██████████████░░░░░░░░░░░  58%  Streaming frame 284/468
  ██████████████░░░░░░░░░░░  58%  Streaming frame 285/468
  ██████████████░░░░░░░░░░░  59%  Streaming frame 286/468
  ██████████████░░░░░░░░░░░  59%  Streaming frame 287/468
  ██████████████░░░░░░░░░░░  59%  Streaming frame 288/468
  ██████████████░░░░░░░░░░░  59%  Streaming frame 289/468
  ██████████████░░░░░░░░░░░  59%  Streaming frame 290/468
  ██████████████░░░░░░░░░░░  59%  Streaming frame 291/468
  ██████████████░░░░░░░░░░░  59%  Streaming frame 292/468
  ██████████████░░░░░░░░░░░  59%  Streaming frame 293/468
  ███████████████░░░░░░░░░░  60%  Streaming frame 294/468
  ███████████████░░░░░░░░░░  60%  Streaming frame 295/468
  ███████████████░░░░░░░░░░  60%  Streaming frame 296/468
  ███████████████░░░░░░░░░░  60%  Streaming frame 297/468
  ███████████████░░░░░░░░░░  60%  Streaming frame 298/468
  ███████████████░░░░░░░░░░  60%  Streaming frame 299/468
  ███████████████░░░░░░░░░░  60%  Streaming frame 300/468
  ███████████████░░░░░░░░░░  60%  Streaming frame 301/468
  ███████████████░░░░░░░░░░  60%  Streaming frame 302/468
  ███████████████░░░░░░░░░░  61%  Streaming frame 303/468
  ███████████████░░░░░░░░░░  61%  Streaming frame 304/468
  ███████████████░░░░░░░░░░  61%  Streaming frame 305/468
  ███████████████░░░░░░░░░░  61%  Streaming frame 306/468
  ███████████████░░░░░░░░░░  61%  Streaming frame 307/468
  ███████████████░░░░░░░░░░  61%  Streaming frame 308/468
  ███████████████░░░░░░░░░░  61%  Streaming frame 309/468
  ███████████████░░░░░░░░░░  61%  Streaming frame 310/468
  ███████████████░░░░░░░░░░  62%  Streaming frame 311/468
  ███████████████░░░░░░░░░░  62%  Streaming frame 312/468
  ███████████████░░░░░░░░░░  62%  Streaming frame 313/468
  ███████████████░░░░░░░░░░  62%  Streaming frame 314/468
  ███████████████░░░░░░░░░░  62%  Streaming frame 315/468
  ███████████████░░░░░░░░░░  62%  Streaming frame 316/468
  ███████████████░░░░░░░░░░  62%  Streaming frame 317/468
  ███████████████░░░░░░░░░░  62%  Streaming frame 318/468
  ███████████████░░░░░░░░░░  62%  Streaming frame 319/468
  ███████████████░░░░░░░░░░  63%  Streaming frame 320/468
  ███████████████░░░░░░░░░░  63%  Streaming frame 321/468
  ███████████████░░░░░░░░░░  63%  Streaming frame 322/468
  ███████████████░░░░░░░░░░  63%  Streaming frame 323/468
  ███████████████░░░░░░░░░░  63%  Streaming frame 324/468
  ███████████████░░░░░░░░░░  63%  Streaming frame 325/468
  ███████████████░░░░░░░░░░  63%  Streaming frame 326/468
  ███████████████░░░░░░░░░░  63%  Streaming frame 327/468
  ████████████████░░░░░░░░░  64%  Streaming frame 328/468
  ████████████████░░░░░░░░░  64%  Streaming frame 329/468
  ████████████████░░░░░░░░░  64%  Streaming frame 330/468
  ████████████████░░░░░░░░░  64%  Streaming frame 331/468
  ████████████████░░░░░░░░░  64%  Streaming frame 332/468
  ████████████████░░░░░░░░░  64%  Streaming frame 333/468
  ████████████████░░░░░░░░░  64%  Streaming frame 334/468
  ████████████████░░░░░░░░░  64%  Streaming frame 335/468
  ████████████████░░░░░░░░░  64%  Streaming frame 336/468
  ████████████████░░░░░░░░░  65%  Streaming frame 337/468
  ████████████████░░░░░░░░░  65%  Streaming frame 338/468
  ████████████████░░░░░░░░░  65%  Streaming frame 339/468
  ████████████████░░░░░░░░░  65%  Streaming frame 340/468
  ████████████████░░░░░░░░░  65%  Streaming frame 341/468
  ████████████████░░░░░░░░░  65%  Streaming frame 342/468
  ████████████████░░░░░░░░░  65%  Streaming frame 343/468
  ████████████████░░░░░░░░░  65%  Streaming frame 344/468
  ████████████████░░░░░░░░░  66%  Streaming frame 345/468
  ████████████████░░░░░░░░░  66%  Streaming frame 346/468
  ████████████████░░░░░░░░░  66%  Streaming frame 347/468
  ████████████████░░░░░░░░░  66%  Streaming frame 348/468
  ████████████████░░░░░░░░░  66%  Streaming frame 349/468
  ████████████████░░░░░░░░░  66%  Streaming frame 350/468
  ████████████████░░░░░░░░░  66%  Streaming frame 351/468
[INFO] [Render] drawElement self-verify passed {"renderJobId":"147ca1a0-1a6f-4cd9-853b-74fccdbdf20c","frame":351,"psnrDb":"inf"}
  ████████████████░░░░░░░░░  66%  Streaming frame 352/468
  ████████████████░░░░░░░░░  66%  Streaming frame 353/468
  ████████████████░░░░░░░░░  67%  Streaming frame 354/468
  ████████████████░░░░░░░░░  67%  Streaming frame 355/468
  ████████████████░░░░░░░░░  67%  Streaming frame 356/468
  ████████████████░░░░░░░░░  67%  Streaming frame 357/468
  ████████████████░░░░░░░░░  67%  Streaming frame 358/468
  ████████████████░░░░░░░░░  67%  Streaming frame 359/468
  ████████████████░░░░░░░░░  67%  Streaming frame 360/468
  ████████████████░░░░░░░░░  67%  Streaming frame 361/468
  █████████████████░░░░░░░░  68%  Streaming frame 362/468
  █████████████████░░░░░░░░  68%  Streaming frame 363/468
  █████████████████░░░░░░░░  68%  Streaming frame 364/468
  █████████████████░░░░░░░░  68%  Streaming frame 365/468
  █████████████████░░░░░░░░  68%  Streaming frame 366/468
  █████████████████░░░░░░░░  68%  Streaming frame 367/468
  █████████████████░░░░░░░░  68%  Streaming frame 368/468
  █████████████████░░░░░░░░  68%  Streaming frame 369/468
  █████████████████░░░░░░░░  68%  Streaming frame 370/468
  █████████████████░░░░░░░░  69%  Streaming frame 371/468
  █████████████████░░░░░░░░  69%  Streaming frame 372/468
  █████████████████░░░░░░░░  69%  Streaming frame 373/468
  █████████████████░░░░░░░░  69%  Streaming frame 374/468
  █████████████████░░░░░░░░  69%  Streaming frame 375/468
  █████████████████░░░░░░░░  69%  Streaming frame 376/468
  █████████████████░░░░░░░░  69%  Streaming frame 377/468
  █████████████████░░░░░░░░  69%  Streaming frame 378/468
  █████████████████░░░░░░░░  70%  Streaming frame 379/468
  █████████████████░░░░░░░░  70%  Streaming frame 380/468
  █████████████████░░░░░░░░  70%  Streaming frame 381/468
  █████████████████░░░░░░░░  70%  Streaming frame 382/468
  █████████████████░░░░░░░░  70%  Streaming frame 383/468
  █████████████████░░░░░░░░  70%  Streaming frame 384/468
  █████████████████░░░░░░░░  70%  Streaming frame 385/468
  █████████████████░░░░░░░░  70%  Streaming frame 386/468
  █████████████████░░░░░░░░  70%  Streaming frame 387/468
  █████████████████░░░░░░░░  71%  Streaming frame 388/468
  █████████████████░░░░░░░░  71%  Streaming frame 389/468
  █████████████████░░░░░░░░  71%  Streaming frame 390/468
  █████████████████░░░░░░░░  71%  Streaming frame 391/468
  █████████████████░░░░░░░░  71%  Streaming frame 392/468
  █████████████████░░░░░░░░  71%  Streaming frame 393/468
  █████████████████░░░░░░░░  71%  Streaming frame 394/468
  █████████████████░░░░░░░░  71%  Streaming frame 395/468
  ██████████████████░░░░░░░  72%  Streaming frame 396/468
  ██████████████████░░░░░░░  72%  Streaming frame 397/468
  ██████████████████░░░░░░░  72%  Streaming frame 398/468
  ██████████████████░░░░░░░  72%  Streaming frame 399/468
  ██████████████████░░░░░░░  72%  Streaming frame 400/468
  ██████████████████░░░░░░░  72%  Streaming frame 401/468
  ██████████████████░░░░░░░  72%  Streaming frame 402/468
  ██████████████████░░░░░░░  72%  Streaming frame 403/468
  ██████████████████░░░░░░░  72%  Streaming frame 404/468
  ██████████████████░░░░░░░  73%  Streaming frame 405/468
  ██████████████████░░░░░░░  73%  Streaming frame 406/468
  ██████████████████░░░░░░░  73%  Streaming frame 407/468
  ██████████████████░░░░░░░  73%  Streaming frame 408/468
  ██████████████████░░░░░░░  73%  Streaming frame 409/468
  ██████████████████░░░░░░░  73%  Streaming frame 410/468
  ██████████████████░░░░░░░  73%  Streaming frame 411/468
  ██████████████████░░░░░░░  73%  Streaming frame 412/468
  ██████████████████░░░░░░░  74%  Streaming frame 413/468
  ██████████████████░░░░░░░  74%  Streaming frame 414/468
  ██████████████████░░░░░░░  74%  Streaming frame 415/468
  ██████████████████░░░░░░░  74%  Streaming frame 416/468
  ██████████████████░░░░░░░  74%  Streaming frame 417/468
  ██████████████████░░░░░░░  74%  Streaming frame 418/468
  ██████████████████░░░░░░░  74%  Streaming frame 419/468
  ██████████████████░░░░░░░  74%  Streaming frame 420/468
  ██████████████████░░░░░░░  74%  Streaming frame 421/468
  ██████████████████░░░░░░░  75%  Streaming frame 422/468
  ██████████████████░░░░░░░  75%  Streaming frame 423/468
  ██████████████████░░░░░░░  75%  Streaming frame 424/468
  ██████████████████░░░░░░░  75%  Streaming frame 425/468
  ██████████████████░░░░░░░  75%  Streaming frame 426/468
  ██████████████████░░░░░░░  75%  Streaming frame 427/468
  ██████████████████░░░░░░░  75%  Streaming frame 428/468
  ██████████████████░░░░░░░  75%  Streaming frame 429/468
  ███████████████████░░░░░░  76%  Streaming frame 430/468
  ███████████████████░░░░░░  76%  Streaming frame 431/468
  ███████████████████░░░░░░  76%  Streaming frame 432/468
  ███████████████████░░░░░░  76%  Streaming frame 433/468
  ███████████████████░░░░░░  76%  Streaming frame 434/468
  ███████████████████░░░░░░  76%  Streaming frame 435/468
  ███████████████████░░░░░░  76%  Streaming frame 436/468
  ███████████████████░░░░░░  76%  Streaming frame 437/468
  ███████████████████░░░░░░  76%  Streaming frame 438/468
  ███████████████████░░░░░░  77%  Streaming frame 439/468
  ███████████████████░░░░░░  77%  Streaming frame 440/468
  ███████████████████░░░░░░  77%  Streaming frame 441/468
  ███████████████████░░░░░░  77%  Streaming frame 442/468
  ███████████████████░░░░░░  77%  Streaming frame 443/468
  ███████████████████░░░░░░  77%  Streaming frame 444/468
  ███████████████████░░░░░░  77%  Streaming frame 445/468
[INFO] [Render] drawElement self-verify passed {"renderJobId":"147ca1a0-1a6f-4cd9-853b-74fccdbdf20c","frame":445,"psnrDb":"inf"}
  ███████████████████░░░░░░  77%  Streaming frame 446/468
  ███████████████████░░░░░░  78%  Streaming frame 447/468
  ███████████████████░░░░░░  78%  Streaming frame 448/468
  ███████████████████░░░░░░  78%  Streaming frame 449/468
  ███████████████████░░░░░░  78%  Streaming frame 450/468
  ███████████████████░░░░░░  78%  Streaming frame 451/468
  ███████████████████░░░░░░  78%  Streaming frame 452/468
  ███████████████████░░░░░░  78%  Streaming frame 453/468
  ███████████████████░░░░░░  78%  Streaming frame 454/468
  ███████████████████░░░░░░  78%  Streaming frame 455/468
  ███████████████████░░░░░░  79%  Streaming frame 456/468
  ███████████████████░░░░░░  79%  Streaming frame 457/468
  ███████████████████░░░░░░  79%  Streaming frame 458/468
  ███████████████████░░░░░░  79%  Streaming frame 459/468
  ███████████████████░░░░░░  79%  Streaming frame 460/468
  ███████████████████░░░░░░  79%  Streaming frame 461/468
  ███████████████████░░░░░░  79%  Streaming frame 462/468
  ███████████████████░░░░░░  79%  Streaming frame 463/468
  ████████████████████░░░░░  80%  Streaming frame 464/468
  ████████████████████░░░░░  80%  Streaming frame 465/468
  ████████████████████░░░░░  80%  Streaming frame 466/468
  ████████████████████░░░░░  80%  Streaming frame 467/468
  ████████████████████░░░░░  80%  Streaming frame 468/468
[static-dedup] reused 207/675 frame(s) (31%), est. ~1863ms saved (avg 9ms/frame)
[INFO] [Render:trace] {"renderJobId":"147ca1a0-1a6f-4cd9-853b-74fccdbdf20c","phase":"capture_streaming","status":"end","elapsedMs":9010,"durationMs":7736,"stagePhase":"capturing","workerCount":1,"forceScreenshot":false,"totalFrames":468,"framesCompleted":468,"captureMode":"drawelement","captureOperation":"encode"}
[INFO] [Render:trace] {"renderJobId":"147ca1a0-1a6f-4cd9-853b-74fccdbdf20c","phase":"assemble","status":"start","elapsedMs":9010,"stagePhase":"capturing","hasAudio":true,"workerCount":1,"forceScreenshot":false,"totalFrames":468,"framesCompleted":468,"captureMode":"drawelement","captureOperation":"encode"}
  ██████████████████████░░░  90%  Assembling final video
[INFO] [Render:trace] {"renderJobId":"147ca1a0-1a6f-4cd9-853b-74fccdbdf20c","phase":"assemble","status":"end","elapsedMs":9552,"durationMs":542,"stagePhase":"capturing","hasAudio":true,"workerCount":1,"forceScreenshot":false,"totalFrames":468,"framesCompleted":468,"captureMode":"drawelement","captureOperation":"encode"}
[INFO] [Render:trace] {"renderJobId":"147ca1a0-1a6f-4cd9-853b-74fccdbdf20c","phase":"pipeline","status":"checkpoint","elapsedMs":9575,"message":"artifact validated","totalElapsedMs":9574}
  █████████████████████████  100%  Render complete

◇  /Users/brownmanbrain/GitHub/operator-economy/blueprint-cinema/experiments/EP009-FULL-BUILD-001/scenes/seg004__seg006/qa/r2/seg004__seg006.r2.mp4
   1.1 MB · 19.5s video · rendered in 9.6s
