
◆  Rendering r51-underlying → /Users/brownmanbrain/GitHub/operator-economy/blueprint-cinema/experiments/EP007-NET-NEW-UNFINISHED-ANSWER-003/hyperframes/reviews/r51-underlying/qa/r51-underlying.mp4
   24fps · high · auto workers (10 cores detected)
   GPU: browser GPU (auto-detect)

[?25l│
◇  Browser: cache
[?25h[INFO] [Render] Pipeline started {"renderJobId":"1a176885-8cbc-4d07-8b9f-1d7218abf3c2","platform":"darwin","arch":"arm64","nodeVersion":"v25.6.1","fps":{"num":24,"den":1},"format":"mp4","quality":"high","browserGpuMode":"auto","forceScreenshot":false,"protocolTimeout":300000,"browserTimeout":120000,"pageNavigationTimeout":60000,"playerReadyTimeout":45000}
[INFO] [Render:trace] {"renderJobId":"1a176885-8cbc-4d07-8b9f-1d7218abf3c2","phase":"pipeline","status":"checkpoint","elapsedMs":4,"message":"started","format":"mp4","quality":"high","browserGpuMode":"auto","forceScreenshot":false,"protocolTimeoutMs":300000,"pageNavigationTimeoutMs":60000,"playerReadyTimeoutMs":45000,"requestedWorkers":"auto"}
[INFO] [Render:trace] {"renderJobId":"1a176885-8cbc-4d07-8b9f-1d7218abf3c2","phase":"compile","status":"start","elapsedMs":6,"needsAlpha":false}
  █░░░░░░░░░░░░░░░░░░░░░░░░  5%  Compiling composition
[INFO] [Compiler] Embedded local font file: public/fonts/boska-700.woff2 (30 KB → data URI)
[INFO] [Compiler] Embedded local font file: public/fonts/supreme-500.woff2 (18 KB → data URI)
[INFO] Compiled composition metadata {"renderJobId":"1a176885-8cbc-4d07-8b9f-1d7218abf3c2","entryFile":"index.html","staticDuration":9.958333333333334,"width":1280,"height":720,"videoCount":0,"audioCount":1,"renderModeHints":{"recommendScreenshot":false,"reasons":[]}}
[INFO] [Render:trace] {"renderJobId":"1a176885-8cbc-4d07-8b9f-1d7218abf3c2","phase":"compile","status":"end","elapsedMs":104,"durationMs":98,"needsAlpha":false}
[INFO] [Render:trace] {"renderJobId":"1a176885-8cbc-4d07-8b9f-1d7218abf3c2","phase":"compile","status":"checkpoint","elapsedMs":104,"message":"composition metadata resolved","width":1280,"height":720,"videoCount":0,"audioCount":1,"imageCount":1,"deviceScaleFactor":1,"forceScreenshot":false,"compositionHash":"0a5852cbfff457b9"}
[INFO] [Render:trace] {"renderJobId":"1a176885-8cbc-4d07-8b9f-1d7218abf3c2","phase":"browser_probe","status":"start","elapsedMs":105,"forceScreenshot":false,"stagePhase":"calibrating"}
[INFO] [Render:trace] {"renderJobId":"1a176885-8cbc-4d07-8b9f-1d7218abf3c2","phase":"browser_probe","status":"end","elapsedMs":108,"durationMs":3,"forceScreenshot":false,"stagePhase":"calibrating"}
[INFO] [Render:trace] {"renderJobId":"1a176885-8cbc-4d07-8b9f-1d7218abf3c2","phase":"browser_probe","status":"checkpoint","elapsedMs":109,"message":"duration resolved","durationSeconds":9.958333333333334,"totalFrames":239,"compositionHash":"0a5852cbfff457b9","beginFrameStalled":false}
[INFO] [Render:trace] {"renderJobId":"1a176885-8cbc-4d07-8b9f-1d7218abf3c2","phase":"video_extract","status":"start","elapsedMs":109,"videoCount":0}
  ██░░░░░░░░░░░░░░░░░░░░░░░  10%  Extracting video frames
[INFO] [Render:trace] {"renderJobId":"1a176885-8cbc-4d07-8b9f-1d7218abf3c2","phase":"video_extract","status":"end","elapsedMs":110,"durationMs":1,"videoCount":0}
[INFO] [Render:trace] {"renderJobId":"1a176885-8cbc-4d07-8b9f-1d7218abf3c2","phase":"video_extract","status":"checkpoint","elapsedMs":110,"message":"frames resolved","videoCount":0,"extractedVideoCount":0,"totalFramesExtracted":0,"maxFramesPerVideo":0,"avgFramesPerExtractedVideo":null,"vfrPreflightCount":null,"vfrPreflightMs":null,"cacheHits":null,"cacheMisses":null,"transientRetries":null,"minVideoFrameCoverageRatio":null,"authoredTimedClipCount":2}
[INFO] [Render] No HDR sources detected — rendering SDR {"renderJobId":"1a176885-8cbc-4d07-8b9f-1d7218abf3c2"}
[INFO] [Render:trace] {"renderJobId":"1a176885-8cbc-4d07-8b9f-1d7218abf3c2","phase":"hdr_detection","status":"checkpoint","elapsedMs":110,"message":"resolved","requestedHdrMode":"auto","effectiveHdr":"sdr","nativeHdrVideoCount":0,"nativeHdrImageCount":0}
[INFO] [Render:trace] {"renderJobId":"1a176885-8cbc-4d07-8b9f-1d7218abf3c2","phase":"audio_process","status":"start","elapsedMs":110,"audioCount":1}
  █████░░░░░░░░░░░░░░░░░░░░  20%  Processing audio tracks
[INFO] [Render:trace] {"renderJobId":"1a176885-8cbc-4d07-8b9f-1d7218abf3c2","phase":"audio_process","status":"end","elapsedMs":399,"durationMs":289,"audioCount":1}
[INFO] [Render:trace] {"renderJobId":"1a176885-8cbc-4d07-8b9f-1d7218abf3c2","phase":"file_server","status":"start","elapsedMs":399,"reused":false}
  ██████░░░░░░░░░░░░░░░░░░░  25%  Starting frame capture
[INFO] [Render:trace] {"renderJobId":"1a176885-8cbc-4d07-8b9f-1d7218abf3c2","phase":"file_server","status":"end","elapsedMs":405,"durationMs":6}
[hyperframes] browserGpuMode probe → hardware (WebGL renderer vendor="Google Inc. (Apple)" renderer="ANGLE (Apple, ANGLE Metal Renderer: Apple M4, Unspecified Version)")
[INFO] [Render:trace] {"renderJobId":"1a176885-8cbc-4d07-8b9f-1d7218abf3c2","phase":"capture_calibration","status":"start","elapsedMs":603,"stagePhase":"calibrating","forceScreenshot":false,"totalFrames":239,"framesCompleted":0,"captureMode":"drawelement","captureOperation":"drawElement"}
[INFO] [Render] Calibration config {"renderJobId":"1a176885-8cbc-4d07-8b9f-1d7218abf3c2","protocolTimeout":30000,"parentProtocolTimeout":300000,"forceScreenshot":false,"totalFrames":239}
[INFO] Launching browser for capture calibration... {"renderJobId":"1a176885-8cbc-4d07-8b9f-1d7218abf3c2"}
[BrowserManager] Browser launched (HeadlessChrome/152.0.7977.30, screenshot, gl=--use-gl=angle --use-angle=metal, headlessShell=true, platform=darwin)
[INFO] Initializing calibration session... {"renderJobId":"1a176885-8cbc-4d07-8b9f-1d7218abf3c2"}
[initSession:screenshot] page.goto start (0ms)
[HyperFrames] render runtime fps [object Object]
[initSession:screenshot] page.goto complete (122ms)
[initSession:screenshot] GSAP proxy flush complete (126ms)
[initSession:screenshot] pollHfReady complete (128ms)
[initSession:screenshot] pollSubCompositionTimelines complete (ready) (128ms)
[initSession:screenshot] applyVideoMetadataHints complete (129ms)
[initSession:screenshot] media + fonts + tailwind ready (130ms)
[initSession:screenshot] timeline at-risk predictor: 30/239 frames (13%) (156ms)
[engine] fast capture: falling back to screenshot capture — 30/239 frames animate a compositor-incompatible prop (blend/3D/clip/mask); drawElementImage drops these mid-animation (deterministic timeline gate; see fast-capture-limitations.md Lim 7)
[initSession:screenshot] static-frame dedup: 138/138 predicted frame(s) reusable (outcome=verified, runs=5/5, screenshots=29, seeks=30, elapsedMs=1147) (1487ms)
[INFO] Calibration session ready, capturing test frames... {"renderJobId":"1a176885-8cbc-4d07-8b9f-1d7218abf3c2"}
[INFO] Calibration: capturing test frame 1/5... {"renderJobId":"1a176885-8cbc-4d07-8b9f-1d7218abf3c2"}
[INFO] Calibration: capturing test frame 2/5... {"renderJobId":"1a176885-8cbc-4d07-8b9f-1d7218abf3c2"}
[INFO] Calibration: capturing test frame 3/5... {"renderJobId":"1a176885-8cbc-4d07-8b9f-1d7218abf3c2"}
[INFO] Calibration: capturing test frame 4/5... {"renderJobId":"1a176885-8cbc-4d07-8b9f-1d7218abf3c2"}
[INFO] Calibration: capturing test frame 5/5... {"renderJobId":"1a176885-8cbc-4d07-8b9f-1d7218abf3c2"}
[INFO] Calibration complete, estimated cost: 50ms/frame (p95) {"renderJobId":"1a176885-8cbc-4d07-8b9f-1d7218abf3c2"}
[INFO] [Render:trace] {"renderJobId":"1a176885-8cbc-4d07-8b9f-1d7218abf3c2","phase":"capture_calibration","status":"end","elapsedMs":2432,"durationMs":1829,"stagePhase":"calibrating","forceScreenshot":false,"totalFrames":239,"framesCompleted":0,"captureMode":"drawelement","captureOperation":"drawElement"}
[INFO] [Render:trace] {"renderJobId":"1a176885-8cbc-4d07-8b9f-1d7218abf3c2","phase":"capture_calibration","status":"checkpoint","elapsedMs":2432,"message":"resolved","forceScreenshot":false,"multiplier":1,"p95Ms":50}
[INFO] [Render:trace] {"renderJobId":"1a176885-8cbc-4d07-8b9f-1d7218abf3c2","phase":"worker_resolution","status":"checkpoint","elapsedMs":2432,"message":"resolved","workerCount":5}
[INFO] [Render] Fast capture: default-on drawElement disabled for this render — parallel capture has no runtime self-verification. Set PRODUCER_EXPERIMENTAL_FAST_CAPTURE=true to override. {"renderJobId":"1a176885-8cbc-4d07-8b9f-1d7218abf3c2"}
[INFO] streaming-encode gate {"renderJobId":"1a176885-8cbc-4d07-8b9f-1d7218abf3c2","enabled":false,"configFlag":true,"outputFormat":"mp4","workerCount":5,"durationSeconds":9.958333333333334,"maxDurationSeconds":240}
[INFO] [Render:trace] {"renderJobId":"1a176885-8cbc-4d07-8b9f-1d7218abf3c2","phase":"capture_strategy","status":"checkpoint","elapsedMs":2433,"message":"resolved","workerCount":5,"forceScreenshot":false,"captureBeyondViewport":null,"useStreamingEncode":false,"useLayeredComposite":false,"usePageSideCompositing":false,"hasHdrContent":false,"hasShaderTransitions":false,"isPngSequence":false}
[INFO] [Render:trace] {"renderJobId":"1a176885-8cbc-4d07-8b9f-1d7218abf3c2","phase":"capture_disk","status":"start","elapsedMs":2433,"stagePhase":"capturing","needsAlpha":false,"workerCount":5,"forceScreenshot":false,"totalFrames":239,"framesCompleted":0,"captureMode":"beginframe","captureOperation":"beginFrame"}
  ██████░░░░░░░░░░░░░░░░░░░  25%  Capturing frame 0/239 (5 workers)
  ██████░░░░░░░░░░░░░░░░░░░  25%  Capturing frame 0/239 (5 workers)
  ██████░░░░░░░░░░░░░░░░░░░  25%  Capturing frame 0/239 (5 workers)
  ██████░░░░░░░░░░░░░░░░░░░  25%  Capturing frame 0/239 (5 workers)
  ██████░░░░░░░░░░░░░░░░░░░  25%  Capturing frame 0/239 (5 workers)
[BrowserManager] Browser launched (HeadlessChrome/152.0.7977.30, screenshot, gl=--use-gl=angle --use-angle=metal, headlessShell=true, platform=darwin)
  ██████░░░░░░░░░░░░░░░░░░░  25%  Capturing frame 0/239 (5 workers)
[initSession:screenshot] page.goto start (0ms)
  ██████░░░░░░░░░░░░░░░░░░░  25%  Capturing frame 0/239 (5 workers)
  ██████░░░░░░░░░░░░░░░░░░░  25%  Capturing frame 0/239 (5 workers)
[initSession:screenshot] page.goto start (0ms)
  ██████░░░░░░░░░░░░░░░░░░░  25%  Capturing frame 0/239 (5 workers)
  ██████░░░░░░░░░░░░░░░░░░░  25%  Capturing frame 0/239 (5 workers)
[initSession:screenshot] page.goto start (0ms)
  ██████░░░░░░░░░░░░░░░░░░░  25%  Capturing frame 0/239 (5 workers)
  ██████░░░░░░░░░░░░░░░░░░░  25%  Capturing frame 0/239 (5 workers)
[initSession:screenshot] page.goto start (0ms)
  ██████░░░░░░░░░░░░░░░░░░░  25%  Capturing frame 0/239 (5 workers)
  ██████░░░░░░░░░░░░░░░░░░░  25%  Capturing frame 0/239 (5 workers)
[initSession:screenshot] page.goto start (0ms)
  ██████░░░░░░░░░░░░░░░░░░░  25%  Capturing frame 0/239 (5 workers)
[HyperFrames] render runtime fps [object Object]
[HyperFrames] render runtime fps [object Object]
[HyperFrames] render runtime fps [object Object]
[HyperFrames] render runtime fps [object Object]
[HyperFrames] render runtime fps [object Object]
[initSession:screenshot] page.goto complete (146ms)
[initSession:screenshot] page.goto complete (160ms)
[initSession:screenshot] page.goto complete (155ms)
[initSession:screenshot] page.goto complete (172ms)
[initSession:screenshot] page.goto complete (171ms)
[initSession:screenshot] GSAP proxy flush complete (172ms)
[initSession:screenshot] GSAP proxy flush complete (178ms)
[initSession:screenshot] GSAP proxy flush complete (169ms)
[initSession:screenshot] GSAP proxy flush complete (177ms)
[initSession:screenshot] GSAP proxy flush complete (179ms)
[initSession:screenshot] pollHfReady complete (174ms)
[initSession:screenshot] pollHfReady complete (180ms)
[initSession:screenshot] pollHfReady complete (171ms)
[initSession:screenshot] pollHfReady complete (178ms)
[initSession:screenshot] pollHfReady complete (180ms)
[initSession:screenshot] pollSubCompositionTimelines complete (ready) (176ms)
[initSession:screenshot] applyVideoMetadataHints complete (176ms)
[initSession:screenshot] pollSubCompositionTimelines complete (ready) (182ms)
[initSession:screenshot] applyVideoMetadataHints complete (182ms)
[initSession:screenshot] pollSubCompositionTimelines complete (ready) (180ms)
[initSession:screenshot] applyVideoMetadataHints complete (180ms)
[initSession:screenshot] pollSubCompositionTimelines complete (ready) (174ms)
[initSession:screenshot] applyVideoMetadataHints complete (174ms)
[initSession:screenshot] pollSubCompositionTimelines complete (ready) (183ms)
[initSession:screenshot] applyVideoMetadataHints complete (183ms)
[initSession:screenshot] media + fonts + tailwind ready (179ms)
[initSession:screenshot] media + fonts + tailwind ready (184ms)
[initSession:screenshot] media + fonts + tailwind ready (182ms)
[initSession:screenshot] media + fonts + tailwind ready (175ms)
[initSession:screenshot] media + fonts + tailwind ready (184ms)
[initSession:screenshot] static-frame dedup: 138/138 predicted frame(s) reusable (outcome=verified, runs=5/5, screenshots=29, seeks=30, elapsedMs=1151) (1554ms)
  ██████░░░░░░░░░░░░░░░░░░░  25%  Capturing frame 0/239 (5 workers)
[initSession:screenshot] static-frame dedup: 138/138 predicted frame(s) reusable (outcome=verified, runs=5/5, screenshots=29, seeks=30, elapsedMs=1174) (1568ms)
  ██████░░░░░░░░░░░░░░░░░░░  25%  Capturing frame 0/239 (5 workers)
[initSession:screenshot] static-frame dedup: 138/138 predicted frame(s) reusable (outcome=verified, runs=5/5, screenshots=29, seeks=30, elapsedMs=1192) (1588ms)
  ██████░░░░░░░░░░░░░░░░░░░  25%  Capturing frame 0/239 (5 workers)
[initSession:screenshot] static-frame dedup: 138/138 predicted frame(s) reusable (outcome=verified, runs=5/5, screenshots=29, seeks=30, elapsedMs=1154) (1641ms)
[initSession:screenshot] static-frame dedup: 138/138 predicted frame(s) reusable (outcome=verified, runs=5/5, screenshots=29, seeks=30, elapsedMs=1193) (1689ms)
  ███████░░░░░░░░░░░░░░░░░░  31%  Capturing frame 30/239 (5 workers)
  █████████░░░░░░░░░░░░░░░░  36%  Capturing frame 60/239 (5 workers)
  ██████████░░░░░░░░░░░░░░░  42%  Capturing frame 90/239 (5 workers)
  ████████████░░░░░░░░░░░░░  48%  Capturing frame 120/239 (5 workers)
[static-dedup] reused 31/48 frame(s) (65%), est. ~1333ms saved (avg 43ms/frame)
  █████████████░░░░░░░░░░░░  53%  Capturing frame 150/239 (5 workers)
[static-dedup] reused 32/48 frame(s) (67%), est. ~1312ms saved (avg 41ms/frame)
  ██████████████░░░░░░░░░░░  59%  Capturing frame 180/239 (5 workers)
[static-dedup] reused 27/47 frame(s) (57%), est. ~1134ms saved (avg 42ms/frame)
  ████████████████░░░░░░░░░  65%  Capturing frame 210/239 (5 workers)
[static-dedup] reused 24/48 frame(s) (50%), est. ~1008ms saved (avg 42ms/frame)
  █████████████████░░░░░░░░  70%  Capturing frame 239/239 (5 workers)
[static-dedup] reused 22/48 frame(s) (46%), est. ~902ms saved (avg 41ms/frame)
[INFO] [Render:trace] {"renderJobId":"1a176885-8cbc-4d07-8b9f-1d7218abf3c2","phase":"capture_disk","status":"end","elapsedMs":5414,"durationMs":2981,"stagePhase":"capturing","needsAlpha":false,"workerCount":5,"forceScreenshot":false,"totalFrames":239,"framesCompleted":239,"captureMode":"beginframe","captureOperation":"encode"}
[INFO] [Render:trace] {"renderJobId":"1a176885-8cbc-4d07-8b9f-1d7218abf3c2","phase":"encode","status":"start","elapsedMs":5415,"stagePhase":"capturing","hasAudio":true,"isPngSequence":false,"isGif":false,"chunkedEncode":false,"workerCount":5,"forceScreenshot":false,"totalFrames":239,"framesCompleted":239,"captureMode":"beginframe","captureOperation":"encode"}
  ██████████████████░░░░░░░  75%  Encoding video
[INFO] [Render:trace] {"renderJobId":"1a176885-8cbc-4d07-8b9f-1d7218abf3c2","phase":"encode","status":"end","elapsedMs":5807,"durationMs":392,"stagePhase":"capturing","hasAudio":true,"isPngSequence":false,"isGif":false,"chunkedEncode":false,"workerCount":5,"forceScreenshot":false,"totalFrames":239,"framesCompleted":239,"captureMode":"beginframe","captureOperation":"encode"}
[INFO] [Render:trace] {"renderJobId":"1a176885-8cbc-4d07-8b9f-1d7218abf3c2","phase":"assemble","status":"start","elapsedMs":5807,"stagePhase":"capturing","hasAudio":true,"workerCount":5,"forceScreenshot":false,"totalFrames":239,"framesCompleted":239,"captureMode":"beginframe","captureOperation":"encode"}
  ██████████████████████░░░  90%  Assembling final video
[INFO] [Render:trace] {"renderJobId":"1a176885-8cbc-4d07-8b9f-1d7218abf3c2","phase":"assemble","status":"end","elapsedMs":6100,"durationMs":293,"stagePhase":"capturing","hasAudio":true,"workerCount":5,"forceScreenshot":false,"totalFrames":239,"framesCompleted":239,"captureMode":"beginframe","captureOperation":"encode"}
[INFO] [Render:trace] {"renderJobId":"1a176885-8cbc-4d07-8b9f-1d7218abf3c2","phase":"pipeline","status":"checkpoint","elapsedMs":6124,"message":"artifact validated","totalElapsedMs":6122}
  █████████████████████████  100%  Render complete

◇  /Users/brownmanbrain/GitHub/operator-economy/blueprint-cinema/experiments/EP007-NET-NEW-UNFINISHED-ANSWER-003/hyperframes/reviews/r51-underlying/qa/r51-underlying.mp4
   418.7 KB · 10.0s video · rendered in 6.1s
