
◆  Rendering seg063__seg065 → /Users/brownmanbrain/GitHub/operator-economy/blueprint-cinema/experiments/EP009-FULL-BUILD-001/scenes/seg063__seg065/qa/s19.mp4
   24fps · high · auto workers (10 cores detected)
   GPU: browser GPU (auto-detect)

[?25l│
◇  Browser: cache
[?25h[INFO] [Render] Pipeline started {"renderJobId":"e79598c2-fdc1-4355-8c10-347b3345d1a8","platform":"darwin","arch":"arm64","nodeVersion":"v25.6.1","fps":{"num":24,"den":1},"format":"mp4","quality":"high","browserGpuMode":"auto","forceScreenshot":false,"protocolTimeout":300000,"browserTimeout":120000,"pageNavigationTimeout":60000,"playerReadyTimeout":45000}
[INFO] [Render:trace] {"renderJobId":"e79598c2-fdc1-4355-8c10-347b3345d1a8","phase":"pipeline","status":"checkpoint","elapsedMs":1,"message":"started","format":"mp4","quality":"high","browserGpuMode":"auto","forceScreenshot":false,"protocolTimeoutMs":300000,"pageNavigationTimeoutMs":60000,"playerReadyTimeoutMs":45000,"requestedWorkers":"auto"}
[INFO] [Render:trace] {"renderJobId":"e79598c2-fdc1-4355-8c10-347b3345d1a8","phase":"compile","status":"start","elapsedMs":2,"needsAlpha":false}
  █░░░░░░░░░░░░░░░░░░░░░░░░  5%  Compiling composition
[INFO] [Compiler] Embedded local font file: public/fonts/boska-700.woff2 (30 KB → data URI)
[INFO] [Compiler] Embedded local font file: public/fonts/supreme-400.woff2 (18 KB → data URI)
[INFO] [Compiler] Embedded local font file: public/fonts/supreme-500.woff2 (18 KB → data URI)
[INFO] Compiled composition metadata {"renderJobId":"e79598c2-fdc1-4355-8c10-347b3345d1a8","entryFile":"index.html","staticDuration":61.458333,"width":1280,"height":720,"videoCount":0,"audioCount":1,"renderModeHints":{"recommendScreenshot":false,"reasons":[]}}
[INFO] [Render:trace] {"renderJobId":"e79598c2-fdc1-4355-8c10-347b3345d1a8","phase":"compile","status":"end","elapsedMs":85,"durationMs":83,"needsAlpha":false}
[INFO] [Render:trace] {"renderJobId":"e79598c2-fdc1-4355-8c10-347b3345d1a8","phase":"compile","status":"checkpoint","elapsedMs":85,"message":"composition metadata resolved","width":1280,"height":720,"videoCount":0,"audioCount":1,"imageCount":0,"deviceScaleFactor":1,"forceScreenshot":false,"compositionHash":"7a1b19b84a56e194"}
[INFO] [Render:trace] {"renderJobId":"e79598c2-fdc1-4355-8c10-347b3345d1a8","phase":"browser_probe","status":"start","elapsedMs":85,"forceScreenshot":false,"stagePhase":"calibrating"}
[INFO] [Render:trace] {"renderJobId":"e79598c2-fdc1-4355-8c10-347b3345d1a8","phase":"browser_probe","status":"end","elapsedMs":92,"durationMs":7,"forceScreenshot":false,"stagePhase":"calibrating"}
[INFO] [Render:trace] {"renderJobId":"e79598c2-fdc1-4355-8c10-347b3345d1a8","phase":"browser_probe","status":"checkpoint","elapsedMs":93,"message":"duration resolved","durationSeconds":61.458333,"totalFrames":1475,"compositionHash":"7a1b19b84a56e194","beginFrameStalled":false}
[INFO] [Render:trace] {"renderJobId":"e79598c2-fdc1-4355-8c10-347b3345d1a8","phase":"video_extract","status":"start","elapsedMs":93,"videoCount":0}
  ██░░░░░░░░░░░░░░░░░░░░░░░  10%  Extracting video frames
[INFO] [Render:trace] {"renderJobId":"e79598c2-fdc1-4355-8c10-347b3345d1a8","phase":"video_extract","status":"end","elapsedMs":93,"durationMs":0,"videoCount":0}
[INFO] [Render:trace] {"renderJobId":"e79598c2-fdc1-4355-8c10-347b3345d1a8","phase":"video_extract","status":"checkpoint","elapsedMs":95,"message":"frames resolved","videoCount":0,"extractedVideoCount":0,"totalFramesExtracted":0,"maxFramesPerVideo":0,"avgFramesPerExtractedVideo":null,"vfrPreflightCount":null,"vfrPreflightMs":null,"cacheHits":null,"cacheMisses":null,"transientRetries":null,"minVideoFrameCoverageRatio":null,"authoredTimedClipCount":2}
[INFO] [Render] No HDR sources detected — rendering SDR {"renderJobId":"e79598c2-fdc1-4355-8c10-347b3345d1a8"}
[INFO] [Render:trace] {"renderJobId":"e79598c2-fdc1-4355-8c10-347b3345d1a8","phase":"hdr_detection","status":"checkpoint","elapsedMs":95,"message":"resolved","requestedHdrMode":"auto","effectiveHdr":"sdr","nativeHdrVideoCount":0,"nativeHdrImageCount":0}
[INFO] [Render:trace] {"renderJobId":"e79598c2-fdc1-4355-8c10-347b3345d1a8","phase":"audio_process","status":"start","elapsedMs":95,"audioCount":1}
  █████░░░░░░░░░░░░░░░░░░░░  20%  Processing audio tracks
[INFO] [Render:trace] {"renderJobId":"e79598c2-fdc1-4355-8c10-347b3345d1a8","phase":"audio_process","status":"end","elapsedMs":1371,"durationMs":1276,"audioCount":1}
[INFO] [Render:trace] {"renderJobId":"e79598c2-fdc1-4355-8c10-347b3345d1a8","phase":"file_server","status":"start","elapsedMs":1371,"reused":false}
  ██████░░░░░░░░░░░░░░░░░░░  25%  Starting frame capture
[INFO] [Render:trace] {"renderJobId":"e79598c2-fdc1-4355-8c10-347b3345d1a8","phase":"file_server","status":"end","elapsedMs":1377,"durationMs":6}
[hyperframes] browserGpuMode probe → hardware (WebGL renderer vendor="Google Inc. (Apple)" renderer="ANGLE (Apple, ANGLE Metal Renderer: Apple M4, Unspecified Version)")
[INFO] [Render:trace] {"renderJobId":"e79598c2-fdc1-4355-8c10-347b3345d1a8","phase":"capture_calibration","status":"checkpoint","elapsedMs":1528,"message":"skipped","requestedWorkers":"auto","totalFrames":1475,"htmlInCanvasDetected":false,"lowMemoryMode":false,"deInversionEligible":true,"deParallelRouterEligible":false}
[INFO] [Render] Fast capture: single-worker drawElement streaming preferred over 4-worker screenshot capture (1475 frames >= 900; verified path, measured faster at every worker count). Set HF_DE_SINGLE_MIN_FRAMES=0 or --workers N to override. {"renderJobId":"e79598c2-fdc1-4355-8c10-347b3345d1a8"}
[INFO] [Render:trace] {"renderJobId":"e79598c2-fdc1-4355-8c10-347b3345d1a8","phase":"worker_resolution","status":"checkpoint","elapsedMs":1528,"message":"resolved","workerCount":1}
[INFO] streaming-encode gate {"renderJobId":"e79598c2-fdc1-4355-8c10-347b3345d1a8","enabled":true,"configFlag":true,"outputFormat":"mp4","workerCount":1,"durationSeconds":61.458333,"maxDurationSeconds":240}
[INFO] [Render:trace] {"renderJobId":"e79598c2-fdc1-4355-8c10-347b3345d1a8","phase":"capture_strategy","status":"checkpoint","elapsedMs":1528,"message":"resolved","workerCount":1,"forceScreenshot":false,"captureBeyondViewport":null,"useStreamingEncode":true,"useLayeredComposite":false,"usePageSideCompositing":false,"hasHdrContent":false,"hasShaderTransitions":false,"isPngSequence":false}
[INFO] [Render:trace] {"renderJobId":"e79598c2-fdc1-4355-8c10-347b3345d1a8","phase":"capture_streaming","status":"start","elapsedMs":1529,"stagePhase":"capturing","workerCount":1,"forceScreenshot":false,"totalFrames":1475,"framesCompleted":0,"captureMode":"drawelement","captureOperation":"drawElement"}
[BrowserManager] Browser launched (HeadlessChrome/152.0.7977.30, screenshot, gl=--use-gl=angle --use-angle=metal, headlessShell=true, platform=darwin)
[initSession:screenshot] page.goto start (1ms)
[HyperFrames] render runtime fps [object Object]
[initSession:screenshot] page.goto complete (122ms)
[initSession:screenshot] GSAP proxy flush complete (150ms)
[initSession:screenshot] pollHfReady complete (151ms)
[initSession:screenshot] pollSubCompositionTimelines complete (ready) (152ms)
[initSession:screenshot] applyVideoMetadataHints complete (152ms)
[initSession:screenshot] media + fonts + tailwind ready (153ms)
[initSession:screenshot] timeline at-risk predictor: 0/1475 frames (0%) (180ms)
[initSession:screenshot] static-frame dedup: 999/1002 predicted frame(s) reusable (outcome=verified, runs=31/31, screenshots=91, seeks=92, elapsedMs=3614) (3992ms)
[initSession:screenshot] drawElement self-verify armed: 4 ground-truth frame(s) @ [369, 737, 1106, 1400] of 1474 (4356ms)
[initSession:drawelement] drawElement canvas injected (4357ms)
[initSession:drawelement] screenshot fallback: 5 clip-boundary frame(s) (4358ms)
[initSession:drawelement] drawElement worker encode initialized (4359ms)
  ██████░░░░░░░░░░░░░░░░░░░  25%  Streaming frame 1/1475
  ██████░░░░░░░░░░░░░░░░░░░  25%  Streaming frame 2/1475
  ██████░░░░░░░░░░░░░░░░░░░  25%  Streaming frame 3/1475
  ██████░░░░░░░░░░░░░░░░░░░  25%  Streaming frame 4/1475
  ██████░░░░░░░░░░░░░░░░░░░  25%  Streaming frame 5/1475
  ██████░░░░░░░░░░░░░░░░░░░  25%  Streaming frame 6/1475
  ██████░░░░░░░░░░░░░░░░░░░  25%  Streaming frame 7/1475
  ██████░░░░░░░░░░░░░░░░░░░  25%  Streaming frame 8/1475
  ██████░░░░░░░░░░░░░░░░░░░  25%  Streaming frame 9/1475
  ██████░░░░░░░░░░░░░░░░░░░  25%  Streaming frame 10/1475
  ██████░░░░░░░░░░░░░░░░░░░  25%  Streaming frame 11/1475
  ██████░░░░░░░░░░░░░░░░░░░  25%  Streaming frame 12/1475
  ██████░░░░░░░░░░░░░░░░░░░  25%  Streaming frame 13/1475
  ██████░░░░░░░░░░░░░░░░░░░  26%  Streaming frame 14/1475
  ██████░░░░░░░░░░░░░░░░░░░  26%  Streaming frame 15/1475
  ██████░░░░░░░░░░░░░░░░░░░  26%  Streaming frame 16/1475
  ██████░░░░░░░░░░░░░░░░░░░  26%  Streaming frame 17/1475
  ██████░░░░░░░░░░░░░░░░░░░  26%  Streaming frame 18/1475
  ██████░░░░░░░░░░░░░░░░░░░  26%  Streaming frame 19/1475
  ██████░░░░░░░░░░░░░░░░░░░  26%  Streaming frame 20/1475
  ██████░░░░░░░░░░░░░░░░░░░  26%  Streaming frame 21/1475
  ██████░░░░░░░░░░░░░░░░░░░  26%  Streaming frame 22/1475
  ██████░░░░░░░░░░░░░░░░░░░  26%  Streaming frame 23/1475
  ██████░░░░░░░░░░░░░░░░░░░  26%  Streaming frame 24/1475
  ██████░░░░░░░░░░░░░░░░░░░  26%  Streaming frame 25/1475
  ██████░░░░░░░░░░░░░░░░░░░  26%  Streaming frame 26/1475
  ██████░░░░░░░░░░░░░░░░░░░  26%  Streaming frame 27/1475
  ██████░░░░░░░░░░░░░░░░░░░  26%  Streaming frame 28/1475
  ██████░░░░░░░░░░░░░░░░░░░  26%  Streaming frame 29/1475
[WARN] [Render] drawElement blank-frame suspect; re-capturing {"renderJobId":"e79598c2-fdc1-4355-8c10-347b3345d1a8","frame":29,"bytes":17596,"floor":20000}
[INFO] [Render] drawElement small frame is deterministic; accepted {"renderJobId":"e79598c2-fdc1-4355-8c10-347b3345d1a8","frame":29,"bytes":17596}
  ██████░░░░░░░░░░░░░░░░░░░  26%  Streaming frame 30/1475
  ██████░░░░░░░░░░░░░░░░░░░  26%  Streaming frame 31/1475
  ██████░░░░░░░░░░░░░░░░░░░  26%  Streaming frame 32/1475
  ██████░░░░░░░░░░░░░░░░░░░  26%  Streaming frame 33/1475
  ██████░░░░░░░░░░░░░░░░░░░  26%  Streaming frame 34/1475
  ██████░░░░░░░░░░░░░░░░░░░  26%  Streaming frame 35/1475
  ██████░░░░░░░░░░░░░░░░░░░  26%  Streaming frame 36/1475
  ██████░░░░░░░░░░░░░░░░░░░  26%  Streaming frame 37/1475
  ██████░░░░░░░░░░░░░░░░░░░  26%  Streaming frame 38/1475
  ██████░░░░░░░░░░░░░░░░░░░  26%  Streaming frame 39/1475
  ██████░░░░░░░░░░░░░░░░░░░  26%  Streaming frame 40/1475
  ██████░░░░░░░░░░░░░░░░░░░  27%  Streaming frame 41/1475
  ██████░░░░░░░░░░░░░░░░░░░  27%  Streaming frame 42/1475
  ██████░░░░░░░░░░░░░░░░░░░  27%  Streaming frame 43/1475
  ██████░░░░░░░░░░░░░░░░░░░  27%  Streaming frame 44/1475
  ██████░░░░░░░░░░░░░░░░░░░  27%  Streaming frame 45/1475
  ██████░░░░░░░░░░░░░░░░░░░  27%  Streaming frame 46/1475
  ██████░░░░░░░░░░░░░░░░░░░  27%  Streaming frame 47/1475
  ██████░░░░░░░░░░░░░░░░░░░  27%  Streaming frame 48/1475
  ██████░░░░░░░░░░░░░░░░░░░  27%  Streaming frame 49/1475
  ██████░░░░░░░░░░░░░░░░░░░  27%  Streaming frame 50/1475
  ██████░░░░░░░░░░░░░░░░░░░  27%  Streaming frame 51/1475
  ██████░░░░░░░░░░░░░░░░░░░  27%  Streaming frame 52/1475
  ██████░░░░░░░░░░░░░░░░░░░  27%  Streaming frame 53/1475
  ██████░░░░░░░░░░░░░░░░░░░  27%  Streaming frame 54/1475
  ██████░░░░░░░░░░░░░░░░░░░  27%  Streaming frame 55/1475
  ██████░░░░░░░░░░░░░░░░░░░  27%  Streaming frame 56/1475
  ██████░░░░░░░░░░░░░░░░░░░  27%  Streaming frame 57/1475
  ██████░░░░░░░░░░░░░░░░░░░  27%  Streaming frame 58/1475
  ██████░░░░░░░░░░░░░░░░░░░  27%  Streaming frame 59/1475
  ██████░░░░░░░░░░░░░░░░░░░  27%  Streaming frame 60/1475
  ██████░░░░░░░░░░░░░░░░░░░  27%  Streaming frame 61/1475
  ██████░░░░░░░░░░░░░░░░░░░  27%  Streaming frame 62/1475
  ██████░░░░░░░░░░░░░░░░░░░  27%  Streaming frame 63/1475
  ██████░░░░░░░░░░░░░░░░░░░  27%  Streaming frame 64/1475
  ██████░░░░░░░░░░░░░░░░░░░  27%  Streaming frame 65/1475
  ██████░░░░░░░░░░░░░░░░░░░  27%  Streaming frame 66/1475
  ██████░░░░░░░░░░░░░░░░░░░  27%  Streaming frame 67/1475
  ███████░░░░░░░░░░░░░░░░░░  28%  Streaming frame 68/1475
  ███████░░░░░░░░░░░░░░░░░░  28%  Streaming frame 69/1475
  ███████░░░░░░░░░░░░░░░░░░  28%  Streaming frame 70/1475
  ███████░░░░░░░░░░░░░░░░░░  28%  Streaming frame 71/1475
  ███████░░░░░░░░░░░░░░░░░░  28%  Streaming frame 72/1475
  ███████░░░░░░░░░░░░░░░░░░  28%  Streaming frame 73/1475
  ███████░░░░░░░░░░░░░░░░░░  28%  Streaming frame 74/1475
  ███████░░░░░░░░░░░░░░░░░░  28%  Streaming frame 75/1475
  ███████░░░░░░░░░░░░░░░░░░  28%  Streaming frame 76/1475
  ███████░░░░░░░░░░░░░░░░░░  28%  Streaming frame 77/1475
  ███████░░░░░░░░░░░░░░░░░░  28%  Streaming frame 78/1475
  ███████░░░░░░░░░░░░░░░░░░  28%  Streaming frame 79/1475
  ███████░░░░░░░░░░░░░░░░░░  28%  Streaming frame 80/1475
  ███████░░░░░░░░░░░░░░░░░░  28%  Streaming frame 81/1475
  ███████░░░░░░░░░░░░░░░░░░  28%  Streaming frame 82/1475
  ███████░░░░░░░░░░░░░░░░░░  28%  Streaming frame 83/1475
  ███████░░░░░░░░░░░░░░░░░░  28%  Streaming frame 84/1475
  ███████░░░░░░░░░░░░░░░░░░  28%  Streaming frame 85/1475
  ███████░░░░░░░░░░░░░░░░░░  28%  Streaming frame 86/1475
  ███████░░░░░░░░░░░░░░░░░░  28%  Streaming frame 87/1475
  ███████░░░░░░░░░░░░░░░░░░  28%  Streaming frame 88/1475
  ███████░░░░░░░░░░░░░░░░░░  28%  Streaming frame 89/1475
  ███████░░░░░░░░░░░░░░░░░░  28%  Streaming frame 90/1475
  ███████░░░░░░░░░░░░░░░░░░  28%  Streaming frame 91/1475
  ███████░░░░░░░░░░░░░░░░░░  28%  Streaming frame 92/1475
  ███████░░░░░░░░░░░░░░░░░░  28%  Streaming frame 93/1475
  ███████░░░░░░░░░░░░░░░░░░  29%  Streaming frame 94/1475
  ███████░░░░░░░░░░░░░░░░░░  29%  Streaming frame 95/1475
  ███████░░░░░░░░░░░░░░░░░░  29%  Streaming frame 96/1475
  ███████░░░░░░░░░░░░░░░░░░  29%  Streaming frame 97/1475
  ███████░░░░░░░░░░░░░░░░░░  29%  Streaming frame 98/1475
  ███████░░░░░░░░░░░░░░░░░░  29%  Streaming frame 99/1475
  ███████░░░░░░░░░░░░░░░░░░  29%  Streaming frame 100/1475
  ███████░░░░░░░░░░░░░░░░░░  29%  Streaming frame 101/1475
  ███████░░░░░░░░░░░░░░░░░░  29%  Streaming frame 102/1475
  ███████░░░░░░░░░░░░░░░░░░  29%  Streaming frame 103/1475
  ███████░░░░░░░░░░░░░░░░░░  29%  Streaming frame 104/1475
  ███████░░░░░░░░░░░░░░░░░░  29%  Streaming frame 105/1475
  ███████░░░░░░░░░░░░░░░░░░  29%  Streaming frame 106/1475
  ███████░░░░░░░░░░░░░░░░░░  29%  Streaming frame 107/1475
  ███████░░░░░░░░░░░░░░░░░░  29%  Streaming frame 108/1475
  ███████░░░░░░░░░░░░░░░░░░  29%  Streaming frame 109/1475
  ███████░░░░░░░░░░░░░░░░░░  29%  Streaming frame 110/1475
  ███████░░░░░░░░░░░░░░░░░░  29%  Streaming frame 111/1475
  ███████░░░░░░░░░░░░░░░░░░  29%  Streaming frame 112/1475
  ███████░░░░░░░░░░░░░░░░░░  29%  Streaming frame 113/1475
  ███████░░░░░░░░░░░░░░░░░░  29%  Streaming frame 114/1475
  ███████░░░░░░░░░░░░░░░░░░  29%  Streaming frame 115/1475
  ███████░░░░░░░░░░░░░░░░░░  29%  Streaming frame 116/1475
  ███████░░░░░░░░░░░░░░░░░░  29%  Streaming frame 117/1475
  ███████░░░░░░░░░░░░░░░░░░  29%  Streaming frame 118/1475
  ███████░░░░░░░░░░░░░░░░░░  29%  Streaming frame 119/1475
  ███████░░░░░░░░░░░░░░░░░░  29%  Streaming frame 120/1475
  ███████░░░░░░░░░░░░░░░░░░  30%  Streaming frame 121/1475
  ███████░░░░░░░░░░░░░░░░░░  30%  Streaming frame 122/1475
  ███████░░░░░░░░░░░░░░░░░░  30%  Streaming frame 123/1475
  ███████░░░░░░░░░░░░░░░░░░  30%  Streaming frame 124/1475
  ███████░░░░░░░░░░░░░░░░░░  30%  Streaming frame 125/1475
  ███████░░░░░░░░░░░░░░░░░░  30%  Streaming frame 126/1475
  ███████░░░░░░░░░░░░░░░░░░  30%  Streaming frame 127/1475
  ███████░░░░░░░░░░░░░░░░░░  30%  Streaming frame 128/1475
  ███████░░░░░░░░░░░░░░░░░░  30%  Streaming frame 129/1475
  ███████░░░░░░░░░░░░░░░░░░  30%  Streaming frame 130/1475
  ███████░░░░░░░░░░░░░░░░░░  30%  Streaming frame 131/1475
  ███████░░░░░░░░░░░░░░░░░░  30%  Streaming frame 132/1475
  ███████░░░░░░░░░░░░░░░░░░  30%  Streaming frame 133/1475
  ███████░░░░░░░░░░░░░░░░░░  30%  Streaming frame 134/1475
  ███████░░░░░░░░░░░░░░░░░░  30%  Streaming frame 135/1475
  ███████░░░░░░░░░░░░░░░░░░  30%  Streaming frame 136/1475
  ███████░░░░░░░░░░░░░░░░░░  30%  Streaming frame 137/1475
  ███████░░░░░░░░░░░░░░░░░░  30%  Streaming frame 138/1475
  ███████░░░░░░░░░░░░░░░░░░  30%  Streaming frame 139/1475
  ███████░░░░░░░░░░░░░░░░░░  30%  Streaming frame 140/1475
  ███████░░░░░░░░░░░░░░░░░░  30%  Streaming frame 141/1475
  ███████░░░░░░░░░░░░░░░░░░  30%  Streaming frame 142/1475
  ███████░░░░░░░░░░░░░░░░░░  30%  Streaming frame 143/1475
  ███████░░░░░░░░░░░░░░░░░░  30%  Streaming frame 144/1475
  ███████░░░░░░░░░░░░░░░░░░  30%  Streaming frame 145/1475
  ███████░░░░░░░░░░░░░░░░░░  30%  Streaming frame 146/1475
  ███████░░░░░░░░░░░░░░░░░░  30%  Streaming frame 147/1475
  ███████░░░░░░░░░░░░░░░░░░  31%  Streaming frame 148/1475
  ███████░░░░░░░░░░░░░░░░░░  31%  Streaming frame 149/1475
  ███████░░░░░░░░░░░░░░░░░░  31%  Streaming frame 150/1475
  ███████░░░░░░░░░░░░░░░░░░  31%  Streaming frame 151/1475
  ███████░░░░░░░░░░░░░░░░░░  31%  Streaming frame 152/1475
  ███████░░░░░░░░░░░░░░░░░░  31%  Streaming frame 153/1475
  ███████░░░░░░░░░░░░░░░░░░  31%  Streaming frame 154/1475
  ███████░░░░░░░░░░░░░░░░░░  31%  Streaming frame 155/1475
  ███████░░░░░░░░░░░░░░░░░░  31%  Streaming frame 156/1475
  ███████░░░░░░░░░░░░░░░░░░  31%  Streaming frame 157/1475
  ███████░░░░░░░░░░░░░░░░░░  31%  Streaming frame 158/1475
  ███████░░░░░░░░░░░░░░░░░░  31%  Streaming frame 159/1475
  ███████░░░░░░░░░░░░░░░░░░  31%  Streaming frame 160/1475
  ███████░░░░░░░░░░░░░░░░░░  31%  Streaming frame 161/1475
  ███████░░░░░░░░░░░░░░░░░░  31%  Streaming frame 162/1475
  ███████░░░░░░░░░░░░░░░░░░  31%  Streaming frame 163/1475
  ███████░░░░░░░░░░░░░░░░░░  31%  Streaming frame 164/1475
  ███████░░░░░░░░░░░░░░░░░░  31%  Streaming frame 165/1475
  ███████░░░░░░░░░░░░░░░░░░  31%  Streaming frame 166/1475
  ███████░░░░░░░░░░░░░░░░░░  31%  Streaming frame 167/1475
  ███████░░░░░░░░░░░░░░░░░░  31%  Streaming frame 168/1475
  ███████░░░░░░░░░░░░░░░░░░  31%  Streaming frame 169/1475
  ███████░░░░░░░░░░░░░░░░░░  31%  Streaming frame 170/1475
  ███████░░░░░░░░░░░░░░░░░░  31%  Streaming frame 171/1475
  ███████░░░░░░░░░░░░░░░░░░  31%  Streaming frame 172/1475
  ███████░░░░░░░░░░░░░░░░░░  31%  Streaming frame 173/1475
  ███████░░░░░░░░░░░░░░░░░░  31%  Streaming frame 174/1475
  ████████░░░░░░░░░░░░░░░░░  32%  Streaming frame 175/1475
  ████████░░░░░░░░░░░░░░░░░  32%  Streaming frame 176/1475
  ████████░░░░░░░░░░░░░░░░░  32%  Streaming frame 177/1475
  ████████░░░░░░░░░░░░░░░░░  32%  Streaming frame 178/1475
  ████████░░░░░░░░░░░░░░░░░  32%  Streaming frame 179/1475
  ████████░░░░░░░░░░░░░░░░░  32%  Streaming frame 180/1475
  ████████░░░░░░░░░░░░░░░░░  32%  Streaming frame 181/1475
  ████████░░░░░░░░░░░░░░░░░  32%  Streaming frame 182/1475
  ████████░░░░░░░░░░░░░░░░░  32%  Streaming frame 183/1475
  ████████░░░░░░░░░░░░░░░░░  32%  Streaming frame 184/1475
  ████████░░░░░░░░░░░░░░░░░  32%  Streaming frame 185/1475
  ████████░░░░░░░░░░░░░░░░░  32%  Streaming frame 186/1475
  ████████░░░░░░░░░░░░░░░░░  32%  Streaming frame 187/1475
  ████████░░░░░░░░░░░░░░░░░  32%  Streaming frame 188/1475
  ████████░░░░░░░░░░░░░░░░░  32%  Streaming frame 189/1475
  ████████░░░░░░░░░░░░░░░░░  32%  Streaming frame 190/1475
  ████████░░░░░░░░░░░░░░░░░  32%  Streaming frame 191/1475
  ████████░░░░░░░░░░░░░░░░░  32%  Streaming frame 192/1475
  ████████░░░░░░░░░░░░░░░░░  32%  Streaming frame 193/1475
  ████████░░░░░░░░░░░░░░░░░  32%  Streaming frame 194/1475
  ████████░░░░░░░░░░░░░░░░░  32%  Streaming frame 195/1475
  ████████░░░░░░░░░░░░░░░░░  32%  Streaming frame 196/1475
  ████████░░░░░░░░░░░░░░░░░  32%  Streaming frame 197/1475
  ████████░░░░░░░░░░░░░░░░░  32%  Streaming frame 198/1475
  ████████░░░░░░░░░░░░░░░░░  32%  Streaming frame 199/1475
  ████████░░░░░░░░░░░░░░░░░  32%  Streaming frame 200/1475
  ████████░░░░░░░░░░░░░░░░░  32%  Streaming frame 201/1475
  ████████░░░░░░░░░░░░░░░░░  33%  Streaming frame 202/1475
  ████████░░░░░░░░░░░░░░░░░  33%  Streaming frame 203/1475
  ████████░░░░░░░░░░░░░░░░░  33%  Streaming frame 204/1475
  ████████░░░░░░░░░░░░░░░░░  33%  Streaming frame 205/1475
  ████████░░░░░░░░░░░░░░░░░  33%  Streaming frame 206/1475
  ████████░░░░░░░░░░░░░░░░░  33%  Streaming frame 207/1475
  ████████░░░░░░░░░░░░░░░░░  33%  Streaming frame 208/1475
  ████████░░░░░░░░░░░░░░░░░  33%  Streaming frame 209/1475
  ████████░░░░░░░░░░░░░░░░░  33%  Streaming frame 210/1475
  ████████░░░░░░░░░░░░░░░░░  33%  Streaming frame 211/1475
  ████████░░░░░░░░░░░░░░░░░  33%  Streaming frame 212/1475
  ████████░░░░░░░░░░░░░░░░░  33%  Streaming frame 213/1475
  ████████░░░░░░░░░░░░░░░░░  33%  Streaming frame 214/1475
  ████████░░░░░░░░░░░░░░░░░  33%  Streaming frame 215/1475
  ████████░░░░░░░░░░░░░░░░░  33%  Streaming frame 216/1475
  ████████░░░░░░░░░░░░░░░░░  33%  Streaming frame 217/1475
  ████████░░░░░░░░░░░░░░░░░  33%  Streaming frame 218/1475
  ████████░░░░░░░░░░░░░░░░░  33%  Streaming frame 219/1475
  ████████░░░░░░░░░░░░░░░░░  33%  Streaming frame 220/1475
  ████████░░░░░░░░░░░░░░░░░  33%  Streaming frame 221/1475
  ████████░░░░░░░░░░░░░░░░░  33%  Streaming frame 222/1475
  ████████░░░░░░░░░░░░░░░░░  33%  Streaming frame 223/1475
  ████████░░░░░░░░░░░░░░░░░  33%  Streaming frame 224/1475
  ████████░░░░░░░░░░░░░░░░░  33%  Streaming frame 225/1475
  ████████░░░░░░░░░░░░░░░░░  33%  Streaming frame 226/1475
  ████████░░░░░░░░░░░░░░░░░  33%  Streaming frame 227/1475
  ████████░░░░░░░░░░░░░░░░░  34%  Streaming frame 228/1475
  ████████░░░░░░░░░░░░░░░░░  34%  Streaming frame 229/1475
  ████████░░░░░░░░░░░░░░░░░  34%  Streaming frame 230/1475
  ████████░░░░░░░░░░░░░░░░░  34%  Streaming frame 231/1475
  ████████░░░░░░░░░░░░░░░░░  34%  Streaming frame 232/1475
  ████████░░░░░░░░░░░░░░░░░  34%  Streaming frame 233/1475
  ████████░░░░░░░░░░░░░░░░░  34%  Streaming frame 234/1475
  ████████░░░░░░░░░░░░░░░░░  34%  Streaming frame 235/1475
  ████████░░░░░░░░░░░░░░░░░  34%  Streaming frame 236/1475
  ████████░░░░░░░░░░░░░░░░░  34%  Streaming frame 237/1475
  ████████░░░░░░░░░░░░░░░░░  34%  Streaming frame 238/1475
  ████████░░░░░░░░░░░░░░░░░  34%  Streaming frame 239/1475
  ████████░░░░░░░░░░░░░░░░░  34%  Streaming frame 240/1475
  ████████░░░░░░░░░░░░░░░░░  34%  Streaming frame 241/1475
  ████████░░░░░░░░░░░░░░░░░  34%  Streaming frame 242/1475
  ████████░░░░░░░░░░░░░░░░░  34%  Streaming frame 243/1475
  ████████░░░░░░░░░░░░░░░░░  34%  Streaming frame 244/1475
  ████████░░░░░░░░░░░░░░░░░  34%  Streaming frame 245/1475
  ████████░░░░░░░░░░░░░░░░░  34%  Streaming frame 246/1475
  ████████░░░░░░░░░░░░░░░░░  34%  Streaming frame 247/1475
  ████████░░░░░░░░░░░░░░░░░  34%  Streaming frame 248/1475
  ████████░░░░░░░░░░░░░░░░░  34%  Streaming frame 249/1475
  ████████░░░░░░░░░░░░░░░░░  34%  Streaming frame 250/1475
  ████████░░░░░░░░░░░░░░░░░  34%  Streaming frame 251/1475
  ████████░░░░░░░░░░░░░░░░░  34%  Streaming frame 252/1475
  ████████░░░░░░░░░░░░░░░░░  34%  Streaming frame 253/1475
  ████████░░░░░░░░░░░░░░░░░  34%  Streaming frame 254/1475
  ████████░░░░░░░░░░░░░░░░░  35%  Streaming frame 255/1475
  ████████░░░░░░░░░░░░░░░░░  35%  Streaming frame 256/1475
  ████████░░░░░░░░░░░░░░░░░  35%  Streaming frame 257/1475
  ████████░░░░░░░░░░░░░░░░░  35%  Streaming frame 258/1475
  ████████░░░░░░░░░░░░░░░░░  35%  Streaming frame 259/1475
  ████████░░░░░░░░░░░░░░░░░  35%  Streaming frame 260/1475
  ████████░░░░░░░░░░░░░░░░░  35%  Streaming frame 261/1475
  ████████░░░░░░░░░░░░░░░░░  35%  Streaming frame 262/1475
  ████████░░░░░░░░░░░░░░░░░  35%  Streaming frame 263/1475
  ████████░░░░░░░░░░░░░░░░░  35%  Streaming frame 264/1475
  ████████░░░░░░░░░░░░░░░░░  35%  Streaming frame 265/1475
  ████████░░░░░░░░░░░░░░░░░  35%  Streaming frame 266/1475
  ████████░░░░░░░░░░░░░░░░░  35%  Streaming frame 267/1475
  ████████░░░░░░░░░░░░░░░░░  35%  Streaming frame 268/1475
  ████████░░░░░░░░░░░░░░░░░  35%  Streaming frame 269/1475
  ████████░░░░░░░░░░░░░░░░░  35%  Streaming frame 270/1475
  ████████░░░░░░░░░░░░░░░░░  35%  Streaming frame 271/1475
  ████████░░░░░░░░░░░░░░░░░  35%  Streaming frame 272/1475
  ████████░░░░░░░░░░░░░░░░░  35%  Streaming frame 273/1475
  ████████░░░░░░░░░░░░░░░░░  35%  Streaming frame 274/1475
  ████████░░░░░░░░░░░░░░░░░  35%  Streaming frame 275/1475
  ████████░░░░░░░░░░░░░░░░░  35%  Streaming frame 276/1475
  ████████░░░░░░░░░░░░░░░░░  35%  Streaming frame 277/1475
  ████████░░░░░░░░░░░░░░░░░  35%  Streaming frame 278/1475
  ████████░░░░░░░░░░░░░░░░░  35%  Streaming frame 279/1475
  ████████░░░░░░░░░░░░░░░░░  35%  Streaming frame 280/1475
  ████████░░░░░░░░░░░░░░░░░  35%  Streaming frame 281/1475
  █████████░░░░░░░░░░░░░░░░  36%  Streaming frame 282/1475
  █████████░░░░░░░░░░░░░░░░  36%  Streaming frame 283/1475
  █████████░░░░░░░░░░░░░░░░  36%  Streaming frame 284/1475
  █████████░░░░░░░░░░░░░░░░  36%  Streaming frame 285/1475
  █████████░░░░░░░░░░░░░░░░  36%  Streaming frame 286/1475
  █████████░░░░░░░░░░░░░░░░  36%  Streaming frame 287/1475
  █████████░░░░░░░░░░░░░░░░  36%  Streaming frame 288/1475
  █████████░░░░░░░░░░░░░░░░  36%  Streaming frame 289/1475
  █████████░░░░░░░░░░░░░░░░  36%  Streaming frame 290/1475
  █████████░░░░░░░░░░░░░░░░  36%  Streaming frame 291/1475
  █████████░░░░░░░░░░░░░░░░  36%  Streaming frame 292/1475
  █████████░░░░░░░░░░░░░░░░  36%  Streaming frame 293/1475
  █████████░░░░░░░░░░░░░░░░  36%  Streaming frame 294/1475
  █████████░░░░░░░░░░░░░░░░  36%  Streaming frame 295/1475
  █████████░░░░░░░░░░░░░░░░  36%  Streaming frame 296/1475
  █████████░░░░░░░░░░░░░░░░  36%  Streaming frame 297/1475
  █████████░░░░░░░░░░░░░░░░  36%  Streaming frame 298/1475
  █████████░░░░░░░░░░░░░░░░  36%  Streaming frame 299/1475
  █████████░░░░░░░░░░░░░░░░  36%  Streaming frame 300/1475
  █████████░░░░░░░░░░░░░░░░  36%  Streaming frame 301/1475
  █████████░░░░░░░░░░░░░░░░  36%  Streaming frame 302/1475
  █████████░░░░░░░░░░░░░░░░  36%  Streaming frame 303/1475
  █████████░░░░░░░░░░░░░░░░  36%  Streaming frame 304/1475
  █████████░░░░░░░░░░░░░░░░  36%  Streaming frame 305/1475
  █████████░░░░░░░░░░░░░░░░  36%  Streaming frame 306/1475
  █████████░░░░░░░░░░░░░░░░  36%  Streaming frame 307/1475
  █████████░░░░░░░░░░░░░░░░  36%  Streaming frame 308/1475
  █████████░░░░░░░░░░░░░░░░  37%  Streaming frame 309/1475
  █████████░░░░░░░░░░░░░░░░  37%  Streaming frame 310/1475
  █████████░░░░░░░░░░░░░░░░  37%  Streaming frame 311/1475
  █████████░░░░░░░░░░░░░░░░  37%  Streaming frame 312/1475
  █████████░░░░░░░░░░░░░░░░  37%  Streaming frame 313/1475
  █████████░░░░░░░░░░░░░░░░  37%  Streaming frame 314/1475
  █████████░░░░░░░░░░░░░░░░  37%  Streaming frame 315/1475
  █████████░░░░░░░░░░░░░░░░  37%  Streaming frame 316/1475
  █████████░░░░░░░░░░░░░░░░  37%  Streaming frame 317/1475
  █████████░░░░░░░░░░░░░░░░  37%  Streaming frame 318/1475
  █████████░░░░░░░░░░░░░░░░  37%  Streaming frame 319/1475
  █████████░░░░░░░░░░░░░░░░  37%  Streaming frame 320/1475
  █████████░░░░░░░░░░░░░░░░  37%  Streaming frame 321/1475
  █████████░░░░░░░░░░░░░░░░  37%  Streaming frame 322/1475
  █████████░░░░░░░░░░░░░░░░  37%  Streaming frame 323/1475
  █████████░░░░░░░░░░░░░░░░  37%  Streaming frame 324/1475
  █████████░░░░░░░░░░░░░░░░  37%  Streaming frame 325/1475
  █████████░░░░░░░░░░░░░░░░  37%  Streaming frame 326/1475
  █████████░░░░░░░░░░░░░░░░  37%  Streaming frame 327/1475
  █████████░░░░░░░░░░░░░░░░  37%  Streaming frame 328/1475
  █████████░░░░░░░░░░░░░░░░  37%  Streaming frame 329/1475
  █████████░░░░░░░░░░░░░░░░  37%  Streaming frame 330/1475
  █████████░░░░░░░░░░░░░░░░  37%  Streaming frame 331/1475
  █████████░░░░░░░░░░░░░░░░  37%  Streaming frame 332/1475
  █████████░░░░░░░░░░░░░░░░  37%  Streaming frame 333/1475
  █████████░░░░░░░░░░░░░░░░  37%  Streaming frame 334/1475
  █████████░░░░░░░░░░░░░░░░  37%  Streaming frame 335/1475
  █████████░░░░░░░░░░░░░░░░  38%  Streaming frame 336/1475
  █████████░░░░░░░░░░░░░░░░  38%  Streaming frame 337/1475
  █████████░░░░░░░░░░░░░░░░  38%  Streaming frame 338/1475
  █████████░░░░░░░░░░░░░░░░  38%  Streaming frame 339/1475
  █████████░░░░░░░░░░░░░░░░  38%  Streaming frame 340/1475
  █████████░░░░░░░░░░░░░░░░  38%  Streaming frame 341/1475
  █████████░░░░░░░░░░░░░░░░  38%  Streaming frame 342/1475
  █████████░░░░░░░░░░░░░░░░  38%  Streaming frame 343/1475
  █████████░░░░░░░░░░░░░░░░  38%  Streaming frame 344/1475
  █████████░░░░░░░░░░░░░░░░  38%  Streaming frame 345/1475
  █████████░░░░░░░░░░░░░░░░  38%  Streaming frame 346/1475
  █████████░░░░░░░░░░░░░░░░  38%  Streaming frame 347/1475
  █████████░░░░░░░░░░░░░░░░  38%  Streaming frame 348/1475
  █████████░░░░░░░░░░░░░░░░  38%  Streaming frame 349/1475
  █████████░░░░░░░░░░░░░░░░  38%  Streaming frame 350/1475
  █████████░░░░░░░░░░░░░░░░  38%  Streaming frame 351/1475
  █████████░░░░░░░░░░░░░░░░  38%  Streaming frame 352/1475
  █████████░░░░░░░░░░░░░░░░  38%  Streaming frame 353/1475
  █████████░░░░░░░░░░░░░░░░  38%  Streaming frame 354/1475
  █████████░░░░░░░░░░░░░░░░  38%  Streaming frame 355/1475
  █████████░░░░░░░░░░░░░░░░  38%  Streaming frame 356/1475
  █████████░░░░░░░░░░░░░░░░  38%  Streaming frame 357/1475
  █████████░░░░░░░░░░░░░░░░  38%  Streaming frame 358/1475
  █████████░░░░░░░░░░░░░░░░  38%  Streaming frame 359/1475
  █████████░░░░░░░░░░░░░░░░  38%  Streaming frame 360/1475
  █████████░░░░░░░░░░░░░░░░  38%  Streaming frame 361/1475
  █████████░░░░░░░░░░░░░░░░  38%  Streaming frame 362/1475
  █████████░░░░░░░░░░░░░░░░  39%  Streaming frame 363/1475
  █████████░░░░░░░░░░░░░░░░  39%  Streaming frame 364/1475
  █████████░░░░░░░░░░░░░░░░  39%  Streaming frame 365/1475
  █████████░░░░░░░░░░░░░░░░  39%  Streaming frame 366/1475
  █████████░░░░░░░░░░░░░░░░  39%  Streaming frame 367/1475
  █████████░░░░░░░░░░░░░░░░  39%  Streaming frame 368/1475
  █████████░░░░░░░░░░░░░░░░  39%  Streaming frame 369/1475
[INFO] [Render] drawElement self-verify passed {"renderJobId":"e79598c2-fdc1-4355-8c10-347b3345d1a8","frame":369,"psnrDb":76}
  █████████░░░░░░░░░░░░░░░░  39%  Streaming frame 370/1475
  █████████░░░░░░░░░░░░░░░░  39%  Streaming frame 371/1475
  █████████░░░░░░░░░░░░░░░░  39%  Streaming frame 372/1475
  █████████░░░░░░░░░░░░░░░░  39%  Streaming frame 373/1475
  █████████░░░░░░░░░░░░░░░░  39%  Streaming frame 374/1475
  █████████░░░░░░░░░░░░░░░░  39%  Streaming frame 375/1475
  █████████░░░░░░░░░░░░░░░░  39%  Streaming frame 376/1475
  █████████░░░░░░░░░░░░░░░░  39%  Streaming frame 377/1475
  █████████░░░░░░░░░░░░░░░░  39%  Streaming frame 378/1475
  █████████░░░░░░░░░░░░░░░░  39%  Streaming frame 379/1475
  █████████░░░░░░░░░░░░░░░░  39%  Streaming frame 380/1475
  █████████░░░░░░░░░░░░░░░░  39%  Streaming frame 381/1475
  █████████░░░░░░░░░░░░░░░░  39%  Streaming frame 382/1475
  █████████░░░░░░░░░░░░░░░░  39%  Streaming frame 383/1475
  █████████░░░░░░░░░░░░░░░░  39%  Streaming frame 384/1475
  █████████░░░░░░░░░░░░░░░░  39%  Streaming frame 385/1475
  █████████░░░░░░░░░░░░░░░░  39%  Streaming frame 386/1475
  █████████░░░░░░░░░░░░░░░░  39%  Streaming frame 387/1475
  █████████░░░░░░░░░░░░░░░░  39%  Streaming frame 388/1475
  ██████████░░░░░░░░░░░░░░░  40%  Streaming frame 389/1475
  ██████████░░░░░░░░░░░░░░░  40%  Streaming frame 390/1475
  ██████████░░░░░░░░░░░░░░░  40%  Streaming frame 391/1475
  ██████████░░░░░░░░░░░░░░░  40%  Streaming frame 392/1475
  ██████████░░░░░░░░░░░░░░░  40%  Streaming frame 393/1475
  ██████████░░░░░░░░░░░░░░░  40%  Streaming frame 394/1475
  ██████████░░░░░░░░░░░░░░░  40%  Streaming frame 395/1475
  ██████████░░░░░░░░░░░░░░░  40%  Streaming frame 396/1475
  ██████████░░░░░░░░░░░░░░░  40%  Streaming frame 397/1475
  ██████████░░░░░░░░░░░░░░░  40%  Streaming frame 398/1475
  ██████████░░░░░░░░░░░░░░░  40%  Streaming frame 399/1475
  ██████████░░░░░░░░░░░░░░░  40%  Streaming frame 400/1475
  ██████████░░░░░░░░░░░░░░░  40%  Streaming frame 401/1475
  ██████████░░░░░░░░░░░░░░░  40%  Streaming frame 402/1475
  ██████████░░░░░░░░░░░░░░░  40%  Streaming frame 403/1475
  ██████████░░░░░░░░░░░░░░░  40%  Streaming frame 404/1475
  ██████████░░░░░░░░░░░░░░░  40%  Streaming frame 405/1475
  ██████████░░░░░░░░░░░░░░░  40%  Streaming frame 406/1475
  ██████████░░░░░░░░░░░░░░░  40%  Streaming frame 407/1475
  ██████████░░░░░░░░░░░░░░░  40%  Streaming frame 408/1475
  ██████████░░░░░░░░░░░░░░░  40%  Streaming frame 409/1475
  ██████████░░░░░░░░░░░░░░░  40%  Streaming frame 410/1475
  ██████████░░░░░░░░░░░░░░░  40%  Streaming frame 411/1475
  ██████████░░░░░░░░░░░░░░░  40%  Streaming frame 412/1475
  ██████████░░░░░░░░░░░░░░░  40%  Streaming frame 413/1475
  ██████████░░░░░░░░░░░░░░░  40%  Streaming frame 414/1475
  ██████████░░░░░░░░░░░░░░░  40%  Streaming frame 415/1475
  ██████████░░░░░░░░░░░░░░░  41%  Streaming frame 416/1475
  ██████████░░░░░░░░░░░░░░░  41%  Streaming frame 417/1475
  ██████████░░░░░░░░░░░░░░░  41%  Streaming frame 418/1475
  ██████████░░░░░░░░░░░░░░░  41%  Streaming frame 419/1475
  ██████████░░░░░░░░░░░░░░░  41%  Streaming frame 420/1475
  ██████████░░░░░░░░░░░░░░░  41%  Streaming frame 421/1475
  ██████████░░░░░░░░░░░░░░░  41%  Streaming frame 422/1475
  ██████████░░░░░░░░░░░░░░░  41%  Streaming frame 423/1475
  ██████████░░░░░░░░░░░░░░░  41%  Streaming frame 424/1475
  ██████████░░░░░░░░░░░░░░░  41%  Streaming frame 425/1475
  ██████████░░░░░░░░░░░░░░░  41%  Streaming frame 426/1475
  ██████████░░░░░░░░░░░░░░░  41%  Streaming frame 427/1475
  ██████████░░░░░░░░░░░░░░░  41%  Streaming frame 428/1475
  ██████████░░░░░░░░░░░░░░░  41%  Streaming frame 429/1475
  ██████████░░░░░░░░░░░░░░░  41%  Streaming frame 430/1475
  ██████████░░░░░░░░░░░░░░░  41%  Streaming frame 431/1475
  ██████████░░░░░░░░░░░░░░░  41%  Streaming frame 432/1475
  ██████████░░░░░░░░░░░░░░░  41%  Streaming frame 433/1475
  ██████████░░░░░░░░░░░░░░░  41%  Streaming frame 434/1475
  ██████████░░░░░░░░░░░░░░░  41%  Streaming frame 435/1475
  ██████████░░░░░░░░░░░░░░░  41%  Streaming frame 436/1475
  ██████████░░░░░░░░░░░░░░░  41%  Streaming frame 437/1475
  ██████████░░░░░░░░░░░░░░░  41%  Streaming frame 438/1475
  ██████████░░░░░░░░░░░░░░░  41%  Streaming frame 439/1475
  ██████████░░░░░░░░░░░░░░░  41%  Streaming frame 440/1475
  ██████████░░░░░░░░░░░░░░░  41%  Streaming frame 441/1475
  ██████████░░░░░░░░░░░░░░░  41%  Streaming frame 442/1475
  ██████████░░░░░░░░░░░░░░░  42%  Streaming frame 443/1475
  ██████████░░░░░░░░░░░░░░░  42%  Streaming frame 444/1475
  ██████████░░░░░░░░░░░░░░░  42%  Streaming frame 445/1475
  ██████████░░░░░░░░░░░░░░░  42%  Streaming frame 446/1475
  ██████████░░░░░░░░░░░░░░░  42%  Streaming frame 447/1475
  ██████████░░░░░░░░░░░░░░░  42%  Streaming frame 448/1475
  ██████████░░░░░░░░░░░░░░░  42%  Streaming frame 449/1475
  ██████████░░░░░░░░░░░░░░░  42%  Streaming frame 450/1475
  ██████████░░░░░░░░░░░░░░░  42%  Streaming frame 451/1475
  ██████████░░░░░░░░░░░░░░░  42%  Streaming frame 452/1475
  ██████████░░░░░░░░░░░░░░░  42%  Streaming frame 453/1475
  ██████████░░░░░░░░░░░░░░░  42%  Streaming frame 454/1475
  ██████████░░░░░░░░░░░░░░░  42%  Streaming frame 455/1475
  ██████████░░░░░░░░░░░░░░░  42%  Streaming frame 456/1475
  ██████████░░░░░░░░░░░░░░░  42%  Streaming frame 457/1475
  ██████████░░░░░░░░░░░░░░░  42%  Streaming frame 458/1475
  ██████████░░░░░░░░░░░░░░░  42%  Streaming frame 459/1475
  ██████████░░░░░░░░░░░░░░░  42%  Streaming frame 460/1475
  ██████████░░░░░░░░░░░░░░░  42%  Streaming frame 461/1475
  ██████████░░░░░░░░░░░░░░░  42%  Streaming frame 462/1475
  ██████████░░░░░░░░░░░░░░░  42%  Streaming frame 463/1475
  ██████████░░░░░░░░░░░░░░░  42%  Streaming frame 464/1475
  ██████████░░░░░░░░░░░░░░░  42%  Streaming frame 465/1475
  ██████████░░░░░░░░░░░░░░░  42%  Streaming frame 466/1475
  ██████████░░░░░░░░░░░░░░░  42%  Streaming frame 467/1475
  ██████████░░░░░░░░░░░░░░░  42%  Streaming frame 468/1475
  ██████████░░░░░░░░░░░░░░░  42%  Streaming frame 469/1475
  ██████████░░░░░░░░░░░░░░░  43%  Streaming frame 470/1475
  ██████████░░░░░░░░░░░░░░░  43%  Streaming frame 471/1475
  ██████████░░░░░░░░░░░░░░░  43%  Streaming frame 472/1475
  ██████████░░░░░░░░░░░░░░░  43%  Streaming frame 473/1475
  ██████████░░░░░░░░░░░░░░░  43%  Streaming frame 474/1475
  ██████████░░░░░░░░░░░░░░░  43%  Streaming frame 475/1475
  ██████████░░░░░░░░░░░░░░░  43%  Streaming frame 476/1475
  ██████████░░░░░░░░░░░░░░░  43%  Streaming frame 477/1475
  ██████████░░░░░░░░░░░░░░░  43%  Streaming frame 478/1475
  ██████████░░░░░░░░░░░░░░░  43%  Streaming frame 479/1475
  ██████████░░░░░░░░░░░░░░░  43%  Streaming frame 480/1475
  ██████████░░░░░░░░░░░░░░░  43%  Streaming frame 481/1475
  ██████████░░░░░░░░░░░░░░░  43%  Streaming frame 482/1475
  ██████████░░░░░░░░░░░░░░░  43%  Streaming frame 483/1475
  ██████████░░░░░░░░░░░░░░░  43%  Streaming frame 484/1475
  ██████████░░░░░░░░░░░░░░░  43%  Streaming frame 485/1475
  ██████████░░░░░░░░░░░░░░░  43%  Streaming frame 486/1475
  ██████████░░░░░░░░░░░░░░░  43%  Streaming frame 487/1475
  ██████████░░░░░░░░░░░░░░░  43%  Streaming frame 488/1475
  ██████████░░░░░░░░░░░░░░░  43%  Streaming frame 489/1475
  ██████████░░░░░░░░░░░░░░░  43%  Streaming frame 490/1475
  ██████████░░░░░░░░░░░░░░░  43%  Streaming frame 491/1475
  ██████████░░░░░░░░░░░░░░░  43%  Streaming frame 492/1475
  ██████████░░░░░░░░░░░░░░░  43%  Streaming frame 493/1475
  ██████████░░░░░░░░░░░░░░░  43%  Streaming frame 494/1475
  ██████████░░░░░░░░░░░░░░░  43%  Streaming frame 495/1475
  ██████████░░░░░░░░░░░░░░░  43%  Streaming frame 496/1475
  ███████████░░░░░░░░░░░░░░  44%  Streaming frame 497/1475
  ███████████░░░░░░░░░░░░░░  44%  Streaming frame 498/1475
  ███████████░░░░░░░░░░░░░░  44%  Streaming frame 499/1475
  ███████████░░░░░░░░░░░░░░  44%  Streaming frame 500/1475
  ███████████░░░░░░░░░░░░░░  44%  Streaming frame 501/1475
  ███████████░░░░░░░░░░░░░░  44%  Streaming frame 502/1475
  ███████████░░░░░░░░░░░░░░  44%  Streaming frame 503/1475
  ███████████░░░░░░░░░░░░░░  44%  Streaming frame 504/1475
  ███████████░░░░░░░░░░░░░░  44%  Streaming frame 505/1475
  ███████████░░░░░░░░░░░░░░  44%  Streaming frame 506/1475
  ███████████░░░░░░░░░░░░░░  44%  Streaming frame 507/1475
  ███████████░░░░░░░░░░░░░░  44%  Streaming frame 508/1475
  ███████████░░░░░░░░░░░░░░  44%  Streaming frame 509/1475
  ███████████░░░░░░░░░░░░░░  44%  Streaming frame 510/1475
  ███████████░░░░░░░░░░░░░░  44%  Streaming frame 511/1475
  ███████████░░░░░░░░░░░░░░  44%  Streaming frame 512/1475
  ███████████░░░░░░░░░░░░░░  44%  Streaming frame 513/1475
  ███████████░░░░░░░░░░░░░░  44%  Streaming frame 514/1475
  ███████████░░░░░░░░░░░░░░  44%  Streaming frame 515/1475
  ███████████░░░░░░░░░░░░░░  44%  Streaming frame 516/1475
  ███████████░░░░░░░░░░░░░░  44%  Streaming frame 517/1475
  ███████████░░░░░░░░░░░░░░  44%  Streaming frame 518/1475
  ███████████░░░░░░░░░░░░░░  44%  Streaming frame 519/1475
  ███████████░░░░░░░░░░░░░░  44%  Streaming frame 520/1475
  ███████████░░░░░░░░░░░░░░  44%  Streaming frame 521/1475
  ███████████░░░░░░░░░░░░░░  44%  Streaming frame 522/1475
  ███████████░░░░░░░░░░░░░░  45%  Streaming frame 523/1475
  ███████████░░░░░░░░░░░░░░  45%  Streaming frame 524/1475
  ███████████░░░░░░░░░░░░░░  45%  Streaming frame 525/1475
  ███████████░░░░░░░░░░░░░░  45%  Streaming frame 526/1475
  ███████████░░░░░░░░░░░░░░  45%  Streaming frame 527/1475
  ███████████░░░░░░░░░░░░░░  45%  Streaming frame 528/1475
  ███████████░░░░░░░░░░░░░░  45%  Streaming frame 529/1475
  ███████████░░░░░░░░░░░░░░  45%  Streaming frame 530/1475
  ███████████░░░░░░░░░░░░░░  45%  Streaming frame 531/1475
  ███████████░░░░░░░░░░░░░░  45%  Streaming frame 532/1475
  ███████████░░░░░░░░░░░░░░  45%  Streaming frame 533/1475
  ███████████░░░░░░░░░░░░░░  45%  Streaming frame 534/1475
  ███████████░░░░░░░░░░░░░░  45%  Streaming frame 535/1475
  ███████████░░░░░░░░░░░░░░  45%  Streaming frame 536/1475
  ███████████░░░░░░░░░░░░░░  45%  Streaming frame 537/1475
  ███████████░░░░░░░░░░░░░░  45%  Streaming frame 538/1475
  ███████████░░░░░░░░░░░░░░  45%  Streaming frame 539/1475
  ███████████░░░░░░░░░░░░░░  45%  Streaming frame 540/1475
  ███████████░░░░░░░░░░░░░░  45%  Streaming frame 541/1475
  ███████████░░░░░░░░░░░░░░  45%  Streaming frame 542/1475
  ███████████░░░░░░░░░░░░░░  45%  Streaming frame 543/1475
  ███████████░░░░░░░░░░░░░░  45%  Streaming frame 544/1475
  ███████████░░░░░░░░░░░░░░  45%  Streaming frame 545/1475
  ███████████░░░░░░░░░░░░░░  45%  Streaming frame 546/1475
  ███████████░░░░░░░░░░░░░░  45%  Streaming frame 547/1475
  ███████████░░░░░░░░░░░░░░  45%  Streaming frame 548/1475
  ███████████░░░░░░░░░░░░░░  45%  Streaming frame 549/1475
  ███████████░░░░░░░░░░░░░░  46%  Streaming frame 550/1475
  ███████████░░░░░░░░░░░░░░  46%  Streaming frame 551/1475
  ███████████░░░░░░░░░░░░░░  46%  Streaming frame 552/1475
  ███████████░░░░░░░░░░░░░░  46%  Streaming frame 553/1475
  ███████████░░░░░░░░░░░░░░  46%  Streaming frame 554/1475
  ███████████░░░░░░░░░░░░░░  46%  Streaming frame 555/1475
  ███████████░░░░░░░░░░░░░░  46%  Streaming frame 556/1475
  ███████████░░░░░░░░░░░░░░  46%  Streaming frame 557/1475
  ███████████░░░░░░░░░░░░░░  46%  Streaming frame 558/1475
  ███████████░░░░░░░░░░░░░░  46%  Streaming frame 559/1475
  ███████████░░░░░░░░░░░░░░  46%  Streaming frame 560/1475
  ███████████░░░░░░░░░░░░░░  46%  Streaming frame 561/1475
  ███████████░░░░░░░░░░░░░░  46%  Streaming frame 562/1475
  ███████████░░░░░░░░░░░░░░  46%  Streaming frame 563/1475
  ███████████░░░░░░░░░░░░░░  46%  Streaming frame 564/1475
  ███████████░░░░░░░░░░░░░░  46%  Streaming frame 565/1475
  ███████████░░░░░░░░░░░░░░  46%  Streaming frame 566/1475
  ███████████░░░░░░░░░░░░░░  46%  Streaming frame 567/1475
  ███████████░░░░░░░░░░░░░░  46%  Streaming frame 568/1475
  ███████████░░░░░░░░░░░░░░  46%  Streaming frame 569/1475
  ███████████░░░░░░░░░░░░░░  46%  Streaming frame 570/1475
  ███████████░░░░░░░░░░░░░░  46%  Streaming frame 571/1475
  ███████████░░░░░░░░░░░░░░  46%  Streaming frame 572/1475
  ███████████░░░░░░░░░░░░░░  46%  Streaming frame 573/1475
  ███████████░░░░░░░░░░░░░░  46%  Streaming frame 574/1475
  ███████████░░░░░░░░░░░░░░  46%  Streaming frame 575/1475
  ███████████░░░░░░░░░░░░░░  46%  Streaming frame 576/1475
  ███████████░░░░░░░░░░░░░░  47%  Streaming frame 577/1475
  ███████████░░░░░░░░░░░░░░  47%  Streaming frame 578/1475
  ███████████░░░░░░░░░░░░░░  47%  Streaming frame 579/1475
  ███████████░░░░░░░░░░░░░░  47%  Streaming frame 580/1475
  ███████████░░░░░░░░░░░░░░  47%  Streaming frame 581/1475
  ███████████░░░░░░░░░░░░░░  47%  Streaming frame 582/1475
  ███████████░░░░░░░░░░░░░░  47%  Streaming frame 583/1475
  ███████████░░░░░░░░░░░░░░  47%  Streaming frame 584/1475
  ███████████░░░░░░░░░░░░░░  47%  Streaming frame 585/1475
  ███████████░░░░░░░░░░░░░░  47%  Streaming frame 586/1475
  ███████████░░░░░░░░░░░░░░  47%  Streaming frame 587/1475
  ███████████░░░░░░░░░░░░░░  47%  Streaming frame 588/1475
  ███████████░░░░░░░░░░░░░░  47%  Streaming frame 589/1475
  ███████████░░░░░░░░░░░░░░  47%  Streaming frame 590/1475
  ███████████░░░░░░░░░░░░░░  47%  Streaming frame 591/1475
  ███████████░░░░░░░░░░░░░░  47%  Streaming frame 592/1475
  ███████████░░░░░░░░░░░░░░  47%  Streaming frame 593/1475
  ███████████░░░░░░░░░░░░░░  47%  Streaming frame 594/1475
  ███████████░░░░░░░░░░░░░░  47%  Streaming frame 595/1475
  ███████████░░░░░░░░░░░░░░  47%  Streaming frame 596/1475
  ███████████░░░░░░░░░░░░░░  47%  Streaming frame 597/1475
  ███████████░░░░░░░░░░░░░░  47%  Streaming frame 598/1475
  ███████████░░░░░░░░░░░░░░  47%  Streaming frame 599/1475
  ███████████░░░░░░░░░░░░░░  47%  Streaming frame 600/1475
  ███████████░░░░░░░░░░░░░░  47%  Streaming frame 601/1475
  ███████████░░░░░░░░░░░░░░  47%  Streaming frame 602/1475
  ███████████░░░░░░░░░░░░░░  47%  Streaming frame 603/1475
  ████████████░░░░░░░░░░░░░  48%  Streaming frame 604/1475
  ████████████░░░░░░░░░░░░░  48%  Streaming frame 605/1475
  ████████████░░░░░░░░░░░░░  48%  Streaming frame 606/1475
  ████████████░░░░░░░░░░░░░  48%  Streaming frame 607/1475
  ████████████░░░░░░░░░░░░░  48%  Streaming frame 608/1475
  ████████████░░░░░░░░░░░░░  48%  Streaming frame 609/1475
  ████████████░░░░░░░░░░░░░  48%  Streaming frame 610/1475
  ████████████░░░░░░░░░░░░░  48%  Streaming frame 611/1475
  ████████████░░░░░░░░░░░░░  48%  Streaming frame 612/1475
  ████████████░░░░░░░░░░░░░  48%  Streaming frame 613/1475
  ████████████░░░░░░░░░░░░░  48%  Streaming frame 614/1475
  ████████████░░░░░░░░░░░░░  48%  Streaming frame 615/1475
  ████████████░░░░░░░░░░░░░  48%  Streaming frame 616/1475
  ████████████░░░░░░░░░░░░░  48%  Streaming frame 617/1475
  ████████████░░░░░░░░░░░░░  48%  Streaming frame 618/1475
  ████████████░░░░░░░░░░░░░  48%  Streaming frame 619/1475
  ████████████░░░░░░░░░░░░░  48%  Streaming frame 620/1475
  ████████████░░░░░░░░░░░░░  48%  Streaming frame 621/1475
  ████████████░░░░░░░░░░░░░  48%  Streaming frame 622/1475
  ████████████░░░░░░░░░░░░░  48%  Streaming frame 623/1475
  ████████████░░░░░░░░░░░░░  48%  Streaming frame 624/1475
  ████████████░░░░░░░░░░░░░  48%  Streaming frame 625/1475
  ████████████░░░░░░░░░░░░░  48%  Streaming frame 626/1475
  ████████████░░░░░░░░░░░░░  48%  Streaming frame 627/1475
  ████████████░░░░░░░░░░░░░  48%  Streaming frame 628/1475
  ████████████░░░░░░░░░░░░░  48%  Streaming frame 629/1475
  ████████████░░░░░░░░░░░░░  48%  Streaming frame 630/1475
  ████████████░░░░░░░░░░░░░  49%  Streaming frame 631/1475
  ████████████░░░░░░░░░░░░░  49%  Streaming frame 632/1475
  ████████████░░░░░░░░░░░░░  49%  Streaming frame 633/1475
  ████████████░░░░░░░░░░░░░  49%  Streaming frame 634/1475
  ████████████░░░░░░░░░░░░░  49%  Streaming frame 635/1475
  ████████████░░░░░░░░░░░░░  49%  Streaming frame 636/1475
  ████████████░░░░░░░░░░░░░  49%  Streaming frame 637/1475
  ████████████░░░░░░░░░░░░░  49%  Streaming frame 638/1475
  ████████████░░░░░░░░░░░░░  49%  Streaming frame 639/1475
  ████████████░░░░░░░░░░░░░  49%  Streaming frame 640/1475
  ████████████░░░░░░░░░░░░░  49%  Streaming frame 641/1475
  ████████████░░░░░░░░░░░░░  49%  Streaming frame 642/1475
  ████████████░░░░░░░░░░░░░  49%  Streaming frame 643/1475
  ████████████░░░░░░░░░░░░░  49%  Streaming frame 644/1475
  ████████████░░░░░░░░░░░░░  49%  Streaming frame 645/1475
  ████████████░░░░░░░░░░░░░  49%  Streaming frame 646/1475
  ████████████░░░░░░░░░░░░░  49%  Streaming frame 647/1475
  ████████████░░░░░░░░░░░░░  49%  Streaming frame 648/1475
  ████████████░░░░░░░░░░░░░  49%  Streaming frame 649/1475
  ████████████░░░░░░░░░░░░░  49%  Streaming frame 650/1475
  ████████████░░░░░░░░░░░░░  49%  Streaming frame 651/1475
  ████████████░░░░░░░░░░░░░  49%  Streaming frame 652/1475
  ████████████░░░░░░░░░░░░░  49%  Streaming frame 653/1475
  ████████████░░░░░░░░░░░░░  49%  Streaming frame 654/1475
  ████████████░░░░░░░░░░░░░  49%  Streaming frame 655/1475
  ████████████░░░░░░░░░░░░░  49%  Streaming frame 656/1475
  ████████████░░░░░░░░░░░░░  49%  Streaming frame 657/1475
  ████████████░░░░░░░░░░░░░  50%  Streaming frame 658/1475
  ████████████░░░░░░░░░░░░░  50%  Streaming frame 659/1475
  ████████████░░░░░░░░░░░░░  50%  Streaming frame 660/1475
  ████████████░░░░░░░░░░░░░  50%  Streaming frame 661/1475
  ████████████░░░░░░░░░░░░░  50%  Streaming frame 662/1475
  ████████████░░░░░░░░░░░░░  50%  Streaming frame 663/1475
  ████████████░░░░░░░░░░░░░  50%  Streaming frame 664/1475
  ████████████░░░░░░░░░░░░░  50%  Streaming frame 665/1475
  ████████████░░░░░░░░░░░░░  50%  Streaming frame 666/1475
  ████████████░░░░░░░░░░░░░  50%  Streaming frame 667/1475
  ████████████░░░░░░░░░░░░░  50%  Streaming frame 668/1475
  ████████████░░░░░░░░░░░░░  50%  Streaming frame 669/1475
  ████████████░░░░░░░░░░░░░  50%  Streaming frame 670/1475
  ████████████░░░░░░░░░░░░░  50%  Streaming frame 671/1475
  ████████████░░░░░░░░░░░░░  50%  Streaming frame 672/1475
  ████████████░░░░░░░░░░░░░  50%  Streaming frame 673/1475
  ████████████░░░░░░░░░░░░░  50%  Streaming frame 674/1475
  ████████████░░░░░░░░░░░░░  50%  Streaming frame 675/1475
  ████████████░░░░░░░░░░░░░  50%  Streaming frame 676/1475
  ████████████░░░░░░░░░░░░░  50%  Streaming frame 677/1475
  ████████████░░░░░░░░░░░░░  50%  Streaming frame 678/1475
  ████████████░░░░░░░░░░░░░  50%  Streaming frame 679/1475
  ████████████░░░░░░░░░░░░░  50%  Streaming frame 680/1475
  ████████████░░░░░░░░░░░░░  50%  Streaming frame 681/1475
  ████████████░░░░░░░░░░░░░  50%  Streaming frame 682/1475
  ████████████░░░░░░░░░░░░░  50%  Streaming frame 683/1475
  ████████████░░░░░░░░░░░░░  51%  Streaming frame 684/1475
  ████████████░░░░░░░░░░░░░  51%  Streaming frame 685/1475
  ████████████░░░░░░░░░░░░░  51%  Streaming frame 686/1475
  ████████████░░░░░░░░░░░░░  51%  Streaming frame 687/1475
  ████████████░░░░░░░░░░░░░  51%  Streaming frame 688/1475
  ████████████░░░░░░░░░░░░░  51%  Streaming frame 689/1475
  ████████████░░░░░░░░░░░░░  51%  Streaming frame 690/1475
  ████████████░░░░░░░░░░░░░  51%  Streaming frame 691/1475
  ████████████░░░░░░░░░░░░░  51%  Streaming frame 692/1475
  ████████████░░░░░░░░░░░░░  51%  Streaming frame 693/1475
  ████████████░░░░░░░░░░░░░  51%  Streaming frame 694/1475
  ████████████░░░░░░░░░░░░░  51%  Streaming frame 695/1475
  ████████████░░░░░░░░░░░░░  51%  Streaming frame 696/1475
  ████████████░░░░░░░░░░░░░  51%  Streaming frame 697/1475
  ████████████░░░░░░░░░░░░░  51%  Streaming frame 698/1475
  ████████████░░░░░░░░░░░░░  51%  Streaming frame 699/1475
  ████████████░░░░░░░░░░░░░  51%  Streaming frame 700/1475
  ████████████░░░░░░░░░░░░░  51%  Streaming frame 701/1475
  ████████████░░░░░░░░░░░░░  51%  Streaming frame 702/1475
  ████████████░░░░░░░░░░░░░  51%  Streaming frame 703/1475
  ████████████░░░░░░░░░░░░░  51%  Streaming frame 704/1475
  ████████████░░░░░░░░░░░░░  51%  Streaming frame 705/1475
  ████████████░░░░░░░░░░░░░  51%  Streaming frame 706/1475
  ████████████░░░░░░░░░░░░░  51%  Streaming frame 707/1475
  ████████████░░░░░░░░░░░░░  51%  Streaming frame 708/1475
  ████████████░░░░░░░░░░░░░  51%  Streaming frame 709/1475
  ████████████░░░░░░░░░░░░░  51%  Streaming frame 710/1475
  █████████████░░░░░░░░░░░░  52%  Streaming frame 711/1475
  █████████████░░░░░░░░░░░░  52%  Streaming frame 712/1475
  █████████████░░░░░░░░░░░░  52%  Streaming frame 713/1475
  █████████████░░░░░░░░░░░░  52%  Streaming frame 714/1475
  █████████████░░░░░░░░░░░░  52%  Streaming frame 715/1475
  █████████████░░░░░░░░░░░░  52%  Streaming frame 716/1475
  █████████████░░░░░░░░░░░░  52%  Streaming frame 717/1475
  █████████████░░░░░░░░░░░░  52%  Streaming frame 718/1475
  █████████████░░░░░░░░░░░░  52%  Streaming frame 719/1475
  █████████████░░░░░░░░░░░░  52%  Streaming frame 720/1475
  █████████████░░░░░░░░░░░░  52%  Streaming frame 721/1475
  █████████████░░░░░░░░░░░░  52%  Streaming frame 722/1475
  █████████████░░░░░░░░░░░░  52%  Streaming frame 723/1475
  █████████████░░░░░░░░░░░░  52%  Streaming frame 724/1475
  █████████████░░░░░░░░░░░░  52%  Streaming frame 725/1475
  █████████████░░░░░░░░░░░░  52%  Streaming frame 726/1475
  █████████████░░░░░░░░░░░░  52%  Streaming frame 727/1475
  █████████████░░░░░░░░░░░░  52%  Streaming frame 728/1475
  █████████████░░░░░░░░░░░░  52%  Streaming frame 729/1475
  █████████████░░░░░░░░░░░░  52%  Streaming frame 730/1475
  █████████████░░░░░░░░░░░░  52%  Streaming frame 731/1475
  █████████████░░░░░░░░░░░░  52%  Streaming frame 732/1475
  █████████████░░░░░░░░░░░░  52%  Streaming frame 733/1475
  █████████████░░░░░░░░░░░░  52%  Streaming frame 734/1475
  █████████████░░░░░░░░░░░░  52%  Streaming frame 735/1475
  █████████████░░░░░░░░░░░░  52%  Streaming frame 736/1475
  █████████████░░░░░░░░░░░░  52%  Streaming frame 737/1475
[INFO] [Render] drawElement self-verify passed {"renderJobId":"e79598c2-fdc1-4355-8c10-347b3345d1a8","frame":737,"psnrDb":76}
  █████████████░░░░░░░░░░░░  53%  Streaming frame 738/1475
  █████████████░░░░░░░░░░░░  53%  Streaming frame 739/1475
  █████████████░░░░░░░░░░░░  53%  Streaming frame 740/1475
  █████████████░░░░░░░░░░░░  53%  Streaming frame 741/1475
  █████████████░░░░░░░░░░░░  53%  Streaming frame 742/1475
  █████████████░░░░░░░░░░░░  53%  Streaming frame 743/1475
  █████████████░░░░░░░░░░░░  53%  Streaming frame 744/1475
  █████████████░░░░░░░░░░░░  53%  Streaming frame 745/1475
  █████████████░░░░░░░░░░░░  53%  Streaming frame 746/1475
  █████████████░░░░░░░░░░░░  53%  Streaming frame 747/1475
  █████████████░░░░░░░░░░░░  53%  Streaming frame 748/1475
  █████████████░░░░░░░░░░░░  53%  Streaming frame 749/1475
  █████████████░░░░░░░░░░░░  53%  Streaming frame 750/1475
  █████████████░░░░░░░░░░░░  53%  Streaming frame 751/1475
  █████████████░░░░░░░░░░░░  53%  Streaming frame 752/1475
  █████████████░░░░░░░░░░░░  53%  Streaming frame 753/1475
  █████████████░░░░░░░░░░░░  53%  Streaming frame 754/1475
  █████████████░░░░░░░░░░░░  53%  Streaming frame 755/1475
  █████████████░░░░░░░░░░░░  53%  Streaming frame 756/1475
  █████████████░░░░░░░░░░░░  53%  Streaming frame 757/1475
  █████████████░░░░░░░░░░░░  53%  Streaming frame 758/1475
  █████████████░░░░░░░░░░░░  53%  Streaming frame 759/1475
  █████████████░░░░░░░░░░░░  53%  Streaming frame 760/1475
  █████████████░░░░░░░░░░░░  53%  Streaming frame 761/1475
  █████████████░░░░░░░░░░░░  53%  Streaming frame 762/1475
  █████████████░░░░░░░░░░░░  53%  Streaming frame 763/1475
  █████████████░░░░░░░░░░░░  53%  Streaming frame 764/1475
  █████████████░░░░░░░░░░░░  54%  Streaming frame 765/1475
  █████████████░░░░░░░░░░░░  54%  Streaming frame 766/1475
  █████████████░░░░░░░░░░░░  54%  Streaming frame 767/1475
  █████████████░░░░░░░░░░░░  54%  Streaming frame 768/1475
  █████████████░░░░░░░░░░░░  54%  Streaming frame 769/1475
  █████████████░░░░░░░░░░░░  54%  Streaming frame 770/1475
  █████████████░░░░░░░░░░░░  54%  Streaming frame 771/1475
  █████████████░░░░░░░░░░░░  54%  Streaming frame 772/1475
  █████████████░░░░░░░░░░░░  54%  Streaming frame 773/1475
  █████████████░░░░░░░░░░░░  54%  Streaming frame 774/1475
  █████████████░░░░░░░░░░░░  54%  Streaming frame 775/1475
  █████████████░░░░░░░░░░░░  54%  Streaming frame 776/1475
  █████████████░░░░░░░░░░░░  54%  Streaming frame 777/1475
  █████████████░░░░░░░░░░░░  54%  Streaming frame 778/1475
  █████████████░░░░░░░░░░░░  54%  Streaming frame 779/1475
  █████████████░░░░░░░░░░░░  54%  Streaming frame 780/1475
  █████████████░░░░░░░░░░░░  54%  Streaming frame 781/1475
  █████████████░░░░░░░░░░░░  54%  Streaming frame 782/1475
  █████████████░░░░░░░░░░░░  54%  Streaming frame 783/1475
  █████████████░░░░░░░░░░░░  54%  Streaming frame 784/1475
  █████████████░░░░░░░░░░░░  54%  Streaming frame 785/1475
  █████████████░░░░░░░░░░░░  54%  Streaming frame 786/1475
  █████████████░░░░░░░░░░░░  54%  Streaming frame 787/1475
  █████████████░░░░░░░░░░░░  54%  Streaming frame 788/1475
  █████████████░░░░░░░░░░░░  54%  Streaming frame 789/1475
  █████████████░░░░░░░░░░░░  54%  Streaming frame 790/1475
  █████████████░░░░░░░░░░░░  54%  Streaming frame 791/1475
  █████████████░░░░░░░░░░░░  55%  Streaming frame 792/1475
  █████████████░░░░░░░░░░░░  55%  Streaming frame 793/1475
  █████████████░░░░░░░░░░░░  55%  Streaming frame 794/1475
  █████████████░░░░░░░░░░░░  55%  Streaming frame 795/1475
  █████████████░░░░░░░░░░░░  55%  Streaming frame 796/1475
  █████████████░░░░░░░░░░░░  55%  Streaming frame 797/1475
  █████████████░░░░░░░░░░░░  55%  Streaming frame 798/1475
  █████████████░░░░░░░░░░░░  55%  Streaming frame 799/1475
  █████████████░░░░░░░░░░░░  55%  Streaming frame 800/1475
  █████████████░░░░░░░░░░░░  55%  Streaming frame 801/1475
  █████████████░░░░░░░░░░░░  55%  Streaming frame 802/1475
  █████████████░░░░░░░░░░░░  55%  Streaming frame 803/1475
  █████████████░░░░░░░░░░░░  55%  Streaming frame 804/1475
  █████████████░░░░░░░░░░░░  55%  Streaming frame 805/1475
  █████████████░░░░░░░░░░░░  55%  Streaming frame 806/1475
  █████████████░░░░░░░░░░░░  55%  Streaming frame 807/1475
  █████████████░░░░░░░░░░░░  55%  Streaming frame 808/1475
  █████████████░░░░░░░░░░░░  55%  Streaming frame 809/1475
  █████████████░░░░░░░░░░░░  55%  Streaming frame 810/1475
  █████████████░░░░░░░░░░░░  55%  Streaming frame 811/1475
  █████████████░░░░░░░░░░░░  55%  Streaming frame 812/1475
  █████████████░░░░░░░░░░░░  55%  Streaming frame 813/1475
  █████████████░░░░░░░░░░░░  55%  Streaming frame 814/1475
  █████████████░░░░░░░░░░░░  55%  Streaming frame 815/1475
  █████████████░░░░░░░░░░░░  55%  Streaming frame 816/1475
  █████████████░░░░░░░░░░░░  55%  Streaming frame 817/1475
  ██████████████░░░░░░░░░░░  56%  Streaming frame 818/1475
  ██████████████░░░░░░░░░░░  56%  Streaming frame 819/1475
  ██████████████░░░░░░░░░░░  56%  Streaming frame 820/1475
  ██████████████░░░░░░░░░░░  56%  Streaming frame 821/1475
  ██████████████░░░░░░░░░░░  56%  Streaming frame 822/1475
  ██████████████░░░░░░░░░░░  56%  Streaming frame 823/1475
  ██████████████░░░░░░░░░░░  56%  Streaming frame 824/1475
  ██████████████░░░░░░░░░░░  56%  Streaming frame 825/1475
  ██████████████░░░░░░░░░░░  56%  Streaming frame 826/1475
  ██████████████░░░░░░░░░░░  56%  Streaming frame 827/1475
  ██████████████░░░░░░░░░░░  56%  Streaming frame 828/1475
  ██████████████░░░░░░░░░░░  56%  Streaming frame 829/1475
  ██████████████░░░░░░░░░░░  56%  Streaming frame 830/1475
  ██████████████░░░░░░░░░░░  56%  Streaming frame 831/1475
  ██████████████░░░░░░░░░░░  56%  Streaming frame 832/1475
  ██████████████░░░░░░░░░░░  56%  Streaming frame 833/1475
  ██████████████░░░░░░░░░░░  56%  Streaming frame 834/1475
  ██████████████░░░░░░░░░░░  56%  Streaming frame 835/1475
  ██████████████░░░░░░░░░░░  56%  Streaming frame 836/1475
  ██████████████░░░░░░░░░░░  56%  Streaming frame 837/1475
  ██████████████░░░░░░░░░░░  56%  Streaming frame 838/1475
  ██████████████░░░░░░░░░░░  56%  Streaming frame 839/1475
  ██████████████░░░░░░░░░░░  56%  Streaming frame 840/1475
  ██████████████░░░░░░░░░░░  56%  Streaming frame 841/1475
  ██████████████░░░░░░░░░░░  56%  Streaming frame 842/1475
  ██████████████░░░░░░░░░░░  56%  Streaming frame 843/1475
  ██████████████░░░░░░░░░░░  56%  Streaming frame 844/1475
  ██████████████░░░░░░░░░░░  57%  Streaming frame 845/1475
  ██████████████░░░░░░░░░░░  57%  Streaming frame 846/1475
  ██████████████░░░░░░░░░░░  57%  Streaming frame 847/1475
  ██████████████░░░░░░░░░░░  57%  Streaming frame 848/1475
  ██████████████░░░░░░░░░░░  57%  Streaming frame 849/1475
  ██████████████░░░░░░░░░░░  57%  Streaming frame 850/1475
  ██████████████░░░░░░░░░░░  57%  Streaming frame 851/1475
  ██████████████░░░░░░░░░░░  57%  Streaming frame 852/1475
  ██████████████░░░░░░░░░░░  57%  Streaming frame 853/1475
  ██████████████░░░░░░░░░░░  57%  Streaming frame 854/1475
  ██████████████░░░░░░░░░░░  57%  Streaming frame 855/1475
  ██████████████░░░░░░░░░░░  57%  Streaming frame 856/1475
  ██████████████░░░░░░░░░░░  57%  Streaming frame 857/1475
  ██████████████░░░░░░░░░░░  57%  Streaming frame 858/1475
  ██████████████░░░░░░░░░░░  57%  Streaming frame 859/1475
  ██████████████░░░░░░░░░░░  57%  Streaming frame 860/1475
  ██████████████░░░░░░░░░░░  57%  Streaming frame 861/1475
  ██████████████░░░░░░░░░░░  57%  Streaming frame 862/1475
  ██████████████░░░░░░░░░░░  57%  Streaming frame 863/1475
  ██████████████░░░░░░░░░░░  57%  Streaming frame 864/1475
  ██████████████░░░░░░░░░░░  57%  Streaming frame 865/1475
  ██████████████░░░░░░░░░░░  57%  Streaming frame 866/1475
  ██████████████░░░░░░░░░░░  57%  Streaming frame 867/1475
  ██████████████░░░░░░░░░░░  57%  Streaming frame 868/1475
  ██████████████░░░░░░░░░░░  57%  Streaming frame 869/1475
  ██████████████░░░░░░░░░░░  57%  Streaming frame 870/1475
  ██████████████░░░░░░░░░░░  57%  Streaming frame 871/1475
  ██████████████░░░░░░░░░░░  58%  Streaming frame 872/1475
  ██████████████░░░░░░░░░░░  58%  Streaming frame 873/1475
  ██████████████░░░░░░░░░░░  58%  Streaming frame 874/1475
  ██████████████░░░░░░░░░░░  58%  Streaming frame 875/1475
  ██████████████░░░░░░░░░░░  58%  Streaming frame 876/1475
  ██████████████░░░░░░░░░░░  58%  Streaming frame 877/1475
  ██████████████░░░░░░░░░░░  58%  Streaming frame 878/1475
  ██████████████░░░░░░░░░░░  58%  Streaming frame 879/1475
  ██████████████░░░░░░░░░░░  58%  Streaming frame 880/1475
  ██████████████░░░░░░░░░░░  58%  Streaming frame 881/1475
  ██████████████░░░░░░░░░░░  58%  Streaming frame 882/1475
  ██████████████░░░░░░░░░░░  58%  Streaming frame 883/1475
  ██████████████░░░░░░░░░░░  58%  Streaming frame 884/1475
  ██████████████░░░░░░░░░░░  58%  Streaming frame 885/1475
  ██████████████░░░░░░░░░░░  58%  Streaming frame 886/1475
  ██████████████░░░░░░░░░░░  58%  Streaming frame 887/1475
  ██████████████░░░░░░░░░░░  58%  Streaming frame 888/1475
  ██████████████░░░░░░░░░░░  58%  Streaming frame 889/1475
  ██████████████░░░░░░░░░░░  58%  Streaming frame 890/1475
  ██████████████░░░░░░░░░░░  58%  Streaming frame 891/1475
  ██████████████░░░░░░░░░░░  58%  Streaming frame 892/1475
  ██████████████░░░░░░░░░░░  58%  Streaming frame 893/1475
  ██████████████░░░░░░░░░░░  58%  Streaming frame 894/1475
  ██████████████░░░░░░░░░░░  58%  Streaming frame 895/1475
  ██████████████░░░░░░░░░░░  58%  Streaming frame 896/1475
  ██████████████░░░░░░░░░░░  58%  Streaming frame 897/1475
  ██████████████░░░░░░░░░░░  58%  Streaming frame 898/1475
  ██████████████░░░░░░░░░░░  59%  Streaming frame 899/1475
  ██████████████░░░░░░░░░░░  59%  Streaming frame 900/1475
  ██████████████░░░░░░░░░░░  59%  Streaming frame 901/1475
  ██████████████░░░░░░░░░░░  59%  Streaming frame 902/1475
  ██████████████░░░░░░░░░░░  59%  Streaming frame 903/1475
  ██████████████░░░░░░░░░░░  59%  Streaming frame 904/1475
  ██████████████░░░░░░░░░░░  59%  Streaming frame 905/1475
  ██████████████░░░░░░░░░░░  59%  Streaming frame 906/1475
  ██████████████░░░░░░░░░░░  59%  Streaming frame 907/1475
  ██████████████░░░░░░░░░░░  59%  Streaming frame 908/1475
  ██████████████░░░░░░░░░░░  59%  Streaming frame 909/1475
  ██████████████░░░░░░░░░░░  59%  Streaming frame 910/1475
  ██████████████░░░░░░░░░░░  59%  Streaming frame 911/1475
  ██████████████░░░░░░░░░░░  59%  Streaming frame 912/1475
  ██████████████░░░░░░░░░░░  59%  Streaming frame 913/1475
  ██████████████░░░░░░░░░░░  59%  Streaming frame 914/1475
  ██████████████░░░░░░░░░░░  59%  Streaming frame 915/1475
  ██████████████░░░░░░░░░░░  59%  Streaming frame 916/1475
  ██████████████░░░░░░░░░░░  59%  Streaming frame 917/1475
  ██████████████░░░░░░░░░░░  59%  Streaming frame 918/1475
  ██████████████░░░░░░░░░░░  59%  Streaming frame 919/1475
  ██████████████░░░░░░░░░░░  59%  Streaming frame 920/1475
  ██████████████░░░░░░░░░░░  59%  Streaming frame 921/1475
  ██████████████░░░░░░░░░░░  59%  Streaming frame 922/1475
  ██████████████░░░░░░░░░░░  59%  Streaming frame 923/1475
  ██████████████░░░░░░░░░░░  59%  Streaming frame 924/1475
  ██████████████░░░░░░░░░░░  59%  Streaming frame 925/1475
  ███████████████░░░░░░░░░░  60%  Streaming frame 926/1475
  ███████████████░░░░░░░░░░  60%  Streaming frame 927/1475
  ███████████████░░░░░░░░░░  60%  Streaming frame 928/1475
  ███████████████░░░░░░░░░░  60%  Streaming frame 929/1475
  ███████████████░░░░░░░░░░  60%  Streaming frame 930/1475
  ███████████████░░░░░░░░░░  60%  Streaming frame 931/1475
  ███████████████░░░░░░░░░░  60%  Streaming frame 932/1475
  ███████████████░░░░░░░░░░  60%  Streaming frame 933/1475
  ███████████████░░░░░░░░░░  60%  Streaming frame 934/1475
  ███████████████░░░░░░░░░░  60%  Streaming frame 935/1475
  ███████████████░░░░░░░░░░  60%  Streaming frame 936/1475
  ███████████████░░░░░░░░░░  60%  Streaming frame 937/1475
  ███████████████░░░░░░░░░░  60%  Streaming frame 938/1475
  ███████████████░░░░░░░░░░  60%  Streaming frame 939/1475
  ███████████████░░░░░░░░░░  60%  Streaming frame 940/1475
  ███████████████░░░░░░░░░░  60%  Streaming frame 941/1475
  ███████████████░░░░░░░░░░  60%  Streaming frame 942/1475
  ███████████████░░░░░░░░░░  60%  Streaming frame 943/1475
  ███████████████░░░░░░░░░░  60%  Streaming frame 944/1475
  ███████████████░░░░░░░░░░  60%  Streaming frame 945/1475
  ███████████████░░░░░░░░░░  60%  Streaming frame 946/1475
  ███████████████░░░░░░░░░░  60%  Streaming frame 947/1475
  ███████████████░░░░░░░░░░  60%  Streaming frame 948/1475
  ███████████████░░░░░░░░░░  60%  Streaming frame 949/1475
  ███████████████░░░░░░░░░░  60%  Streaming frame 950/1475
  ███████████████░░░░░░░░░░  60%  Streaming frame 951/1475
  ███████████████░░░░░░░░░░  60%  Streaming frame 952/1475
  ███████████████░░░░░░░░░░  61%  Streaming frame 953/1475
  ███████████████░░░░░░░░░░  61%  Streaming frame 954/1475
  ███████████████░░░░░░░░░░  61%  Streaming frame 955/1475
  ███████████████░░░░░░░░░░  61%  Streaming frame 956/1475
  ███████████████░░░░░░░░░░  61%  Streaming frame 957/1475
  ███████████████░░░░░░░░░░  61%  Streaming frame 958/1475
  ███████████████░░░░░░░░░░  61%  Streaming frame 959/1475
  ███████████████░░░░░░░░░░  61%  Streaming frame 960/1475
  ███████████████░░░░░░░░░░  61%  Streaming frame 961/1475
  ███████████████░░░░░░░░░░  61%  Streaming frame 962/1475
  ███████████████░░░░░░░░░░  61%  Streaming frame 963/1475
  ███████████████░░░░░░░░░░  61%  Streaming frame 964/1475
  ███████████████░░░░░░░░░░  61%  Streaming frame 965/1475
  ███████████████░░░░░░░░░░  61%  Streaming frame 966/1475
  ███████████████░░░░░░░░░░  61%  Streaming frame 967/1475
  ███████████████░░░░░░░░░░  61%  Streaming frame 968/1475
  ███████████████░░░░░░░░░░  61%  Streaming frame 969/1475
  ███████████████░░░░░░░░░░  61%  Streaming frame 970/1475
  ███████████████░░░░░░░░░░  61%  Streaming frame 971/1475
  ███████████████░░░░░░░░░░  61%  Streaming frame 972/1475
  ███████████████░░░░░░░░░░  61%  Streaming frame 973/1475
  ███████████████░░░░░░░░░░  61%  Streaming frame 974/1475
  ███████████████░░░░░░░░░░  61%  Streaming frame 975/1475
  ███████████████░░░░░░░░░░  61%  Streaming frame 976/1475
  ███████████████░░░░░░░░░░  61%  Streaming frame 977/1475
  ███████████████░░░░░░░░░░  61%  Streaming frame 978/1475
  ███████████████░░░░░░░░░░  62%  Streaming frame 979/1475
  ███████████████░░░░░░░░░░  62%  Streaming frame 980/1475
  ███████████████░░░░░░░░░░  62%  Streaming frame 981/1475
  ███████████████░░░░░░░░░░  62%  Streaming frame 982/1475
  ███████████████░░░░░░░░░░  62%  Streaming frame 983/1475
  ███████████████░░░░░░░░░░  62%  Streaming frame 984/1475
  ███████████████░░░░░░░░░░  62%  Streaming frame 985/1475
  ███████████████░░░░░░░░░░  62%  Streaming frame 986/1475
  ███████████████░░░░░░░░░░  62%  Streaming frame 987/1475
  ███████████████░░░░░░░░░░  62%  Streaming frame 988/1475
  ███████████████░░░░░░░░░░  62%  Streaming frame 989/1475
  ███████████████░░░░░░░░░░  62%  Streaming frame 990/1475
  ███████████████░░░░░░░░░░  62%  Streaming frame 991/1475
  ███████████████░░░░░░░░░░  62%  Streaming frame 992/1475
  ███████████████░░░░░░░░░░  62%  Streaming frame 993/1475
  ███████████████░░░░░░░░░░  62%  Streaming frame 994/1475
  ███████████████░░░░░░░░░░  62%  Streaming frame 995/1475
  ███████████████░░░░░░░░░░  62%  Streaming frame 996/1475
  ███████████████░░░░░░░░░░  62%  Streaming frame 997/1475
  ███████████████░░░░░░░░░░  62%  Streaming frame 998/1475
  ███████████████░░░░░░░░░░  62%  Streaming frame 999/1475
  ███████████████░░░░░░░░░░  62%  Streaming frame 1000/1475
  ███████████████░░░░░░░░░░  62%  Streaming frame 1001/1475
  ███████████████░░░░░░░░░░  62%  Streaming frame 1002/1475
  ███████████████░░░░░░░░░░  62%  Streaming frame 1003/1475
  ███████████████░░░░░░░░░░  62%  Streaming frame 1004/1475
  ███████████████░░░░░░░░░░  62%  Streaming frame 1005/1475
  ███████████████░░░░░░░░░░  63%  Streaming frame 1006/1475
  ███████████████░░░░░░░░░░  63%  Streaming frame 1007/1475
  ███████████████░░░░░░░░░░  63%  Streaming frame 1008/1475
  ███████████████░░░░░░░░░░  63%  Streaming frame 1009/1475
  ███████████████░░░░░░░░░░  63%  Streaming frame 1010/1475
  ███████████████░░░░░░░░░░  63%  Streaming frame 1011/1475
  ███████████████░░░░░░░░░░  63%  Streaming frame 1012/1475
  ███████████████░░░░░░░░░░  63%  Streaming frame 1013/1475
  ███████████████░░░░░░░░░░  63%  Streaming frame 1014/1475
  ███████████████░░░░░░░░░░  63%  Streaming frame 1015/1475
  ███████████████░░░░░░░░░░  63%  Streaming frame 1016/1475
  ███████████████░░░░░░░░░░  63%  Streaming frame 1017/1475
  ███████████████░░░░░░░░░░  63%  Streaming frame 1018/1475
  ███████████████░░░░░░░░░░  63%  Streaming frame 1019/1475
  ███████████████░░░░░░░░░░  63%  Streaming frame 1020/1475
  ███████████████░░░░░░░░░░  63%  Streaming frame 1021/1475
  ███████████████░░░░░░░░░░  63%  Streaming frame 1022/1475
  ███████████████░░░░░░░░░░  63%  Streaming frame 1023/1475
  ███████████████░░░░░░░░░░  63%  Streaming frame 1024/1475
  ███████████████░░░░░░░░░░  63%  Streaming frame 1025/1475
  ███████████████░░░░░░░░░░  63%  Streaming frame 1026/1475
  ███████████████░░░░░░░░░░  63%  Streaming frame 1027/1475
  ███████████████░░░░░░░░░░  63%  Streaming frame 1028/1475
  ███████████████░░░░░░░░░░  63%  Streaming frame 1029/1475
  ███████████████░░░░░░░░░░  63%  Streaming frame 1030/1475
  ███████████████░░░░░░░░░░  63%  Streaming frame 1031/1475
  ███████████████░░░░░░░░░░  63%  Streaming frame 1032/1475
  ████████████████░░░░░░░░░  64%  Streaming frame 1033/1475
  ████████████████░░░░░░░░░  64%  Streaming frame 1034/1475
  ████████████████░░░░░░░░░  64%  Streaming frame 1035/1475
  ████████████████░░░░░░░░░  64%  Streaming frame 1036/1475
  ████████████████░░░░░░░░░  64%  Streaming frame 1037/1475
  ████████████████░░░░░░░░░  64%  Streaming frame 1038/1475
  ████████████████░░░░░░░░░  64%  Streaming frame 1039/1475
  ████████████████░░░░░░░░░  64%  Streaming frame 1040/1475
  ████████████████░░░░░░░░░  64%  Streaming frame 1041/1475
  ████████████████░░░░░░░░░  64%  Streaming frame 1042/1475
  ████████████████░░░░░░░░░  64%  Streaming frame 1043/1475
  ████████████████░░░░░░░░░  64%  Streaming frame 1044/1475
  ████████████████░░░░░░░░░  64%  Streaming frame 1045/1475
  ████████████████░░░░░░░░░  64%  Streaming frame 1046/1475
  ████████████████░░░░░░░░░  64%  Streaming frame 1047/1475
  ████████████████░░░░░░░░░  64%  Streaming frame 1048/1475
  ████████████████░░░░░░░░░  64%  Streaming frame 1049/1475
  ████████████████░░░░░░░░░  64%  Streaming frame 1050/1475
  ████████████████░░░░░░░░░  64%  Streaming frame 1051/1475
  ████████████████░░░░░░░░░  64%  Streaming frame 1052/1475
  ████████████████░░░░░░░░░  64%  Streaming frame 1053/1475
  ████████████████░░░░░░░░░  64%  Streaming frame 1054/1475
  ████████████████░░░░░░░░░  64%  Streaming frame 1055/1475
  ████████████████░░░░░░░░░  64%  Streaming frame 1056/1475
  ████████████████░░░░░░░░░  64%  Streaming frame 1057/1475
  ████████████████░░░░░░░░░  64%  Streaming frame 1058/1475
  ████████████████░░░░░░░░░  64%  Streaming frame 1059/1475
  ████████████████░░░░░░░░░  65%  Streaming frame 1060/1475
  ████████████████░░░░░░░░░  65%  Streaming frame 1061/1475
  ████████████████░░░░░░░░░  65%  Streaming frame 1062/1475
  ████████████████░░░░░░░░░  65%  Streaming frame 1063/1475
  ████████████████░░░░░░░░░  65%  Streaming frame 1064/1475
  ████████████████░░░░░░░░░  65%  Streaming frame 1065/1475
  ████████████████░░░░░░░░░  65%  Streaming frame 1066/1475
  ████████████████░░░░░░░░░  65%  Streaming frame 1067/1475
  ████████████████░░░░░░░░░  65%  Streaming frame 1068/1475
  ████████████████░░░░░░░░░  65%  Streaming frame 1069/1475
  ████████████████░░░░░░░░░  65%  Streaming frame 1070/1475
  ████████████████░░░░░░░░░  65%  Streaming frame 1071/1475
  ████████████████░░░░░░░░░  65%  Streaming frame 1072/1475
  ████████████████░░░░░░░░░  65%  Streaming frame 1073/1475
  ████████████████░░░░░░░░░  65%  Streaming frame 1074/1475
  ████████████████░░░░░░░░░  65%  Streaming frame 1075/1475
  ████████████████░░░░░░░░░  65%  Streaming frame 1076/1475
  ████████████████░░░░░░░░░  65%  Streaming frame 1077/1475
  ████████████████░░░░░░░░░  65%  Streaming frame 1078/1475
  ████████████████░░░░░░░░░  65%  Streaming frame 1079/1475
  ████████████████░░░░░░░░░  65%  Streaming frame 1080/1475
  ████████████████░░░░░░░░░  65%  Streaming frame 1081/1475
  ████████████████░░░░░░░░░  65%  Streaming frame 1082/1475
  ████████████████░░░░░░░░░  65%  Streaming frame 1083/1475
  ████████████████░░░░░░░░░  65%  Streaming frame 1084/1475
  ████████████████░░░░░░░░░  65%  Streaming frame 1085/1475
  ████████████████░░░░░░░░░  65%  Streaming frame 1086/1475
  ████████████████░░░░░░░░░  66%  Streaming frame 1087/1475
  ████████████████░░░░░░░░░  66%  Streaming frame 1088/1475
  ████████████████░░░░░░░░░  66%  Streaming frame 1089/1475
  ████████████████░░░░░░░░░  66%  Streaming frame 1090/1475
  ████████████████░░░░░░░░░  66%  Streaming frame 1091/1475
  ████████████████░░░░░░░░░  66%  Streaming frame 1092/1475
  ████████████████░░░░░░░░░  66%  Streaming frame 1093/1475
  ████████████████░░░░░░░░░  66%  Streaming frame 1094/1475
  ████████████████░░░░░░░░░  66%  Streaming frame 1095/1475
  ████████████████░░░░░░░░░  66%  Streaming frame 1096/1475
  ████████████████░░░░░░░░░  66%  Streaming frame 1097/1475
  ████████████████░░░░░░░░░  66%  Streaming frame 1098/1475
  ████████████████░░░░░░░░░  66%  Streaming frame 1099/1475
  ████████████████░░░░░░░░░  66%  Streaming frame 1100/1475
  ████████████████░░░░░░░░░  66%  Streaming frame 1101/1475
  ████████████████░░░░░░░░░  66%  Streaming frame 1102/1475
  ████████████████░░░░░░░░░  66%  Streaming frame 1103/1475
  ████████████████░░░░░░░░░  66%  Streaming frame 1104/1475
  ████████████████░░░░░░░░░  66%  Streaming frame 1105/1475
  ████████████████░░░░░░░░░  66%  Streaming frame 1106/1475
[INFO] [Render] drawElement self-verify passed {"renderJobId":"e79598c2-fdc1-4355-8c10-347b3345d1a8","frame":1106,"psnrDb":45.5}
  ████████████████░░░░░░░░░  66%  Streaming frame 1107/1475
  ████████████████░░░░░░░░░  66%  Streaming frame 1108/1475
  ████████████████░░░░░░░░░  66%  Streaming frame 1109/1475
  ████████████████░░░░░░░░░  66%  Streaming frame 1110/1475
  ████████████████░░░░░░░░░  66%  Streaming frame 1111/1475
  ████████████████░░░░░░░░░  66%  Streaming frame 1112/1475
  ████████████████░░░░░░░░░  67%  Streaming frame 1113/1475
  ████████████████░░░░░░░░░  67%  Streaming frame 1114/1475
  ████████████████░░░░░░░░░  67%  Streaming frame 1115/1475
  ████████████████░░░░░░░░░  67%  Streaming frame 1116/1475
  ████████████████░░░░░░░░░  67%  Streaming frame 1117/1475
  ████████████████░░░░░░░░░  67%  Streaming frame 1118/1475
  ████████████████░░░░░░░░░  67%  Streaming frame 1119/1475
  ████████████████░░░░░░░░░  67%  Streaming frame 1120/1475
  ████████████████░░░░░░░░░  67%  Streaming frame 1121/1475
  ████████████████░░░░░░░░░  67%  Streaming frame 1122/1475
  ████████████████░░░░░░░░░  67%  Streaming frame 1123/1475
  ████████████████░░░░░░░░░  67%  Streaming frame 1124/1475
  ████████████████░░░░░░░░░  67%  Streaming frame 1125/1475
  ████████████████░░░░░░░░░  67%  Streaming frame 1126/1475
  ████████████████░░░░░░░░░  67%  Streaming frame 1127/1475
  ████████████████░░░░░░░░░  67%  Streaming frame 1128/1475
  ████████████████░░░░░░░░░  67%  Streaming frame 1129/1475
  ████████████████░░░░░░░░░  67%  Streaming frame 1130/1475
  ████████████████░░░░░░░░░  67%  Streaming frame 1131/1475
  ████████████████░░░░░░░░░  67%  Streaming frame 1132/1475
  ████████████████░░░░░░░░░  67%  Streaming frame 1133/1475
  ████████████████░░░░░░░░░  67%  Streaming frame 1134/1475
  ████████████████░░░░░░░░░  67%  Streaming frame 1135/1475
  ████████████████░░░░░░░░░  67%  Streaming frame 1136/1475
  ████████████████░░░░░░░░░  67%  Streaming frame 1137/1475
  ████████████████░░░░░░░░░  67%  Streaming frame 1138/1475
  ████████████████░░░░░░░░░  67%  Streaming frame 1139/1475
  █████████████████░░░░░░░░  68%  Streaming frame 1140/1475
  █████████████████░░░░░░░░  68%  Streaming frame 1141/1475
  █████████████████░░░░░░░░  68%  Streaming frame 1142/1475
  █████████████████░░░░░░░░  68%  Streaming frame 1143/1475
  █████████████████░░░░░░░░  68%  Streaming frame 1144/1475
  █████████████████░░░░░░░░  68%  Streaming frame 1145/1475
  █████████████████░░░░░░░░  68%  Streaming frame 1146/1475
  █████████████████░░░░░░░░  68%  Streaming frame 1147/1475
  █████████████████░░░░░░░░  68%  Streaming frame 1148/1475
  █████████████████░░░░░░░░  68%  Streaming frame 1149/1475
  █████████████████░░░░░░░░  68%  Streaming frame 1150/1475
  █████████████████░░░░░░░░  68%  Streaming frame 1151/1475
  █████████████████░░░░░░░░  68%  Streaming frame 1152/1475
  █████████████████░░░░░░░░  68%  Streaming frame 1153/1475
  █████████████████░░░░░░░░  68%  Streaming frame 1154/1475
  █████████████████░░░░░░░░  68%  Streaming frame 1155/1475
  █████████████████░░░░░░░░  68%  Streaming frame 1156/1475
  █████████████████░░░░░░░░  68%  Streaming frame 1157/1475
  █████████████████░░░░░░░░  68%  Streaming frame 1158/1475
  █████████████████░░░░░░░░  68%  Streaming frame 1159/1475
  █████████████████░░░░░░░░  68%  Streaming frame 1160/1475
  █████████████████░░░░░░░░  68%  Streaming frame 1161/1475
  █████████████████░░░░░░░░  68%  Streaming frame 1162/1475
  █████████████████░░░░░░░░  68%  Streaming frame 1163/1475
  █████████████████░░░░░░░░  68%  Streaming frame 1164/1475
  █████████████████░░░░░░░░  68%  Streaming frame 1165/1475
  █████████████████░░░░░░░░  68%  Streaming frame 1166/1475
  █████████████████░░░░░░░░  69%  Streaming frame 1167/1475
  █████████████████░░░░░░░░  69%  Streaming frame 1168/1475
  █████████████████░░░░░░░░  69%  Streaming frame 1169/1475
  █████████████████░░░░░░░░  69%  Streaming frame 1170/1475
  █████████████████░░░░░░░░  69%  Streaming frame 1171/1475
  █████████████████░░░░░░░░  69%  Streaming frame 1172/1475
  █████████████████░░░░░░░░  69%  Streaming frame 1173/1475
  █████████████████░░░░░░░░  69%  Streaming frame 1174/1475
  █████████████████░░░░░░░░  69%  Streaming frame 1175/1475
  █████████████████░░░░░░░░  69%  Streaming frame 1176/1475
  █████████████████░░░░░░░░  69%  Streaming frame 1177/1475
  █████████████████░░░░░░░░  69%  Streaming frame 1178/1475
  █████████████████░░░░░░░░  69%  Streaming frame 1179/1475
  █████████████████░░░░░░░░  69%  Streaming frame 1180/1475
  █████████████████░░░░░░░░  69%  Streaming frame 1181/1475
  █████████████████░░░░░░░░  69%  Streaming frame 1182/1475
  █████████████████░░░░░░░░  69%  Streaming frame 1183/1475
  █████████████████░░░░░░░░  69%  Streaming frame 1184/1475
  █████████████████░░░░░░░░  69%  Streaming frame 1185/1475
  █████████████████░░░░░░░░  69%  Streaming frame 1186/1475
  █████████████████░░░░░░░░  69%  Streaming frame 1187/1475
  █████████████████░░░░░░░░  69%  Streaming frame 1188/1475
  █████████████████░░░░░░░░  69%  Streaming frame 1189/1475
  █████████████████░░░░░░░░  69%  Streaming frame 1190/1475
  █████████████████░░░░░░░░  69%  Streaming frame 1191/1475
  █████████████████░░░░░░░░  69%  Streaming frame 1192/1475
  █████████████████░░░░░░░░  69%  Streaming frame 1193/1475
  █████████████████░░░░░░░░  70%  Streaming frame 1194/1475
  █████████████████░░░░░░░░  70%  Streaming frame 1195/1475
  █████████████████░░░░░░░░  70%  Streaming frame 1196/1475
  █████████████████░░░░░░░░  70%  Streaming frame 1197/1475
  █████████████████░░░░░░░░  70%  Streaming frame 1198/1475
  █████████████████░░░░░░░░  70%  Streaming frame 1199/1475
  █████████████████░░░░░░░░  70%  Streaming frame 1200/1475
  █████████████████░░░░░░░░  70%  Streaming frame 1201/1475
  █████████████████░░░░░░░░  70%  Streaming frame 1202/1475
  █████████████████░░░░░░░░  70%  Streaming frame 1203/1475
  █████████████████░░░░░░░░  70%  Streaming frame 1204/1475
  █████████████████░░░░░░░░  70%  Streaming frame 1205/1475
  █████████████████░░░░░░░░  70%  Streaming frame 1206/1475
  █████████████████░░░░░░░░  70%  Streaming frame 1207/1475
  █████████████████░░░░░░░░  70%  Streaming frame 1208/1475
  █████████████████░░░░░░░░  70%  Streaming frame 1209/1475
  █████████████████░░░░░░░░  70%  Streaming frame 1210/1475
  █████████████████░░░░░░░░  70%  Streaming frame 1211/1475
  █████████████████░░░░░░░░  70%  Streaming frame 1212/1475
  █████████████████░░░░░░░░  70%  Streaming frame 1213/1475
  █████████████████░░░░░░░░  70%  Streaming frame 1214/1475
  █████████████████░░░░░░░░  70%  Streaming frame 1215/1475
  █████████████████░░░░░░░░  70%  Streaming frame 1216/1475
  █████████████████░░░░░░░░  70%  Streaming frame 1217/1475
  █████████████████░░░░░░░░  70%  Streaming frame 1218/1475
  █████████████████░░░░░░░░  70%  Streaming frame 1219/1475
  █████████████████░░░░░░░░  70%  Streaming frame 1220/1475
  █████████████████░░░░░░░░  71%  Streaming frame 1221/1475
  █████████████████░░░░░░░░  71%  Streaming frame 1222/1475
  █████████████████░░░░░░░░  71%  Streaming frame 1223/1475
  █████████████████░░░░░░░░  71%  Streaming frame 1224/1475
  █████████████████░░░░░░░░  71%  Streaming frame 1225/1475
  █████████████████░░░░░░░░  71%  Streaming frame 1226/1475
  █████████████████░░░░░░░░  71%  Streaming frame 1227/1475
  █████████████████░░░░░░░░  71%  Streaming frame 1228/1475
  █████████████████░░░░░░░░  71%  Streaming frame 1229/1475
  █████████████████░░░░░░░░  71%  Streaming frame 1230/1475
  █████████████████░░░░░░░░  71%  Streaming frame 1231/1475
  █████████████████░░░░░░░░  71%  Streaming frame 1232/1475
  █████████████████░░░░░░░░  71%  Streaming frame 1233/1475
  █████████████████░░░░░░░░  71%  Streaming frame 1234/1475
  █████████████████░░░░░░░░  71%  Streaming frame 1235/1475
  █████████████████░░░░░░░░  71%  Streaming frame 1236/1475
  █████████████████░░░░░░░░  71%  Streaming frame 1237/1475
  █████████████████░░░░░░░░  71%  Streaming frame 1238/1475
  █████████████████░░░░░░░░  71%  Streaming frame 1239/1475
  █████████████████░░░░░░░░  71%  Streaming frame 1240/1475
  █████████████████░░░░░░░░  71%  Streaming frame 1241/1475
  █████████████████░░░░░░░░  71%  Streaming frame 1242/1475
  █████████████████░░░░░░░░  71%  Streaming frame 1243/1475
  █████████████████░░░░░░░░  71%  Streaming frame 1244/1475
  █████████████████░░░░░░░░  71%  Streaming frame 1245/1475
  █████████████████░░░░░░░░  71%  Streaming frame 1246/1475
  █████████████████░░░░░░░░  71%  Streaming frame 1247/1475
  ██████████████████░░░░░░░  72%  Streaming frame 1248/1475
  ██████████████████░░░░░░░  72%  Streaming frame 1249/1475
  ██████████████████░░░░░░░  72%  Streaming frame 1250/1475
  ██████████████████░░░░░░░  72%  Streaming frame 1251/1475
  ██████████████████░░░░░░░  72%  Streaming frame 1252/1475
  ██████████████████░░░░░░░  72%  Streaming frame 1253/1475
  ██████████████████░░░░░░░  72%  Streaming frame 1254/1475
  ██████████████████░░░░░░░  72%  Streaming frame 1255/1475
  ██████████████████░░░░░░░  72%  Streaming frame 1256/1475
  ██████████████████░░░░░░░  72%  Streaming frame 1257/1475
  ██████████████████░░░░░░░  72%  Streaming frame 1258/1475
  ██████████████████░░░░░░░  72%  Streaming frame 1259/1475
  ██████████████████░░░░░░░  72%  Streaming frame 1260/1475
  ██████████████████░░░░░░░  72%  Streaming frame 1261/1475
  ██████████████████░░░░░░░  72%  Streaming frame 1262/1475
  ██████████████████░░░░░░░  72%  Streaming frame 1263/1475
  ██████████████████░░░░░░░  72%  Streaming frame 1264/1475
  ██████████████████░░░░░░░  72%  Streaming frame 1265/1475
  ██████████████████░░░░░░░  72%  Streaming frame 1266/1475
  ██████████████████░░░░░░░  72%  Streaming frame 1267/1475
  ██████████████████░░░░░░░  72%  Streaming frame 1268/1475
  ██████████████████░░░░░░░  72%  Streaming frame 1269/1475
  ██████████████████░░░░░░░  72%  Streaming frame 1270/1475
  ██████████████████░░░░░░░  72%  Streaming frame 1271/1475
  ██████████████████░░░░░░░  72%  Streaming frame 1272/1475
  ██████████████████░░░░░░░  72%  Streaming frame 1273/1475
  ██████████████████░░░░░░░  73%  Streaming frame 1274/1475
  ██████████████████░░░░░░░  73%  Streaming frame 1275/1475
  ██████████████████░░░░░░░  73%  Streaming frame 1276/1475
  ██████████████████░░░░░░░  73%  Streaming frame 1277/1475
  ██████████████████░░░░░░░  73%  Streaming frame 1278/1475
  ██████████████████░░░░░░░  73%  Streaming frame 1279/1475
  ██████████████████░░░░░░░  73%  Streaming frame 1280/1475
  ██████████████████░░░░░░░  73%  Streaming frame 1281/1475
  ██████████████████░░░░░░░  73%  Streaming frame 1282/1475
  ██████████████████░░░░░░░  73%  Streaming frame 1283/1475
  ██████████████████░░░░░░░  73%  Streaming frame 1284/1475
  ██████████████████░░░░░░░  73%  Streaming frame 1285/1475
  ██████████████████░░░░░░░  73%  Streaming frame 1286/1475
  ██████████████████░░░░░░░  73%  Streaming frame 1287/1475
  ██████████████████░░░░░░░  73%  Streaming frame 1288/1475
  ██████████████████░░░░░░░  73%  Streaming frame 1289/1475
  ██████████████████░░░░░░░  73%  Streaming frame 1290/1475
  ██████████████████░░░░░░░  73%  Streaming frame 1291/1475
  ██████████████████░░░░░░░  73%  Streaming frame 1292/1475
  ██████████████████░░░░░░░  73%  Streaming frame 1293/1475
  ██████████████████░░░░░░░  73%  Streaming frame 1294/1475
  ██████████████████░░░░░░░  73%  Streaming frame 1295/1475
  ██████████████████░░░░░░░  73%  Streaming frame 1296/1475
  ██████████████████░░░░░░░  73%  Streaming frame 1297/1475
  ██████████████████░░░░░░░  73%  Streaming frame 1298/1475
  ██████████████████░░░░░░░  73%  Streaming frame 1299/1475
  ██████████████████░░░░░░░  73%  Streaming frame 1300/1475
  ██████████████████░░░░░░░  74%  Streaming frame 1301/1475
  ██████████████████░░░░░░░  74%  Streaming frame 1302/1475
  ██████████████████░░░░░░░  74%  Streaming frame 1303/1475
  ██████████████████░░░░░░░  74%  Streaming frame 1304/1475
  ██████████████████░░░░░░░  74%  Streaming frame 1305/1475
  ██████████████████░░░░░░░  74%  Streaming frame 1306/1475
  ██████████████████░░░░░░░  74%  Streaming frame 1307/1475
  ██████████████████░░░░░░░  74%  Streaming frame 1308/1475
  ██████████████████░░░░░░░  74%  Streaming frame 1309/1475
  ██████████████████░░░░░░░  74%  Streaming frame 1310/1475
  ██████████████████░░░░░░░  74%  Streaming frame 1311/1475
  ██████████████████░░░░░░░  74%  Streaming frame 1312/1475
  ██████████████████░░░░░░░  74%  Streaming frame 1313/1475
  ██████████████████░░░░░░░  74%  Streaming frame 1314/1475
  ██████████████████░░░░░░░  74%  Streaming frame 1315/1475
  ██████████████████░░░░░░░  74%  Streaming frame 1316/1475
  ██████████████████░░░░░░░  74%  Streaming frame 1317/1475
  ██████████████████░░░░░░░  74%  Streaming frame 1318/1475
  ██████████████████░░░░░░░  74%  Streaming frame 1319/1475
  ██████████████████░░░░░░░  74%  Streaming frame 1320/1475
  ██████████████████░░░░░░░  74%  Streaming frame 1321/1475
  ██████████████████░░░░░░░  74%  Streaming frame 1322/1475
  ██████████████████░░░░░░░  74%  Streaming frame 1323/1475
  ██████████████████░░░░░░░  74%  Streaming frame 1324/1475
  ██████████████████░░░░░░░  74%  Streaming frame 1325/1475
  ██████████████████░░░░░░░  74%  Streaming frame 1326/1475
  ██████████████████░░░░░░░  74%  Streaming frame 1327/1475
  ██████████████████░░░░░░░  75%  Streaming frame 1328/1475
  ██████████████████░░░░░░░  75%  Streaming frame 1329/1475
  ██████████████████░░░░░░░  75%  Streaming frame 1330/1475
  ██████████████████░░░░░░░  75%  Streaming frame 1331/1475
  ██████████████████░░░░░░░  75%  Streaming frame 1332/1475
  ██████████████████░░░░░░░  75%  Streaming frame 1333/1475
  ██████████████████░░░░░░░  75%  Streaming frame 1334/1475
  ██████████████████░░░░░░░  75%  Streaming frame 1335/1475
  ██████████████████░░░░░░░  75%  Streaming frame 1336/1475
  ██████████████████░░░░░░░  75%  Streaming frame 1337/1475
  ██████████████████░░░░░░░  75%  Streaming frame 1338/1475
  ██████████████████░░░░░░░  75%  Streaming frame 1339/1475
  ██████████████████░░░░░░░  75%  Streaming frame 1340/1475
  ██████████████████░░░░░░░  75%  Streaming frame 1341/1475
  ██████████████████░░░░░░░  75%  Streaming frame 1342/1475
  ██████████████████░░░░░░░  75%  Streaming frame 1343/1475
  ██████████████████░░░░░░░  75%  Streaming frame 1344/1475
  ██████████████████░░░░░░░  75%  Streaming frame 1345/1475
  ██████████████████░░░░░░░  75%  Streaming frame 1346/1475
  ██████████████████░░░░░░░  75%  Streaming frame 1347/1475
  ██████████████████░░░░░░░  75%  Streaming frame 1348/1475
  ██████████████████░░░░░░░  75%  Streaming frame 1349/1475
  ██████████████████░░░░░░░  75%  Streaming frame 1350/1475
  ██████████████████░░░░░░░  75%  Streaming frame 1351/1475
  ██████████████████░░░░░░░  75%  Streaming frame 1352/1475
  ██████████████████░░░░░░░  75%  Streaming frame 1353/1475
  ██████████████████░░░░░░░  75%  Streaming frame 1354/1475
  ███████████████████░░░░░░  76%  Streaming frame 1355/1475
  ███████████████████░░░░░░  76%  Streaming frame 1356/1475
  ███████████████████░░░░░░  76%  Streaming frame 1357/1475
  ███████████████████░░░░░░  76%  Streaming frame 1358/1475
  ███████████████████░░░░░░  76%  Streaming frame 1359/1475
  ███████████████████░░░░░░  76%  Streaming frame 1360/1475
  ███████████████████░░░░░░  76%  Streaming frame 1361/1475
  ███████████████████░░░░░░  76%  Streaming frame 1362/1475
  ███████████████████░░░░░░  76%  Streaming frame 1363/1475
  ███████████████████░░░░░░  76%  Streaming frame 1364/1475
  ███████████████████░░░░░░  76%  Streaming frame 1365/1475
  ███████████████████░░░░░░  76%  Streaming frame 1366/1475
  ███████████████████░░░░░░  76%  Streaming frame 1367/1475
  ███████████████████░░░░░░  76%  Streaming frame 1368/1475
  ███████████████████░░░░░░  76%  Streaming frame 1369/1475
  ███████████████████░░░░░░  76%  Streaming frame 1370/1475
  ███████████████████░░░░░░  76%  Streaming frame 1371/1475
  ███████████████████░░░░░░  76%  Streaming frame 1372/1475
  ███████████████████░░░░░░  76%  Streaming frame 1373/1475
  ███████████████████░░░░░░  76%  Streaming frame 1374/1475
  ███████████████████░░░░░░  76%  Streaming frame 1375/1475
  ███████████████████░░░░░░  76%  Streaming frame 1376/1475
  ███████████████████░░░░░░  76%  Streaming frame 1377/1475
  ███████████████████░░░░░░  76%  Streaming frame 1378/1475
  ███████████████████░░░░░░  76%  Streaming frame 1379/1475
  ███████████████████░░░░░░  76%  Streaming frame 1380/1475
  ███████████████████░░░░░░  76%  Streaming frame 1381/1475
  ███████████████████░░░░░░  77%  Streaming frame 1382/1475
  ███████████████████░░░░░░  77%  Streaming frame 1383/1475
  ███████████████████░░░░░░  77%  Streaming frame 1384/1475
  ███████████████████░░░░░░  77%  Streaming frame 1385/1475
  ███████████████████░░░░░░  77%  Streaming frame 1386/1475
  ███████████████████░░░░░░  77%  Streaming frame 1387/1475
  ███████████████████░░░░░░  77%  Streaming frame 1388/1475
  ███████████████████░░░░░░  77%  Streaming frame 1389/1475
  ███████████████████░░░░░░  77%  Streaming frame 1390/1475
  ███████████████████░░░░░░  77%  Streaming frame 1391/1475
  ███████████████████░░░░░░  77%  Streaming frame 1392/1475
  ███████████████████░░░░░░  77%  Streaming frame 1393/1475
  ███████████████████░░░░░░  77%  Streaming frame 1394/1475
  ███████████████████░░░░░░  77%  Streaming frame 1395/1475
  ███████████████████░░░░░░  77%  Streaming frame 1396/1475
  ███████████████████░░░░░░  77%  Streaming frame 1397/1475
  ███████████████████░░░░░░  77%  Streaming frame 1398/1475
  ███████████████████░░░░░░  77%  Streaming frame 1399/1475
  ███████████████████░░░░░░  77%  Streaming frame 1400/1475
[INFO] [Render] drawElement self-verify passed {"renderJobId":"e79598c2-fdc1-4355-8c10-347b3345d1a8","frame":1400,"psnrDb":45.5}
  ███████████████████░░░░░░  77%  Streaming frame 1401/1475
  ███████████████████░░░░░░  77%  Streaming frame 1402/1475
  ███████████████████░░░░░░  77%  Streaming frame 1403/1475
  ███████████████████░░░░░░  77%  Streaming frame 1404/1475
  ███████████████████░░░░░░  77%  Streaming frame 1405/1475
  ███████████████████░░░░░░  77%  Streaming frame 1406/1475
  ███████████████████░░░░░░  77%  Streaming frame 1407/1475
  ███████████████████░░░░░░  78%  Streaming frame 1408/1475
  ███████████████████░░░░░░  78%  Streaming frame 1409/1475
  ███████████████████░░░░░░  78%  Streaming frame 1410/1475
  ███████████████████░░░░░░  78%  Streaming frame 1411/1475
  ███████████████████░░░░░░  78%  Streaming frame 1412/1475
  ███████████████████░░░░░░  78%  Streaming frame 1413/1475
  ███████████████████░░░░░░  78%  Streaming frame 1414/1475
  ███████████████████░░░░░░  78%  Streaming frame 1415/1475
  ███████████████████░░░░░░  78%  Streaming frame 1416/1475
  ███████████████████░░░░░░  78%  Streaming frame 1417/1475
  ███████████████████░░░░░░  78%  Streaming frame 1418/1475
  ███████████████████░░░░░░  78%  Streaming frame 1419/1475
  ███████████████████░░░░░░  78%  Streaming frame 1420/1475
  ███████████████████░░░░░░  78%  Streaming frame 1421/1475
  ███████████████████░░░░░░  78%  Streaming frame 1422/1475
  ███████████████████░░░░░░  78%  Streaming frame 1423/1475
  ███████████████████░░░░░░  78%  Streaming frame 1424/1475
  ███████████████████░░░░░░  78%  Streaming frame 1425/1475
  ███████████████████░░░░░░  78%  Streaming frame 1426/1475
  ███████████████████░░░░░░  78%  Streaming frame 1427/1475
  ███████████████████░░░░░░  78%  Streaming frame 1428/1475
  ███████████████████░░░░░░  78%  Streaming frame 1429/1475
  ███████████████████░░░░░░  78%  Streaming frame 1430/1475
  ███████████████████░░░░░░  78%  Streaming frame 1431/1475
  ███████████████████░░░░░░  78%  Streaming frame 1432/1475
  ███████████████████░░░░░░  78%  Streaming frame 1433/1475
  ███████████████████░░░░░░  78%  Streaming frame 1434/1475
  ███████████████████░░░░░░  79%  Streaming frame 1435/1475
  ███████████████████░░░░░░  79%  Streaming frame 1436/1475
  ███████████████████░░░░░░  79%  Streaming frame 1437/1475
  ███████████████████░░░░░░  79%  Streaming frame 1438/1475
  ███████████████████░░░░░░  79%  Streaming frame 1439/1475
  ███████████████████░░░░░░  79%  Streaming frame 1440/1475
  ███████████████████░░░░░░  79%  Streaming frame 1441/1475
  ███████████████████░░░░░░  79%  Streaming frame 1442/1475
  ███████████████████░░░░░░  79%  Streaming frame 1443/1475
  ███████████████████░░░░░░  79%  Streaming frame 1444/1475
  ███████████████████░░░░░░  79%  Streaming frame 1445/1475
  ███████████████████░░░░░░  79%  Streaming frame 1446/1475
  ███████████████████░░░░░░  79%  Streaming frame 1447/1475
  ███████████████████░░░░░░  79%  Streaming frame 1448/1475
  ███████████████████░░░░░░  79%  Streaming frame 1449/1475
  ███████████████████░░░░░░  79%  Streaming frame 1450/1475
  ███████████████████░░░░░░  79%  Streaming frame 1451/1475
  ███████████████████░░░░░░  79%  Streaming frame 1452/1475
  ███████████████████░░░░░░  79%  Streaming frame 1453/1475
  ███████████████████░░░░░░  79%  Streaming frame 1454/1475
  ███████████████████░░░░░░  79%  Streaming frame 1455/1475
  ███████████████████░░░░░░  79%  Streaming frame 1456/1475
  ███████████████████░░░░░░  79%  Streaming frame 1457/1475
  ███████████████████░░░░░░  79%  Streaming frame 1458/1475
  ███████████████████░░░░░░  79%  Streaming frame 1459/1475
  ███████████████████░░░░░░  79%  Streaming frame 1460/1475
  ███████████████████░░░░░░  79%  Streaming frame 1461/1475
  ████████████████████░░░░░  80%  Streaming frame 1462/1475
  ████████████████████░░░░░  80%  Streaming frame 1463/1475
  ████████████████████░░░░░  80%  Streaming frame 1464/1475
  ████████████████████░░░░░  80%  Streaming frame 1465/1475
  ████████████████████░░░░░  80%  Streaming frame 1466/1475
  ████████████████████░░░░░  80%  Streaming frame 1467/1475
  ████████████████████░░░░░  80%  Streaming frame 1468/1475
  ████████████████████░░░░░  80%  Streaming frame 1469/1475
  ████████████████████░░░░░  80%  Streaming frame 1470/1475
  ████████████████████░░░░░  80%  Streaming frame 1471/1475
  ████████████████████░░░░░  80%  Streaming frame 1472/1475
  ████████████████████░░░░░  80%  Streaming frame 1473/1475
  ████████████████████░░░░░  80%  Streaming frame 1474/1475
  ████████████████████░░░░░  80%  Streaming frame 1475/1475
[static-dedup] reused 969/2444 frame(s) (40%), est. ~4845ms saved (avg 5ms/frame)
[INFO] [Render:trace] {"renderJobId":"e79598c2-fdc1-4355-8c10-347b3345d1a8","phase":"capture_streaming","status":"end","elapsedMs":15448,"durationMs":13919,"stagePhase":"capturing","workerCount":1,"forceScreenshot":false,"totalFrames":1475,"framesCompleted":1475,"captureMode":"drawelement","captureOperation":"encode"}
[INFO] [Render:trace] {"renderJobId":"e79598c2-fdc1-4355-8c10-347b3345d1a8","phase":"assemble","status":"start","elapsedMs":15449,"stagePhase":"capturing","hasAudio":true,"workerCount":1,"forceScreenshot":false,"totalFrames":1475,"framesCompleted":1475,"captureMode":"drawelement","captureOperation":"encode"}
  ██████████████████████░░░  90%  Assembling final video
[INFO] [Render:trace] {"renderJobId":"e79598c2-fdc1-4355-8c10-347b3345d1a8","phase":"assemble","status":"end","elapsedMs":16904,"durationMs":1455,"stagePhase":"capturing","hasAudio":true,"workerCount":1,"forceScreenshot":false,"totalFrames":1475,"framesCompleted":1475,"captureMode":"drawelement","captureOperation":"encode"}
[INFO] [Render:trace] {"renderJobId":"e79598c2-fdc1-4355-8c10-347b3345d1a8","phase":"pipeline","status":"checkpoint","elapsedMs":16927,"message":"artifact validated","totalElapsedMs":16927}
  █████████████████████████  100%  Render complete

◇  /Users/brownmanbrain/GitHub/operator-economy/blueprint-cinema/experiments/EP009-FULL-BUILD-001/scenes/seg063__seg065/qa/s19.mp4
   2.9 MB · 1m 1.5s video · rendered in 16.9s
