
◆  Rendering r50-records → /Users/brownmanbrain/GitHub/operator-economy/blueprint-cinema/experiments/EP007-NET-NEW-UNFINISHED-ANSWER-003/hyperframes/reviews/r50-records/qa/rebuild/r50-records.mp4
   24fps · high · auto workers (10 cores detected)
   GPU: browser GPU (auto-detect)

[?25l│
◇  Browser: cache
[?25h[INFO] [Render] Pipeline started {"renderJobId":"f6c7ee3f-e149-48ad-a25a-cfbfeaa3016d","platform":"darwin","arch":"arm64","nodeVersion":"v25.6.1","fps":{"num":24,"den":1},"format":"mp4","quality":"high","browserGpuMode":"auto","forceScreenshot":false,"protocolTimeout":300000,"browserTimeout":120000,"pageNavigationTimeout":60000,"playerReadyTimeout":45000}
[INFO] [Render:trace] {"renderJobId":"f6c7ee3f-e149-48ad-a25a-cfbfeaa3016d","phase":"pipeline","status":"checkpoint","elapsedMs":1,"message":"started","format":"mp4","quality":"high","browserGpuMode":"auto","forceScreenshot":false,"protocolTimeoutMs":300000,"pageNavigationTimeoutMs":60000,"playerReadyTimeoutMs":45000,"requestedWorkers":"auto"}
[INFO] [Render:trace] {"renderJobId":"f6c7ee3f-e149-48ad-a25a-cfbfeaa3016d","phase":"compile","status":"start","elapsedMs":2,"needsAlpha":false}
  █░░░░░░░░░░░░░░░░░░░░░░░░  5%  Compiling composition
[INFO] [Compiler] Embedded local font file: public/fonts/boska-700.woff2 (30 KB → data URI)
[INFO] [Compiler] Embedded local font file: public/fonts/supreme-500.woff2 (18 KB → data URI)
[INFO] Compiled composition metadata {"renderJobId":"f6c7ee3f-e149-48ad-a25a-cfbfeaa3016d","entryFile":"index.html","staticDuration":8.416666666666666,"width":1280,"height":720,"videoCount":0,"audioCount":1,"renderModeHints":{"recommendScreenshot":false,"reasons":[]}}
[INFO] [Render:trace] {"renderJobId":"f6c7ee3f-e149-48ad-a25a-cfbfeaa3016d","phase":"compile","status":"end","elapsedMs":74,"durationMs":72,"needsAlpha":false}
[INFO] [Render:trace] {"renderJobId":"f6c7ee3f-e149-48ad-a25a-cfbfeaa3016d","phase":"compile","status":"checkpoint","elapsedMs":74,"message":"composition metadata resolved","width":1280,"height":720,"videoCount":0,"audioCount":1,"imageCount":1,"deviceScaleFactor":1,"forceScreenshot":false,"compositionHash":"b43d807338159c6b"}
[INFO] [Render:trace] {"renderJobId":"f6c7ee3f-e149-48ad-a25a-cfbfeaa3016d","phase":"browser_probe","status":"start","elapsedMs":75,"forceScreenshot":false,"stagePhase":"calibrating"}
[INFO] [Render:trace] {"renderJobId":"f6c7ee3f-e149-48ad-a25a-cfbfeaa3016d","phase":"browser_probe","status":"end","elapsedMs":77,"durationMs":2,"forceScreenshot":false,"stagePhase":"calibrating"}
[INFO] [Render:trace] {"renderJobId":"f6c7ee3f-e149-48ad-a25a-cfbfeaa3016d","phase":"browser_probe","status":"checkpoint","elapsedMs":77,"message":"duration resolved","durationSeconds":8.416666666666666,"totalFrames":202,"compositionHash":"b43d807338159c6b","beginFrameStalled":false}
[INFO] [Render:trace] {"renderJobId":"f6c7ee3f-e149-48ad-a25a-cfbfeaa3016d","phase":"video_extract","status":"start","elapsedMs":77,"videoCount":0}
  ██░░░░░░░░░░░░░░░░░░░░░░░  10%  Extracting video frames
[INFO] [Render:trace] {"renderJobId":"f6c7ee3f-e149-48ad-a25a-cfbfeaa3016d","phase":"video_extract","status":"end","elapsedMs":78,"durationMs":1,"videoCount":0}
[INFO] [Render:trace] {"renderJobId":"f6c7ee3f-e149-48ad-a25a-cfbfeaa3016d","phase":"video_extract","status":"checkpoint","elapsedMs":78,"message":"frames resolved","videoCount":0,"extractedVideoCount":0,"totalFramesExtracted":0,"maxFramesPerVideo":0,"avgFramesPerExtractedVideo":null,"vfrPreflightCount":null,"vfrPreflightMs":null,"cacheHits":null,"cacheMisses":null,"transientRetries":null,"minVideoFrameCoverageRatio":null,"authoredTimedClipCount":2}
[INFO] [Render] No HDR sources detected — rendering SDR {"renderJobId":"f6c7ee3f-e149-48ad-a25a-cfbfeaa3016d"}
[INFO] [Render:trace] {"renderJobId":"f6c7ee3f-e149-48ad-a25a-cfbfeaa3016d","phase":"hdr_detection","status":"checkpoint","elapsedMs":78,"message":"resolved","requestedHdrMode":"auto","effectiveHdr":"sdr","nativeHdrVideoCount":0,"nativeHdrImageCount":0}
[INFO] [Render:trace] {"renderJobId":"f6c7ee3f-e149-48ad-a25a-cfbfeaa3016d","phase":"audio_process","status":"start","elapsedMs":79,"audioCount":1}
  █████░░░░░░░░░░░░░░░░░░░░  20%  Processing audio tracks
[INFO] [Render:trace] {"renderJobId":"f6c7ee3f-e149-48ad-a25a-cfbfeaa3016d","phase":"audio_process","status":"end","elapsedMs":305,"durationMs":226,"audioCount":1}
[INFO] [Render:trace] {"renderJobId":"f6c7ee3f-e149-48ad-a25a-cfbfeaa3016d","phase":"file_server","status":"start","elapsedMs":305,"reused":false}
  ██████░░░░░░░░░░░░░░░░░░░  25%  Starting frame capture
[INFO] [Render:trace] {"renderJobId":"f6c7ee3f-e149-48ad-a25a-cfbfeaa3016d","phase":"file_server","status":"end","elapsedMs":311,"durationMs":6}
[hyperframes] browserGpuMode probe → hardware (WebGL renderer vendor="Google Inc. (Apple)" renderer="ANGLE (Apple, ANGLE Metal Renderer: Apple M4, Unspecified Version)")
[INFO] [Render:trace] {"renderJobId":"f6c7ee3f-e149-48ad-a25a-cfbfeaa3016d","phase":"capture_calibration","status":"start","elapsedMs":503,"stagePhase":"calibrating","forceScreenshot":false,"totalFrames":202,"framesCompleted":0,"captureMode":"drawelement","captureOperation":"drawElement"}
[INFO] [Render] Calibration config {"renderJobId":"f6c7ee3f-e149-48ad-a25a-cfbfeaa3016d","protocolTimeout":30000,"parentProtocolTimeout":300000,"forceScreenshot":false,"totalFrames":202}
[INFO] Launching browser for capture calibration... {"renderJobId":"f6c7ee3f-e149-48ad-a25a-cfbfeaa3016d"}
[BrowserManager] Browser launched (HeadlessChrome/152.0.7977.30, screenshot, gl=--use-gl=angle --use-angle=metal, headlessShell=true, platform=darwin)
[INFO] Initializing calibration session... {"renderJobId":"f6c7ee3f-e149-48ad-a25a-cfbfeaa3016d"}
[initSession:screenshot] page.goto start (0ms)
[HyperFrames] render runtime fps [object Object]
[initSession:screenshot] page.goto complete (101ms)
[initSession:screenshot] GSAP proxy flush complete (133ms)
[initSession:screenshot] pollHfReady complete (134ms)
[initSession:screenshot] pollSubCompositionTimelines complete (ready) (135ms)
[initSession:screenshot] applyVideoMetadataHints complete (135ms)
[initSession:screenshot] media + fonts + tailwind ready (136ms)
[initSession:screenshot] timeline at-risk predictor: 24/203 frames (12%) (166ms)
[engine] fast capture: falling back to screenshot capture — 24/203 frames animate a compositor-incompatible prop (blend/3D/clip/mask); drawElementImage drops these mid-animation (deterministic timeline gate; see fast-capture-limitations.md Lim 7)
[initSession:screenshot] static-frame dedup: 116/117 predicted frame(s) reusable (outcome=verified, runs=4/4, screenshots=28, seeks=29, elapsedMs=1111) (1466ms)
[INFO] Calibration session ready, capturing test frames... {"renderJobId":"f6c7ee3f-e149-48ad-a25a-cfbfeaa3016d"}
[INFO] Calibration: capturing test frame 1/5... {"renderJobId":"f6c7ee3f-e149-48ad-a25a-cfbfeaa3016d"}
[INFO] Calibration: capturing test frame 2/5... {"renderJobId":"f6c7ee3f-e149-48ad-a25a-cfbfeaa3016d"}
[INFO] Calibration: capturing test frame 3/5... {"renderJobId":"f6c7ee3f-e149-48ad-a25a-cfbfeaa3016d"}
[INFO] Calibration: capturing test frame 4/5... {"renderJobId":"f6c7ee3f-e149-48ad-a25a-cfbfeaa3016d"}
[INFO] Calibration: capturing test frame 5/5... {"renderJobId":"f6c7ee3f-e149-48ad-a25a-cfbfeaa3016d"}
[INFO] Calibration complete, estimated cost: 50ms/frame (p95) {"renderJobId":"f6c7ee3f-e149-48ad-a25a-cfbfeaa3016d"}
[INFO] [Render:trace] {"renderJobId":"f6c7ee3f-e149-48ad-a25a-cfbfeaa3016d","phase":"capture_calibration","status":"end","elapsedMs":2331,"durationMs":1828,"stagePhase":"calibrating","forceScreenshot":false,"totalFrames":202,"framesCompleted":0,"captureMode":"drawelement","captureOperation":"drawElement"}
[INFO] [Render:trace] {"renderJobId":"f6c7ee3f-e149-48ad-a25a-cfbfeaa3016d","phase":"capture_calibration","status":"checkpoint","elapsedMs":2331,"message":"resolved","forceScreenshot":false,"multiplier":1,"p95Ms":50}
[INFO] [Render:trace] {"renderJobId":"f6c7ee3f-e149-48ad-a25a-cfbfeaa3016d","phase":"worker_resolution","status":"checkpoint","elapsedMs":2332,"message":"resolved","workerCount":5}
[INFO] [Render] Fast capture: default-on drawElement disabled for this render — parallel capture has no runtime self-verification. Set PRODUCER_EXPERIMENTAL_FAST_CAPTURE=true to override. {"renderJobId":"f6c7ee3f-e149-48ad-a25a-cfbfeaa3016d"}
[INFO] streaming-encode gate {"renderJobId":"f6c7ee3f-e149-48ad-a25a-cfbfeaa3016d","enabled":false,"configFlag":true,"outputFormat":"mp4","workerCount":5,"durationSeconds":8.416666666666666,"maxDurationSeconds":240}
[INFO] [Render:trace] {"renderJobId":"f6c7ee3f-e149-48ad-a25a-cfbfeaa3016d","phase":"capture_strategy","status":"checkpoint","elapsedMs":2332,"message":"resolved","workerCount":5,"forceScreenshot":false,"captureBeyondViewport":null,"useStreamingEncode":false,"useLayeredComposite":false,"usePageSideCompositing":false,"hasHdrContent":false,"hasShaderTransitions":false,"isPngSequence":false}
[INFO] [Render:trace] {"renderJobId":"f6c7ee3f-e149-48ad-a25a-cfbfeaa3016d","phase":"capture_disk","status":"start","elapsedMs":2332,"stagePhase":"capturing","needsAlpha":false,"workerCount":5,"forceScreenshot":false,"totalFrames":202,"framesCompleted":0,"captureMode":"beginframe","captureOperation":"beginFrame"}
  ██████░░░░░░░░░░░░░░░░░░░  25%  Capturing frame 0/202 (5 workers)
  ██████░░░░░░░░░░░░░░░░░░░  25%  Capturing frame 0/202 (5 workers)
  ██████░░░░░░░░░░░░░░░░░░░  25%  Capturing frame 0/202 (5 workers)
  ██████░░░░░░░░░░░░░░░░░░░  25%  Capturing frame 0/202 (5 workers)
  ██████░░░░░░░░░░░░░░░░░░░  25%  Capturing frame 0/202 (5 workers)
[BrowserManager] Browser launched (HeadlessChrome/152.0.7977.30, screenshot, gl=--use-gl=angle --use-angle=metal, headlessShell=true, platform=darwin)
  ██████░░░░░░░░░░░░░░░░░░░  25%  Capturing frame 0/202 (5 workers)
[initSession:screenshot] page.goto start (0ms)
  ██████░░░░░░░░░░░░░░░░░░░  25%  Capturing frame 0/202 (5 workers)
  ██████░░░░░░░░░░░░░░░░░░░  25%  Capturing frame 0/202 (5 workers)
[initSession:screenshot] page.goto start (0ms)
  ██████░░░░░░░░░░░░░░░░░░░  25%  Capturing frame 0/202 (5 workers)
  ██████░░░░░░░░░░░░░░░░░░░  25%  Capturing frame 0/202 (5 workers)
[initSession:screenshot] page.goto start (0ms)
  ██████░░░░░░░░░░░░░░░░░░░  25%  Capturing frame 0/202 (5 workers)
  ██████░░░░░░░░░░░░░░░░░░░  25%  Capturing frame 0/202 (5 workers)
[initSession:screenshot] page.goto start (0ms)
  ██████░░░░░░░░░░░░░░░░░░░  25%  Capturing frame 0/202 (5 workers)
  ██████░░░░░░░░░░░░░░░░░░░  25%  Capturing frame 0/202 (5 workers)
[initSession:screenshot] page.goto start (0ms)
  ██████░░░░░░░░░░░░░░░░░░░  25%  Capturing frame 0/202 (5 workers)
[HyperFrames] render runtime fps [object Object]
[HyperFrames] render runtime fps [object Object]
[HyperFrames] render runtime fps [object Object]
[HyperFrames] render runtime fps [object Object]
[HyperFrames] render runtime fps [object Object]
[initSession:screenshot] page.goto complete (171ms)
[initSession:screenshot] page.goto complete (177ms)
[initSession:screenshot] page.goto complete (176ms)
[initSession:screenshot] page.goto complete (179ms)
[initSession:screenshot] page.goto complete (183ms)
[initSession:screenshot] GSAP proxy flush complete (182ms)
[initSession:screenshot] GSAP proxy flush complete (184ms)
[initSession:screenshot] GSAP proxy flush complete (186ms)
[initSession:screenshot] GSAP proxy flush complete (185ms)
[initSession:screenshot] GSAP proxy flush complete (186ms)
[initSession:screenshot] pollHfReady complete (183ms)
[initSession:screenshot] pollHfReady complete (185ms)
[initSession:screenshot] pollHfReady complete (187ms)
[initSession:screenshot] pollHfReady complete (186ms)
[initSession:screenshot] pollHfReady complete (186ms)
[initSession:screenshot] pollSubCompositionTimelines complete (ready) (184ms)
[initSession:screenshot] applyVideoMetadataHints complete (184ms)
[initSession:screenshot] pollSubCompositionTimelines complete (ready) (186ms)
[initSession:screenshot] applyVideoMetadataHints complete (186ms)
[initSession:screenshot] pollSubCompositionTimelines complete (ready) (189ms)
[initSession:screenshot] applyVideoMetadataHints complete (189ms)
[initSession:screenshot] pollSubCompositionTimelines complete (ready) (188ms)
[initSession:screenshot] applyVideoMetadataHints complete (188ms)
[initSession:screenshot] pollSubCompositionTimelines complete (ready) (188ms)
[initSession:screenshot] applyVideoMetadataHints complete (188ms)
[initSession:screenshot] media + fonts + tailwind ready (186ms)
[initSession:screenshot] media + fonts + tailwind ready (188ms)
[initSession:screenshot] media + fonts + tailwind ready (191ms)
[initSession:screenshot] media + fonts + tailwind ready (190ms)
[initSession:screenshot] media + fonts + tailwind ready (190ms)
[initSession:screenshot] static-frame dedup: 116/117 predicted frame(s) reusable (outcome=verified, runs=4/4, screenshots=28, seeks=29, elapsedMs=1126) (1514ms)
  ██████░░░░░░░░░░░░░░░░░░░  25%  Capturing frame 0/202 (5 workers)
[initSession:screenshot] static-frame dedup: 116/117 predicted frame(s) reusable (outcome=verified, runs=4/4, screenshots=28, seeks=29, elapsedMs=1143) (1539ms)
  ██████░░░░░░░░░░░░░░░░░░░  25%  Capturing frame 0/202 (5 workers)
[initSession:screenshot] static-frame dedup: 116/117 predicted frame(s) reusable (outcome=verified, runs=4/4, screenshots=28, seeks=29, elapsedMs=1143) (1621ms)
[initSession:screenshot] static-frame dedup: 116/117 predicted frame(s) reusable (outcome=verified, runs=4/4, screenshots=28, seeks=29, elapsedMs=1159) (1634ms)
[initSession:screenshot] static-frame dedup: 116/117 predicted frame(s) reusable (outcome=verified, runs=4/4, screenshots=28, seeks=29, elapsedMs=1184) (1723ms)
  ████████░░░░░░░░░░░░░░░░░  32%  Capturing frame 30/202 (5 workers)
  █████████░░░░░░░░░░░░░░░░  38%  Capturing frame 60/202 (5 workers)
  ███████████░░░░░░░░░░░░░░  45%  Capturing frame 90/202 (5 workers)
[static-dedup] reused 26/38 frame(s) (68%), est. ~1144ms saved (avg 44ms/frame)
  █████████████░░░░░░░░░░░░  52%  Capturing frame 120/202 (5 workers)
[static-dedup] reused 30/41 frame(s) (73%), est. ~1350ms saved (avg 45ms/frame)
  ██████████████░░░░░░░░░░░  58%  Capturing frame 150/202 (5 workers)
  ████████████████░░░░░░░░░  65%  Capturing frame 180/202 (5 workers)
[static-dedup] reused 25/41 frame(s) (61%), est. ~1100ms saved (avg 44ms/frame)
[static-dedup] reused 20/41 frame(s) (49%), est. ~860ms saved (avg 43ms/frame)
  █████████████████░░░░░░░░  70%  Capturing frame 202/202 (5 workers)
[static-dedup] reused 13/41 frame(s) (32%), est. ~572ms saved (avg 44ms/frame)
[INFO] [Render:trace] {"renderJobId":"f6c7ee3f-e149-48ad-a25a-cfbfeaa3016d","phase":"capture_disk","status":"end","elapsedMs":5340,"durationMs":3008,"stagePhase":"capturing","needsAlpha":false,"workerCount":5,"forceScreenshot":false,"totalFrames":202,"framesCompleted":202,"captureMode":"beginframe","captureOperation":"encode"}
[INFO] [Render:trace] {"renderJobId":"f6c7ee3f-e149-48ad-a25a-cfbfeaa3016d","phase":"encode","status":"start","elapsedMs":5340,"stagePhase":"capturing","hasAudio":true,"isPngSequence":false,"isGif":false,"chunkedEncode":false,"workerCount":5,"forceScreenshot":false,"totalFrames":202,"framesCompleted":202,"captureMode":"beginframe","captureOperation":"encode"}
  ██████████████████░░░░░░░  75%  Encoding video
[INFO] [Render:trace] {"renderJobId":"f6c7ee3f-e149-48ad-a25a-cfbfeaa3016d","phase":"encode","status":"end","elapsedMs":5704,"durationMs":364,"stagePhase":"capturing","hasAudio":true,"isPngSequence":false,"isGif":false,"chunkedEncode":false,"workerCount":5,"forceScreenshot":false,"totalFrames":202,"framesCompleted":202,"captureMode":"beginframe","captureOperation":"encode"}
[INFO] [Render:trace] {"renderJobId":"f6c7ee3f-e149-48ad-a25a-cfbfeaa3016d","phase":"assemble","status":"start","elapsedMs":5705,"stagePhase":"capturing","hasAudio":true,"workerCount":5,"forceScreenshot":false,"totalFrames":202,"framesCompleted":202,"captureMode":"beginframe","captureOperation":"encode"}
  ██████████████████████░░░  90%  Assembling final video
[INFO] [Render:trace] {"renderJobId":"f6c7ee3f-e149-48ad-a25a-cfbfeaa3016d","phase":"assemble","status":"end","elapsedMs":5963,"durationMs":258,"stagePhase":"capturing","hasAudio":true,"workerCount":5,"forceScreenshot":false,"totalFrames":202,"framesCompleted":202,"captureMode":"beginframe","captureOperation":"encode"}
[INFO] [Render:trace] {"renderJobId":"f6c7ee3f-e149-48ad-a25a-cfbfeaa3016d","phase":"pipeline","status":"checkpoint","elapsedMs":5985,"message":"artifact validated","totalElapsedMs":5984}
  █████████████████████████  100%  Render complete

◇  /Users/brownmanbrain/GitHub/operator-economy/blueprint-cinema/experiments/EP007-NET-NEW-UNFINISHED-ANSWER-003/hyperframes/reviews/r50-records/qa/rebuild/r50-records.mp4
   462.5 KB · 8.4s video · rendered in 6.0s
