
◆  Rendering seg020 → /Users/brownmanbrain/GitHub/operator-economy/blueprint-cinema/experiments/EP009-FULL-BUILD-001/scenes/seg020/qa/seg020.mp4
   24fps · high · auto workers (10 cores detected)
   GPU: browser GPU (auto-detect)

[?25l│
◇  Browser: cache
[?25h  █░░░░░░░░░░░░░░░░░░░░░░░░  5%  Compiling composition
  ██░░░░░░░░░░░░░░░░░░░░░░░  10%  Extracting video frames
  █████░░░░░░░░░░░░░░░░░░░░  20%  Processing audio tracks
  ██████░░░░░░░░░░░░░░░░░░░  25%  Starting frame capture
[BrowserManager] Browser launched (HeadlessChrome/152.0.7977.30, screenshot, gl=--use-gl=angle --use-angle=metal, headlessShell=true, platform=darwin)
[initSession:screenshot] page.goto start (0ms)
[HyperFrames] render runtime fps [object Object]
[initSession:screenshot] page.goto complete (94ms)
[initSession:screenshot] GSAP proxy flush complete (122ms)
[initSession:screenshot] pollHfReady complete (123ms)
[initSession:screenshot] pollSubCompositionTimelines complete (ready) (124ms)
[initSession:screenshot] applyVideoMetadataHints complete (124ms)
[initSession:screenshot] media + fonts + tailwind ready (127ms)
[initSession:screenshot] timeline at-risk predictor: 0/507 frames (0%) (151ms)
[initSession:screenshot] static-frame dedup: 362/364 predicted frame(s) reusable (outcome=verified, runs=7/7, screenshots=31, seeks=32, elapsedMs=1218) (1550ms)
[initSession:screenshot] drawElement self-verify armed: 4 ground-truth frame(s) @ [127, 254, 380, 482] of 507 (1925ms)
[initSession:drawelement] drawElement canvas injected (1926ms)
[initSession:drawelement] screenshot fallback: 5 clip-boundary frame(s) (1926ms)
[initSession:drawelement] drawElement worker encode initialized (1929ms)
  ██████░░░░░░░░░░░░░░░░░░░  25%  Capturing frame 0/507 (4 workers)
  ██████░░░░░░░░░░░░░░░░░░░  25%  Capturing frame 0/507 (4 workers)
  ██████░░░░░░░░░░░░░░░░░░░  25%  Capturing frame 0/507 (4 workers)
  ██████░░░░░░░░░░░░░░░░░░░  25%  Capturing frame 0/507 (4 workers)
[BrowserManager] Browser launched (HeadlessChrome/152.0.7977.30, screenshot, gl=--use-gl=angle --use-angle=metal, headlessShell=true, platform=darwin)
  ██████░░░░░░░░░░░░░░░░░░░  25%  Capturing frame 0/507 (4 workers)
[initSession:screenshot] page.goto start (0ms)
  ██████░░░░░░░░░░░░░░░░░░░  25%  Capturing frame 0/507 (4 workers)
  ██████░░░░░░░░░░░░░░░░░░░  25%  Capturing frame 0/507 (4 workers)
[initSession:screenshot] page.goto start (0ms)
  ██████░░░░░░░░░░░░░░░░░░░  25%  Capturing frame 0/507 (4 workers)
  ██████░░░░░░░░░░░░░░░░░░░  25%  Capturing frame 0/507 (4 workers)
[initSession:screenshot] page.goto start (0ms)
  ██████░░░░░░░░░░░░░░░░░░░  25%  Capturing frame 0/507 (4 workers)
  ██████░░░░░░░░░░░░░░░░░░░  25%  Capturing frame 0/507 (4 workers)
[initSession:screenshot] page.goto start (0ms)
  ██████░░░░░░░░░░░░░░░░░░░  25%  Capturing frame 0/507 (4 workers)
[HyperFrames] render runtime fps [object Object]
[HyperFrames] render runtime fps [object Object]
[HyperFrames] render runtime fps [object Object]
[HyperFrames] render runtime fps [object Object]
[initSession:screenshot] page.goto complete (120ms)
[initSession:screenshot] page.goto complete (122ms)
[initSession:screenshot] page.goto complete (123ms)
[initSession:screenshot] page.goto complete (132ms)
[initSession:screenshot] GSAP proxy flush complete (144ms)
[initSession:screenshot] GSAP proxy flush complete (144ms)
[initSession:screenshot] GSAP proxy flush complete (143ms)
[initSession:screenshot] GSAP proxy flush complete (145ms)
[initSession:screenshot] pollHfReady complete (145ms)
[initSession:screenshot] pollHfReady complete (145ms)
[initSession:screenshot] pollHfReady complete (144ms)
[initSession:screenshot] pollHfReady complete (145ms)
[initSession:screenshot] pollSubCompositionTimelines complete (ready) (146ms)
[initSession:screenshot] applyVideoMetadataHints complete (146ms)
[initSession:screenshot] pollSubCompositionTimelines complete (ready) (146ms)
[initSession:screenshot] applyVideoMetadataHints complete (146ms)
[initSession:screenshot] pollSubCompositionTimelines complete (ready) (146ms)
[initSession:screenshot] applyVideoMetadataHints complete (146ms)
[initSession:screenshot] pollSubCompositionTimelines complete (ready) (147ms)
[initSession:screenshot] applyVideoMetadataHints complete (147ms)
[initSession:screenshot] media + fonts + tailwind ready (148ms)
[initSession:screenshot] media + fonts + tailwind ready (148ms)
[initSession:screenshot] media + fonts + tailwind ready (147ms)
[initSession:screenshot] media + fonts + tailwind ready (148ms)
[initSession:screenshot] static-frame dedup: 362/364 predicted frame(s) reusable (outcome=verified, runs=7/7, screenshots=31, seeks=32, elapsedMs=1197) (1489ms)
  ██████░░░░░░░░░░░░░░░░░░░  25%  Capturing frame 0/507 (4 workers)
  ███████░░░░░░░░░░░░░░░░░░  28%  Capturing frame 30/507 (4 workers)
  ███████░░░░░░░░░░░░░░░░░░  30%  Capturing frame 60/507 (4 workers)
[initSession:screenshot] static-frame dedup: 362/364 predicted frame(s) reusable (outcome=verified, runs=7/7, screenshots=31, seeks=32, elapsedMs=1228) (1621ms)
[initSession:screenshot] static-frame dedup: 362/364 predicted frame(s) reusable (outcome=verified, runs=7/7, screenshots=31, seeks=32, elapsedMs=1245) (1638ms)
[initSession:screenshot] static-frame dedup: 362/364 predicted frame(s) reusable (outcome=verified, runs=7/7, screenshots=31, seeks=32, elapsedMs=1258) (1652ms)
  ████████░░░░░░░░░░░░░░░░░  33%  Capturing frame 90/507 (4 workers)
  █████████░░░░░░░░░░░░░░░░  36%  Capturing frame 120/507 (4 workers)
  █████████░░░░░░░░░░░░░░░░  38%  Capturing frame 150/507 (4 workers)
  ██████████░░░░░░░░░░░░░░░  41%  Capturing frame 180/507 (4 workers)
  ███████████░░░░░░░░░░░░░░  44%  Capturing frame 210/507 (4 workers)
  ███████████░░░░░░░░░░░░░░  46%  Capturing frame 240/507 (4 workers)
  ████████████░░░░░░░░░░░░░  49%  Capturing frame 270/507 (4 workers)
  █████████████░░░░░░░░░░░░  52%  Capturing frame 300/507 (4 workers)
  █████████████░░░░░░░░░░░░  54%  Capturing frame 330/507 (4 workers)
[static-dedup] reused 104/127 frame(s) (82%), est. ~4264ms saved (avg 41ms/frame)
  ██████████████░░░░░░░░░░░  57%  Capturing frame 360/507 (4 workers)
  ███████████████░░░░░░░░░░  60%  Capturing frame 390/507 (4 workers)
  ███████████████░░░░░░░░░░  62%  Capturing frame 420/507 (4 workers)
  ████████████████░░░░░░░░░  65%  Capturing frame 450/507 (4 workers)
  █████████████████░░░░░░░░  68%  Capturing frame 480/507 (4 workers)
[static-dedup] reused 87/127 frame(s) (69%), est. ~3654ms saved (avg 42ms/frame)
[static-dedup] reused 90/127 frame(s) (71%), est. ~3780ms saved (avg 42ms/frame)
  █████████████████░░░░░░░░  70%  Capturing frame 507/507 (4 workers)
[static-dedup] reused 79/126 frame(s) (63%), est. ~3239ms saved (avg 41ms/frame)
  ██████████████████░░░░░░░  75%  Encoding video
  ██████████████████████░░░  90%  Assembling final video
  █████████████████████████  100%  Render complete

◇  /Users/brownmanbrain/GitHub/operator-economy/blueprint-cinema/experiments/EP009-FULL-BUILD-001/scenes/seg020/qa/seg020.mp4
   821.0 KB · 21.1s video · rendered in 8.0s
[INFO] [Render] Pipeline started {"renderJobId":"81ff6096-8765-4516-a5ed-08ffb029aa83","platform":"darwin","arch":"arm64","nodeVersion":"v25.6.1","fps":{"num":24,"den":1},"format":"mp4","quality":"high","browserGpuMode":"auto","forceScreenshot":false,"protocolTimeout":300000,"browserTimeout":120000,"pageNavigationTimeout":60000,"playerReadyTimeout":45000}
[INFO] [Render:trace] {"renderJobId":"81ff6096-8765-4516-a5ed-08ffb029aa83","phase":"pipeline","status":"checkpoint","elapsedMs":1,"message":"started","format":"mp4","quality":"high","browserGpuMode":"auto","forceScreenshot":false,"protocolTimeoutMs":300000,"pageNavigationTimeoutMs":60000,"playerReadyTimeoutMs":45000,"requestedWorkers":"auto"}
[INFO] [Render:trace] {"renderJobId":"81ff6096-8765-4516-a5ed-08ffb029aa83","phase":"compile","status":"start","elapsedMs":2,"needsAlpha":false}
[INFO] [Compiler] Embedded local font file: public/fonts/boska-700.woff2 (30 KB → data URI)
[INFO] [Compiler] Embedded local font file: public/fonts/supreme-400.woff2 (18 KB → data URI)
[INFO] [Compiler] Embedded local font file: public/fonts/supreme-500.woff2 (18 KB → data URI)
[INFO] Compiled composition metadata {"renderJobId":"81ff6096-8765-4516-a5ed-08ffb029aa83","entryFile":"index.html","staticDuration":21.125,"width":1280,"height":720,"videoCount":0,"audioCount":1,"renderModeHints":{"recommendScreenshot":false,"reasons":[]}}
[INFO] [Render:trace] {"renderJobId":"81ff6096-8765-4516-a5ed-08ffb029aa83","phase":"compile","status":"end","elapsedMs":62,"durationMs":60,"needsAlpha":false}
[INFO] [Render:trace] {"renderJobId":"81ff6096-8765-4516-a5ed-08ffb029aa83","phase":"compile","status":"checkpoint","elapsedMs":63,"message":"composition metadata resolved","width":1280,"height":720,"videoCount":0,"audioCount":1,"imageCount":0,"deviceScaleFactor":1,"forceScreenshot":false,"compositionHash":"0bb6f943fe58fec7"}
[INFO] [Render:trace] {"renderJobId":"81ff6096-8765-4516-a5ed-08ffb029aa83","phase":"browser_probe","status":"start","elapsedMs":63,"forceScreenshot":false,"stagePhase":"calibrating"}
[INFO] [Render:trace] {"renderJobId":"81ff6096-8765-4516-a5ed-08ffb029aa83","phase":"browser_probe","status":"end","elapsedMs":67,"durationMs":4,"forceScreenshot":false,"stagePhase":"calibrating"}
[INFO] [Render:trace] {"renderJobId":"81ff6096-8765-4516-a5ed-08ffb029aa83","phase":"browser_probe","status":"checkpoint","elapsedMs":67,"message":"duration resolved","durationSeconds":21.125,"totalFrames":507,"compositionHash":"0bb6f943fe58fec7","beginFrameStalled":false}
[INFO] [Render:trace] {"renderJobId":"81ff6096-8765-4516-a5ed-08ffb029aa83","phase":"video_extract","status":"start","elapsedMs":67,"videoCount":0}
[INFO] [Render:trace] {"renderJobId":"81ff6096-8765-4516-a5ed-08ffb029aa83","phase":"video_extract","status":"end","elapsedMs":67,"durationMs":0,"videoCount":0}
[INFO] [Render:trace] {"renderJobId":"81ff6096-8765-4516-a5ed-08ffb029aa83","phase":"video_extract","status":"checkpoint","elapsedMs":68,"message":"frames resolved","videoCount":0,"extractedVideoCount":0,"totalFramesExtracted":0,"maxFramesPerVideo":0,"avgFramesPerExtractedVideo":null,"vfrPreflightCount":null,"vfrPreflightMs":null,"cacheHits":null,"cacheMisses":null,"transientRetries":null,"minVideoFrameCoverageRatio":null,"authoredTimedClipCount":2}
[INFO] [Render] No HDR sources detected — rendering SDR {"renderJobId":"81ff6096-8765-4516-a5ed-08ffb029aa83"}
[INFO] [Render:trace] {"renderJobId":"81ff6096-8765-4516-a5ed-08ffb029aa83","phase":"hdr_detection","status":"checkpoint","elapsedMs":68,"message":"resolved","requestedHdrMode":"auto","effectiveHdr":"sdr","nativeHdrVideoCount":0,"nativeHdrImageCount":0}
[INFO] [Render:trace] {"renderJobId":"81ff6096-8765-4516-a5ed-08ffb029aa83","phase":"audio_process","status":"start","elapsedMs":68,"audioCount":1}
[INFO] [Render:trace] {"renderJobId":"81ff6096-8765-4516-a5ed-08ffb029aa83","phase":"audio_process","status":"end","elapsedMs":527,"durationMs":459,"audioCount":1}
[INFO] [Render:trace] {"renderJobId":"81ff6096-8765-4516-a5ed-08ffb029aa83","phase":"file_server","status":"start","elapsedMs":527,"reused":false}
[INFO] [Render:trace] {"renderJobId":"81ff6096-8765-4516-a5ed-08ffb029aa83","phase":"file_server","status":"end","elapsedMs":533,"durationMs":6}
[hyperframes] browserGpuMode probe → hardware (WebGL renderer vendor="Google Inc. (Apple)" renderer="ANGLE (Apple, ANGLE Metal Renderer: Apple M4, Unspecified Version)")
[INFO] [Render:trace] {"renderJobId":"81ff6096-8765-4516-a5ed-08ffb029aa83","phase":"capture_calibration","status":"start","elapsedMs":672,"stagePhase":"calibrating","forceScreenshot":false,"totalFrames":507,"framesCompleted":0,"captureMode":"drawelement","captureOperation":"drawElement"}
[INFO] [Render] Calibration config {"renderJobId":"81ff6096-8765-4516-a5ed-08ffb029aa83","protocolTimeout":30000,"parentProtocolTimeout":300000,"forceScreenshot":false,"totalFrames":507}
[INFO] Launching browser for capture calibration... {"renderJobId":"81ff6096-8765-4516-a5ed-08ffb029aa83"}
[INFO] Initializing calibration session... {"renderJobId":"81ff6096-8765-4516-a5ed-08ffb029aa83"}
[INFO] Calibration session ready, capturing test frames... {"renderJobId":"81ff6096-8765-4516-a5ed-08ffb029aa83"}
[INFO] Calibration: capturing test frame 1/5... {"renderJobId":"81ff6096-8765-4516-a5ed-08ffb029aa83"}
[INFO] Calibration: capturing test frame 2/5... {"renderJobId":"81ff6096-8765-4516-a5ed-08ffb029aa83"}
[INFO] Calibration: capturing test frame 3/5... {"renderJobId":"81ff6096-8765-4516-a5ed-08ffb029aa83"}
[INFO] Calibration: capturing test frame 4/5... {"renderJobId":"81ff6096-8765-4516-a5ed-08ffb029aa83"}
[INFO] Calibration: capturing test frame 5/5... {"renderJobId":"81ff6096-8765-4516-a5ed-08ffb029aa83"}
[INFO] Calibration complete, estimated cost: 24ms/frame (p95) {"renderJobId":"81ff6096-8765-4516-a5ed-08ffb029aa83"}
[INFO] [Render:trace] {"renderJobId":"81ff6096-8765-4516-a5ed-08ffb029aa83","phase":"capture_calibration","status":"end","elapsedMs":2872,"durationMs":2200,"stagePhase":"calibrating","forceScreenshot":false,"totalFrames":507,"framesCompleted":0,"captureMode":"drawelement","captureOperation":"drawElement"}
[INFO] [Render:trace] {"renderJobId":"81ff6096-8765-4516-a5ed-08ffb029aa83","phase":"capture_calibration","status":"checkpoint","elapsedMs":2872,"message":"resolved","forceScreenshot":false,"multiplier":1,"p95Ms":24}
[INFO] [Render:trace] {"renderJobId":"81ff6096-8765-4516-a5ed-08ffb029aa83","phase":"worker_resolution","status":"checkpoint","elapsedMs":2873,"message":"resolved","workerCount":4}
[INFO] [Render] Fast capture: default-on drawElement disabled for this render — parallel capture has no runtime self-verification. Set PRODUCER_EXPERIMENTAL_FAST_CAPTURE=true to override. {"renderJobId":"81ff6096-8765-4516-a5ed-08ffb029aa83"}
[INFO] streaming-encode gate {"renderJobId":"81ff6096-8765-4516-a5ed-08ffb029aa83","enabled":false,"configFlag":true,"outputFormat":"mp4","workerCount":4,"durationSeconds":21.125,"maxDurationSeconds":240}
[INFO] [Render:trace] {"renderJobId":"81ff6096-8765-4516-a5ed-08ffb029aa83","phase":"capture_strategy","status":"checkpoint","elapsedMs":2873,"message":"resolved","workerCount":4,"forceScreenshot":false,"captureBeyondViewport":null,"useStreamingEncode":false,"useLayeredComposite":false,"usePageSideCompositing":false,"hasHdrContent":false,"hasShaderTransitions":false,"isPngSequence":false}
[INFO] [Render:trace] {"renderJobId":"81ff6096-8765-4516-a5ed-08ffb029aa83","phase":"capture_disk","status":"start","elapsedMs":2873,"stagePhase":"capturing","needsAlpha":false,"workerCount":4,"forceScreenshot":false,"totalFrames":507,"framesCompleted":0,"captureMode":"beginframe","captureOperation":"beginFrame"}
[INFO] [Render:trace] {"renderJobId":"81ff6096-8765-4516-a5ed-08ffb029aa83","phase":"capture_disk","status":"end","elapsedMs":6725,"durationMs":3852,"stagePhase":"capturing","needsAlpha":false,"workerCount":4,"forceScreenshot":false,"totalFrames":507,"framesCompleted":507,"captureMode":"beginframe","captureOperation":"encode"}
[INFO] [Render:trace] {"renderJobId":"81ff6096-8765-4516-a5ed-08ffb029aa83","phase":"encode","status":"start","elapsedMs":6725,"stagePhase":"capturing","hasAudio":true,"isPngSequence":false,"isGif":false,"chunkedEncode":false,"workerCount":4,"forceScreenshot":false,"totalFrames":507,"framesCompleted":507,"captureMode":"beginframe","captureOperation":"encode"}
[INFO] [Render:trace] {"renderJobId":"81ff6096-8765-4516-a5ed-08ffb029aa83","phase":"encode","status":"end","elapsedMs":7400,"durationMs":674,"stagePhase":"capturing","hasAudio":true,"isPngSequence":false,"isGif":false,"chunkedEncode":false,"workerCount":4,"forceScreenshot":false,"totalFrames":507,"framesCompleted":507,"captureMode":"beginframe","captureOperation":"encode"}
[INFO] [Render:trace] {"renderJobId":"81ff6096-8765-4516-a5ed-08ffb029aa83","phase":"assemble","status":"start","elapsedMs":7401,"stagePhase":"capturing","hasAudio":true,"workerCount":4,"forceScreenshot":false,"totalFrames":507,"framesCompleted":507,"captureMode":"beginframe","captureOperation":"encode"}
[INFO] [Render:trace] {"renderJobId":"81ff6096-8765-4516-a5ed-08ffb029aa83","phase":"assemble","status":"end","elapsedMs":7898,"durationMs":497,"stagePhase":"capturing","hasAudio":true,"workerCount":4,"forceScreenshot":false,"totalFrames":507,"framesCompleted":507,"captureMode":"beginframe","captureOperation":"encode"}
[INFO] [Render:trace] {"renderJobId":"81ff6096-8765-4516-a5ed-08ffb029aa83","phase":"pipeline","status":"checkpoint","elapsedMs":7922,"message":"artifact validated","totalElapsedMs":7919}
