Input #0, mov,mp4,m4a,3gp,3g2,mj2, from 'blueprint-cinema/experiments/EP006-POLISH-002-coverage-first-return-loop/delivery/EP006_POLISH_002_COVERAGE_FIRST_RETURN_LOOP_REVIEW.mp4':
  Metadata:
    major_brand     : isom
    minor_version   : 512
    compatible_brands: isomiso2avc1mp41
    creation_time   : 2026-08-21T12:59:21.000000Z
    encoder         : Blackmagic Design DaVinci Resolve
  Duration: 00:00:30.46, start: 0.000000, bitrate: 18308 kb/s
  Stream #0:0[0x1](und): Video: h264 (High) (avc1 / 0x31637661), yuv420p(tv, bt709/bt709/unknown, progressive), 1920x1080, 18021 kb/s, SAR 1:1 DAR 16:9, 30 fps, 30 tbr, 15360 tbn (default)
    Metadata:
      creation_time   : 2026-08-21T12:59:21.000000Z
      handler_name    : VideoHandler
      encoder         : H.264
      timecode        : 01:00:00:00
  Stream #0:1[0x2](und): Audio: aac (LC) (mp4a / 0x6134706D), 48000 Hz, stereo, fltp, 320 kb/s (default)
    Metadata:
      creation_time   : 2026-08-21T12:59:21.000000Z
      handler_name    : SoundHandler
  Stream #0:2[0x3](eng): Data: none (tmcd / 0x64636D74), 0 kb/s (default)
    Metadata:
      creation_time   : 2026-08-21T12:59:21.000000Z
      handler_name    : TimeCodeHandler
      timecode        : 01:00:00:00
Stream mapping:
  Stream #0:0 -> #0:0 (h264 (native) -> wrapped_avframe (native))
Press [q] to stop, [?] for help
Output #0, null, to 'pipe:':
  Metadata:
    major_brand     : isom
    minor_version   : 512
    compatible_brands: isomiso2avc1mp41
    encoder         : Lavf62.12.101
  Stream #0:0(und): Video: wrapped_avframe, yuv420p(tv, bt709/bt709/unknown, progressive), 1920x1080 [SAR 1:1 DAR 16:9], q=2-31, 200 kb/s, 30 fps, 30 tbn (default)
    Metadata:
      encoder         : Lavc62.28.101 wrapped_avframe
      creation_time   : 2026-08-21T12:59:21.000000Z
      handler_name    : VideoHandler
      timecode        : 01:00:00:00
[Parsed_freezedetect_1 @ 0xa26c71e00] lavfi.freezedetect.freeze_start: 14.033333
[Parsed_freezedetect_1 @ 0xa26c71e00] lavfi.freezedetect.freeze_duration: 0.1
[Parsed_freezedetect_1 @ 0xa26c71e00] lavfi.freezedetect.freeze_end: 14.133333
[Parsed_freezedetect_1 @ 0xa26c71e00] lavfi.freezedetect.freeze_start: 14.433333
[Parsed_freezedetect_1 @ 0xa26c71e00] lavfi.freezedetect.freeze_duration: 0.1
[Parsed_freezedetect_1 @ 0xa26c71e00] lavfi.freezedetect.freeze_end: 14.533333
[Parsed_freezedetect_1 @ 0xa26c71e00] lavfi.freezedetect.freeze_start: 14.6
[Parsed_freezedetect_1 @ 0xa26c71e00] lavfi.freezedetect.freeze_duration: 0.1
[Parsed_freezedetect_1 @ 0xa26c71e00] lavfi.freezedetect.freeze_end: 14.7
[Parsed_freezedetect_1 @ 0xa26c71e00] lavfi.freezedetect.freeze_start: 14.833333
[Parsed_freezedetect_1 @ 0xa26c71e00] lavfi.freezedetect.freeze_duration: 0.1
[Parsed_freezedetect_1 @ 0xa26c71e00] lavfi.freezedetect.freeze_end: 14.933333
[Parsed_freezedetect_1 @ 0xa26c71e00] lavfi.freezedetect.freeze_start: 15
[Parsed_freezedetect_1 @ 0xa26c71e00] lavfi.freezedetect.freeze_duration: 0.1
[Parsed_freezedetect_1 @ 0xa26c71e00] lavfi.freezedetect.freeze_end: 15.1
[Parsed_freezedetect_1 @ 0xa26c71e00] lavfi.freezedetect.freeze_start: 15.333333
[Parsed_freezedetect_1 @ 0xa26c71e00] lavfi.freezedetect.freeze_duration: 1
[Parsed_freezedetect_1 @ 0xa26c71e00] lavfi.freezedetect.freeze_end: 16.333333
[Parsed_freezedetect_1 @ 0xa26c71e00] lavfi.freezedetect.freeze_start: 18.766667
[Parsed_freezedetect_1 @ 0xa26c71e00] lavfi.freezedetect.freeze_duration: 0.1
[Parsed_freezedetect_1 @ 0xa26c71e00] lavfi.freezedetect.freeze_end: 18.866667
[Parsed_freezedetect_1 @ 0xa26c71e00] lavfi.freezedetect.freeze_start: 18.933333
[Parsed_freezedetect_1 @ 0xa26c71e00] lavfi.freezedetect.freeze_duration: 0.1
[Parsed_freezedetect_1 @ 0xa26c71e00] lavfi.freezedetect.freeze_end: 19.033333
[Parsed_freezedetect_1 @ 0xa26c71e00] lavfi.freezedetect.freeze_start: 19.766667
[Parsed_freezedetect_1 @ 0xa26c71e00] lavfi.freezedetect.freeze_duration: 0.1
[Parsed_freezedetect_1 @ 0xa26c71e00] lavfi.freezedetect.freeze_end: 19.866667
[out#0/null @ 0xa26c70300] video:378KiB audio:0KiB subtitle:0KiB other streams:0KiB global headers:0KiB muxing overhead: unknown
frame=  912 fps=593 q=-0.0 Lsize=N/A time=00:00:30.40 bitrate=N/A speed=19.8x elapsed=0:00:01.53    
