load_backend: loaded BLAS backend from /opt/homebrew/Cellar/ggml/0.13.1/libexec/libggml-blas.so
ggml_metal_device_init: tensor API disabled for pre-M5 and pre-A19 devices
ggml_metal_library_init: using embedded metal library
ggml_metal_library_init: loaded in 0.040 sec
ggml_metal_rsets_init: creating a residency set collection (keep_alive = 180 s)
ggml_metal_device_init: GPU name:   MTL0 (Apple M4)
ggml_metal_device_init: GPU family: MTLGPUFamilyApple9  (1009)
ggml_metal_device_init: GPU family: MTLGPUFamilyCommon3 (3003)
ggml_metal_device_init: GPU family: MTLGPUFamilyMetal4  (5002)
ggml_metal_device_init: simdgroup reduction   = true
ggml_metal_device_init: simdgroup matrix mul. = true
ggml_metal_device_init: has unified memory    = true
ggml_metal_device_init: has bfloat            = true
ggml_metal_device_init: has tensor            = false
ggml_metal_device_init: use residency sets    = true
ggml_metal_device_init: use shared buffers    = true
ggml_metal_device_init: recommendedMaxWorkingSetSize  = 12713.12 MB
load_backend: loaded MTL backend from /opt/homebrew/Cellar/ggml/0.13.1/libexec/libggml-metal.so
load_backend: loaded CPU backend from /opt/homebrew/Cellar/ggml/0.13.1/libexec/libggml-cpu-apple_m4.so
whisper_init_from_file_with_params_no_state: loading model from '/Users/brownmanbrain/.cache/hyperframes/whisper/models/ggml-medium.en.bin'
whisper_init_with_params_no_state: use gpu    = 1
whisper_init_with_params_no_state: flash attn = 0
whisper_init_with_params_no_state: gpu_device = 0
whisper_init_with_params_no_state: dtw        = 1
whisper_init_with_params_no_state: devices    = 3
whisper_init_with_params_no_state: backends   = 3
whisper_model_load: loading model
whisper_model_load: n_vocab       = 51864
whisper_model_load: n_audio_ctx   = 1500
whisper_model_load: n_audio_state = 1024
whisper_model_load: n_audio_head  = 16
whisper_model_load: n_audio_layer = 24
whisper_model_load: n_text_ctx    = 448
whisper_model_load: n_text_state  = 1024
whisper_model_load: n_text_head   = 16
whisper_model_load: n_text_layer  = 24
whisper_model_load: n_mels        = 80
whisper_model_load: ftype         = 1
whisper_model_load: qntvr         = 0
whisper_model_load: type          = 4 (medium)
whisper_model_load: adding 1607 extra tokens
whisper_model_load: n_langs       = 99
whisper_model_load:         MTL0 total size =  1533.14 MB
whisper_model_load: model size    = 1533.14 MB
whisper_backend_init_gpu: device 0: BLAS (type: 3)
whisper_backend_init_gpu: device 1: MTL0 (type: 1)
whisper_backend_init_gpu: found GPU device 1: MTL0 (type: 1, cnt: 0)
whisper_backend_init_gpu: using MTL0 backend
ggml_metal_init: allocating
ggml_metal_init: found device: Apple M4
ggml_metal_init: picking default device: Apple M4
ggml_metal_init: use fusion         = true
ggml_metal_init: use concurrency    = true
ggml_metal_init: use graph optimize = true
whisper_backend_init: using BLAS backend
whisper_init_state: kv self size  =   50.33 MB
whisper_init_state: kv cross size =  150.99 MB
whisper_init_state: kv pad  size  =    6.29 MB
whisper_init_state: alignment heads masks size = 1152 B
whisper_init_state: compute buffer (conv)   =   29.53 MB
whisper_init_state: compute buffer (encode) =  176.31 MB
whisper_init_state: compute buffer (cross)  =   87.61 MB
whisper_init_state: compute buffer (decode) =  439.02 MB

system_info: n_threads = 2 / 10 | WHISPER : COREML = 0 | OPENVINO = 0 | MTL : EMBED_LIBRARY = 1 | CPU : NEON = 1 | ARM_FMA = 1 | FP16_VA = 1 | MATMUL_INT8 = 1 | DOTPROD = 1 | SME = 1 | ACCELERATE = 1 | OPENMP = 1 | REPACK = 1 | 

main: processing 'blueprint-cinema/experiments/EP009-FULL-BUILD-001/presenter-look-transfer/P08-corrected/lexical-phonetic-audit-r1/context3p75to5p75.wav' (32000 samples, 2.0 sec), 2 threads, 1 processors, 5 beams + best of 5, lang = en, task = transcribe, timestamps = 1 ...

output_json: saving output to 'blueprint-cinema/experiments/EP009-FULL-BUILD-001/presenter-look-transfer/P08-corrected/lexical-phonetic-audit-r1/context-medium-dtw.json'

whisper_print_timings:     load time =  1922.43 ms
whisper_print_timings:     fallbacks =   0 p /   0 h
whisper_print_timings:      mel time =     3.85 ms
whisper_print_timings:   sample time =    17.74 ms /    55 runs (     0.32 ms per run)
whisper_print_timings:   encode time =  1294.73 ms /     1 runs (  1294.73 ms per run)
whisper_print_timings:   decode time =    24.75 ms /     1 runs (    24.75 ms per run)
whisper_print_timings:   batchd time =   510.82 ms /    62 runs (     8.24 ms per run)
whisper_print_timings:   prompt time =     0.00 ms /     1 runs (     0.00 ms per run)
whisper_print_timings:    total time =  4166.45 ms
ggml_metal_free: deallocating
