
◆  Rendering seg015__seg016 → /Users/brownmanbrain/GitHub/operator-economy/blueprint-cinema/experiments/EP009-FULL-BUILD-001/scenes/seg015__seg016/qa/seg015__seg016.mp4
   24fps · high · auto workers (10 cores detected)
   GPU: browser GPU (auto-detect)

[?25l│
◇  Browser: cache
[?25h  █░░░░░░░░░░░░░░░░░░░░░░░░  5%  Compiling composition
  ██░░░░░░░░░░░░░░░░░░░░░░░  10%  Extracting video frames
  █████░░░░░░░░░░░░░░░░░░░░  20%  Processing audio tracks
  ██████░░░░░░░░░░░░░░░░░░░  25%  Starting frame capture
[BrowserManager] Browser launched (HeadlessChrome/152.0.7977.30, screenshot, gl=--use-gl=angle --use-angle=metal, headlessShell=true, platform=darwin)
[initSession:screenshot] page.goto start (0ms)
[HyperFrames] render runtime fps [object Object]
[initSession:screenshot] page.goto complete (88ms)
[initSession:screenshot] GSAP proxy flush complete (121ms)
[initSession:screenshot] pollHfReady complete (122ms)
[initSession:screenshot] pollSubCompositionTimelines complete (ready) (123ms)
[initSession:screenshot] applyVideoMetadataHints complete (123ms)
[initSession:screenshot] media + fonts + tailwind ready (124ms)
[initSession:screenshot] timeline at-risk predictor: 0/995 frames (0%) (150ms)
[initSession:screenshot] static-frame dedup: 690/690 predicted frame(s) reusable (outcome=verified, runs=17/17, screenshots=54, seeks=55, elapsedMs=2233) (2563ms)
[initSession:screenshot] drawElement self-verify armed: 4 ground-truth frame(s) @ [249, 498, 746, 945] of 995 (2920ms)
[initSession:drawelement] drawElement canvas injected (2921ms)
[initSession:drawelement] screenshot fallback: 5 clip-boundary frame(s) (2922ms)
[initSession:drawelement] drawElement worker encode initialized (2923ms)
  ██████░░░░░░░░░░░░░░░░░░░  25%  Streaming frame 1/995
  ██████░░░░░░░░░░░░░░░░░░░  25%  Streaming frame 2/995
  ██████░░░░░░░░░░░░░░░░░░░  25%  Streaming frame 3/995
  ██████░░░░░░░░░░░░░░░░░░░  25%  Streaming frame 4/995
  ██████░░░░░░░░░░░░░░░░░░░  25%  Streaming frame 5/995
  ██████░░░░░░░░░░░░░░░░░░░  25%  Streaming frame 6/995
  ██████░░░░░░░░░░░░░░░░░░░  25%  Streaming frame 7/995
  ██████░░░░░░░░░░░░░░░░░░░  25%  Streaming frame 8/995
  ██████░░░░░░░░░░░░░░░░░░░  25%  Streaming frame 9/995
  ██████░░░░░░░░░░░░░░░░░░░  26%  Streaming frame 10/995
  ██████░░░░░░░░░░░░░░░░░░░  26%  Streaming frame 11/995
  ██████░░░░░░░░░░░░░░░░░░░  26%  Streaming frame 12/995
  ██████░░░░░░░░░░░░░░░░░░░  26%  Streaming frame 13/995
  ██████░░░░░░░░░░░░░░░░░░░  26%  Streaming frame 14/995
  ██████░░░░░░░░░░░░░░░░░░░  26%  Streaming frame 15/995
  ██████░░░░░░░░░░░░░░░░░░░  26%  Streaming frame 16/995
  ██████░░░░░░░░░░░░░░░░░░░  26%  Streaming frame 17/995
  ██████░░░░░░░░░░░░░░░░░░░  26%  Streaming frame 18/995
  ██████░░░░░░░░░░░░░░░░░░░  26%  Streaming frame 19/995
  ██████░░░░░░░░░░░░░░░░░░░  26%  Streaming frame 20/995
  ██████░░░░░░░░░░░░░░░░░░░  26%  Streaming frame 21/995
  ██████░░░░░░░░░░░░░░░░░░░  26%  Streaming frame 22/995
  ██████░░░░░░░░░░░░░░░░░░░  26%  Streaming frame 23/995
  ██████░░░░░░░░░░░░░░░░░░░  26%  Streaming frame 24/995
  ██████░░░░░░░░░░░░░░░░░░░  26%  Streaming frame 25/995
  ██████░░░░░░░░░░░░░░░░░░░  26%  Streaming frame 26/995
  ██████░░░░░░░░░░░░░░░░░░░  26%  Streaming frame 27/995
  ██████░░░░░░░░░░░░░░░░░░░  27%  Streaming frame 28/995
  ██████░░░░░░░░░░░░░░░░░░░  27%  Streaming frame 29/995
  ██████░░░░░░░░░░░░░░░░░░░  27%  Streaming frame 30/995
  ██████░░░░░░░░░░░░░░░░░░░  27%  Streaming frame 31/995
  ██████░░░░░░░░░░░░░░░░░░░  27%  Streaming frame 32/995
  ██████░░░░░░░░░░░░░░░░░░░  27%  Streaming frame 33/995
  ██████░░░░░░░░░░░░░░░░░░░  27%  Streaming frame 34/995
  ██████░░░░░░░░░░░░░░░░░░░  27%  Streaming frame 35/995
  ██████░░░░░░░░░░░░░░░░░░░  27%  Streaming frame 36/995
  ██████░░░░░░░░░░░░░░░░░░░  27%  Streaming frame 37/995
  ██████░░░░░░░░░░░░░░░░░░░  27%  Streaming frame 38/995
  ██████░░░░░░░░░░░░░░░░░░░  27%  Streaming frame 39/995
  ██████░░░░░░░░░░░░░░░░░░░  27%  Streaming frame 40/995
  ██████░░░░░░░░░░░░░░░░░░░  27%  Streaming frame 41/995
  ██████░░░░░░░░░░░░░░░░░░░  27%  Streaming frame 42/995
  ██████░░░░░░░░░░░░░░░░░░░  27%  Streaming frame 43/995
  ██████░░░░░░░░░░░░░░░░░░░  27%  Streaming frame 44/995
  ██████░░░░░░░░░░░░░░░░░░░  27%  Streaming frame 45/995
  ███████░░░░░░░░░░░░░░░░░░  28%  Streaming frame 46/995
  ███████░░░░░░░░░░░░░░░░░░  28%  Streaming frame 47/995
  ███████░░░░░░░░░░░░░░░░░░  28%  Streaming frame 48/995
  ███████░░░░░░░░░░░░░░░░░░  28%  Streaming frame 49/995
  ███████░░░░░░░░░░░░░░░░░░  28%  Streaming frame 50/995
  ███████░░░░░░░░░░░░░░░░░░  28%  Streaming frame 51/995
  ███████░░░░░░░░░░░░░░░░░░  28%  Streaming frame 52/995
  ███████░░░░░░░░░░░░░░░░░░  28%  Streaming frame 53/995
  ███████░░░░░░░░░░░░░░░░░░  28%  Streaming frame 54/995
  ███████░░░░░░░░░░░░░░░░░░  28%  Streaming frame 55/995
  ███████░░░░░░░░░░░░░░░░░░  28%  Streaming frame 56/995
  ███████░░░░░░░░░░░░░░░░░░  28%  Streaming frame 57/995
  ███████░░░░░░░░░░░░░░░░░░  28%  Streaming frame 58/995
  ███████░░░░░░░░░░░░░░░░░░  28%  Streaming frame 59/995
  ███████░░░░░░░░░░░░░░░░░░  28%  Streaming frame 60/995
  ███████░░░░░░░░░░░░░░░░░░  28%  Streaming frame 61/995
  ███████░░░░░░░░░░░░░░░░░░  28%  Streaming frame 62/995
  ███████░░░░░░░░░░░░░░░░░░  28%  Streaming frame 63/995
  ███████░░░░░░░░░░░░░░░░░░  29%  Streaming frame 64/995
  ███████░░░░░░░░░░░░░░░░░░  29%  Streaming frame 65/995
  ███████░░░░░░░░░░░░░░░░░░  29%  Streaming frame 66/995
  ███████░░░░░░░░░░░░░░░░░░  29%  Streaming frame 67/995
  ███████░░░░░░░░░░░░░░░░░░  29%  Streaming frame 68/995
  ███████░░░░░░░░░░░░░░░░░░  29%  Streaming frame 69/995
  ███████░░░░░░░░░░░░░░░░░░  29%  Streaming frame 70/995
  ███████░░░░░░░░░░░░░░░░░░  29%  Streaming frame 71/995
  ███████░░░░░░░░░░░░░░░░░░  29%  Streaming frame 72/995
  ███████░░░░░░░░░░░░░░░░░░  29%  Streaming frame 73/995
  ███████░░░░░░░░░░░░░░░░░░  29%  Streaming frame 74/995
  ███████░░░░░░░░░░░░░░░░░░  29%  Streaming frame 75/995
  ███████░░░░░░░░░░░░░░░░░░  29%  Streaming frame 76/995
  ███████░░░░░░░░░░░░░░░░░░  29%  Streaming frame 77/995
  ███████░░░░░░░░░░░░░░░░░░  29%  Streaming frame 78/995
  ███████░░░░░░░░░░░░░░░░░░  29%  Streaming frame 79/995
  ███████░░░░░░░░░░░░░░░░░░  29%  Streaming frame 80/995
  ███████░░░░░░░░░░░░░░░░░░  29%  Streaming frame 81/995
  ███████░░░░░░░░░░░░░░░░░░  30%  Streaming frame 82/995
  ███████░░░░░░░░░░░░░░░░░░  30%  Streaming frame 83/995
  ███████░░░░░░░░░░░░░░░░░░  30%  Streaming frame 84/995
  ███████░░░░░░░░░░░░░░░░░░  30%  Streaming frame 85/995
  ███████░░░░░░░░░░░░░░░░░░  30%  Streaming frame 86/995
  ███████░░░░░░░░░░░░░░░░░░  30%  Streaming frame 87/995
  ███████░░░░░░░░░░░░░░░░░░  30%  Streaming frame 88/995
  ███████░░░░░░░░░░░░░░░░░░  30%  Streaming frame 89/995
  ███████░░░░░░░░░░░░░░░░░░  30%  Streaming frame 90/995
  ███████░░░░░░░░░░░░░░░░░░  30%  Streaming frame 91/995
  ███████░░░░░░░░░░░░░░░░░░  30%  Streaming frame 92/995
  ███████░░░░░░░░░░░░░░░░░░  30%  Streaming frame 93/995
  ███████░░░░░░░░░░░░░░░░░░  30%  Streaming frame 94/995
  ███████░░░░░░░░░░░░░░░░░░  30%  Streaming frame 95/995
  ███████░░░░░░░░░░░░░░░░░░  30%  Streaming frame 96/995
  ███████░░░░░░░░░░░░░░░░░░  30%  Streaming frame 97/995
  ███████░░░░░░░░░░░░░░░░░░  30%  Streaming frame 98/995
  ███████░░░░░░░░░░░░░░░░░░  30%  Streaming frame 99/995
  ███████░░░░░░░░░░░░░░░░░░  31%  Streaming frame 100/995
  ███████░░░░░░░░░░░░░░░░░░  31%  Streaming frame 101/995
  ███████░░░░░░░░░░░░░░░░░░  31%  Streaming frame 102/995
  ███████░░░░░░░░░░░░░░░░░░  31%  Streaming frame 103/995
  ███████░░░░░░░░░░░░░░░░░░  31%  Streaming frame 104/995
  ███████░░░░░░░░░░░░░░░░░░  31%  Streaming frame 105/995
  ███████░░░░░░░░░░░░░░░░░░  31%  Streaming frame 106/995
  ███████░░░░░░░░░░░░░░░░░░  31%  Streaming frame 107/995
  ███████░░░░░░░░░░░░░░░░░░  31%  Streaming frame 108/995
  ███████░░░░░░░░░░░░░░░░░░  31%  Streaming frame 109/995
  ███████░░░░░░░░░░░░░░░░░░  31%  Streaming frame 110/995
  ███████░░░░░░░░░░░░░░░░░░  31%  Streaming frame 111/995
  ███████░░░░░░░░░░░░░░░░░░  31%  Streaming frame 112/995
  ███████░░░░░░░░░░░░░░░░░░  31%  Streaming frame 113/995
  ███████░░░░░░░░░░░░░░░░░░  31%  Streaming frame 114/995
  ███████░░░░░░░░░░░░░░░░░░  31%  Streaming frame 115/995
  ███████░░░░░░░░░░░░░░░░░░  31%  Streaming frame 116/995
  ███████░░░░░░░░░░░░░░░░░░  31%  Streaming frame 117/995
  ████████░░░░░░░░░░░░░░░░░  32%  Streaming frame 118/995
  ████████░░░░░░░░░░░░░░░░░  32%  Streaming frame 119/995
  ████████░░░░░░░░░░░░░░░░░  32%  Streaming frame 120/995
  ████████░░░░░░░░░░░░░░░░░  32%  Streaming frame 121/995
  ████████░░░░░░░░░░░░░░░░░  32%  Streaming frame 122/995
  ████████░░░░░░░░░░░░░░░░░  32%  Streaming frame 123/995
  ████████░░░░░░░░░░░░░░░░░  32%  Streaming frame 124/995
  ████████░░░░░░░░░░░░░░░░░  32%  Streaming frame 125/995
  ████████░░░░░░░░░░░░░░░░░  32%  Streaming frame 126/995
  ████████░░░░░░░░░░░░░░░░░  32%  Streaming frame 127/995
  ████████░░░░░░░░░░░░░░░░░  32%  Streaming frame 128/995
  ████████░░░░░░░░░░░░░░░░░  32%  Streaming frame 129/995
  ████████░░░░░░░░░░░░░░░░░  32%  Streaming frame 130/995
  ████████░░░░░░░░░░░░░░░░░  32%  Streaming frame 131/995
  ████████░░░░░░░░░░░░░░░░░  32%  Streaming frame 132/995
  ████████░░░░░░░░░░░░░░░░░  32%  Streaming frame 133/995
  ████████░░░░░░░░░░░░░░░░░  32%  Streaming frame 134/995
  ████████░░░░░░░░░░░░░░░░░  32%  Streaming frame 135/995
  ████████░░░░░░░░░░░░░░░░░  33%  Streaming frame 136/995
  ████████░░░░░░░░░░░░░░░░░  33%  Streaming frame 137/995
  ████████░░░░░░░░░░░░░░░░░  33%  Streaming frame 138/995
  ████████░░░░░░░░░░░░░░░░░  33%  Streaming frame 139/995
  ████████░░░░░░░░░░░░░░░░░  33%  Streaming frame 140/995
  ████████░░░░░░░░░░░░░░░░░  33%  Streaming frame 141/995
  ████████░░░░░░░░░░░░░░░░░  33%  Streaming frame 142/995
  ████████░░░░░░░░░░░░░░░░░  33%  Streaming frame 143/995
  ████████░░░░░░░░░░░░░░░░░  33%  Streaming frame 144/995
  ████████░░░░░░░░░░░░░░░░░  33%  Streaming frame 145/995
  ████████░░░░░░░░░░░░░░░░░  33%  Streaming frame 146/995
  ████████░░░░░░░░░░░░░░░░░  33%  Streaming frame 147/995
  ████████░░░░░░░░░░░░░░░░░  33%  Streaming frame 148/995
  ████████░░░░░░░░░░░░░░░░░  33%  Streaming frame 149/995
  ████████░░░░░░░░░░░░░░░░░  33%  Streaming frame 150/995
  ████████░░░░░░░░░░░░░░░░░  33%  Streaming frame 151/995
  ████████░░░░░░░░░░░░░░░░░  33%  Streaming frame 152/995
  ████████░░░░░░░░░░░░░░░░░  33%  Streaming frame 153/995
  ████████░░░░░░░░░░░░░░░░░  34%  Streaming frame 154/995
  ████████░░░░░░░░░░░░░░░░░  34%  Streaming frame 155/995
  ████████░░░░░░░░░░░░░░░░░  34%  Streaming frame 156/995
  ████████░░░░░░░░░░░░░░░░░  34%  Streaming frame 157/995
  ████████░░░░░░░░░░░░░░░░░  34%  Streaming frame 158/995
  ████████░░░░░░░░░░░░░░░░░  34%  Streaming frame 159/995
  ████████░░░░░░░░░░░░░░░░░  34%  Streaming frame 160/995
  ████████░░░░░░░░░░░░░░░░░  34%  Streaming frame 161/995
  ████████░░░░░░░░░░░░░░░░░  34%  Streaming frame 162/995
  ████████░░░░░░░░░░░░░░░░░  34%  Streaming frame 163/995
  ████████░░░░░░░░░░░░░░░░░  34%  Streaming frame 164/995
  ████████░░░░░░░░░░░░░░░░░  34%  Streaming frame 165/995
  ████████░░░░░░░░░░░░░░░░░  34%  Streaming frame 166/995
  ████████░░░░░░░░░░░░░░░░░  34%  Streaming frame 167/995
  ████████░░░░░░░░░░░░░░░░░  34%  Streaming frame 168/995
  ████████░░░░░░░░░░░░░░░░░  34%  Streaming frame 169/995
  ████████░░░░░░░░░░░░░░░░░  34%  Streaming frame 170/995
  ████████░░░░░░░░░░░░░░░░░  34%  Streaming frame 171/995
  ████████░░░░░░░░░░░░░░░░░  35%  Streaming frame 172/995
  ████████░░░░░░░░░░░░░░░░░  35%  Streaming frame 173/995
  ████████░░░░░░░░░░░░░░░░░  35%  Streaming frame 174/995
  ████████░░░░░░░░░░░░░░░░░  35%  Streaming frame 175/995
  ████████░░░░░░░░░░░░░░░░░  35%  Streaming frame 176/995
  ████████░░░░░░░░░░░░░░░░░  35%  Streaming frame 177/995
  ████████░░░░░░░░░░░░░░░░░  35%  Streaming frame 178/995
  ████████░░░░░░░░░░░░░░░░░  35%  Streaming frame 179/995
  ████████░░░░░░░░░░░░░░░░░  35%  Streaming frame 180/995
  ████████░░░░░░░░░░░░░░░░░  35%  Streaming frame 181/995
  ████████░░░░░░░░░░░░░░░░░  35%  Streaming frame 182/995
  ████████░░░░░░░░░░░░░░░░░  35%  Streaming frame 183/995
  ████████░░░░░░░░░░░░░░░░░  35%  Streaming frame 184/995
  ████████░░░░░░░░░░░░░░░░░  35%  Streaming frame 185/995
  ████████░░░░░░░░░░░░░░░░░  35%  Streaming frame 186/995
  ████████░░░░░░░░░░░░░░░░░  35%  Streaming frame 187/995
  ████████░░░░░░░░░░░░░░░░░  35%  Streaming frame 188/995
  ████████░░░░░░░░░░░░░░░░░  35%  Streaming frame 189/995
  █████████░░░░░░░░░░░░░░░░  36%  Streaming frame 190/995
  █████████░░░░░░░░░░░░░░░░  36%  Streaming frame 191/995
  █████████░░░░░░░░░░░░░░░░  36%  Streaming frame 192/995
  █████████░░░░░░░░░░░░░░░░  36%  Streaming frame 193/995
  █████████░░░░░░░░░░░░░░░░  36%  Streaming frame 194/995
  █████████░░░░░░░░░░░░░░░░  36%  Streaming frame 195/995
  █████████░░░░░░░░░░░░░░░░  36%  Streaming frame 196/995
  █████████░░░░░░░░░░░░░░░░  36%  Streaming frame 197/995
  █████████░░░░░░░░░░░░░░░░  36%  Streaming frame 198/995
  █████████░░░░░░░░░░░░░░░░  36%  Streaming frame 199/995
  █████████░░░░░░░░░░░░░░░░  36%  Streaming frame 200/995
  █████████░░░░░░░░░░░░░░░░  36%  Streaming frame 201/995
  █████████░░░░░░░░░░░░░░░░  36%  Streaming frame 202/995
  █████████░░░░░░░░░░░░░░░░  36%  Streaming frame 203/995
  █████████░░░░░░░░░░░░░░░░  36%  Streaming frame 204/995
  █████████░░░░░░░░░░░░░░░░  36%  Streaming frame 205/995
  █████████░░░░░░░░░░░░░░░░  36%  Streaming frame 206/995
  █████████░░░░░░░░░░░░░░░░  36%  Streaming frame 207/995
  █████████░░░░░░░░░░░░░░░░  36%  Streaming frame 208/995
  █████████░░░░░░░░░░░░░░░░  37%  Streaming frame 209/995
  █████████░░░░░░░░░░░░░░░░  37%  Streaming frame 210/995
  █████████░░░░░░░░░░░░░░░░  37%  Streaming frame 211/995
  █████████░░░░░░░░░░░░░░░░  37%  Streaming frame 212/995
  █████████░░░░░░░░░░░░░░░░  37%  Streaming frame 213/995
  █████████░░░░░░░░░░░░░░░░  37%  Streaming frame 214/995
  █████████░░░░░░░░░░░░░░░░  37%  Streaming frame 215/995
  █████████░░░░░░░░░░░░░░░░  37%  Streaming frame 216/995
  █████████░░░░░░░░░░░░░░░░  37%  Streaming frame 217/995
  █████████░░░░░░░░░░░░░░░░  37%  Streaming frame 218/995
  █████████░░░░░░░░░░░░░░░░  37%  Streaming frame 219/995
  █████████░░░░░░░░░░░░░░░░  37%  Streaming frame 220/995
  █████████░░░░░░░░░░░░░░░░  37%  Streaming frame 221/995
  █████████░░░░░░░░░░░░░░░░  37%  Streaming frame 222/995
  █████████░░░░░░░░░░░░░░░░  37%  Streaming frame 223/995
  █████████░░░░░░░░░░░░░░░░  37%  Streaming frame 224/995
  █████████░░░░░░░░░░░░░░░░  37%  Streaming frame 225/995
  █████████░░░░░░░░░░░░░░░░  37%  Streaming frame 226/995
  █████████░░░░░░░░░░░░░░░░  38%  Streaming frame 227/995
  █████████░░░░░░░░░░░░░░░░  38%  Streaming frame 228/995
  █████████░░░░░░░░░░░░░░░░  38%  Streaming frame 229/995
  █████████░░░░░░░░░░░░░░░░  38%  Streaming frame 230/995
  █████████░░░░░░░░░░░░░░░░  38%  Streaming frame 231/995
  █████████░░░░░░░░░░░░░░░░  38%  Streaming frame 232/995
  █████████░░░░░░░░░░░░░░░░  38%  Streaming frame 233/995
  █████████░░░░░░░░░░░░░░░░  38%  Streaming frame 234/995
  █████████░░░░░░░░░░░░░░░░  38%  Streaming frame 235/995
  █████████░░░░░░░░░░░░░░░░  38%  Streaming frame 236/995
  █████████░░░░░░░░░░░░░░░░  38%  Streaming frame 237/995
  █████████░░░░░░░░░░░░░░░░  38%  Streaming frame 238/995
  █████████░░░░░░░░░░░░░░░░  38%  Streaming frame 239/995
  █████████░░░░░░░░░░░░░░░░  38%  Streaming frame 240/995
  █████████░░░░░░░░░░░░░░░░  38%  Streaming frame 241/995
  █████████░░░░░░░░░░░░░░░░  38%  Streaming frame 242/995
  █████████░░░░░░░░░░░░░░░░  38%  Streaming frame 243/995
  █████████░░░░░░░░░░░░░░░░  38%  Streaming frame 244/995
  █████████░░░░░░░░░░░░░░░░  39%  Streaming frame 245/995
  █████████░░░░░░░░░░░░░░░░  39%  Streaming frame 246/995
  █████████░░░░░░░░░░░░░░░░  39%  Streaming frame 247/995
  █████████░░░░░░░░░░░░░░░░  39%  Streaming frame 248/995
  █████████░░░░░░░░░░░░░░░░  39%  Streaming frame 249/995
  █████████░░░░░░░░░░░░░░░░  39%  Streaming frame 250/995
  █████████░░░░░░░░░░░░░░░░  39%  Streaming frame 251/995
  █████████░░░░░░░░░░░░░░░░  39%  Streaming frame 252/995
  █████████░░░░░░░░░░░░░░░░  39%  Streaming frame 253/995
  █████████░░░░░░░░░░░░░░░░  39%  Streaming frame 254/995
  █████████░░░░░░░░░░░░░░░░  39%  Streaming frame 255/995
  █████████░░░░░░░░░░░░░░░░  39%  Streaming frame 256/995
  █████████░░░░░░░░░░░░░░░░  39%  Streaming frame 257/995
  █████████░░░░░░░░░░░░░░░░  39%  Streaming frame 258/995
  █████████░░░░░░░░░░░░░░░░  39%  Streaming frame 259/995
  █████████░░░░░░░░░░░░░░░░  39%  Streaming frame 260/995
  █████████░░░░░░░░░░░░░░░░  39%  Streaming frame 261/995
  █████████░░░░░░░░░░░░░░░░  39%  Streaming frame 262/995
  ██████████░░░░░░░░░░░░░░░  40%  Streaming frame 263/995
  ██████████░░░░░░░░░░░░░░░  40%  Streaming frame 264/995
  ██████████░░░░░░░░░░░░░░░  40%  Streaming frame 265/995
  ██████████░░░░░░░░░░░░░░░  40%  Streaming frame 266/995
  ██████████░░░░░░░░░░░░░░░  40%  Streaming frame 267/995
  ██████████░░░░░░░░░░░░░░░  40%  Streaming frame 268/995
  ██████████░░░░░░░░░░░░░░░  40%  Streaming frame 269/995
  ██████████░░░░░░░░░░░░░░░  40%  Streaming frame 270/995
  ██████████░░░░░░░░░░░░░░░  40%  Streaming frame 271/995
  ██████████░░░░░░░░░░░░░░░  40%  Streaming frame 272/995
  ██████████░░░░░░░░░░░░░░░  40%  Streaming frame 273/995
  ██████████░░░░░░░░░░░░░░░  40%  Streaming frame 274/995
  ██████████░░░░░░░░░░░░░░░  40%  Streaming frame 275/995
  ██████████░░░░░░░░░░░░░░░  40%  Streaming frame 276/995
  ██████████░░░░░░░░░░░░░░░  40%  Streaming frame 277/995
  ██████████░░░░░░░░░░░░░░░  40%  Streaming frame 278/995
  ██████████░░░░░░░░░░░░░░░  40%  Streaming frame 279/995
  ██████████░░░░░░░░░░░░░░░  40%  Streaming frame 280/995
  ██████████░░░░░░░░░░░░░░░  41%  Streaming frame 281/995
  ██████████░░░░░░░░░░░░░░░  41%  Streaming frame 282/995
  ██████████░░░░░░░░░░░░░░░  41%  Streaming frame 283/995
  ██████████░░░░░░░░░░░░░░░  41%  Streaming frame 284/995
  ██████████░░░░░░░░░░░░░░░  41%  Streaming frame 285/995
  ██████████░░░░░░░░░░░░░░░  41%  Streaming frame 286/995
  ██████████░░░░░░░░░░░░░░░  41%  Streaming frame 287/995
  ██████████░░░░░░░░░░░░░░░  41%  Streaming frame 288/995
  ██████████░░░░░░░░░░░░░░░  41%  Streaming frame 289/995
  ██████████░░░░░░░░░░░░░░░  41%  Streaming frame 290/995
  ██████████░░░░░░░░░░░░░░░  41%  Streaming frame 291/995
  ██████████░░░░░░░░░░░░░░░  41%  Streaming frame 292/995
  ██████████░░░░░░░░░░░░░░░  41%  Streaming frame 293/995
  ██████████░░░░░░░░░░░░░░░  41%  Streaming frame 294/995
  ██████████░░░░░░░░░░░░░░░  41%  Streaming frame 295/995
  ██████████░░░░░░░░░░░░░░░  41%  Streaming frame 296/995
  ██████████░░░░░░░░░░░░░░░  41%  Streaming frame 297/995
  ██████████░░░░░░░░░░░░░░░  41%  Streaming frame 298/995
  ██████████░░░░░░░░░░░░░░░  42%  Streaming frame 299/995
  ██████████░░░░░░░░░░░░░░░  42%  Streaming frame 300/995
  ██████████░░░░░░░░░░░░░░░  42%  Streaming frame 301/995
  ██████████░░░░░░░░░░░░░░░  42%  Streaming frame 302/995
  ██████████░░░░░░░░░░░░░░░  42%  Streaming frame 303/995
  ██████████░░░░░░░░░░░░░░░  42%  Streaming frame 304/995
  ██████████░░░░░░░░░░░░░░░  42%  Streaming frame 305/995
  ██████████░░░░░░░░░░░░░░░  42%  Streaming frame 306/995
  ██████████░░░░░░░░░░░░░░░  42%  Streaming frame 307/995
  ██████████░░░░░░░░░░░░░░░  42%  Streaming frame 308/995
  ██████████░░░░░░░░░░░░░░░  42%  Streaming frame 309/995
  ██████████░░░░░░░░░░░░░░░  42%  Streaming frame 310/995
  ██████████░░░░░░░░░░░░░░░  42%  Streaming frame 311/995
  ██████████░░░░░░░░░░░░░░░  42%  Streaming frame 312/995
  ██████████░░░░░░░░░░░░░░░  42%  Streaming frame 313/995
  ██████████░░░░░░░░░░░░░░░  42%  Streaming frame 314/995
  ██████████░░░░░░░░░░░░░░░  42%  Streaming frame 315/995
  ██████████░░░░░░░░░░░░░░░  42%  Streaming frame 316/995
  ██████████░░░░░░░░░░░░░░░  43%  Streaming frame 317/995
  ██████████░░░░░░░░░░░░░░░  43%  Streaming frame 318/995
  ██████████░░░░░░░░░░░░░░░  43%  Streaming frame 319/995
  ██████████░░░░░░░░░░░░░░░  43%  Streaming frame 320/995
  ██████████░░░░░░░░░░░░░░░  43%  Streaming frame 321/995
  ██████████░░░░░░░░░░░░░░░  43%  Streaming frame 322/995
  ██████████░░░░░░░░░░░░░░░  43%  Streaming frame 323/995
  ██████████░░░░░░░░░░░░░░░  43%  Streaming frame 324/995
  ██████████░░░░░░░░░░░░░░░  43%  Streaming frame 325/995
  ██████████░░░░░░░░░░░░░░░  43%  Streaming frame 326/995
  ██████████░░░░░░░░░░░░░░░  43%  Streaming frame 327/995
  ██████████░░░░░░░░░░░░░░░  43%  Streaming frame 328/995
  ██████████░░░░░░░░░░░░░░░  43%  Streaming frame 329/995
  ██████████░░░░░░░░░░░░░░░  43%  Streaming frame 330/995
  ██████████░░░░░░░░░░░░░░░  43%  Streaming frame 331/995
  ██████████░░░░░░░░░░░░░░░  43%  Streaming frame 332/995
  ██████████░░░░░░░░░░░░░░░  43%  Streaming frame 333/995
  ██████████░░░░░░░░░░░░░░░  43%  Streaming frame 334/995
  ███████████░░░░░░░░░░░░░░  44%  Streaming frame 335/995
  ███████████░░░░░░░░░░░░░░  44%  Streaming frame 336/995
  ███████████░░░░░░░░░░░░░░  44%  Streaming frame 337/995
  ███████████░░░░░░░░░░░░░░  44%  Streaming frame 338/995
  ███████████░░░░░░░░░░░░░░  44%  Streaming frame 339/995
  ███████████░░░░░░░░░░░░░░  44%  Streaming frame 340/995
  ███████████░░░░░░░░░░░░░░  44%  Streaming frame 341/995
  ███████████░░░░░░░░░░░░░░  44%  Streaming frame 342/995
  ███████████░░░░░░░░░░░░░░  44%  Streaming frame 343/995
  ███████████░░░░░░░░░░░░░░  44%  Streaming frame 344/995
  ███████████░░░░░░░░░░░░░░  44%  Streaming frame 345/995
  ███████████░░░░░░░░░░░░░░  44%  Streaming frame 346/995
  ███████████░░░░░░░░░░░░░░  44%  Streaming frame 347/995
  ███████████░░░░░░░░░░░░░░  44%  Streaming frame 348/995
  ███████████░░░░░░░░░░░░░░  44%  Streaming frame 349/995
  ███████████░░░░░░░░░░░░░░  44%  Streaming frame 350/995
  ███████████░░░░░░░░░░░░░░  44%  Streaming frame 351/995
  ███████████░░░░░░░░░░░░░░  44%  Streaming frame 352/995
  ███████████░░░░░░░░░░░░░░  45%  Streaming frame 353/995
  ███████████░░░░░░░░░░░░░░  45%  Streaming frame 354/995
  ███████████░░░░░░░░░░░░░░  45%  Streaming frame 355/995
  ███████████░░░░░░░░░░░░░░  45%  Streaming frame 356/995
  ███████████░░░░░░░░░░░░░░  45%  Streaming frame 357/995
  ███████████░░░░░░░░░░░░░░  45%  Streaming frame 358/995
  ███████████░░░░░░░░░░░░░░  45%  Streaming frame 359/995
  ███████████░░░░░░░░░░░░░░  45%  Streaming frame 360/995
  ███████████░░░░░░░░░░░░░░  45%  Streaming frame 361/995
  ███████████░░░░░░░░░░░░░░  45%  Streaming frame 362/995
  ███████████░░░░░░░░░░░░░░  45%  Streaming frame 363/995
  ███████████░░░░░░░░░░░░░░  45%  Streaming frame 364/995
  ███████████░░░░░░░░░░░░░░  45%  Streaming frame 365/995
  ███████████░░░░░░░░░░░░░░  45%  Streaming frame 366/995
  ███████████░░░░░░░░░░░░░░  45%  Streaming frame 367/995
  ███████████░░░░░░░░░░░░░░  45%  Streaming frame 368/995
  ███████████░░░░░░░░░░░░░░  45%  Streaming frame 369/995
  ███████████░░░░░░░░░░░░░░  45%  Streaming frame 370/995
  ███████████░░░░░░░░░░░░░░  46%  Streaming frame 371/995
  ███████████░░░░░░░░░░░░░░  46%  Streaming frame 372/995
  ███████████░░░░░░░░░░░░░░  46%  Streaming frame 373/995
  ███████████░░░░░░░░░░░░░░  46%  Streaming frame 374/995
  ███████████░░░░░░░░░░░░░░  46%  Streaming frame 375/995
  ███████████░░░░░░░░░░░░░░  46%  Streaming frame 376/995
  ███████████░░░░░░░░░░░░░░  46%  Streaming frame 377/995
  ███████████░░░░░░░░░░░░░░  46%  Streaming frame 378/995
  ███████████░░░░░░░░░░░░░░  46%  Streaming frame 379/995
  ███████████░░░░░░░░░░░░░░  46%  Streaming frame 380/995
  ███████████░░░░░░░░░░░░░░  46%  Streaming frame 381/995
  ███████████░░░░░░░░░░░░░░  46%  Streaming frame 382/995
  ███████████░░░░░░░░░░░░░░  46%  Streaming frame 383/995
  ███████████░░░░░░░░░░░░░░  46%  Streaming frame 384/995
  ███████████░░░░░░░░░░░░░░  46%  Streaming frame 385/995
  ███████████░░░░░░░░░░░░░░  46%  Streaming frame 386/995
  ███████████░░░░░░░░░░░░░░  46%  Streaming frame 387/995
  ███████████░░░░░░░░░░░░░░  46%  Streaming frame 388/995
  ███████████░░░░░░░░░░░░░░  47%  Streaming frame 389/995
  ███████████░░░░░░░░░░░░░░  47%  Streaming frame 390/995
  ███████████░░░░░░░░░░░░░░  47%  Streaming frame 391/995
  ███████████░░░░░░░░░░░░░░  47%  Streaming frame 392/995
  ███████████░░░░░░░░░░░░░░  47%  Streaming frame 393/995
  ███████████░░░░░░░░░░░░░░  47%  Streaming frame 394/995
  ███████████░░░░░░░░░░░░░░  47%  Streaming frame 395/995
  ███████████░░░░░░░░░░░░░░  47%  Streaming frame 396/995
  ███████████░░░░░░░░░░░░░░  47%  Streaming frame 397/995
  ███████████░░░░░░░░░░░░░░  47%  Streaming frame 398/995
  ███████████░░░░░░░░░░░░░░  47%  Streaming frame 399/995
  ███████████░░░░░░░░░░░░░░  47%  Streaming frame 400/995
  ███████████░░░░░░░░░░░░░░  47%  Streaming frame 401/995
  ███████████░░░░░░░░░░░░░░  47%  Streaming frame 402/995
  ███████████░░░░░░░░░░░░░░  47%  Streaming frame 403/995
  ███████████░░░░░░░░░░░░░░  47%  Streaming frame 404/995
  ███████████░░░░░░░░░░░░░░  47%  Streaming frame 405/995
  ███████████░░░░░░░░░░░░░░  47%  Streaming frame 406/995
  ███████████░░░░░░░░░░░░░░  47%  Streaming frame 407/995
  ████████████░░░░░░░░░░░░░  48%  Streaming frame 408/995
  ████████████░░░░░░░░░░░░░  48%  Streaming frame 409/995
  ████████████░░░░░░░░░░░░░  48%  Streaming frame 410/995
  ████████████░░░░░░░░░░░░░  48%  Streaming frame 411/995
  ████████████░░░░░░░░░░░░░  48%  Streaming frame 412/995
  ████████████░░░░░░░░░░░░░  48%  Streaming frame 413/995
  ████████████░░░░░░░░░░░░░  48%  Streaming frame 414/995
  ████████████░░░░░░░░░░░░░  48%  Streaming frame 415/995
  ████████████░░░░░░░░░░░░░  48%  Streaming frame 416/995
  ████████████░░░░░░░░░░░░░  48%  Streaming frame 417/995
  ████████████░░░░░░░░░░░░░  48%  Streaming frame 418/995
  ████████████░░░░░░░░░░░░░  48%  Streaming frame 419/995
  ████████████░░░░░░░░░░░░░  48%  Streaming frame 420/995
  ████████████░░░░░░░░░░░░░  48%  Streaming frame 421/995
  ████████████░░░░░░░░░░░░░  48%  Streaming frame 422/995
  ████████████░░░░░░░░░░░░░  48%  Streaming frame 423/995
  ████████████░░░░░░░░░░░░░  48%  Streaming frame 424/995
  ████████████░░░░░░░░░░░░░  48%  Streaming frame 425/995
  ████████████░░░░░░░░░░░░░  49%  Streaming frame 426/995
  ████████████░░░░░░░░░░░░░  49%  Streaming frame 427/995
  ████████████░░░░░░░░░░░░░  49%  Streaming frame 428/995
  ████████████░░░░░░░░░░░░░  49%  Streaming frame 429/995
  ████████████░░░░░░░░░░░░░  49%  Streaming frame 430/995
  ████████████░░░░░░░░░░░░░  49%  Streaming frame 431/995
  ████████████░░░░░░░░░░░░░  49%  Streaming frame 432/995
  ████████████░░░░░░░░░░░░░  49%  Streaming frame 433/995
  ████████████░░░░░░░░░░░░░  49%  Streaming frame 434/995
  ████████████░░░░░░░░░░░░░  49%  Streaming frame 435/995
  ████████████░░░░░░░░░░░░░  49%  Streaming frame 436/995
  ████████████░░░░░░░░░░░░░  49%  Streaming frame 437/995
  ████████████░░░░░░░░░░░░░  49%  Streaming frame 438/995
  ████████████░░░░░░░░░░░░░  49%  Streaming frame 439/995
  ████████████░░░░░░░░░░░░░  49%  Streaming frame 440/995
  ████████████░░░░░░░░░░░░░  49%  Streaming frame 441/995
  ████████████░░░░░░░░░░░░░  49%  Streaming frame 442/995
  ████████████░░░░░░░░░░░░░  49%  Streaming frame 443/995
  ████████████░░░░░░░░░░░░░  50%  Streaming frame 444/995
  ████████████░░░░░░░░░░░░░  50%  Streaming frame 445/995
  ████████████░░░░░░░░░░░░░  50%  Streaming frame 446/995
  ████████████░░░░░░░░░░░░░  50%  Streaming frame 447/995
  ████████████░░░░░░░░░░░░░  50%  Streaming frame 448/995
  ████████████░░░░░░░░░░░░░  50%  Streaming frame 449/995
  ████████████░░░░░░░░░░░░░  50%  Streaming frame 450/995
  ████████████░░░░░░░░░░░░░  50%  Streaming frame 451/995
  ████████████░░░░░░░░░░░░░  50%  Streaming frame 452/995
  ████████████░░░░░░░░░░░░░  50%  Streaming frame 453/995
  ████████████░░░░░░░░░░░░░  50%  Streaming frame 454/995
  ████████████░░░░░░░░░░░░░  50%  Streaming frame 455/995
  ████████████░░░░░░░░░░░░░  50%  Streaming frame 456/995
  ████████████░░░░░░░░░░░░░  50%  Streaming frame 457/995
  ████████████░░░░░░░░░░░░░  50%  Streaming frame 458/995
  ████████████░░░░░░░░░░░░░  50%  Streaming frame 459/995
  ████████████░░░░░░░░░░░░░  50%  Streaming frame 460/995
  ████████████░░░░░░░░░░░░░  50%  Streaming frame 461/995
  ████████████░░░░░░░░░░░░░  51%  Streaming frame 462/995
  ████████████░░░░░░░░░░░░░  51%  Streaming frame 463/995
  ████████████░░░░░░░░░░░░░  51%  Streaming frame 464/995
  ████████████░░░░░░░░░░░░░  51%  Streaming frame 465/995
  ████████████░░░░░░░░░░░░░  51%  Streaming frame 466/995
  ████████████░░░░░░░░░░░░░  51%  Streaming frame 467/995
  ████████████░░░░░░░░░░░░░  51%  Streaming frame 468/995
  ████████████░░░░░░░░░░░░░  51%  Streaming frame 469/995
  ████████████░░░░░░░░░░░░░  51%  Streaming frame 470/995
  ████████████░░░░░░░░░░░░░  51%  Streaming frame 471/995
  ████████████░░░░░░░░░░░░░  51%  Streaming frame 472/995
  ████████████░░░░░░░░░░░░░  51%  Streaming frame 473/995
  ████████████░░░░░░░░░░░░░  51%  Streaming frame 474/995
  ████████████░░░░░░░░░░░░░  51%  Streaming frame 475/995
  ████████████░░░░░░░░░░░░░  51%  Streaming frame 476/995
  ████████████░░░░░░░░░░░░░  51%  Streaming frame 477/995
  ████████████░░░░░░░░░░░░░  51%  Streaming frame 478/995
  ████████████░░░░░░░░░░░░░  51%  Streaming frame 479/995
  █████████████░░░░░░░░░░░░  52%  Streaming frame 480/995
  █████████████░░░░░░░░░░░░  52%  Streaming frame 481/995
  █████████████░░░░░░░░░░░░  52%  Streaming frame 482/995
  █████████████░░░░░░░░░░░░  52%  Streaming frame 483/995
  █████████████░░░░░░░░░░░░  52%  Streaming frame 484/995
  █████████████░░░░░░░░░░░░  52%  Streaming frame 485/995
  █████████████░░░░░░░░░░░░  52%  Streaming frame 486/995
  █████████████░░░░░░░░░░░░  52%  Streaming frame 487/995
  █████████████░░░░░░░░░░░░  52%  Streaming frame 488/995
  █████████████░░░░░░░░░░░░  52%  Streaming frame 489/995
  █████████████░░░░░░░░░░░░  52%  Streaming frame 490/995
  █████████████░░░░░░░░░░░░  52%  Streaming frame 491/995
  █████████████░░░░░░░░░░░░  52%  Streaming frame 492/995
  █████████████░░░░░░░░░░░░  52%  Streaming frame 493/995
  █████████████░░░░░░░░░░░░  52%  Streaming frame 494/995
  █████████████░░░░░░░░░░░░  52%  Streaming frame 495/995
  █████████████░░░░░░░░░░░░  52%  Streaming frame 496/995
  █████████████░░░░░░░░░░░░  52%  Streaming frame 497/995
  █████████████░░░░░░░░░░░░  53%  Streaming frame 498/995
  █████████████░░░░░░░░░░░░  53%  Streaming frame 499/995
  █████████████░░░░░░░░░░░░  53%  Streaming frame 500/995
  █████████████░░░░░░░░░░░░  53%  Streaming frame 501/995
  █████████████░░░░░░░░░░░░  53%  Streaming frame 502/995
  █████████████░░░░░░░░░░░░  53%  Streaming frame 503/995
  █████████████░░░░░░░░░░░░  53%  Streaming frame 504/995
  █████████████░░░░░░░░░░░░  53%  Streaming frame 505/995
  █████████████░░░░░░░░░░░░  53%  Streaming frame 506/995
  █████████████░░░░░░░░░░░░  53%  Streaming frame 507/995
  █████████████░░░░░░░░░░░░  53%  Streaming frame 508/995
  █████████████░░░░░░░░░░░░  53%  Streaming frame 509/995
  █████████████░░░░░░░░░░░░  53%  Streaming frame 510/995
  █████████████░░░░░░░░░░░░  53%  Streaming frame 511/995
  █████████████░░░░░░░░░░░░  53%  Streaming frame 512/995
  █████████████░░░░░░░░░░░░  53%  Streaming frame 513/995
  █████████████░░░░░░░░░░░░  53%  Streaming frame 514/995
  █████████████░░░░░░░░░░░░  53%  Streaming frame 515/995
  █████████████░░░░░░░░░░░░  54%  Streaming frame 516/995
  █████████████░░░░░░░░░░░░  54%  Streaming frame 517/995
  █████████████░░░░░░░░░░░░  54%  Streaming frame 518/995
  █████████████░░░░░░░░░░░░  54%  Streaming frame 519/995
  █████████████░░░░░░░░░░░░  54%  Streaming frame 520/995
  █████████████░░░░░░░░░░░░  54%  Streaming frame 521/995
  █████████████░░░░░░░░░░░░  54%  Streaming frame 522/995
  █████████████░░░░░░░░░░░░  54%  Streaming frame 523/995
  █████████████░░░░░░░░░░░░  54%  Streaming frame 524/995
  █████████████░░░░░░░░░░░░  54%  Streaming frame 525/995
  █████████████░░░░░░░░░░░░  54%  Streaming frame 526/995
  █████████████░░░░░░░░░░░░  54%  Streaming frame 527/995
  █████████████░░░░░░░░░░░░  54%  Streaming frame 528/995
  █████████████░░░░░░░░░░░░  54%  Streaming frame 529/995
  █████████████░░░░░░░░░░░░  54%  Streaming frame 530/995
  █████████████░░░░░░░░░░░░  54%  Streaming frame 531/995
  █████████████░░░░░░░░░░░░  54%  Streaming frame 532/995
  █████████████░░░░░░░░░░░░  54%  Streaming frame 533/995
  █████████████░░░░░░░░░░░░  55%  Streaming frame 534/995
  █████████████░░░░░░░░░░░░  55%  Streaming frame 535/995
  █████████████░░░░░░░░░░░░  55%  Streaming frame 536/995
  █████████████░░░░░░░░░░░░  55%  Streaming frame 537/995
  █████████████░░░░░░░░░░░░  55%  Streaming frame 538/995
  █████████████░░░░░░░░░░░░  55%  Streaming frame 539/995
  █████████████░░░░░░░░░░░░  55%  Streaming frame 540/995
  █████████████░░░░░░░░░░░░  55%  Streaming frame 541/995
  █████████████░░░░░░░░░░░░  55%  Streaming frame 542/995
  █████████████░░░░░░░░░░░░  55%  Streaming frame 543/995
  █████████████░░░░░░░░░░░░  55%  Streaming frame 544/995
  █████████████░░░░░░░░░░░░  55%  Streaming frame 545/995
  █████████████░░░░░░░░░░░░  55%  Streaming frame 546/995
  █████████████░░░░░░░░░░░░  55%  Streaming frame 547/995
  █████████████░░░░░░░░░░░░  55%  Streaming frame 548/995
  █████████████░░░░░░░░░░░░  55%  Streaming frame 549/995
  █████████████░░░░░░░░░░░░  55%  Streaming frame 550/995
  █████████████░░░░░░░░░░░░  55%  Streaming frame 551/995
  ██████████████░░░░░░░░░░░  56%  Streaming frame 552/995
  ██████████████░░░░░░░░░░░  56%  Streaming frame 553/995
  ██████████████░░░░░░░░░░░  56%  Streaming frame 554/995
  ██████████████░░░░░░░░░░░  56%  Streaming frame 555/995
  ██████████████░░░░░░░░░░░  56%  Streaming frame 556/995
  ██████████████░░░░░░░░░░░  56%  Streaming frame 557/995
  ██████████████░░░░░░░░░░░  56%  Streaming frame 558/995
  ██████████████░░░░░░░░░░░  56%  Streaming frame 559/995
  ██████████████░░░░░░░░░░░  56%  Streaming frame 560/995
  ██████████████░░░░░░░░░░░  56%  Streaming frame 561/995
  ██████████████░░░░░░░░░░░  56%  Streaming frame 562/995
  ██████████████░░░░░░░░░░░  56%  Streaming frame 563/995
  ██████████████░░░░░░░░░░░  56%  Streaming frame 564/995
  ██████████████░░░░░░░░░░░  56%  Streaming frame 565/995
  ██████████████░░░░░░░░░░░  56%  Streaming frame 566/995
  ██████████████░░░░░░░░░░░  56%  Streaming frame 567/995
  ██████████████░░░░░░░░░░░  56%  Streaming frame 568/995
  ██████████████░░░░░░░░░░░  56%  Streaming frame 569/995
  ██████████████░░░░░░░░░░░  57%  Streaming frame 570/995
  ██████████████░░░░░░░░░░░  57%  Streaming frame 571/995
  ██████████████░░░░░░░░░░░  57%  Streaming frame 572/995
  ██████████████░░░░░░░░░░░  57%  Streaming frame 573/995
  ██████████████░░░░░░░░░░░  57%  Streaming frame 574/995
  ██████████████░░░░░░░░░░░  57%  Streaming frame 575/995
  ██████████████░░░░░░░░░░░  57%  Streaming frame 576/995
  ██████████████░░░░░░░░░░░  57%  Streaming frame 577/995
  ██████████████░░░░░░░░░░░  57%  Streaming frame 578/995
  ██████████████░░░░░░░░░░░  57%  Streaming frame 579/995
  ██████████████░░░░░░░░░░░  57%  Streaming frame 580/995
  ██████████████░░░░░░░░░░░  57%  Streaming frame 581/995
  ██████████████░░░░░░░░░░░  57%  Streaming frame 582/995
  ██████████████░░░░░░░░░░░  57%  Streaming frame 583/995
  ██████████████░░░░░░░░░░░  57%  Streaming frame 584/995
  ██████████████░░░░░░░░░░░  57%  Streaming frame 585/995
  ██████████████░░░░░░░░░░░  57%  Streaming frame 586/995
  ██████████████░░░░░░░░░░░  57%  Streaming frame 587/995
  ██████████████░░░░░░░░░░░  58%  Streaming frame 588/995
  ██████████████░░░░░░░░░░░  58%  Streaming frame 589/995
  ██████████████░░░░░░░░░░░  58%  Streaming frame 590/995
  ██████████████░░░░░░░░░░░  58%  Streaming frame 591/995
  ██████████████░░░░░░░░░░░  58%  Streaming frame 592/995
  ██████████████░░░░░░░░░░░  58%  Streaming frame 593/995
  ██████████████░░░░░░░░░░░  58%  Streaming frame 594/995
  ██████████████░░░░░░░░░░░  58%  Streaming frame 595/995
  ██████████████░░░░░░░░░░░  58%  Streaming frame 596/995
  ██████████████░░░░░░░░░░░  58%  Streaming frame 597/995
  ██████████████░░░░░░░░░░░  58%  Streaming frame 598/995
  ██████████████░░░░░░░░░░░  58%  Streaming frame 599/995
  ██████████████░░░░░░░░░░░  58%  Streaming frame 600/995
  ██████████████░░░░░░░░░░░  58%  Streaming frame 601/995
  ██████████████░░░░░░░░░░░  58%  Streaming frame 602/995
  ██████████████░░░░░░░░░░░  58%  Streaming frame 603/995
  ██████████████░░░░░░░░░░░  58%  Streaming frame 604/995
  ██████████████░░░░░░░░░░░  58%  Streaming frame 605/995
  ██████████████░░░░░░░░░░░  58%  Streaming frame 606/995
  ██████████████░░░░░░░░░░░  59%  Streaming frame 607/995
  ██████████████░░░░░░░░░░░  59%  Streaming frame 608/995
  ██████████████░░░░░░░░░░░  59%  Streaming frame 609/995
  ██████████████░░░░░░░░░░░  59%  Streaming frame 610/995
  ██████████████░░░░░░░░░░░  59%  Streaming frame 611/995
  ██████████████░░░░░░░░░░░  59%  Streaming frame 612/995
  ██████████████░░░░░░░░░░░  59%  Streaming frame 613/995
  ██████████████░░░░░░░░░░░  59%  Streaming frame 614/995
  ██████████████░░░░░░░░░░░  59%  Streaming frame 615/995
  ██████████████░░░░░░░░░░░  59%  Streaming frame 616/995
  ██████████████░░░░░░░░░░░  59%  Streaming frame 617/995
  ██████████████░░░░░░░░░░░  59%  Streaming frame 618/995
  ██████████████░░░░░░░░░░░  59%  Streaming frame 619/995
  ██████████████░░░░░░░░░░░  59%  Streaming frame 620/995
  ██████████████░░░░░░░░░░░  59%  Streaming frame 621/995
  ██████████████░░░░░░░░░░░  59%  Streaming frame 622/995
  ██████████████░░░░░░░░░░░  59%  Streaming frame 623/995
  ██████████████░░░░░░░░░░░  59%  Streaming frame 624/995
  ███████████████░░░░░░░░░░  60%  Streaming frame 625/995
  ███████████████░░░░░░░░░░  60%  Streaming frame 626/995
  ███████████████░░░░░░░░░░  60%  Streaming frame 627/995
  ███████████████░░░░░░░░░░  60%  Streaming frame 628/995
  ███████████████░░░░░░░░░░  60%  Streaming frame 629/995
  ███████████████░░░░░░░░░░  60%  Streaming frame 630/995
  ███████████████░░░░░░░░░░  60%  Streaming frame 631/995
  ███████████████░░░░░░░░░░  60%  Streaming frame 632/995
  ███████████████░░░░░░░░░░  60%  Streaming frame 633/995
  ███████████████░░░░░░░░░░  60%  Streaming frame 634/995
  ███████████████░░░░░░░░░░  60%  Streaming frame 635/995
  ███████████████░░░░░░░░░░  60%  Streaming frame 636/995
  ███████████████░░░░░░░░░░  60%  Streaming frame 637/995
  ███████████████░░░░░░░░░░  60%  Streaming frame 638/995
  ███████████████░░░░░░░░░░  60%  Streaming frame 639/995
  ███████████████░░░░░░░░░░  60%  Streaming frame 640/995
  ███████████████░░░░░░░░░░  60%  Streaming frame 641/995
  ███████████████░░░░░░░░░░  60%  Streaming frame 642/995
  ███████████████░░░░░░░░░░  61%  Streaming frame 643/995
  ███████████████░░░░░░░░░░  61%  Streaming frame 644/995
  ███████████████░░░░░░░░░░  61%  Streaming frame 645/995
  ███████████████░░░░░░░░░░  61%  Streaming frame 646/995
  ███████████████░░░░░░░░░░  61%  Streaming frame 647/995
  ███████████████░░░░░░░░░░  61%  Streaming frame 648/995
  ███████████████░░░░░░░░░░  61%  Streaming frame 649/995
  ███████████████░░░░░░░░░░  61%  Streaming frame 650/995
  ███████████████░░░░░░░░░░  61%  Streaming frame 651/995
  ███████████████░░░░░░░░░░  61%  Streaming frame 652/995
  ███████████████░░░░░░░░░░  61%  Streaming frame 653/995
  ███████████████░░░░░░░░░░  61%  Streaming frame 654/995
  ███████████████░░░░░░░░░░  61%  Streaming frame 655/995
  ███████████████░░░░░░░░░░  61%  Streaming frame 656/995
  ███████████████░░░░░░░░░░  61%  Streaming frame 657/995
  ███████████████░░░░░░░░░░  61%  Streaming frame 658/995
  ███████████████░░░░░░░░░░  61%  Streaming frame 659/995
  ███████████████░░░░░░░░░░  61%  Streaming frame 660/995
  ███████████████░░░░░░░░░░  62%  Streaming frame 661/995
  ███████████████░░░░░░░░░░  62%  Streaming frame 662/995
  ███████████████░░░░░░░░░░  62%  Streaming frame 663/995
  ███████████████░░░░░░░░░░  62%  Streaming frame 664/995
  ███████████████░░░░░░░░░░  62%  Streaming frame 665/995
  ███████████████░░░░░░░░░░  62%  Streaming frame 666/995
  ███████████████░░░░░░░░░░  62%  Streaming frame 667/995
  ███████████████░░░░░░░░░░  62%  Streaming frame 668/995
  ███████████████░░░░░░░░░░  62%  Streaming frame 669/995
  ███████████████░░░░░░░░░░  62%  Streaming frame 670/995
  ███████████████░░░░░░░░░░  62%  Streaming frame 671/995
  ███████████████░░░░░░░░░░  62%  Streaming frame 672/995
  ███████████████░░░░░░░░░░  62%  Streaming frame 673/995
  ███████████████░░░░░░░░░░  62%  Streaming frame 674/995
  ███████████████░░░░░░░░░░  62%  Streaming frame 675/995
  ███████████████░░░░░░░░░░  62%  Streaming frame 676/995
  ███████████████░░░░░░░░░░  62%  Streaming frame 677/995
  ███████████████░░░░░░░░░░  62%  Streaming frame 678/995
  ███████████████░░░░░░░░░░  63%  Streaming frame 679/995
  ███████████████░░░░░░░░░░  63%  Streaming frame 680/995
  ███████████████░░░░░░░░░░  63%  Streaming frame 681/995
  ███████████████░░░░░░░░░░  63%  Streaming frame 682/995
  ███████████████░░░░░░░░░░  63%  Streaming frame 683/995
  ███████████████░░░░░░░░░░  63%  Streaming frame 684/995
  ███████████████░░░░░░░░░░  63%  Streaming frame 685/995
  ███████████████░░░░░░░░░░  63%  Streaming frame 686/995
  ███████████████░░░░░░░░░░  63%  Streaming frame 687/995
  ███████████████░░░░░░░░░░  63%  Streaming frame 688/995
  ███████████████░░░░░░░░░░  63%  Streaming frame 689/995
  ███████████████░░░░░░░░░░  63%  Streaming frame 690/995
  ███████████████░░░░░░░░░░  63%  Streaming frame 691/995
  ███████████████░░░░░░░░░░  63%  Streaming frame 692/995
  ███████████████░░░░░░░░░░  63%  Streaming frame 693/995
  ███████████████░░░░░░░░░░  63%  Streaming frame 694/995
  ███████████████░░░░░░░░░░  63%  Streaming frame 695/995
  ███████████████░░░░░░░░░░  63%  Streaming frame 696/995
  ████████████████░░░░░░░░░  64%  Streaming frame 697/995
  ████████████████░░░░░░░░░  64%  Streaming frame 698/995
  ████████████████░░░░░░░░░  64%  Streaming frame 699/995
  ████████████████░░░░░░░░░  64%  Streaming frame 700/995
  ████████████████░░░░░░░░░  64%  Streaming frame 701/995
  ████████████████░░░░░░░░░  64%  Streaming frame 702/995
  ████████████████░░░░░░░░░  64%  Streaming frame 703/995
  ████████████████░░░░░░░░░  64%  Streaming frame 704/995
  ████████████████░░░░░░░░░  64%  Streaming frame 705/995
  ████████████████░░░░░░░░░  64%  Streaming frame 706/995
  ████████████████░░░░░░░░░  64%  Streaming frame 707/995
  ████████████████░░░░░░░░░  64%  Streaming frame 708/995
  ████████████████░░░░░░░░░  64%  Streaming frame 709/995
  ████████████████░░░░░░░░░  64%  Streaming frame 710/995
  ████████████████░░░░░░░░░  64%  Streaming frame 711/995
  ████████████████░░░░░░░░░  64%  Streaming frame 712/995
  ████████████████░░░░░░░░░  64%  Streaming frame 713/995
  ████████████████░░░░░░░░░  64%  Streaming frame 714/995
  ████████████████░░░░░░░░░  65%  Streaming frame 715/995
  ████████████████░░░░░░░░░  65%  Streaming frame 716/995
  ████████████████░░░░░░░░░  65%  Streaming frame 717/995
  ████████████████░░░░░░░░░  65%  Streaming frame 718/995
  ████████████████░░░░░░░░░  65%  Streaming frame 719/995
  ████████████████░░░░░░░░░  65%  Streaming frame 720/995
  ████████████████░░░░░░░░░  65%  Streaming frame 721/995
  ████████████████░░░░░░░░░  65%  Streaming frame 722/995
  ████████████████░░░░░░░░░  65%  Streaming frame 723/995
  ████████████████░░░░░░░░░  65%  Streaming frame 724/995
  ████████████████░░░░░░░░░  65%  Streaming frame 725/995
  ████████████████░░░░░░░░░  65%  Streaming frame 726/995
  ████████████████░░░░░░░░░  65%  Streaming frame 727/995
  ████████████████░░░░░░░░░  65%  Streaming frame 728/995
  ████████████████░░░░░░░░░  65%  Streaming frame 729/995
  ████████████████░░░░░░░░░  65%  Streaming frame 730/995
  ████████████████░░░░░░░░░  65%  Streaming frame 731/995
  ████████████████░░░░░░░░░  65%  Streaming frame 732/995
  ████████████████░░░░░░░░░  66%  Streaming frame 733/995
  ████████████████░░░░░░░░░  66%  Streaming frame 734/995
  ████████████████░░░░░░░░░  66%  Streaming frame 735/995
  ████████████████░░░░░░░░░  66%  Streaming frame 736/995
  ████████████████░░░░░░░░░  66%  Streaming frame 737/995
  ████████████████░░░░░░░░░  66%  Streaming frame 738/995
  ████████████████░░░░░░░░░  66%  Streaming frame 739/995
  ████████████████░░░░░░░░░  66%  Streaming frame 740/995
  ████████████████░░░░░░░░░  66%  Streaming frame 741/995
  ████████████████░░░░░░░░░  66%  Streaming frame 742/995
  ████████████████░░░░░░░░░  66%  Streaming frame 743/995
  ████████████████░░░░░░░░░  66%  Streaming frame 744/995
  ████████████████░░░░░░░░░  66%  Streaming frame 745/995
  ████████████████░░░░░░░░░  66%  Streaming frame 746/995
  ████████████████░░░░░░░░░  66%  Streaming frame 747/995
  ████████████████░░░░░░░░░  66%  Streaming frame 748/995
  ████████████████░░░░░░░░░  66%  Streaming frame 749/995
  ████████████████░░░░░░░░░  66%  Streaming frame 750/995
  ████████████████░░░░░░░░░  67%  Streaming frame 751/995
  ████████████████░░░░░░░░░  67%  Streaming frame 752/995
  ████████████████░░░░░░░░░  67%  Streaming frame 753/995
  ████████████████░░░░░░░░░  67%  Streaming frame 754/995
  ████████████████░░░░░░░░░  67%  Streaming frame 755/995
  ████████████████░░░░░░░░░  67%  Streaming frame 756/995
  ████████████████░░░░░░░░░  67%  Streaming frame 757/995
  ████████████████░░░░░░░░░  67%  Streaming frame 758/995
  ████████████████░░░░░░░░░  67%  Streaming frame 759/995
  ████████████████░░░░░░░░░  67%  Streaming frame 760/995
  ████████████████░░░░░░░░░  67%  Streaming frame 761/995
  ████████████████░░░░░░░░░  67%  Streaming frame 762/995
  ████████████████░░░░░░░░░  67%  Streaming frame 763/995
  ████████████████░░░░░░░░░  67%  Streaming frame 764/995
  ████████████████░░░░░░░░░  67%  Streaming frame 765/995
  ████████████████░░░░░░░░░  67%  Streaming frame 766/995
  ████████████████░░░░░░░░░  67%  Streaming frame 767/995
  ████████████████░░░░░░░░░  67%  Streaming frame 768/995
  █████████████████░░░░░░░░  68%  Streaming frame 769/995
  █████████████████░░░░░░░░  68%  Streaming frame 770/995
  █████████████████░░░░░░░░  68%  Streaming frame 771/995
  █████████████████░░░░░░░░  68%  Streaming frame 772/995
  █████████████████░░░░░░░░  68%  Streaming frame 773/995
  █████████████████░░░░░░░░  68%  Streaming frame 774/995
  █████████████████░░░░░░░░  68%  Streaming frame 775/995
  █████████████████░░░░░░░░  68%  Streaming frame 776/995
  █████████████████░░░░░░░░  68%  Streaming frame 777/995
  █████████████████░░░░░░░░  68%  Streaming frame 778/995
  █████████████████░░░░░░░░  68%  Streaming frame 779/995
  █████████████████░░░░░░░░  68%  Streaming frame 780/995
  █████████████████░░░░░░░░  68%  Streaming frame 781/995
  █████████████████░░░░░░░░  68%  Streaming frame 782/995
  █████████████████░░░░░░░░  68%  Streaming frame 783/995
  █████████████████░░░░░░░░  68%  Streaming frame 784/995
  █████████████████░░░░░░░░  68%  Streaming frame 785/995
  █████████████████░░░░░░░░  68%  Streaming frame 786/995
  █████████████████░░░░░░░░  69%  Streaming frame 787/995
  █████████████████░░░░░░░░  69%  Streaming frame 788/995
  █████████████████░░░░░░░░  69%  Streaming frame 789/995
  █████████████████░░░░░░░░  69%  Streaming frame 790/995
  █████████████████░░░░░░░░  69%  Streaming frame 791/995
  █████████████████░░░░░░░░  69%  Streaming frame 792/995
  █████████████████░░░░░░░░  69%  Streaming frame 793/995
  █████████████████░░░░░░░░  69%  Streaming frame 794/995
  █████████████████░░░░░░░░  69%  Streaming frame 795/995
  █████████████████░░░░░░░░  69%  Streaming frame 796/995
  █████████████████░░░░░░░░  69%  Streaming frame 797/995
  █████████████████░░░░░░░░  69%  Streaming frame 798/995
  █████████████████░░░░░░░░  69%  Streaming frame 799/995
  █████████████████░░░░░░░░  69%  Streaming frame 800/995
  █████████████████░░░░░░░░  69%  Streaming frame 801/995
  █████████████████░░░░░░░░  69%  Streaming frame 802/995
  █████████████████░░░░░░░░  69%  Streaming frame 803/995
  █████████████████░░░░░░░░  69%  Streaming frame 804/995
  █████████████████░░░░░░░░  69%  Streaming frame 805/995
  █████████████████░░░░░░░░  70%  Streaming frame 806/995
  █████████████████░░░░░░░░  70%  Streaming frame 807/995
  █████████████████░░░░░░░░  70%  Streaming frame 808/995
  █████████████████░░░░░░░░  70%  Streaming frame 809/995
  █████████████████░░░░░░░░  70%  Streaming frame 810/995
  █████████████████░░░░░░░░  70%  Streaming frame 811/995
  █████████████████░░░░░░░░  70%  Streaming frame 812/995
  █████████████████░░░░░░░░  70%  Streaming frame 813/995
  █████████████████░░░░░░░░  70%  Streaming frame 814/995
  █████████████████░░░░░░░░  70%  Streaming frame 815/995
  █████████████████░░░░░░░░  70%  Streaming frame 816/995
  █████████████████░░░░░░░░  70%  Streaming frame 817/995
  █████████████████░░░░░░░░  70%  Streaming frame 818/995
  █████████████████░░░░░░░░  70%  Streaming frame 819/995
  █████████████████░░░░░░░░  70%  Streaming frame 820/995
  █████████████████░░░░░░░░  70%  Streaming frame 821/995
  █████████████████░░░░░░░░  70%  Streaming frame 822/995
  █████████████████░░░░░░░░  70%  Streaming frame 823/995
  █████████████████░░░░░░░░  71%  Streaming frame 824/995
  █████████████████░░░░░░░░  71%  Streaming frame 825/995
  █████████████████░░░░░░░░  71%  Streaming frame 826/995
  █████████████████░░░░░░░░  71%  Streaming frame 827/995
  █████████████████░░░░░░░░  71%  Streaming frame 828/995
  █████████████████░░░░░░░░  71%  Streaming frame 829/995
  █████████████████░░░░░░░░  71%  Streaming frame 830/995
  █████████████████░░░░░░░░  71%  Streaming frame 831/995
  █████████████████░░░░░░░░  71%  Streaming frame 832/995
  █████████████████░░░░░░░░  71%  Streaming frame 833/995
  █████████████████░░░░░░░░  71%  Streaming frame 834/995
  █████████████████░░░░░░░░  71%  Streaming frame 835/995
  █████████████████░░░░░░░░  71%  Streaming frame 836/995
  █████████████████░░░░░░░░  71%  Streaming frame 837/995
  █████████████████░░░░░░░░  71%  Streaming frame 838/995
  █████████████████░░░░░░░░  71%  Streaming frame 839/995
  █████████████████░░░░░░░░  71%  Streaming frame 840/995
  █████████████████░░░░░░░░  71%  Streaming frame 841/995
  ██████████████████░░░░░░░  72%  Streaming frame 842/995
  ██████████████████░░░░░░░  72%  Streaming frame 843/995
  ██████████████████░░░░░░░  72%  Streaming frame 844/995
  ██████████████████░░░░░░░  72%  Streaming frame 845/995
  ██████████████████░░░░░░░  72%  Streaming frame 846/995
  ██████████████████░░░░░░░  72%  Streaming frame 847/995
  ██████████████████░░░░░░░  72%  Streaming frame 848/995
  ██████████████████░░░░░░░  72%  Streaming frame 849/995
  ██████████████████░░░░░░░  72%  Streaming frame 850/995
  ██████████████████░░░░░░░  72%  Streaming frame 851/995
  ██████████████████░░░░░░░  72%  Streaming frame 852/995
  ██████████████████░░░░░░░  72%  Streaming frame 853/995
  ██████████████████░░░░░░░  72%  Streaming frame 854/995
  ██████████████████░░░░░░░  72%  Streaming frame 855/995
  ██████████████████░░░░░░░  72%  Streaming frame 856/995
  ██████████████████░░░░░░░  72%  Streaming frame 857/995
  ██████████████████░░░░░░░  72%  Streaming frame 858/995
  ██████████████████░░░░░░░  72%  Streaming frame 859/995
  ██████████████████░░░░░░░  73%  Streaming frame 860/995
  ██████████████████░░░░░░░  73%  Streaming frame 861/995
  ██████████████████░░░░░░░  73%  Streaming frame 862/995
  ██████████████████░░░░░░░  73%  Streaming frame 863/995
  ██████████████████░░░░░░░  73%  Streaming frame 864/995
  ██████████████████░░░░░░░  73%  Streaming frame 865/995
  ██████████████████░░░░░░░  73%  Streaming frame 866/995
  ██████████████████░░░░░░░  73%  Streaming frame 867/995
  ██████████████████░░░░░░░  73%  Streaming frame 868/995
  ██████████████████░░░░░░░  73%  Streaming frame 869/995
  ██████████████████░░░░░░░  73%  Streaming frame 870/995
  ██████████████████░░░░░░░  73%  Streaming frame 871/995
  ██████████████████░░░░░░░  73%  Streaming frame 872/995
  ██████████████████░░░░░░░  73%  Streaming frame 873/995
  ██████████████████░░░░░░░  73%  Streaming frame 874/995
  ██████████████████░░░░░░░  73%  Streaming frame 875/995
  ██████████████████░░░░░░░  73%  Streaming frame 876/995
  ██████████████████░░░░░░░  73%  Streaming frame 877/995
  ██████████████████░░░░░░░  74%  Streaming frame 878/995
  ██████████████████░░░░░░░  74%  Streaming frame 879/995
  ██████████████████░░░░░░░  74%  Streaming frame 880/995
  ██████████████████░░░░░░░  74%  Streaming frame 881/995
  ██████████████████░░░░░░░  74%  Streaming frame 882/995
  ██████████████████░░░░░░░  74%  Streaming frame 883/995
  ██████████████████░░░░░░░  74%  Streaming frame 884/995
  ██████████████████░░░░░░░  74%  Streaming frame 885/995
  ██████████████████░░░░░░░  74%  Streaming frame 886/995
  ██████████████████░░░░░░░  74%  Streaming frame 887/995
  ██████████████████░░░░░░░  74%  Streaming frame 888/995
  ██████████████████░░░░░░░  74%  Streaming frame 889/995
  ██████████████████░░░░░░░  74%  Streaming frame 890/995
  ██████████████████░░░░░░░  74%  Streaming frame 891/995
  ██████████████████░░░░░░░  74%  Streaming frame 892/995
  ██████████████████░░░░░░░  74%  Streaming frame 893/995
  ██████████████████░░░░░░░  74%  Streaming frame 894/995
  ██████████████████░░░░░░░  74%  Streaming frame 895/995
  ██████████████████░░░░░░░  75%  Streaming frame 896/995
  ██████████████████░░░░░░░  75%  Streaming frame 897/995
  ██████████████████░░░░░░░  75%  Streaming frame 898/995
  ██████████████████░░░░░░░  75%  Streaming frame 899/995
  ██████████████████░░░░░░░  75%  Streaming frame 900/995
  ██████████████████░░░░░░░  75%  Streaming frame 901/995
  ██████████████████░░░░░░░  75%  Streaming frame 902/995
  ██████████████████░░░░░░░  75%  Streaming frame 903/995
  ██████████████████░░░░░░░  75%  Streaming frame 904/995
  ██████████████████░░░░░░░  75%  Streaming frame 905/995
  ██████████████████░░░░░░░  75%  Streaming frame 906/995
  ██████████████████░░░░░░░  75%  Streaming frame 907/995
  ██████████████████░░░░░░░  75%  Streaming frame 908/995
  ██████████████████░░░░░░░  75%  Streaming frame 909/995
  ██████████████████░░░░░░░  75%  Streaming frame 910/995
  ██████████████████░░░░░░░  75%  Streaming frame 911/995
  ██████████████████░░░░░░░  75%  Streaming frame 912/995
  ██████████████████░░░░░░░  75%  Streaming frame 913/995
  ███████████████████░░░░░░  76%  Streaming frame 914/995
  ███████████████████░░░░░░  76%  Streaming frame 915/995
  ███████████████████░░░░░░  76%  Streaming frame 916/995
  ███████████████████░░░░░░  76%  Streaming frame 917/995
  ███████████████████░░░░░░  76%  Streaming frame 918/995
  ███████████████████░░░░░░  76%  Streaming frame 919/995
  ███████████████████░░░░░░  76%  Streaming frame 920/995
  ███████████████████░░░░░░  76%  Streaming frame 921/995
  ███████████████████░░░░░░  76%  Streaming frame 922/995
  ███████████████████░░░░░░  76%  Streaming frame 923/995
  ███████████████████░░░░░░  76%  Streaming frame 924/995
  ███████████████████░░░░░░  76%  Streaming frame 925/995
  ███████████████████░░░░░░  76%  Streaming frame 926/995
  ███████████████████░░░░░░  76%  Streaming frame 927/995
  ███████████████████░░░░░░  76%  Streaming frame 928/995
  ███████████████████░░░░░░  76%  Streaming frame 929/995
  ███████████████████░░░░░░  76%  Streaming frame 930/995
  ███████████████████░░░░░░  76%  Streaming frame 931/995
  ███████████████████░░░░░░  77%  Streaming frame 932/995
  ███████████████████░░░░░░  77%  Streaming frame 933/995
  ███████████████████░░░░░░  77%  Streaming frame 934/995
  ███████████████████░░░░░░  77%  Streaming frame 935/995
  ███████████████████░░░░░░  77%  Streaming frame 936/995
  ███████████████████░░░░░░  77%  Streaming frame 937/995
  ███████████████████░░░░░░  77%  Streaming frame 938/995
  ███████████████████░░░░░░  77%  Streaming frame 939/995
  ███████████████████░░░░░░  77%  Streaming frame 940/995
  ███████████████████░░░░░░  77%  Streaming frame 941/995
  ███████████████████░░░░░░  77%  Streaming frame 942/995
  ███████████████████░░░░░░  77%  Streaming frame 943/995
  ███████████████████░░░░░░  77%  Streaming frame 944/995
  ███████████████████░░░░░░  77%  Streaming frame 945/995
  ███████████████████░░░░░░  77%  Streaming frame 946/995
  ███████████████████░░░░░░  77%  Streaming frame 947/995
  ███████████████████░░░░░░  77%  Streaming frame 948/995
  ███████████████████░░░░░░  77%  Streaming frame 949/995
  ███████████████████░░░░░░  78%  Streaming frame 950/995
  ███████████████████░░░░░░  78%  Streaming frame 951/995
  ███████████████████░░░░░░  78%  Streaming frame 952/995
  ███████████████████░░░░░░  78%  Streaming frame 953/995
  ███████████████████░░░░░░  78%  Streaming frame 954/995
  ███████████████████░░░░░░  78%  Streaming frame 955/995
  ███████████████████░░░░░░  78%  Streaming frame 956/995
  ███████████████████░░░░░░  78%  Streaming frame 957/995
  ███████████████████░░░░░░  78%  Streaming frame 958/995
  ███████████████████░░░░░░  78%  Streaming frame 959/995
  ███████████████████░░░░░░  78%  Streaming frame 960/995
  ███████████████████░░░░░░  78%  Streaming frame 961/995
  ███████████████████░░░░░░  78%  Streaming frame 962/995
  ███████████████████░░░░░░  78%  Streaming frame 963/995
  ███████████████████░░░░░░  78%  Streaming frame 964/995
  ███████████████████░░░░░░  78%  Streaming frame 965/995
  ███████████████████░░░░░░  78%  Streaming frame 966/995
  ███████████████████░░░░░░  78%  Streaming frame 967/995
  ███████████████████░░░░░░  79%  Streaming frame 968/995
  ███████████████████░░░░░░  79%  Streaming frame 969/995
  ███████████████████░░░░░░  79%  Streaming frame 970/995
  ███████████████████░░░░░░  79%  Streaming frame 971/995
  ███████████████████░░░░░░  79%  Streaming frame 972/995
  ███████████████████░░░░░░  79%  Streaming frame 973/995
  ███████████████████░░░░░░  79%  Streaming frame 974/995
  ███████████████████░░░░░░  79%  Streaming frame 975/995
  ███████████████████░░░░░░  79%  Streaming frame 976/995
  ███████████████████░░░░░░  79%  Streaming frame 977/995
  ███████████████████░░░░░░  79%  Streaming frame 978/995
  ███████████████████░░░░░░  79%  Streaming frame 979/995
  ███████████████████░░░░░░  79%  Streaming frame 980/995
  ███████████████████░░░░░░  79%  Streaming frame 981/995
  ███████████████████░░░░░░  79%  Streaming frame 982/995
  ███████████████████░░░░░░  79%  Streaming frame 983/995
  ███████████████████░░░░░░  79%  Streaming frame 984/995
  ███████████████████░░░░░░  79%  Streaming frame 985/995
  ████████████████████░░░░░  80%  Streaming frame 986/995
  ████████████████████░░░░░  80%  Streaming frame 987/995
  ████████████████████░░░░░  80%  Streaming frame 988/995
  ████████████████████░░░░░  80%  Streaming frame 989/995
  ████████████████████░░░░░  80%  Streaming frame 990/995
  ████████████████████░░░░░  80%  Streaming frame 991/995
  ████████████████████░░░░░  80%  Streaming frame 992/995
  ████████████████████░░░░░  80%  Streaming frame 993/995
  ████████████████████░░░░░  80%  Streaming frame 994/995
  ████████████████████░░░░░  80%  Streaming frame 995/995
[static-dedup] reused 674/1669 frame(s) (40%), est. ~3370ms saved (avg 5ms/frame)
  ██████████████████████░░░  90%  Assembling final video
  █████████████████████████  100%  Render complete

◇  /Users/brownmanbrain/GitHub/operator-economy/blueprint-cinema/experiments/EP009-FULL-BUILD-001/scenes/seg015__seg016/qa/seg015__seg016.mp4
   2.5 MB · 41.5s video · rendered in 11.8s
[INFO] [Render] Pipeline started {"renderJobId":"098fc81d-d67b-43e5-92c5-c8867ddc3a7d","platform":"darwin","arch":"arm64","nodeVersion":"v25.6.1","fps":{"num":24,"den":1},"format":"mp4","quality":"high","browserGpuMode":"auto","forceScreenshot":false,"protocolTimeout":300000,"browserTimeout":120000,"pageNavigationTimeout":60000,"playerReadyTimeout":45000}
[INFO] [Render:trace] {"renderJobId":"098fc81d-d67b-43e5-92c5-c8867ddc3a7d","phase":"pipeline","status":"checkpoint","elapsedMs":1,"message":"started","format":"mp4","quality":"high","browserGpuMode":"auto","forceScreenshot":false,"protocolTimeoutMs":300000,"pageNavigationTimeoutMs":60000,"playerReadyTimeoutMs":45000,"requestedWorkers":"auto"}
[INFO] [Render:trace] {"renderJobId":"098fc81d-d67b-43e5-92c5-c8867ddc3a7d","phase":"compile","status":"start","elapsedMs":2,"needsAlpha":false}
[INFO] [Compiler] Embedded local font file: public/fonts/boska-700.woff2 (30 KB → data URI)
[INFO] [Compiler] Embedded local font file: public/fonts/supreme-400.woff2 (18 KB → data URI)
[INFO] [Compiler] Embedded local font file: public/fonts/supreme-500.woff2 (18 KB → data URI)
[INFO] Compiled composition metadata {"renderJobId":"098fc81d-d67b-43e5-92c5-c8867ddc3a7d","entryFile":"index.html","staticDuration":41.458333333333336,"width":1280,"height":720,"videoCount":0,"audioCount":1,"renderModeHints":{"recommendScreenshot":false,"reasons":[]}}
[INFO] [Render:trace] {"renderJobId":"098fc81d-d67b-43e5-92c5-c8867ddc3a7d","phase":"compile","status":"end","elapsedMs":66,"durationMs":64,"needsAlpha":false}
[INFO] [Render:trace] {"renderJobId":"098fc81d-d67b-43e5-92c5-c8867ddc3a7d","phase":"compile","status":"checkpoint","elapsedMs":67,"message":"composition metadata resolved","width":1280,"height":720,"videoCount":0,"audioCount":1,"imageCount":0,"deviceScaleFactor":1,"forceScreenshot":false,"compositionHash":"50eee7bab037b0a6"}
[INFO] [Render:trace] {"renderJobId":"098fc81d-d67b-43e5-92c5-c8867ddc3a7d","phase":"browser_probe","status":"start","elapsedMs":67,"forceScreenshot":false,"stagePhase":"calibrating"}
[INFO] [Render:trace] {"renderJobId":"098fc81d-d67b-43e5-92c5-c8867ddc3a7d","phase":"browser_probe","status":"end","elapsedMs":71,"durationMs":4,"forceScreenshot":false,"stagePhase":"calibrating"}
[INFO] [Render:trace] {"renderJobId":"098fc81d-d67b-43e5-92c5-c8867ddc3a7d","phase":"browser_probe","status":"checkpoint","elapsedMs":71,"message":"duration resolved","durationSeconds":41.458333333333336,"totalFrames":995,"compositionHash":"50eee7bab037b0a6","beginFrameStalled":false}
[INFO] [Render:trace] {"renderJobId":"098fc81d-d67b-43e5-92c5-c8867ddc3a7d","phase":"video_extract","status":"start","elapsedMs":71,"videoCount":0}
[INFO] [Render:trace] {"renderJobId":"098fc81d-d67b-43e5-92c5-c8867ddc3a7d","phase":"video_extract","status":"end","elapsedMs":71,"durationMs":0,"videoCount":0}
[INFO] [Render:trace] {"renderJobId":"098fc81d-d67b-43e5-92c5-c8867ddc3a7d","phase":"video_extract","status":"checkpoint","elapsedMs":72,"message":"frames resolved","videoCount":0,"extractedVideoCount":0,"totalFramesExtracted":0,"maxFramesPerVideo":0,"avgFramesPerExtractedVideo":null,"vfrPreflightCount":null,"vfrPreflightMs":null,"cacheHits":null,"cacheMisses":null,"transientRetries":null,"minVideoFrameCoverageRatio":null,"authoredTimedClipCount":2}
[INFO] [Render] No HDR sources detected — rendering SDR {"renderJobId":"098fc81d-d67b-43e5-92c5-c8867ddc3a7d"}
[INFO] [Render:trace] {"renderJobId":"098fc81d-d67b-43e5-92c5-c8867ddc3a7d","phase":"hdr_detection","status":"checkpoint","elapsedMs":72,"message":"resolved","requestedHdrMode":"auto","effectiveHdr":"sdr","nativeHdrVideoCount":0,"nativeHdrImageCount":0}
[INFO] [Render:trace] {"renderJobId":"098fc81d-d67b-43e5-92c5-c8867ddc3a7d","phase":"audio_process","status":"start","elapsedMs":72,"audioCount":1}
[INFO] [Render:trace] {"renderJobId":"098fc81d-d67b-43e5-92c5-c8867ddc3a7d","phase":"audio_process","status":"end","elapsedMs":914,"durationMs":842,"audioCount":1}
[INFO] [Render:trace] {"renderJobId":"098fc81d-d67b-43e5-92c5-c8867ddc3a7d","phase":"file_server","status":"start","elapsedMs":915,"reused":false}
[INFO] [Render:trace] {"renderJobId":"098fc81d-d67b-43e5-92c5-c8867ddc3a7d","phase":"file_server","status":"end","elapsedMs":920,"durationMs":5}
[hyperframes] browserGpuMode probe → hardware (WebGL renderer vendor="Google Inc. (Apple)" renderer="ANGLE (Apple, ANGLE Metal Renderer: Apple M4, Unspecified Version)")
[INFO] [Render:trace] {"renderJobId":"098fc81d-d67b-43e5-92c5-c8867ddc3a7d","phase":"capture_calibration","status":"checkpoint","elapsedMs":1057,"message":"skipped","requestedWorkers":"auto","totalFrames":995,"htmlInCanvasDetected":false,"lowMemoryMode":false,"deInversionEligible":true,"deParallelRouterEligible":false}
[INFO] [Render] Fast capture: single-worker drawElement streaming preferred over 4-worker screenshot capture (995 frames >= 900; verified path, measured faster at every worker count). Set HF_DE_SINGLE_MIN_FRAMES=0 or --workers N to override. {"renderJobId":"098fc81d-d67b-43e5-92c5-c8867ddc3a7d"}
[INFO] [Render:trace] {"renderJobId":"098fc81d-d67b-43e5-92c5-c8867ddc3a7d","phase":"worker_resolution","status":"checkpoint","elapsedMs":1057,"message":"resolved","workerCount":1}
[INFO] streaming-encode gate {"renderJobId":"098fc81d-d67b-43e5-92c5-c8867ddc3a7d","enabled":true,"configFlag":true,"outputFormat":"mp4","workerCount":1,"durationSeconds":41.458333333333336,"maxDurationSeconds":240}
[INFO] [Render:trace] {"renderJobId":"098fc81d-d67b-43e5-92c5-c8867ddc3a7d","phase":"capture_strategy","status":"checkpoint","elapsedMs":1057,"message":"resolved","workerCount":1,"forceScreenshot":false,"captureBeyondViewport":null,"useStreamingEncode":true,"useLayeredComposite":false,"usePageSideCompositing":false,"hasHdrContent":false,"hasShaderTransitions":false,"isPngSequence":false}
[INFO] [Render:trace] {"renderJobId":"098fc81d-d67b-43e5-92c5-c8867ddc3a7d","phase":"capture_streaming","status":"start","elapsedMs":1058,"stagePhase":"capturing","workerCount":1,"forceScreenshot":false,"totalFrames":995,"framesCompleted":0,"captureMode":"drawelement","captureOperation":"drawElement"}
[INFO] [Render] drawElement self-verify passed {"renderJobId":"098fc81d-d67b-43e5-92c5-c8867ddc3a7d","frame":249,"psnrDb":"inf"}
[WARN] [Render] drawElement blank-frame suspect; re-capturing {"renderJobId":"098fc81d-d67b-43e5-92c5-c8867ddc3a7d","frame":364,"bytes":15520,"floor":20000}
[INFO] [Render] drawElement small frame is deterministic; accepted {"renderJobId":"098fc81d-d67b-43e5-92c5-c8867ddc3a7d","frame":364,"bytes":15520}
[INFO] [Render] drawElement self-verify passed {"renderJobId":"098fc81d-d67b-43e5-92c5-c8867ddc3a7d","frame":498,"psnrDb":76.2}
[INFO] [Render] drawElement self-verify passed {"renderJobId":"098fc81d-d67b-43e5-92c5-c8867ddc3a7d","frame":746,"psnrDb":"inf"}
[INFO] [Render] drawElement self-verify passed {"renderJobId":"098fc81d-d67b-43e5-92c5-c8867ddc3a7d","frame":945,"psnrDb":"inf"}
[INFO] [Render:trace] {"renderJobId":"098fc81d-d67b-43e5-92c5-c8867ddc3a7d","phase":"capture_streaming","status":"end","elapsedMs":10774,"durationMs":9716,"stagePhase":"capturing","workerCount":1,"forceScreenshot":false,"totalFrames":995,"framesCompleted":995,"captureMode":"drawelement","captureOperation":"encode"}
[INFO] [Render:trace] {"renderJobId":"098fc81d-d67b-43e5-92c5-c8867ddc3a7d","phase":"assemble","status":"start","elapsedMs":10774,"stagePhase":"capturing","hasAudio":true,"workerCount":1,"forceScreenshot":false,"totalFrames":995,"framesCompleted":995,"captureMode":"drawelement","captureOperation":"encode"}
[INFO] [Render:trace] {"renderJobId":"098fc81d-d67b-43e5-92c5-c8867ddc3a7d","phase":"assemble","status":"end","elapsedMs":11730,"durationMs":956,"stagePhase":"capturing","hasAudio":true,"workerCount":1,"forceScreenshot":false,"totalFrames":995,"framesCompleted":995,"captureMode":"drawelement","captureOperation":"encode"}
[INFO] [Render:trace] {"renderJobId":"098fc81d-d67b-43e5-92c5-c8867ddc3a7d","phase":"pipeline","status":"checkpoint","elapsedMs":11752,"message":"artifact validated","totalElapsedMs":11752}
