
◆  Rendering r54-s11b → /Users/brownmanbrain/GitHub/operator-economy/blueprint-cinema/experiments/EP007-NET-NEW-UNFINISHED-ANSWER-003/hyperframes/reviews/r54-s11b/qa/r54-s11b.mp4
   24fps · high · auto workers (10 cores detected)
   GPU: browser GPU (auto-detect)

[?25l│
◇  Browser: cache
[?25h[INFO] [Render] Pipeline started {"renderJobId":"486f335b-045e-4ee1-88b2-3295bb1dee82","platform":"darwin","arch":"arm64","nodeVersion":"v25.6.1","fps":{"num":24,"den":1},"format":"mp4","quality":"high","browserGpuMode":"auto","forceScreenshot":false,"protocolTimeout":300000,"browserTimeout":120000,"pageNavigationTimeout":60000,"playerReadyTimeout":45000}
[INFO] [Render:trace] {"renderJobId":"486f335b-045e-4ee1-88b2-3295bb1dee82","phase":"pipeline","status":"checkpoint","elapsedMs":2,"message":"started","format":"mp4","quality":"high","browserGpuMode":"auto","forceScreenshot":false,"protocolTimeoutMs":300000,"pageNavigationTimeoutMs":60000,"playerReadyTimeoutMs":45000,"requestedWorkers":"auto"}
[INFO] [Render:trace] {"renderJobId":"486f335b-045e-4ee1-88b2-3295bb1dee82","phase":"compile","status":"start","elapsedMs":2,"needsAlpha":false}
  █░░░░░░░░░░░░░░░░░░░░░░░░  5%  Compiling composition
[INFO] [Compiler] Embedded local font file: public/fonts/boska-700.woff2 (30 KB → data URI)
[INFO] [Compiler] Embedded local font file: public/fonts/supreme-400.woff2 (18 KB → data URI)
[INFO] [Compiler] Embedded local font file: public/fonts/supreme-500.woff2 (18 KB → data URI)
[INFO] Compiled composition metadata {"renderJobId":"486f335b-045e-4ee1-88b2-3295bb1dee82","entryFile":"index.html","staticDuration":21.291666666666668,"width":1280,"height":720,"videoCount":0,"audioCount":1,"renderModeHints":{"recommendScreenshot":false,"reasons":[]}}
[INFO] [Render:trace] {"renderJobId":"486f335b-045e-4ee1-88b2-3295bb1dee82","phase":"compile","status":"end","elapsedMs":62,"durationMs":60,"needsAlpha":false}
[INFO] [Render:trace] {"renderJobId":"486f335b-045e-4ee1-88b2-3295bb1dee82","phase":"compile","status":"checkpoint","elapsedMs":62,"message":"composition metadata resolved","width":1280,"height":720,"videoCount":0,"audioCount":1,"imageCount":0,"deviceScaleFactor":1,"forceScreenshot":false,"compositionHash":"242a650628477207"}
[INFO] [Render:trace] {"renderJobId":"486f335b-045e-4ee1-88b2-3295bb1dee82","phase":"browser_probe","status":"start","elapsedMs":62,"forceScreenshot":false,"stagePhase":"calibrating"}
[INFO] [Render:trace] {"renderJobId":"486f335b-045e-4ee1-88b2-3295bb1dee82","phase":"browser_probe","status":"end","elapsedMs":65,"durationMs":3,"forceScreenshot":false,"stagePhase":"calibrating"}
[INFO] [Render:trace] {"renderJobId":"486f335b-045e-4ee1-88b2-3295bb1dee82","phase":"browser_probe","status":"checkpoint","elapsedMs":65,"message":"duration resolved","durationSeconds":21.291666666666668,"totalFrames":511,"compositionHash":"242a650628477207","beginFrameStalled":false}
[INFO] [Render:trace] {"renderJobId":"486f335b-045e-4ee1-88b2-3295bb1dee82","phase":"video_extract","status":"start","elapsedMs":65,"videoCount":0}
  ██░░░░░░░░░░░░░░░░░░░░░░░  10%  Extracting video frames
[INFO] [Render:trace] {"renderJobId":"486f335b-045e-4ee1-88b2-3295bb1dee82","phase":"video_extract","status":"end","elapsedMs":66,"durationMs":1,"videoCount":0}
[INFO] [Render:trace] {"renderJobId":"486f335b-045e-4ee1-88b2-3295bb1dee82","phase":"video_extract","status":"checkpoint","elapsedMs":66,"message":"frames resolved","videoCount":0,"extractedVideoCount":0,"totalFramesExtracted":0,"maxFramesPerVideo":0,"avgFramesPerExtractedVideo":null,"vfrPreflightCount":null,"vfrPreflightMs":null,"cacheHits":null,"cacheMisses":null,"transientRetries":null,"minVideoFrameCoverageRatio":null,"authoredTimedClipCount":2}
[INFO] [Render] No HDR sources detected — rendering SDR {"renderJobId":"486f335b-045e-4ee1-88b2-3295bb1dee82"}
[INFO] [Render:trace] {"renderJobId":"486f335b-045e-4ee1-88b2-3295bb1dee82","phase":"hdr_detection","status":"checkpoint","elapsedMs":66,"message":"resolved","requestedHdrMode":"auto","effectiveHdr":"sdr","nativeHdrVideoCount":0,"nativeHdrImageCount":0}
[INFO] [Render:trace] {"renderJobId":"486f335b-045e-4ee1-88b2-3295bb1dee82","phase":"audio_process","status":"start","elapsedMs":66,"audioCount":1}
  █████░░░░░░░░░░░░░░░░░░░░  20%  Processing audio tracks
[INFO] [Render:trace] {"renderJobId":"486f335b-045e-4ee1-88b2-3295bb1dee82","phase":"audio_process","status":"end","elapsedMs":521,"durationMs":455,"audioCount":1}
[INFO] [Render:trace] {"renderJobId":"486f335b-045e-4ee1-88b2-3295bb1dee82","phase":"file_server","status":"start","elapsedMs":521,"reused":false}
  ██████░░░░░░░░░░░░░░░░░░░  25%  Starting frame capture
[INFO] [Render:trace] {"renderJobId":"486f335b-045e-4ee1-88b2-3295bb1dee82","phase":"file_server","status":"end","elapsedMs":526,"durationMs":5}
[hyperframes] browserGpuMode probe → hardware (WebGL renderer vendor="Google Inc. (Apple)" renderer="ANGLE (Apple, ANGLE Metal Renderer: Apple M4, Unspecified Version)")
[INFO] [Render:trace] {"renderJobId":"486f335b-045e-4ee1-88b2-3295bb1dee82","phase":"capture_calibration","status":"start","elapsedMs":657,"stagePhase":"calibrating","forceScreenshot":false,"totalFrames":511,"framesCompleted":0,"captureMode":"drawelement","captureOperation":"drawElement"}
[INFO] [Render] Calibration config {"renderJobId":"486f335b-045e-4ee1-88b2-3295bb1dee82","protocolTimeout":30000,"parentProtocolTimeout":300000,"forceScreenshot":false,"totalFrames":511}
[INFO] Launching browser for capture calibration... {"renderJobId":"486f335b-045e-4ee1-88b2-3295bb1dee82"}
[BrowserManager] Browser launched (HeadlessChrome/152.0.7977.30, screenshot, gl=--use-gl=angle --use-angle=metal, headlessShell=true, platform=darwin)
[INFO] Initializing calibration session... {"renderJobId":"486f335b-045e-4ee1-88b2-3295bb1dee82"}
[initSession:screenshot] page.goto start (0ms)
[HyperFrames] render runtime fps [object Object]
[initSession:screenshot] page.goto complete (106ms)
[initSession:screenshot] GSAP proxy flush complete (109ms)
[initSession:screenshot] pollHfReady complete (109ms)
[initSession:screenshot] pollSubCompositionTimelines complete (ready) (110ms)
[initSession:screenshot] applyVideoMetadataHints complete (110ms)
[initSession:screenshot] media + fonts + tailwind ready (111ms)
[initSession:screenshot] timeline at-risk predictor: 0/512 frames (0%) (132ms)
[initSession:screenshot] static-frame dedup: 311/311 predicted frame(s) reusable (outcome=verified, runs=12/12, screenshots=36, seeks=37, elapsedMs=1458) (1764ms)
[initSession:screenshot] drawElement self-verify armed: 4 ground-truth frame(s) @ [128, 256, 383, 485] of 511 (2157ms)
[initSession:drawelement] drawElement canvas injected (2159ms)
[initSession:drawelement] screenshot fallback: 5 clip-boundary frame(s) (2159ms)
[initSession:drawelement] drawElement worker encode initialized (2162ms)
[INFO] Calibration session ready, capturing test frames... {"renderJobId":"486f335b-045e-4ee1-88b2-3295bb1dee82"}
[INFO] Calibration: capturing test frame 1/5... {"renderJobId":"486f335b-045e-4ee1-88b2-3295bb1dee82"}
[WARN] [Render] Auto-worker calibration failed; using conservative worker budget. {"renderJobId":"486f335b-045e-4ee1-88b2-3295bb1dee82","protocolTimeout":30000,"error":"drawElement capture failed at frame 0: suspect small frame (16784B < 20000B); fresh screenshot capture required"}
[INFO] [Render:trace] {"renderJobId":"486f335b-045e-4ee1-88b2-3295bb1dee82","phase":"capture_calibration","status":"end","elapsedMs":3082,"durationMs":2425,"stagePhase":"calibrating","forceScreenshot":false,"totalFrames":511,"framesCompleted":0,"captureMode":"drawelement","captureOperation":"drawElement"}
[INFO] [Render:trace] {"renderJobId":"486f335b-045e-4ee1-88b2-3295bb1dee82","phase":"capture_calibration","status":"checkpoint","elapsedMs":3082,"message":"resolved","forceScreenshot":false,"multiplier":8,"p95Ms":null}
[WARN] [Render] Reduced auto worker count for high-cost capture workload to avoid Chrome compositor starvation. {"renderJobId":"486f335b-045e-4ee1-88b2-3295bb1dee82","from":4,"to":1,"costMultiplier":8,"reasons":["calibration-failed"]}
[INFO] [Render:trace] {"renderJobId":"486f335b-045e-4ee1-88b2-3295bb1dee82","phase":"worker_resolution","status":"checkpoint","elapsedMs":3083,"message":"resolved","workerCount":1}
[INFO] streaming-encode gate {"renderJobId":"486f335b-045e-4ee1-88b2-3295bb1dee82","enabled":true,"configFlag":true,"outputFormat":"mp4","workerCount":1,"durationSeconds":21.291666666666668,"maxDurationSeconds":240}
[INFO] [Render:trace] {"renderJobId":"486f335b-045e-4ee1-88b2-3295bb1dee82","phase":"capture_strategy","status":"checkpoint","elapsedMs":3083,"message":"resolved","workerCount":1,"forceScreenshot":false,"captureBeyondViewport":null,"useStreamingEncode":true,"useLayeredComposite":false,"usePageSideCompositing":false,"hasHdrContent":false,"hasShaderTransitions":false,"isPngSequence":false}
[INFO] [Render:trace] {"renderJobId":"486f335b-045e-4ee1-88b2-3295bb1dee82","phase":"capture_streaming","status":"start","elapsedMs":3083,"stagePhase":"capturing","workerCount":1,"forceScreenshot":false,"totalFrames":511,"framesCompleted":0,"captureMode":"drawelement","captureOperation":"drawElement"}
[BrowserManager] Browser launched (HeadlessChrome/152.0.7977.30, screenshot, gl=--use-gl=angle --use-angle=metal, headlessShell=true, platform=darwin)
[initSession:screenshot] page.goto start (0ms)
[HyperFrames] render runtime fps [object Object]
[initSession:screenshot] page.goto complete (81ms)
[initSession:screenshot] GSAP proxy flush complete (84ms)
[initSession:screenshot] pollHfReady complete (85ms)
[initSession:screenshot] pollSubCompositionTimelines complete (ready) (85ms)
[initSession:screenshot] applyVideoMetadataHints complete (85ms)
[initSession:screenshot] media + fonts + tailwind ready (86ms)
[initSession:screenshot] timeline at-risk predictor: 0/512 frames (0%) (91ms)
[initSession:screenshot] static-frame dedup: 311/311 predicted frame(s) reusable (outcome=verified, runs=12/12, screenshots=36, seeks=37, elapsedMs=1456) (1720ms)
[initSession:screenshot] drawElement self-verify armed: 4 ground-truth frame(s) @ [128, 256, 383, 485] of 511 (2105ms)
[initSession:drawelement] drawElement canvas injected (2106ms)
[initSession:drawelement] screenshot fallback: 5 clip-boundary frame(s) (2107ms)
[initSession:drawelement] drawElement worker encode initialized (2109ms)
  ██████░░░░░░░░░░░░░░░░░░░  25%  Streaming frame 1/511
  ██████░░░░░░░░░░░░░░░░░░░  25%  Streaming frame 2/511
  ██████░░░░░░░░░░░░░░░░░░░  25%  Streaming frame 3/511
  ██████░░░░░░░░░░░░░░░░░░░  25%  Streaming frame 4/511
  ██████░░░░░░░░░░░░░░░░░░░  26%  Streaming frame 5/511
  ██████░░░░░░░░░░░░░░░░░░░  26%  Streaming frame 6/511
  ██████░░░░░░░░░░░░░░░░░░░  26%  Streaming frame 7/511
  ██████░░░░░░░░░░░░░░░░░░░  26%  Streaming frame 8/511
  ██████░░░░░░░░░░░░░░░░░░░  26%  Streaming frame 9/511
  ██████░░░░░░░░░░░░░░░░░░░  26%  Streaming frame 10/511
  ██████░░░░░░░░░░░░░░░░░░░  26%  Streaming frame 11/511
  ██████░░░░░░░░░░░░░░░░░░░  26%  Streaming frame 12/511
[WARN] [Render] drawElement blank-frame suspect; re-capturing {"renderJobId":"486f335b-045e-4ee1-88b2-3295bb1dee82","frame":12,"bytes":14674,"floor":20000}
[INFO] [Render] drawElement small frame is deterministic; accepted {"renderJobId":"486f335b-045e-4ee1-88b2-3295bb1dee82","frame":12,"bytes":14674}
  ██████░░░░░░░░░░░░░░░░░░░  26%  Streaming frame 13/511
  ██████░░░░░░░░░░░░░░░░░░░  27%  Streaming frame 14/511
  ██████░░░░░░░░░░░░░░░░░░░  27%  Streaming frame 15/511
  ██████░░░░░░░░░░░░░░░░░░░  27%  Streaming frame 16/511
  ██████░░░░░░░░░░░░░░░░░░░  27%  Streaming frame 17/511
  ██████░░░░░░░░░░░░░░░░░░░  27%  Streaming frame 18/511
  ██████░░░░░░░░░░░░░░░░░░░  27%  Streaming frame 19/511
  ██████░░░░░░░░░░░░░░░░░░░  27%  Streaming frame 20/511
  ██████░░░░░░░░░░░░░░░░░░░  27%  Streaming frame 21/511
  ██████░░░░░░░░░░░░░░░░░░░  27%  Streaming frame 22/511
  ██████░░░░░░░░░░░░░░░░░░░  27%  Streaming frame 23/511
  ███████░░░░░░░░░░░░░░░░░░  28%  Streaming frame 24/511
  ███████░░░░░░░░░░░░░░░░░░  28%  Streaming frame 25/511
  ███████░░░░░░░░░░░░░░░░░░  28%  Streaming frame 26/511
  ███████░░░░░░░░░░░░░░░░░░  28%  Streaming frame 27/511
  ███████░░░░░░░░░░░░░░░░░░  28%  Streaming frame 28/511
  ███████░░░░░░░░░░░░░░░░░░  28%  Streaming frame 29/511
  ███████░░░░░░░░░░░░░░░░░░  28%  Streaming frame 30/511
  ███████░░░░░░░░░░░░░░░░░░  28%  Streaming frame 31/511
  ███████░░░░░░░░░░░░░░░░░░  28%  Streaming frame 32/511
  ███████░░░░░░░░░░░░░░░░░░  29%  Streaming frame 33/511
  ███████░░░░░░░░░░░░░░░░░░  29%  Streaming frame 34/511
  ███████░░░░░░░░░░░░░░░░░░  29%  Streaming frame 35/511
  ███████░░░░░░░░░░░░░░░░░░  29%  Streaming frame 36/511
  ███████░░░░░░░░░░░░░░░░░░  29%  Streaming frame 37/511
  ███████░░░░░░░░░░░░░░░░░░  29%  Streaming frame 38/511
  ███████░░░░░░░░░░░░░░░░░░  29%  Streaming frame 39/511
  ███████░░░░░░░░░░░░░░░░░░  29%  Streaming frame 40/511
  ███████░░░░░░░░░░░░░░░░░░  29%  Streaming frame 41/511
  ███████░░░░░░░░░░░░░░░░░░  30%  Streaming frame 42/511
  ███████░░░░░░░░░░░░░░░░░░  30%  Streaming frame 43/511
  ███████░░░░░░░░░░░░░░░░░░  30%  Streaming frame 44/511
  ███████░░░░░░░░░░░░░░░░░░  30%  Streaming frame 45/511
  ███████░░░░░░░░░░░░░░░░░░  30%  Streaming frame 46/511
  ███████░░░░░░░░░░░░░░░░░░  30%  Streaming frame 47/511
  ███████░░░░░░░░░░░░░░░░░░  30%  Streaming frame 48/511
  ███████░░░░░░░░░░░░░░░░░░  30%  Streaming frame 49/511
  ███████░░░░░░░░░░░░░░░░░░  30%  Streaming frame 50/511
  ███████░░░░░░░░░░░░░░░░░░  30%  Streaming frame 51/511
  ███████░░░░░░░░░░░░░░░░░░  31%  Streaming frame 52/511
  ███████░░░░░░░░░░░░░░░░░░  31%  Streaming frame 53/511
  ███████░░░░░░░░░░░░░░░░░░  31%  Streaming frame 54/511
  ███████░░░░░░░░░░░░░░░░░░  31%  Streaming frame 55/511
  ███████░░░░░░░░░░░░░░░░░░  31%  Streaming frame 56/511
  ███████░░░░░░░░░░░░░░░░░░  31%  Streaming frame 57/511
  ███████░░░░░░░░░░░░░░░░░░  31%  Streaming frame 58/511
  ███████░░░░░░░░░░░░░░░░░░  31%  Streaming frame 59/511
  ███████░░░░░░░░░░░░░░░░░░  31%  Streaming frame 60/511
  ████████░░░░░░░░░░░░░░░░░  32%  Streaming frame 61/511
  ████████░░░░░░░░░░░░░░░░░  32%  Streaming frame 62/511
  ████████░░░░░░░░░░░░░░░░░  32%  Streaming frame 63/511
  ████████░░░░░░░░░░░░░░░░░  32%  Streaming frame 64/511
  ████████░░░░░░░░░░░░░░░░░  32%  Streaming frame 65/511
  ████████░░░░░░░░░░░░░░░░░  32%  Streaming frame 66/511
  ████████░░░░░░░░░░░░░░░░░  32%  Streaming frame 67/511
  ████████░░░░░░░░░░░░░░░░░  32%  Streaming frame 68/511
  ████████░░░░░░░░░░░░░░░░░  32%  Streaming frame 69/511
  ████████░░░░░░░░░░░░░░░░░  33%  Streaming frame 70/511
  ████████░░░░░░░░░░░░░░░░░  33%  Streaming frame 71/511
  ████████░░░░░░░░░░░░░░░░░  33%  Streaming frame 72/511
  ████████░░░░░░░░░░░░░░░░░  33%  Streaming frame 73/511
  ████████░░░░░░░░░░░░░░░░░  33%  Streaming frame 74/511
  ████████░░░░░░░░░░░░░░░░░  33%  Streaming frame 75/511
  ████████░░░░░░░░░░░░░░░░░  33%  Streaming frame 76/511
  ████████░░░░░░░░░░░░░░░░░  33%  Streaming frame 77/511
  ████████░░░░░░░░░░░░░░░░░  33%  Streaming frame 78/511
  ████████░░░░░░░░░░░░░░░░░  34%  Streaming frame 79/511
  ████████░░░░░░░░░░░░░░░░░  34%  Streaming frame 80/511
  ████████░░░░░░░░░░░░░░░░░  34%  Streaming frame 81/511
  ████████░░░░░░░░░░░░░░░░░  34%  Streaming frame 82/511
  ████████░░░░░░░░░░░░░░░░░  34%  Streaming frame 83/511
  ████████░░░░░░░░░░░░░░░░░  34%  Streaming frame 84/511
  ████████░░░░░░░░░░░░░░░░░  34%  Streaming frame 85/511
  ████████░░░░░░░░░░░░░░░░░  34%  Streaming frame 86/511
  ████████░░░░░░░░░░░░░░░░░  34%  Streaming frame 87/511
  ████████░░░░░░░░░░░░░░░░░  34%  Streaming frame 88/511
  ████████░░░░░░░░░░░░░░░░░  35%  Streaming frame 89/511
  ████████░░░░░░░░░░░░░░░░░  35%  Streaming frame 90/511
  ████████░░░░░░░░░░░░░░░░░  35%  Streaming frame 91/511
  ████████░░░░░░░░░░░░░░░░░  35%  Streaming frame 92/511
  ████████░░░░░░░░░░░░░░░░░  35%  Streaming frame 93/511
  ████████░░░░░░░░░░░░░░░░░  35%  Streaming frame 94/511
  ████████░░░░░░░░░░░░░░░░░  35%  Streaming frame 95/511
  ████████░░░░░░░░░░░░░░░░░  35%  Streaming frame 96/511
  ████████░░░░░░░░░░░░░░░░░  35%  Streaming frame 97/511
  █████████░░░░░░░░░░░░░░░░  36%  Streaming frame 98/511
  █████████░░░░░░░░░░░░░░░░  36%  Streaming frame 99/511
  █████████░░░░░░░░░░░░░░░░  36%  Streaming frame 100/511
  █████████░░░░░░░░░░░░░░░░  36%  Streaming frame 101/511
  █████████░░░░░░░░░░░░░░░░  36%  Streaming frame 102/511
  █████████░░░░░░░░░░░░░░░░  36%  Streaming frame 103/511
  █████████░░░░░░░░░░░░░░░░  36%  Streaming frame 104/511
  █████████░░░░░░░░░░░░░░░░  36%  Streaming frame 105/511
  █████████░░░░░░░░░░░░░░░░  36%  Streaming frame 106/511
  █████████░░░░░░░░░░░░░░░░  37%  Streaming frame 107/511
  █████████░░░░░░░░░░░░░░░░  37%  Streaming frame 108/511
  █████████░░░░░░░░░░░░░░░░  37%  Streaming frame 109/511
  █████████░░░░░░░░░░░░░░░░  37%  Streaming frame 110/511
  █████████░░░░░░░░░░░░░░░░  37%  Streaming frame 111/511
  █████████░░░░░░░░░░░░░░░░  37%  Streaming frame 112/511
  █████████░░░░░░░░░░░░░░░░  37%  Streaming frame 113/511
  █████████░░░░░░░░░░░░░░░░  37%  Streaming frame 114/511
  █████████░░░░░░░░░░░░░░░░  37%  Streaming frame 115/511
  █████████░░░░░░░░░░░░░░░░  37%  Streaming frame 116/511
  █████████░░░░░░░░░░░░░░░░  38%  Streaming frame 117/511
  █████████░░░░░░░░░░░░░░░░  38%  Streaming frame 118/511
  █████████░░░░░░░░░░░░░░░░  38%  Streaming frame 119/511
  █████████░░░░░░░░░░░░░░░░  38%  Streaming frame 120/511
  █████████░░░░░░░░░░░░░░░░  38%  Streaming frame 121/511
  █████████░░░░░░░░░░░░░░░░  38%  Streaming frame 122/511
  █████████░░░░░░░░░░░░░░░░  38%  Streaming frame 123/511
  █████████░░░░░░░░░░░░░░░░  38%  Streaming frame 124/511
  █████████░░░░░░░░░░░░░░░░  38%  Streaming frame 125/511
  █████████░░░░░░░░░░░░░░░░  39%  Streaming frame 126/511
  █████████░░░░░░░░░░░░░░░░  39%  Streaming frame 127/511
  █████████░░░░░░░░░░░░░░░░  39%  Streaming frame 128/511
[INFO] [Render] drawElement self-verify passed {"renderJobId":"486f335b-045e-4ee1-88b2-3295bb1dee82","frame":128,"psnrDb":45.1}
  █████████░░░░░░░░░░░░░░░░  39%  Streaming frame 129/511
  █████████░░░░░░░░░░░░░░░░  39%  Streaming frame 130/511
  █████████░░░░░░░░░░░░░░░░  39%  Streaming frame 131/511
  █████████░░░░░░░░░░░░░░░░  39%  Streaming frame 132/511
  █████████░░░░░░░░░░░░░░░░  39%  Streaming frame 133/511
  █████████░░░░░░░░░░░░░░░░  39%  Streaming frame 134/511
  ██████████░░░░░░░░░░░░░░░  40%  Streaming frame 135/511
  ██████████░░░░░░░░░░░░░░░  40%  Streaming frame 136/511
  ██████████░░░░░░░░░░░░░░░  40%  Streaming frame 137/511
  ██████████░░░░░░░░░░░░░░░  40%  Streaming frame 138/511
  ██████████░░░░░░░░░░░░░░░  40%  Streaming frame 139/511
  ██████████░░░░░░░░░░░░░░░  40%  Streaming frame 140/511
  ██████████░░░░░░░░░░░░░░░  40%  Streaming frame 141/511
  ██████████░░░░░░░░░░░░░░░  40%  Streaming frame 142/511
  ██████████░░░░░░░░░░░░░░░  40%  Streaming frame 143/511
  ██████████░░░░░░░░░░░░░░░  40%  Streaming frame 144/511
  ██████████░░░░░░░░░░░░░░░  41%  Streaming frame 145/511
  ██████████░░░░░░░░░░░░░░░  41%  Streaming frame 146/511
  ██████████░░░░░░░░░░░░░░░  41%  Streaming frame 147/511
  ██████████░░░░░░░░░░░░░░░  41%  Streaming frame 148/511
  ██████████░░░░░░░░░░░░░░░  41%  Streaming frame 149/511
  ██████████░░░░░░░░░░░░░░░  41%  Streaming frame 150/511
  ██████████░░░░░░░░░░░░░░░  41%  Streaming frame 151/511
  ██████████░░░░░░░░░░░░░░░  41%  Streaming frame 152/511
  ██████████░░░░░░░░░░░░░░░  41%  Streaming frame 153/511
  ██████████░░░░░░░░░░░░░░░  42%  Streaming frame 154/511
  ██████████░░░░░░░░░░░░░░░  42%  Streaming frame 155/511
  ██████████░░░░░░░░░░░░░░░  42%  Streaming frame 156/511
  ██████████░░░░░░░░░░░░░░░  42%  Streaming frame 157/511
  ██████████░░░░░░░░░░░░░░░  42%  Streaming frame 158/511
  ██████████░░░░░░░░░░░░░░░  42%  Streaming frame 159/511
  ██████████░░░░░░░░░░░░░░░  42%  Streaming frame 160/511
  ██████████░░░░░░░░░░░░░░░  42%  Streaming frame 161/511
  ██████████░░░░░░░░░░░░░░░  42%  Streaming frame 162/511
  ██████████░░░░░░░░░░░░░░░  43%  Streaming frame 163/511
  ██████████░░░░░░░░░░░░░░░  43%  Streaming frame 164/511
  ██████████░░░░░░░░░░░░░░░  43%  Streaming frame 165/511
  ██████████░░░░░░░░░░░░░░░  43%  Streaming frame 166/511
  ██████████░░░░░░░░░░░░░░░  43%  Streaming frame 167/511
  ██████████░░░░░░░░░░░░░░░  43%  Streaming frame 168/511
  ██████████░░░░░░░░░░░░░░░  43%  Streaming frame 169/511
  ██████████░░░░░░░░░░░░░░░  43%  Streaming frame 170/511
  ██████████░░░░░░░░░░░░░░░  43%  Streaming frame 171/511
  ███████████░░░░░░░░░░░░░░  44%  Streaming frame 172/511
  ███████████░░░░░░░░░░░░░░  44%  Streaming frame 173/511
  ███████████░░░░░░░░░░░░░░  44%  Streaming frame 174/511
  ███████████░░░░░░░░░░░░░░  44%  Streaming frame 175/511
  ███████████░░░░░░░░░░░░░░  44%  Streaming frame 176/511
  ███████████░░░░░░░░░░░░░░  44%  Streaming frame 177/511
  ███████████░░░░░░░░░░░░░░  44%  Streaming frame 178/511
  ███████████░░░░░░░░░░░░░░  44%  Streaming frame 179/511
  ███████████░░░░░░░░░░░░░░  44%  Streaming frame 180/511
  ███████████░░░░░░░░░░░░░░  44%  Streaming frame 181/511
  ███████████░░░░░░░░░░░░░░  45%  Streaming frame 182/511
  ███████████░░░░░░░░░░░░░░  45%  Streaming frame 183/511
  ███████████░░░░░░░░░░░░░░  45%  Streaming frame 184/511
  ███████████░░░░░░░░░░░░░░  45%  Streaming frame 185/511
  ███████████░░░░░░░░░░░░░░  45%  Streaming frame 186/511
  ███████████░░░░░░░░░░░░░░  45%  Streaming frame 187/511
  ███████████░░░░░░░░░░░░░░  45%  Streaming frame 188/511
  ███████████░░░░░░░░░░░░░░  45%  Streaming frame 189/511
  ███████████░░░░░░░░░░░░░░  45%  Streaming frame 190/511
  ███████████░░░░░░░░░░░░░░  46%  Streaming frame 191/511
  ███████████░░░░░░░░░░░░░░  46%  Streaming frame 192/511
  ███████████░░░░░░░░░░░░░░  46%  Streaming frame 193/511
  ███████████░░░░░░░░░░░░░░  46%  Streaming frame 194/511
  ███████████░░░░░░░░░░░░░░  46%  Streaming frame 195/511
  ███████████░░░░░░░░░░░░░░  46%  Streaming frame 196/511
  ███████████░░░░░░░░░░░░░░  46%  Streaming frame 197/511
  ███████████░░░░░░░░░░░░░░  46%  Streaming frame 198/511
  ███████████░░░░░░░░░░░░░░  46%  Streaming frame 199/511
  ███████████░░░░░░░░░░░░░░  47%  Streaming frame 200/511
  ███████████░░░░░░░░░░░░░░  47%  Streaming frame 201/511
  ███████████░░░░░░░░░░░░░░  47%  Streaming frame 202/511
  ███████████░░░░░░░░░░░░░░  47%  Streaming frame 203/511
  ███████████░░░░░░░░░░░░░░  47%  Streaming frame 204/511
  ███████████░░░░░░░░░░░░░░  47%  Streaming frame 205/511
  ███████████░░░░░░░░░░░░░░  47%  Streaming frame 206/511
  ███████████░░░░░░░░░░░░░░  47%  Streaming frame 207/511
  ███████████░░░░░░░░░░░░░░  47%  Streaming frame 208/511
  ███████████░░░░░░░░░░░░░░  47%  Streaming frame 209/511
  ████████████░░░░░░░░░░░░░  48%  Streaming frame 210/511
  ████████████░░░░░░░░░░░░░  48%  Streaming frame 211/511
  ████████████░░░░░░░░░░░░░  48%  Streaming frame 212/511
  ████████████░░░░░░░░░░░░░  48%  Streaming frame 213/511
  ████████████░░░░░░░░░░░░░  48%  Streaming frame 214/511
  ████████████░░░░░░░░░░░░░  48%  Streaming frame 215/511
  ████████████░░░░░░░░░░░░░  48%  Streaming frame 216/511
  ████████████░░░░░░░░░░░░░  48%  Streaming frame 217/511
  ████████████░░░░░░░░░░░░░  48%  Streaming frame 218/511
  ████████████░░░░░░░░░░░░░  49%  Streaming frame 219/511
  ████████████░░░░░░░░░░░░░  49%  Streaming frame 220/511
  ████████████░░░░░░░░░░░░░  49%  Streaming frame 221/511
  ████████████░░░░░░░░░░░░░  49%  Streaming frame 222/511
  ████████████░░░░░░░░░░░░░  49%  Streaming frame 223/511
  ████████████░░░░░░░░░░░░░  49%  Streaming frame 224/511
  ████████████░░░░░░░░░░░░░  49%  Streaming frame 225/511
  ████████████░░░░░░░░░░░░░  49%  Streaming frame 226/511
  ████████████░░░░░░░░░░░░░  49%  Streaming frame 227/511
  ████████████░░░░░░░░░░░░░  50%  Streaming frame 228/511
  ████████████░░░░░░░░░░░░░  50%  Streaming frame 229/511
  ████████████░░░░░░░░░░░░░  50%  Streaming frame 230/511
  ████████████░░░░░░░░░░░░░  50%  Streaming frame 231/511
  ████████████░░░░░░░░░░░░░  50%  Streaming frame 232/511
  ████████████░░░░░░░░░░░░░  50%  Streaming frame 233/511
  ████████████░░░░░░░░░░░░░  50%  Streaming frame 234/511
  ████████████░░░░░░░░░░░░░  50%  Streaming frame 235/511
  ████████████░░░░░░░░░░░░░  50%  Streaming frame 236/511
  ████████████░░░░░░░░░░░░░  51%  Streaming frame 237/511
  ████████████░░░░░░░░░░░░░  51%  Streaming frame 238/511
  ████████████░░░░░░░░░░░░░  51%  Streaming frame 239/511
  ████████████░░░░░░░░░░░░░  51%  Streaming frame 240/511
  ████████████░░░░░░░░░░░░░  51%  Streaming frame 241/511
  ████████████░░░░░░░░░░░░░  51%  Streaming frame 242/511
  ████████████░░░░░░░░░░░░░  51%  Streaming frame 243/511
  ████████████░░░░░░░░░░░░░  51%  Streaming frame 244/511
  ████████████░░░░░░░░░░░░░  51%  Streaming frame 245/511
  ████████████░░░░░░░░░░░░░  51%  Streaming frame 246/511
  █████████████░░░░░░░░░░░░  52%  Streaming frame 247/511
  █████████████░░░░░░░░░░░░  52%  Streaming frame 248/511
  █████████████░░░░░░░░░░░░  52%  Streaming frame 249/511
  █████████████░░░░░░░░░░░░  52%  Streaming frame 250/511
  █████████████░░░░░░░░░░░░  52%  Streaming frame 251/511
  █████████████░░░░░░░░░░░░  52%  Streaming frame 252/511
  █████████████░░░░░░░░░░░░  52%  Streaming frame 253/511
  █████████████░░░░░░░░░░░░  52%  Streaming frame 254/511
  █████████████░░░░░░░░░░░░  52%  Streaming frame 255/511
  █████████████░░░░░░░░░░░░  53%  Streaming frame 256/511
[INFO] [Render] drawElement self-verify passed {"renderJobId":"486f335b-045e-4ee1-88b2-3295bb1dee82","frame":256,"psnrDb":43.2}
  █████████████░░░░░░░░░░░░  53%  Streaming frame 257/511
  █████████████░░░░░░░░░░░░  53%  Streaming frame 258/511
  █████████████░░░░░░░░░░░░  53%  Streaming frame 259/511
  █████████████░░░░░░░░░░░░  53%  Streaming frame 260/511
  █████████████░░░░░░░░░░░░  53%  Streaming frame 261/511
  █████████████░░░░░░░░░░░░  53%  Streaming frame 262/511
  █████████████░░░░░░░░░░░░  53%  Streaming frame 263/511
  █████████████░░░░░░░░░░░░  53%  Streaming frame 264/511
  █████████████░░░░░░░░░░░░  54%  Streaming frame 265/511
  █████████████░░░░░░░░░░░░  54%  Streaming frame 266/511
  █████████████░░░░░░░░░░░░  54%  Streaming frame 267/511
  █████████████░░░░░░░░░░░░  54%  Streaming frame 268/511
  █████████████░░░░░░░░░░░░  54%  Streaming frame 269/511
  █████████████░░░░░░░░░░░░  54%  Streaming frame 270/511
  █████████████░░░░░░░░░░░░  54%  Streaming frame 271/511
  █████████████░░░░░░░░░░░░  54%  Streaming frame 272/511
  █████████████░░░░░░░░░░░░  54%  Streaming frame 273/511
  █████████████░░░░░░░░░░░░  54%  Streaming frame 274/511
  █████████████░░░░░░░░░░░░  55%  Streaming frame 275/511
  █████████████░░░░░░░░░░░░  55%  Streaming frame 276/511
  █████████████░░░░░░░░░░░░  55%  Streaming frame 277/511
  █████████████░░░░░░░░░░░░  55%  Streaming frame 278/511
  █████████████░░░░░░░░░░░░  55%  Streaming frame 279/511
  █████████████░░░░░░░░░░░░  55%  Streaming frame 280/511
  █████████████░░░░░░░░░░░░  55%  Streaming frame 281/511
  █████████████░░░░░░░░░░░░  55%  Streaming frame 282/511
  █████████████░░░░░░░░░░░░  55%  Streaming frame 283/511
  ██████████████░░░░░░░░░░░  56%  Streaming frame 284/511
  ██████████████░░░░░░░░░░░  56%  Streaming frame 285/511
  ██████████████░░░░░░░░░░░  56%  Streaming frame 286/511
  ██████████████░░░░░░░░░░░  56%  Streaming frame 287/511
  ██████████████░░░░░░░░░░░  56%  Streaming frame 288/511
  ██████████████░░░░░░░░░░░  56%  Streaming frame 289/511
  ██████████████░░░░░░░░░░░  56%  Streaming frame 290/511
  ██████████████░░░░░░░░░░░  56%  Streaming frame 291/511
  ██████████████░░░░░░░░░░░  56%  Streaming frame 292/511
  ██████████████░░░░░░░░░░░  57%  Streaming frame 293/511
  ██████████████░░░░░░░░░░░  57%  Streaming frame 294/511
  ██████████████░░░░░░░░░░░  57%  Streaming frame 295/511
  ██████████████░░░░░░░░░░░  57%  Streaming frame 296/511
  ██████████████░░░░░░░░░░░  57%  Streaming frame 297/511
  ██████████████░░░░░░░░░░░  57%  Streaming frame 298/511
  ██████████████░░░░░░░░░░░  57%  Streaming frame 299/511
  ██████████████░░░░░░░░░░░  57%  Streaming frame 300/511
  ██████████████░░░░░░░░░░░  57%  Streaming frame 301/511
  ██████████████░░░░░░░░░░░  58%  Streaming frame 302/511
  ██████████████░░░░░░░░░░░  58%  Streaming frame 303/511
  ██████████████░░░░░░░░░░░  58%  Streaming frame 304/511
  ██████████████░░░░░░░░░░░  58%  Streaming frame 305/511
  ██████████████░░░░░░░░░░░  58%  Streaming frame 306/511
  ██████████████░░░░░░░░░░░  58%  Streaming frame 307/511
  ██████████████░░░░░░░░░░░  58%  Streaming frame 308/511
  ██████████████░░░░░░░░░░░  58%  Streaming frame 309/511
  ██████████████░░░░░░░░░░░  58%  Streaming frame 310/511
  ██████████████░░░░░░░░░░░  58%  Streaming frame 311/511
  ██████████████░░░░░░░░░░░  59%  Streaming frame 312/511
  ██████████████░░░░░░░░░░░  59%  Streaming frame 313/511
  ██████████████░░░░░░░░░░░  59%  Streaming frame 314/511
  ██████████████░░░░░░░░░░░  59%  Streaming frame 315/511
  ██████████████░░░░░░░░░░░  59%  Streaming frame 316/511
  ██████████████░░░░░░░░░░░  59%  Streaming frame 317/511
  ██████████████░░░░░░░░░░░  59%  Streaming frame 318/511
  ██████████████░░░░░░░░░░░  59%  Streaming frame 319/511
  ██████████████░░░░░░░░░░░  59%  Streaming frame 320/511
  ███████████████░░░░░░░░░░  60%  Streaming frame 321/511
  ███████████████░░░░░░░░░░  60%  Streaming frame 322/511
  ███████████████░░░░░░░░░░  60%  Streaming frame 323/511
  ███████████████░░░░░░░░░░  60%  Streaming frame 324/511
  ███████████████░░░░░░░░░░  60%  Streaming frame 325/511
  ███████████████░░░░░░░░░░  60%  Streaming frame 326/511
  ███████████████░░░░░░░░░░  60%  Streaming frame 327/511
  ███████████████░░░░░░░░░░  60%  Streaming frame 328/511
  ███████████████░░░░░░░░░░  60%  Streaming frame 329/511
  ███████████████░░░░░░░░░░  61%  Streaming frame 330/511
  ███████████████░░░░░░░░░░  61%  Streaming frame 331/511
  ███████████████░░░░░░░░░░  61%  Streaming frame 332/511
  ███████████████░░░░░░░░░░  61%  Streaming frame 333/511
  ███████████████░░░░░░░░░░  61%  Streaming frame 334/511
  ███████████████░░░░░░░░░░  61%  Streaming frame 335/511
  ███████████████░░░░░░░░░░  61%  Streaming frame 336/511
  ███████████████░░░░░░░░░░  61%  Streaming frame 337/511
  ███████████████░░░░░░░░░░  61%  Streaming frame 338/511
  ███████████████░░░░░░░░░░  61%  Streaming frame 339/511
  ███████████████░░░░░░░░░░  62%  Streaming frame 340/511
  ███████████████░░░░░░░░░░  62%  Streaming frame 341/511
  ███████████████░░░░░░░░░░  62%  Streaming frame 342/511
  ███████████████░░░░░░░░░░  62%  Streaming frame 343/511
  ███████████████░░░░░░░░░░  62%  Streaming frame 344/511
  ███████████████░░░░░░░░░░  62%  Streaming frame 345/511
  ███████████████░░░░░░░░░░  62%  Streaming frame 346/511
  ███████████████░░░░░░░░░░  62%  Streaming frame 347/511
  ███████████████░░░░░░░░░░  62%  Streaming frame 348/511
  ███████████████░░░░░░░░░░  63%  Streaming frame 349/511
  ███████████████░░░░░░░░░░  63%  Streaming frame 350/511
  ███████████████░░░░░░░░░░  63%  Streaming frame 351/511
  ███████████████░░░░░░░░░░  63%  Streaming frame 352/511
  ███████████████░░░░░░░░░░  63%  Streaming frame 353/511
  ███████████████░░░░░░░░░░  63%  Streaming frame 354/511
  ███████████████░░░░░░░░░░  63%  Streaming frame 355/511
  ███████████████░░░░░░░░░░  63%  Streaming frame 356/511
  ███████████████░░░░░░░░░░  63%  Streaming frame 357/511
  ████████████████░░░░░░░░░  64%  Streaming frame 358/511
  ████████████████░░░░░░░░░  64%  Streaming frame 359/511
  ████████████████░░░░░░░░░  64%  Streaming frame 360/511
  ████████████████░░░░░░░░░  64%  Streaming frame 361/511
  ████████████████░░░░░░░░░  64%  Streaming frame 362/511
  ████████████████░░░░░░░░░  64%  Streaming frame 363/511
  ████████████████░░░░░░░░░  64%  Streaming frame 364/511
  ████████████████░░░░░░░░░  64%  Streaming frame 365/511
  ████████████████░░░░░░░░░  64%  Streaming frame 366/511
  ████████████████░░░░░░░░░  65%  Streaming frame 367/511
  ████████████████░░░░░░░░░  65%  Streaming frame 368/511
  ████████████████░░░░░░░░░  65%  Streaming frame 369/511
  ████████████████░░░░░░░░░  65%  Streaming frame 370/511
  ████████████████░░░░░░░░░  65%  Streaming frame 371/511
  ████████████████░░░░░░░░░  65%  Streaming frame 372/511
  ████████████████░░░░░░░░░  65%  Streaming frame 373/511
  ████████████████░░░░░░░░░  65%  Streaming frame 374/511
  ████████████████░░░░░░░░░  65%  Streaming frame 375/511
  ████████████████░░░░░░░░░  65%  Streaming frame 376/511
  ████████████████░░░░░░░░░  66%  Streaming frame 377/511
  ████████████████░░░░░░░░░  66%  Streaming frame 378/511
  ████████████████░░░░░░░░░  66%  Streaming frame 379/511
  ████████████████░░░░░░░░░  66%  Streaming frame 380/511
  ████████████████░░░░░░░░░  66%  Streaming frame 381/511
  ████████████████░░░░░░░░░  66%  Streaming frame 382/511
  ████████████████░░░░░░░░░  66%  Streaming frame 383/511
[INFO] [Render] drawElement self-verify passed {"renderJobId":"486f335b-045e-4ee1-88b2-3295bb1dee82","frame":383,"psnrDb":42.9}
  ████████████████░░░░░░░░░  66%  Streaming frame 384/511
  ████████████████░░░░░░░░░  66%  Streaming frame 385/511
  ████████████████░░░░░░░░░  67%  Streaming frame 386/511
  ████████████████░░░░░░░░░  67%  Streaming frame 387/511
  ████████████████░░░░░░░░░  67%  Streaming frame 388/511
  ████████████████░░░░░░░░░  67%  Streaming frame 389/511
  ████████████████░░░░░░░░░  67%  Streaming frame 390/511
  ████████████████░░░░░░░░░  67%  Streaming frame 391/511
  ████████████████░░░░░░░░░  67%  Streaming frame 392/511
  ████████████████░░░░░░░░░  67%  Streaming frame 393/511
  ████████████████░░░░░░░░░  67%  Streaming frame 394/511
  █████████████████░░░░░░░░  68%  Streaming frame 395/511
  █████████████████░░░░░░░░  68%  Streaming frame 396/511
  █████████████████░░░░░░░░  68%  Streaming frame 397/511
  █████████████████░░░░░░░░  68%  Streaming frame 398/511
  █████████████████░░░░░░░░  68%  Streaming frame 399/511
  █████████████████░░░░░░░░  68%  Streaming frame 400/511
  █████████████████░░░░░░░░  68%  Streaming frame 401/511
  █████████████████░░░░░░░░  68%  Streaming frame 402/511
  █████████████████░░░░░░░░  68%  Streaming frame 403/511
  █████████████████░░░░░░░░  68%  Streaming frame 404/511
  █████████████████░░░░░░░░  69%  Streaming frame 405/511
  █████████████████░░░░░░░░  69%  Streaming frame 406/511
  █████████████████░░░░░░░░  69%  Streaming frame 407/511
  █████████████████░░░░░░░░  69%  Streaming frame 408/511
  █████████████████░░░░░░░░  69%  Streaming frame 409/511
  █████████████████░░░░░░░░  69%  Streaming frame 410/511
  █████████████████░░░░░░░░  69%  Streaming frame 411/511
  █████████████████░░░░░░░░  69%  Streaming frame 412/511
  █████████████████░░░░░░░░  69%  Streaming frame 413/511
  █████████████████░░░░░░░░  70%  Streaming frame 414/511
  █████████████████░░░░░░░░  70%  Streaming frame 415/511
  █████████████████░░░░░░░░  70%  Streaming frame 416/511
  █████████████████░░░░░░░░  70%  Streaming frame 417/511
  █████████████████░░░░░░░░  70%  Streaming frame 418/511
  █████████████████░░░░░░░░  70%  Streaming frame 419/511
  █████████████████░░░░░░░░  70%  Streaming frame 420/511
  █████████████████░░░░░░░░  70%  Streaming frame 421/511
  █████████████████░░░░░░░░  70%  Streaming frame 422/511
  █████████████████░░░░░░░░  71%  Streaming frame 423/511
  █████████████████░░░░░░░░  71%  Streaming frame 424/511
  █████████████████░░░░░░░░  71%  Streaming frame 425/511
  █████████████████░░░░░░░░  71%  Streaming frame 426/511
  █████████████████░░░░░░░░  71%  Streaming frame 427/511
  █████████████████░░░░░░░░  71%  Streaming frame 428/511
  █████████████████░░░░░░░░  71%  Streaming frame 429/511
  █████████████████░░░░░░░░  71%  Streaming frame 430/511
  █████████████████░░░░░░░░  71%  Streaming frame 431/511
  █████████████████░░░░░░░░  71%  Streaming frame 432/511
  ██████████████████░░░░░░░  72%  Streaming frame 433/511
  ██████████████████░░░░░░░  72%  Streaming frame 434/511
  ██████████████████░░░░░░░  72%  Streaming frame 435/511
  ██████████████████░░░░░░░  72%  Streaming frame 436/511
  ██████████████████░░░░░░░  72%  Streaming frame 437/511
  ██████████████████░░░░░░░  72%  Streaming frame 438/511
  ██████████████████░░░░░░░  72%  Streaming frame 439/511
  ██████████████████░░░░░░░  72%  Streaming frame 440/511
  ██████████████████░░░░░░░  72%  Streaming frame 441/511
  ██████████████████░░░░░░░  73%  Streaming frame 442/511
  ██████████████████░░░░░░░  73%  Streaming frame 443/511
  ██████████████████░░░░░░░  73%  Streaming frame 444/511
  ██████████████████░░░░░░░  73%  Streaming frame 445/511
  ██████████████████░░░░░░░  73%  Streaming frame 446/511
  ██████████████████░░░░░░░  73%  Streaming frame 447/511
  ██████████████████░░░░░░░  73%  Streaming frame 448/511
  ██████████████████░░░░░░░  73%  Streaming frame 449/511
  ██████████████████░░░░░░░  73%  Streaming frame 450/511
  ██████████████████░░░░░░░  74%  Streaming frame 451/511
  ██████████████████░░░░░░░  74%  Streaming frame 452/511
  ██████████████████░░░░░░░  74%  Streaming frame 453/511
  ██████████████████░░░░░░░  74%  Streaming frame 454/511
  ██████████████████░░░░░░░  74%  Streaming frame 455/511
  ██████████████████░░░░░░░  74%  Streaming frame 456/511
  ██████████████████░░░░░░░  74%  Streaming frame 457/511
  ██████████████████░░░░░░░  74%  Streaming frame 458/511
  ██████████████████░░░░░░░  74%  Streaming frame 459/511
  ██████████████████░░░░░░░  75%  Streaming frame 460/511
  ██████████████████░░░░░░░  75%  Streaming frame 461/511
  ██████████████████░░░░░░░  75%  Streaming frame 462/511
  ██████████████████░░░░░░░  75%  Streaming frame 463/511
  ██████████████████░░░░░░░  75%  Streaming frame 464/511
  ██████████████████░░░░░░░  75%  Streaming frame 465/511
  ██████████████████░░░░░░░  75%  Streaming frame 466/511
  ██████████████████░░░░░░░  75%  Streaming frame 467/511
  ██████████████████░░░░░░░  75%  Streaming frame 468/511
  ██████████████████░░░░░░░  75%  Streaming frame 469/511
  ███████████████████░░░░░░  76%  Streaming frame 470/511
  ███████████████████░░░░░░  76%  Streaming frame 471/511
  ███████████████████░░░░░░  76%  Streaming frame 472/511
  ███████████████████░░░░░░  76%  Streaming frame 473/511
  ███████████████████░░░░░░  76%  Streaming frame 474/511
  ███████████████████░░░░░░  76%  Streaming frame 475/511
  ███████████████████░░░░░░  76%  Streaming frame 476/511
  ███████████████████░░░░░░  76%  Streaming frame 477/511
  ███████████████████░░░░░░  76%  Streaming frame 478/511
  ███████████████████░░░░░░  77%  Streaming frame 479/511
  ███████████████████░░░░░░  77%  Streaming frame 480/511
  ███████████████████░░░░░░  77%  Streaming frame 481/511
  ███████████████████░░░░░░  77%  Streaming frame 482/511
  ███████████████████░░░░░░  77%  Streaming frame 483/511
  ███████████████████░░░░░░  77%  Streaming frame 484/511
  ███████████████████░░░░░░  77%  Streaming frame 485/511
[INFO] [Render] drawElement self-verify passed {"renderJobId":"486f335b-045e-4ee1-88b2-3295bb1dee82","frame":485,"psnrDb":70.5}
  ███████████████████░░░░░░  77%  Streaming frame 486/511
  ███████████████████░░░░░░  77%  Streaming frame 487/511
  ███████████████████░░░░░░  78%  Streaming frame 488/511
  ███████████████████░░░░░░  78%  Streaming frame 489/511
  ███████████████████░░░░░░  78%  Streaming frame 490/511
  ███████████████████░░░░░░  78%  Streaming frame 491/511
  ███████████████████░░░░░░  78%  Streaming frame 492/511
  ███████████████████░░░░░░  78%  Streaming frame 493/511
  ███████████████████░░░░░░  78%  Streaming frame 494/511
  ███████████████████░░░░░░  78%  Streaming frame 495/511
  ███████████████████░░░░░░  78%  Streaming frame 496/511
  ███████████████████░░░░░░  78%  Streaming frame 497/511
  ███████████████████░░░░░░  79%  Streaming frame 498/511
  ███████████████████░░░░░░  79%  Streaming frame 499/511
  ███████████████████░░░░░░  79%  Streaming frame 500/511
  ███████████████████░░░░░░  79%  Streaming frame 501/511
  ███████████████████░░░░░░  79%  Streaming frame 502/511
  ███████████████████░░░░░░  79%  Streaming frame 503/511
  ███████████████████░░░░░░  79%  Streaming frame 504/511
  ███████████████████░░░░░░  79%  Streaming frame 505/511
  ███████████████████░░░░░░  79%  Streaming frame 506/511
  ████████████████████░░░░░  80%  Streaming frame 507/511
  ████████████████████░░░░░  80%  Streaming frame 508/511
  ████████████████████░░░░░  80%  Streaming frame 509/511
  ████████████████████░░░░░  80%  Streaming frame 510/511
  ████████████████████░░░░░  80%  Streaming frame 511/511
[static-dedup] reused 300/811 frame(s) (37%), est. ~2100ms saved (avg 7ms/frame)
[INFO] [Render:trace] {"renderJobId":"486f335b-045e-4ee1-88b2-3295bb1dee82","phase":"capture_streaming","status":"end","elapsedMs":9263,"durationMs":6180,"stagePhase":"capturing","workerCount":1,"forceScreenshot":false,"totalFrames":511,"framesCompleted":511,"captureMode":"drawelement","captureOperation":"encode"}
[INFO] [Render:trace] {"renderJobId":"486f335b-045e-4ee1-88b2-3295bb1dee82","phase":"assemble","status":"start","elapsedMs":9264,"stagePhase":"capturing","hasAudio":true,"workerCount":1,"forceScreenshot":false,"totalFrames":511,"framesCompleted":511,"captureMode":"drawelement","captureOperation":"encode"}
  ██████████████████████░░░  90%  Assembling final video
[INFO] [Render:trace] {"renderJobId":"486f335b-045e-4ee1-88b2-3295bb1dee82","phase":"assemble","status":"end","elapsedMs":9761,"durationMs":497,"stagePhase":"capturing","hasAudio":true,"workerCount":1,"forceScreenshot":false,"totalFrames":511,"framesCompleted":511,"captureMode":"drawelement","captureOperation":"encode"}
[INFO] [Render:trace] {"renderJobId":"486f335b-045e-4ee1-88b2-3295bb1dee82","phase":"pipeline","status":"checkpoint","elapsedMs":9777,"message":"artifact validated","totalElapsedMs":9777}
  █████████████████████████  100%  Render complete

◇  /Users/brownmanbrain/GitHub/operator-economy/blueprint-cinema/experiments/EP007-NET-NEW-UNFINISHED-ANSWER-003/hyperframes/reviews/r54-s11b/qa/r54-s11b.mp4
   964.6 KB · 21.3s video · rendered in 9.8s
