load_backend: loaded BLAS backend from /opt/homebrew/Cellar/ggml/0.13.1/libexec/libggml-blas.so
ggml_metal_device_init: tensor API disabled for pre-M5 and pre-A19 devices
ggml_metal_library_init: using embedded metal library
ggml_metal_library_init: loaded in 0.029 sec
ggml_metal_rsets_init: creating a residency set collection (keep_alive = 180 s)
ggml_metal_device_init: GPU name:   MTL0 (Apple M4)
ggml_metal_device_init: GPU family: MTLGPUFamilyApple9  (1009)
ggml_metal_device_init: GPU family: MTLGPUFamilyCommon3 (3003)
ggml_metal_device_init: GPU family: MTLGPUFamilyMetal4  (5002)
ggml_metal_device_init: simdgroup reduction   = true
ggml_metal_device_init: simdgroup matrix mul. = true
ggml_metal_device_init: has unified memory    = true
ggml_metal_device_init: has bfloat            = true
ggml_metal_device_init: has tensor            = false
ggml_metal_device_init: use residency sets    = true
ggml_metal_device_init: use shared buffers    = true
ggml_metal_device_init: recommendedMaxWorkingSetSize  = 12713.12 MB
load_backend: loaded MTL backend from /opt/homebrew/Cellar/ggml/0.13.1/libexec/libggml-metal.so
load_backend: loaded CPU backend from /opt/homebrew/Cellar/ggml/0.13.1/libexec/libggml-cpu-apple_m4.so
whisper_init_from_file_with_params_no_state: loading model from '/Users/brownmanbrain/.cache/hyperframes/whisper/models/ggml-small.en.bin'
whisper_init_with_params_no_state: use gpu    = 1
whisper_init_with_params_no_state: flash attn = 0
whisper_init_with_params_no_state: gpu_device = 0
whisper_init_with_params_no_state: dtw        = 1
whisper_init_with_params_no_state: devices    = 3
whisper_init_with_params_no_state: backends   = 3
whisper_model_load: loading model
whisper_model_load: n_vocab       = 51864
whisper_model_load: n_audio_ctx   = 1500
whisper_model_load: n_audio_state = 768
whisper_model_load: n_audio_head  = 12
whisper_model_load: n_audio_layer = 12
whisper_model_load: n_text_ctx    = 448
whisper_model_load: n_text_state  = 768
whisper_model_load: n_text_head   = 12
whisper_model_load: n_text_layer  = 12
whisper_model_load: n_mels        = 80
whisper_model_load: ftype         = 1
whisper_model_load: qntvr         = 0
whisper_model_load: type          = 3 (small)
whisper_model_load: adding 1607 extra tokens
whisper_model_load: n_langs       = 99
whisper_model_load:         MTL0 total size =   487.00 MB
whisper_model_load: model size    =  487.00 MB
whisper_backend_init_gpu: device 0: BLAS (type: 3)
whisper_backend_init_gpu: device 1: MTL0 (type: 1)
whisper_backend_init_gpu: found GPU device 1: MTL0 (type: 1, cnt: 0)
whisper_backend_init_gpu: using MTL0 backend
ggml_metal_init: allocating
ggml_metal_init: found device: Apple M4
ggml_metal_init: picking default device: Apple M4
ggml_metal_init: use fusion         = true
ggml_metal_init: use concurrency    = true
ggml_metal_init: use graph optimize = true
whisper_backend_init: using BLAS backend
whisper_init_state: kv self size  =   18.87 MB
whisper_init_state: kv cross size =   56.62 MB
whisper_init_state: kv pad  size  =    4.72 MB
whisper_init_state: alignment heads masks size = 912 B
whisper_init_state: compute buffer (conv)   =   23.38 MB
whisper_init_state: compute buffer (encode) =  132.63 MB
whisper_init_state: compute buffer (cross)  =   66.10 MB
whisper_init_state: compute buffer (decode) =  209.46 MB

system_info: n_threads = 4 / 10 | WHISPER : COREML = 0 | OPENVINO = 0 | MTL : EMBED_LIBRARY = 1 | CPU : NEON = 1 | ARM_FMA = 1 | FP16_VA = 1 | MATMUL_INT8 = 1 | DOTPROD = 1 | SME = 1 | ACCELERATE = 1 | OPENMP = 1 | REPACK = 1 | 

main: processing 'blueprint-cinema/experiments/EP009-FULL-BUILD-001/presenter-look-transfer/P08-corrected/P08r3b/lexical-diagnostic/native-16k.wav' (144896 samples, 9.1 sec), 4 threads, 1 processors, 5 beams + best of 5, lang = en, task = transcribe, timestamps = 1 ...

[00:00:10.200 --> 00:00:10.340]   test.
[00:00:09.440 --> 00:00:10.200]   to
[00:00:10.200 --> 00:00:10.340]   test.
[00:00:08.900 --> 00:00:09.440]   have
[00:00:09.440 --> 00:00:10.200]   to
[00:00:10.200 --> 00:00:10.340]   test.
[00:00:08.640 --> 00:00:08.900]   I'd
[00:00:08.900 --> 00:00:09.440]   have
[00:00:09.440 --> 00:00:10.200]   to
[00:00:10.200 --> 00:00:10.340]   test.
[00:00:07.300 --> 00:00:08.640]   something
[00:00:08.640 --> 00:00:08.900]   I'd
[00:00:08.900 --> 00:00:09.440]   have
[00:00:09.440 --> 00:00:10.200]   to
[00:00:10.200 --> 00:00:10.340]   test.
[00:00:06.740 --> 00:00:07.300]   still
[00:00:07.300 --> 00:00:08.640]   something
[00:00:08.640 --> 00:00:08.900]   I'd
[00:00:08.900 --> 00:00:09.440]   have
[00:00:09.440 --> 00:00:10.200]   to
[00:00:10.200 --> 00:00:10.340]   test.
[00:00:06.280 --> 00:00:06.740]   is
[00:00:06.740 --> 00:00:07.300]   still
[00:00:07.300 --> 00:00:08.640]   something
[00:00:08.640 --> 00:00:08.900]   I'd
[00:00:08.900 --> 00:00:09.440]   have
[00:00:09.440 --> 00:00:10.200]   to
[00:00:10.200 --> 00:00:10.340]   test.
[00:00:05.880 --> 00:00:06.280]   it
[00:00:06.280 --> 00:00:06.740]   is
[00:00:06.740 --> 00:00:07.300]   still
[00:00:07.300 --> 00:00:08.640]   something
[00:00:08.640 --> 00:00:08.900]   I'd
[00:00:08.900 --> 00:00:09.440]   have
[00:00:09.440 --> 00:00:10.200]   to
[00:00:10.200 --> 00:00:10.340]   test.
[00:00:05.750 --> 00:00:05.880]   for
[00:00:05.880 --> 00:00:06.280]   it
[00:00:06.280 --> 00:00:06.740]   is
[00:00:06.740 --> 00:00:07.300]   still
[00:00:07.300 --> 00:00:08.640]   something
[00:00:08.640 --> 00:00:08.900]   I'd
[00:00:08.900 --> 00:00:09.440]   have
[00:00:09.440 --> 00:00:10.200]   to
[00:00:10.200 --> 00:00:10.340]   test.
[00:00:05.530 --> 00:00:05.750]   pay
[00:00:05.750 --> 00:00:05.880]   for
[00:00:05.880 --> 00:00:06.280]   it
[00:00:06.280 --> 00:00:06.740]   is
[00:00:06.740 --> 00:00:07.300]   still
[00:00:07.300 --> 00:00:08.640]   something
[00:00:08.640 --> 00:00:08.900]   I'd
[00:00:08.900 --> 00:00:09.440]   have
[00:00:09.440 --> 00:00:10.200]   to
[00:00:10.200 --> 00:00:10.340]   test.
[00:00:05.300 --> 00:00:05.530]   will
[00:00:05.530 --> 00:00:05.750]   pay
[00:00:05.750 --> 00:00:05.880]   for
[00:00:05.880 --> 00:00:06.280]   it
[00:00:06.280 --> 00:00:06.740]   is
[00:00:06.740 --> 00:00:07.300]   still
[00:00:07.300 --> 00:00:08.640]   something
[00:00:08.640 --> 00:00:08.900]   I'd
[00:00:08.900 --> 00:00:09.440]   have
[00:00:09.440 --> 00:00:10.200]   to
[00:00:10.200 --> 00:00:10.340]   test.
[00:00:04.920 --> 00:00:05.300]   inn
[00:00:05.300 --> 00:00:05.530]   will
[00:00:05.530 --> 00:00:05.750]   pay
[00:00:05.750 --> 00:00:05.880]   for
[00:00:05.880 --> 00:00:06.280]   it
[00:00:06.280 --> 00:00:06.740]   is
[00:00:06.740 --> 00:00:07.300]   still
[00:00:07.300 --> 00:00:08.640]   something
[00:00:08.640 --> 00:00:08.900]   I'd
[00:00:08.900 --> 00:00:09.440]   have
[00:00:09.440 --> 00:00:10.200]   to
[00:00:10.200 --> 00:00:10.340]   test.
[00:00:04.460 --> 00:00:04.920]   room
[00:00:04.920 --> 00:00:05.300]   inn
[00:00:05.300 --> 00:00:05.530]   will
[00:00:05.530 --> 00:00:05.750]   pay
[00:00:05.750 --> 00:00:05.880]   for
[00:00:05.880 --> 00:00:06.280]   it
[00:00:06.280 --> 00:00:06.740]   is
[00:00:06.740 --> 00:00:07.300]   still
[00:00:07.300 --> 00:00:08.640]   something
[00:00:08.640 --> 00:00:08.900]   I'd
[00:00:08.900 --> 00:00:09.440]   have
[00:00:09.440 --> 00:00:10.200]   to
[00:00:10.200 --> 00:00:10.340]   test.
[00:00:03.930 --> 00:00:04.460]   30
[00:00:04.460 --> 00:00:04.920]   room
[00:00:04.920 --> 00:00:05.300]   inn
[00:00:05.300 --> 00:00:05.530]   will
[00:00:05.530 --> 00:00:05.750]   pay
[00:00:05.750 --> 00:00:05.880]   for
[00:00:05.880 --> 00:00:06.280]   it
[00:00:06.280 --> 00:00:06.740]   is
[00:00:06.740 --> 00:00:07.300]   still
[00:00:07.300 --> 00:00:08.640]   something
[00:00:08.640 --> 00:00:08.900]   I'd
[00:00:08.900 --> 00:00:09.440]   have
[00:00:09.440 --> 00:00:10.200]   to
[00:00:10.200 --> 00:00:10.340]   test.
[00:00:03.660 --> 00:00:03.930]   a
[00:00:03.930 --> 00:00:04.460]   30
[00:00:04.460 --> 00:00:04.920]   room
[00:00:04.920 --> 00:00:05.300]   inn
[00:00:05.300 --> 00:00:05.530]   will
[00:00:05.530 --> 00:00:05.750]   pay
[00:00:05.750 --> 00:00:05.880]   for
[00:00:05.880 --> 00:00:06.280]   it
[00:00:06.280 --> 00:00:06.740]   is
[00:00:06.740 --> 00:00:07.300]   still
[00:00:07.300 --> 00:00:08.640]   something
[00:00:08.640 --> 00:00:08.900]   I'd
[00:00:08.900 --> 00:00:09.440]   have
[00:00:09.440 --> 00:00:10.200]   to
[00:00:10.200 --> 00:00:10.340]   test.
[00:00:03.200 --> 00:00:03.660]   What
[00:00:03.660 --> 00:00:03.930]   a
[00:00:03.930 --> 00:00:04.460]   30
[00:00:04.460 --> 00:00:04.920]   room
[00:00:04.920 --> 00:00:05.300]   inn
[00:00:05.300 --> 00:00:05.530]   will
[00:00:05.530 --> 00:00:05.750]   pay
[00:00:05.750 --> 00:00:05.880]   for
[00:00:05.880 --> 00:00:06.280]   it
[00:00:06.280 --> 00:00:06.740]   is
[00:00:06.740 --> 00:00:07.300]   still
[00:00:07.300 --> 00:00:08.640]   something
[00:00:08.640 --> 00:00:08.900]   I'd
[00:00:08.900 --> 00:00:09.440]   have
[00:00:09.440 --> 00:00:10.200]   to
[00:00:10.200 --> 00:00:10.340]   test.
[00:00:02.700 --> 00:00:03.200]   though.
[00:00:03.200 --> 00:00:03.660]   What
[00:00:03.660 --> 00:00:03.930]   a
[00:00:03.930 --> 00:00:04.460]   30
[00:00:04.460 --> 00:00:04.920]   room
[00:00:04.920 --> 00:00:05.300]   inn
[00:00:05.300 --> 00:00:05.530]   will
[00:00:05.530 --> 00:00:05.750]   pay
[00:00:05.750 --> 00:00:05.880]   for
[00:00:05.880 --> 00:00:06.280]   it
[00:00:06.280 --> 00:00:06.740]   is
[00:00:06.740 --> 00:00:07.300]   still
[00:00:07.300 --> 00:00:08.640]   something
[00:00:08.640 --> 00:00:08.900]   I'd
[00:00:08.900 --> 00:00:09.440]   have
[00:00:09.440 --> 00:00:10.200]   to
[00:00:10.200 --> 00:00:10.340]   test.
[00:00:02.080 --> 00:00:02.700]   service
[00:00:02.700 --> 00:00:03.200]   though.
[00:00:03.200 --> 00:00:03.660]   What
[00:00:03.660 --> 00:00:03.930]   a
[00:00:03.930 --> 00:00:04.460]   30
[00:00:04.460 --> 00:00:04.920]   room
[00:00:04.920 --> 00:00:05.300]   inn
[00:00:05.300 --> 00:00:05.530]   will
[00:00:05.530 --> 00:00:05.750]   pay
[00:00:05.750 --> 00:00:05.880]   for
[00:00:05.880 --> 00:00:06.280]   it
[00:00:06.280 --> 00:00:06.740]   is
[00:00:06.740 --> 00:00:07.300]   still
[00:00:07.300 --> 00:00:08.640]   something
[00:00:08.640 --> 00:00:08.900]   I'd
[00:00:08.900 --> 00:00:09.440]   have
[00:00:09.440 --> 00:00:10.200]   to
[00:00:10.200 --> 00:00:10.340]   test.
[00:00:01.240 --> 00:00:02.080]   particular
[00:00:02.080 --> 00:00:02.700]   service
[00:00:02.700 --> 00:00:03.200]   though.
[00:00:03.200 --> 00:00:03.660]   What
[00:00:03.660 --> 00:00:03.930]   a
[00:00:03.930 --> 00:00:04.460]   30
[00:00:04.460 --> 00:00:04.920]   room
[00:00:04.920 --> 00:00:05.300]   inn
[00:00:05.300 --> 00:00:05.530]   will
[00:00:05.530 --> 00:00:05.750]   pay
[00:00:05.750 --> 00:00:05.880]   for
[00:00:05.880 --> 00:00:06.280]   it
[00:00:06.280 --> 00:00:06.740]   is
[00:00:06.740 --> 00:00:07.300]   still
[00:00:07.300 --> 00:00:08.640]   something
[00:00:08.640 --> 00:00:08.900]   I'd
[00:00:08.900 --> 00:00:09.440]   have
[00:00:09.440 --> 00:00:10.200]   to
[00:00:10.200 --> 00:00:10.340]   test.
[00:00:01.020 --> 00:00:01.240]   this
[00:00:01.240 --> 00:00:02.080]   particular
[00:00:02.080 --> 00:00:02.700]   service
[00:00:02.700 --> 00:00:03.200]   though.
[00:00:03.200 --> 00:00:03.660]   What
[00:00:03.660 --> 00:00:03.930]   a
[00:00:03.930 --> 00:00:04.460]   30
[00:00:04.460 --> 00:00:04.920]   room
[00:00:04.920 --> 00:00:05.300]   inn
[00:00:05.300 --> 00:00:05.530]   will
[00:00:05.530 --> 00:00:05.750]   pay
[00:00:05.750 --> 00:00:05.880]   for
[00:00:05.880 --> 00:00:06.280]   it
[00:00:06.280 --> 00:00:06.740]   is
[00:00:06.740 --> 00:00:07.300]   still
[00:00:07.300 --> 00:00:08.640]   something
[00:00:08.640 --> 00:00:08.900]   I'd
[00:00:08.900 --> 00:00:09.440]   have
[00:00:09.440 --> 00:00:10.200]   to
[00:00:10.200 --> 00:00:10.340]   test.
[00:00:00.580 --> 00:00:01.020]   sold
[00:00:01.020 --> 00:00:01.240]   this
[00:00:01.240 --> 00:00:02.080]   particular
[00:00:02.080 --> 00:00:02.700]   service
[00:00:02.700 --> 00:00:03.200]   though.
[00:00:03.200 --> 00:00:03.660]   What
[00:00:03.660 --> 00:00:03.930]   a
[00:00:03.930 --> 00:00:04.460]   30
[00:00:04.460 --> 00:00:04.920]   room
[00:00:04.920 --> 00:00:05.300]   inn
[00:00:05.300 --> 00:00:05.530]   will
[00:00:05.530 --> 00:00:05.750]   pay
[00:00:05.750 --> 00:00:05.880]   for
[00:00:05.880 --> 00:00:06.280]   it
[00:00:06.280 --> 00:00:06.740]   is
[00:00:06.740 --> 00:00:07.300]   still
[00:00:07.300 --> 00:00:08.640]   something
[00:00:08.640 --> 00:00:08.900]   I'd
[00:00:08.900 --> 00:00:09.440]   have
[00:00:09.440 --> 00:00:10.200]   to
[00:00:10.200 --> 00:00:10.340]   test.
[00:00:00.420 --> 00:00:00.580]   haven't
[00:00:00.580 --> 00:00:01.020]   sold
[00:00:01.020 --> 00:00:01.240]   this
[00:00:01.240 --> 00:00:02.080]   particular
[00:00:02.080 --> 00:00:02.700]   service
[00:00:02.700 --> 00:00:03.200]   though.
[00:00:03.200 --> 00:00:03.660]   What
[00:00:03.660 --> 00:00:03.930]   a
[00:00:03.930 --> 00:00:04.460]   30
[00:00:04.460 --> 00:00:04.920]   room
[00:00:04.920 --> 00:00:05.300]   inn
[00:00:05.300 --> 00:00:05.530]   will
[00:00:05.530 --> 00:00:05.750]   pay
[00:00:05.750 --> 00:00:05.880]   for
[00:00:05.880 --> 00:00:06.280]   it
[00:00:06.280 --> 00:00:06.740]   is
[00:00:06.740 --> 00:00:07.300]   still
[00:00:07.300 --> 00:00:08.640]   something
[00:00:08.640 --> 00:00:08.900]   I'd
[00:00:08.900 --> 00:00:09.440]   have
[00:00:09.440 --> 00:00:10.200]   to
[00:00:10.200 --> 00:00:10.340]   test.
output_txt: saving output to 'blueprint-cinema/experiments/EP009-FULL-BUILD-001/presenter-look-transfer/P08-corrected/P08r3b/lexical-diagnostic/native-small.txt'
output_json: saving output to 'blueprint-cinema/experiments/EP009-FULL-BUILD-001/presenter-look-transfer/P08-corrected/P08r3b/lexical-diagnostic/native-small.json'

whisper_print_timings:     load time =   453.52 ms
whisper_print_timings:     fallbacks =   0 p /   0 h
whisper_print_timings:      mel time =     6.51 ms
whisper_print_timings:   sample time =    35.90 ms /   154 runs (     0.23 ms per run)
whisper_print_timings:   encode time =   240.60 ms /     1 runs (   240.60 ms per run)
whisper_print_timings:   decode time =     9.40 ms /     1 runs (     9.40 ms per run)
whisper_print_timings:   batchd time =   466.40 ms /   149 runs (     3.13 ms per run)
whisper_print_timings:   prompt time =    19.31 ms /    29 runs (     0.67 ms per run)
whisper_print_timings:    total time =  1431.06 ms
ggml_metal_free: deallocating
