
◆  Rendering r44-checkbox-narrated → /Users/brownmanbrain/GitHub/operator-economy/blueprint-cinema/experiments/EP007-NET-NEW-UNFINISHED-ANSWER-003/hyperframes/reviews/r44-checkbox-narrated/qa/r44-checkbox-narrated.mp4
   24fps · high · auto workers (10 cores detected)
   GPU: browser GPU (auto-detect)

[?25l│
◇  Browser: cache
[?25h[INFO] [Render] Pipeline started {"renderJobId":"760657fb-2506-443d-b8d1-d461eb406397","platform":"darwin","arch":"arm64","nodeVersion":"v25.6.1","fps":{"num":24,"den":1},"format":"mp4","quality":"high","browserGpuMode":"auto","forceScreenshot":false,"protocolTimeout":300000,"browserTimeout":120000,"pageNavigationTimeout":60000,"playerReadyTimeout":45000}
[INFO] [Render:trace] {"renderJobId":"760657fb-2506-443d-b8d1-d461eb406397","phase":"pipeline","status":"checkpoint","elapsedMs":1,"message":"started","format":"mp4","quality":"high","browserGpuMode":"auto","forceScreenshot":false,"protocolTimeoutMs":300000,"pageNavigationTimeoutMs":60000,"playerReadyTimeoutMs":45000,"requestedWorkers":"auto"}
[INFO] [Render:trace] {"renderJobId":"760657fb-2506-443d-b8d1-d461eb406397","phase":"compile","status":"start","elapsedMs":2,"needsAlpha":false}
  █░░░░░░░░░░░░░░░░░░░░░░░░  5%  Compiling composition
[INFO] [Compiler] Embedded local font file: public/fonts/supreme-400.woff2 (18 KB → data URI)
[INFO] [Compiler] Embedded local font file: public/fonts/supreme-500.woff2 (18 KB → data URI)
[INFO] Compiled composition metadata {"renderJobId":"760657fb-2506-443d-b8d1-d461eb406397","entryFile":"index.html","staticDuration":20.291666666666668,"width":1280,"height":720,"videoCount":0,"audioCount":1,"renderModeHints":{"recommendScreenshot":false,"reasons":[]}}
[INFO] [Render:trace] {"renderJobId":"760657fb-2506-443d-b8d1-d461eb406397","phase":"compile","status":"end","elapsedMs":61,"durationMs":59,"needsAlpha":false}
[INFO] [Render:trace] {"renderJobId":"760657fb-2506-443d-b8d1-d461eb406397","phase":"compile","status":"checkpoint","elapsedMs":61,"message":"composition metadata resolved","width":1280,"height":720,"videoCount":0,"audioCount":1,"imageCount":0,"deviceScaleFactor":1,"forceScreenshot":false,"compositionHash":"b7b4102cec6dc246"}
[INFO] [Render:trace] {"renderJobId":"760657fb-2506-443d-b8d1-d461eb406397","phase":"browser_probe","status":"start","elapsedMs":62,"forceScreenshot":false,"stagePhase":"calibrating"}
[INFO] [Render:trace] {"renderJobId":"760657fb-2506-443d-b8d1-d461eb406397","phase":"browser_probe","status":"end","elapsedMs":63,"durationMs":1,"forceScreenshot":false,"stagePhase":"calibrating"}
[INFO] [Render:trace] {"renderJobId":"760657fb-2506-443d-b8d1-d461eb406397","phase":"browser_probe","status":"checkpoint","elapsedMs":64,"message":"duration resolved","durationSeconds":20.291666666666668,"totalFrames":487,"compositionHash":"b7b4102cec6dc246","beginFrameStalled":false}
[INFO] [Render:trace] {"renderJobId":"760657fb-2506-443d-b8d1-d461eb406397","phase":"video_extract","status":"start","elapsedMs":64,"videoCount":0}
  ██░░░░░░░░░░░░░░░░░░░░░░░  10%  Extracting video frames
[INFO] [Render:trace] {"renderJobId":"760657fb-2506-443d-b8d1-d461eb406397","phase":"video_extract","status":"end","elapsedMs":64,"durationMs":0,"videoCount":0}
[INFO] [Render:trace] {"renderJobId":"760657fb-2506-443d-b8d1-d461eb406397","phase":"video_extract","status":"checkpoint","elapsedMs":64,"message":"frames resolved","videoCount":0,"extractedVideoCount":0,"totalFramesExtracted":0,"maxFramesPerVideo":0,"avgFramesPerExtractedVideo":null,"vfrPreflightCount":null,"vfrPreflightMs":null,"cacheHits":null,"cacheMisses":null,"transientRetries":null,"minVideoFrameCoverageRatio":null,"authoredTimedClipCount":2}
[INFO] [Render] No HDR sources detected — rendering SDR {"renderJobId":"760657fb-2506-443d-b8d1-d461eb406397"}
[INFO] [Render:trace] {"renderJobId":"760657fb-2506-443d-b8d1-d461eb406397","phase":"hdr_detection","status":"checkpoint","elapsedMs":64,"message":"resolved","requestedHdrMode":"auto","effectiveHdr":"sdr","nativeHdrVideoCount":0,"nativeHdrImageCount":0}
[INFO] [Render:trace] {"renderJobId":"760657fb-2506-443d-b8d1-d461eb406397","phase":"audio_process","status":"start","elapsedMs":64,"audioCount":1}
  █████░░░░░░░░░░░░░░░░░░░░  20%  Processing audio tracks
[INFO] [Render:trace] {"renderJobId":"760657fb-2506-443d-b8d1-d461eb406397","phase":"audio_process","status":"end","elapsedMs":514,"durationMs":450,"audioCount":1}
[INFO] [Render:trace] {"renderJobId":"760657fb-2506-443d-b8d1-d461eb406397","phase":"file_server","status":"start","elapsedMs":514,"reused":false}
  ██████░░░░░░░░░░░░░░░░░░░  25%  Starting frame capture
[INFO] [Render:trace] {"renderJobId":"760657fb-2506-443d-b8d1-d461eb406397","phase":"file_server","status":"end","elapsedMs":521,"durationMs":7}
[hyperframes] browserGpuMode probe → hardware (WebGL renderer vendor="Google Inc. (Apple)" renderer="ANGLE (Apple, ANGLE Metal Renderer: Apple M4, Unspecified Version)")
[INFO] [Render:trace] {"renderJobId":"760657fb-2506-443d-b8d1-d461eb406397","phase":"capture_calibration","status":"start","elapsedMs":700,"stagePhase":"calibrating","forceScreenshot":false,"totalFrames":487,"framesCompleted":0,"captureMode":"drawelement","captureOperation":"drawElement"}
[INFO] [Render] Calibration config {"renderJobId":"760657fb-2506-443d-b8d1-d461eb406397","protocolTimeout":30000,"parentProtocolTimeout":300000,"forceScreenshot":false,"totalFrames":487}
[INFO] Launching browser for capture calibration... {"renderJobId":"760657fb-2506-443d-b8d1-d461eb406397"}
[BrowserManager] Browser launched (HeadlessChrome/152.0.7977.30, screenshot, gl=--use-gl=angle --use-angle=metal, headlessShell=true, platform=darwin)
[INFO] Initializing calibration session... {"renderJobId":"760657fb-2506-443d-b8d1-d461eb406397"}
[initSession:screenshot] page.goto start (0ms)
[HyperFrames] render runtime fps [object Object]
[initSession:screenshot] page.goto complete (113ms)
[initSession:screenshot] GSAP proxy flush complete (148ms)
[initSession:screenshot] pollHfReady complete (149ms)
[initSession:screenshot] pollSubCompositionTimelines complete (ready) (150ms)
[initSession:screenshot] applyVideoMetadataHints complete (150ms)
[initSession:screenshot] media + fonts + tailwind ready (152ms)
[initSession:screenshot] timeline at-risk predictor: 0/488 frames (0%) (187ms)
[initSession:screenshot] static-frame dedup: 357/357 predicted frame(s) reusable (outcome=verified, runs=4/4, screenshots=28, seeks=29, elapsedMs=1096) (1483ms)
[initSession:screenshot] drawElement self-verify armed: 4 ground-truth frame(s) @ [122, 244, 365, 463] of 487 (1844ms)
[initSession:drawelement] drawElement canvas injected (1847ms)
[initSession:drawelement] screenshot fallback: 5 clip-boundary frame(s) (1847ms)
[initSession:drawelement] drawElement worker encode initialized (1850ms)
[INFO] Calibration session ready, capturing test frames... {"renderJobId":"760657fb-2506-443d-b8d1-d461eb406397"}
[INFO] Calibration: capturing test frame 1/5... {"renderJobId":"760657fb-2506-443d-b8d1-d461eb406397"}
[INFO] Calibration: capturing test frame 2/5... {"renderJobId":"760657fb-2506-443d-b8d1-d461eb406397"}
[INFO] Calibration: capturing test frame 3/5... {"renderJobId":"760657fb-2506-443d-b8d1-d461eb406397"}
[INFO] Calibration: capturing test frame 4/5... {"renderJobId":"760657fb-2506-443d-b8d1-d461eb406397"}
[INFO] Calibration: capturing test frame 5/5... {"renderJobId":"760657fb-2506-443d-b8d1-d461eb406397"}
[INFO] Calibration complete, estimated cost: 28ms/frame (p95) {"renderJobId":"760657fb-2506-443d-b8d1-d461eb406397"}
[INFO] [Render:trace] {"renderJobId":"760657fb-2506-443d-b8d1-d461eb406397","phase":"capture_calibration","status":"end","elapsedMs":2833,"durationMs":2132,"stagePhase":"calibrating","forceScreenshot":false,"totalFrames":487,"framesCompleted":0,"captureMode":"drawelement","captureOperation":"drawElement"}
[INFO] [Render:trace] {"renderJobId":"760657fb-2506-443d-b8d1-d461eb406397","phase":"capture_calibration","status":"checkpoint","elapsedMs":2833,"message":"resolved","forceScreenshot":false,"multiplier":1,"p95Ms":28}
[INFO] [Render:trace] {"renderJobId":"760657fb-2506-443d-b8d1-d461eb406397","phase":"worker_resolution","status":"checkpoint","elapsedMs":2834,"message":"resolved","workerCount":4}
[INFO] [Render] Fast capture: default-on drawElement disabled for this render — parallel capture has no runtime self-verification. Set PRODUCER_EXPERIMENTAL_FAST_CAPTURE=true to override. {"renderJobId":"760657fb-2506-443d-b8d1-d461eb406397"}
[INFO] streaming-encode gate {"renderJobId":"760657fb-2506-443d-b8d1-d461eb406397","enabled":false,"configFlag":true,"outputFormat":"mp4","workerCount":4,"durationSeconds":20.291666666666668,"maxDurationSeconds":240}
[INFO] [Render:trace] {"renderJobId":"760657fb-2506-443d-b8d1-d461eb406397","phase":"capture_strategy","status":"checkpoint","elapsedMs":2834,"message":"resolved","workerCount":4,"forceScreenshot":false,"captureBeyondViewport":null,"useStreamingEncode":false,"useLayeredComposite":false,"usePageSideCompositing":false,"hasHdrContent":false,"hasShaderTransitions":false,"isPngSequence":false}
[INFO] [Render:trace] {"renderJobId":"760657fb-2506-443d-b8d1-d461eb406397","phase":"capture_disk","status":"start","elapsedMs":2834,"stagePhase":"capturing","needsAlpha":false,"workerCount":4,"forceScreenshot":false,"totalFrames":487,"framesCompleted":0,"captureMode":"beginframe","captureOperation":"beginFrame"}
  ██████░░░░░░░░░░░░░░░░░░░  25%  Capturing frame 0/487 (4 workers)
  ██████░░░░░░░░░░░░░░░░░░░  25%  Capturing frame 0/487 (4 workers)
  ██████░░░░░░░░░░░░░░░░░░░  25%  Capturing frame 0/487 (4 workers)
  ██████░░░░░░░░░░░░░░░░░░░  25%  Capturing frame 0/487 (4 workers)
[BrowserManager] Browser launched (HeadlessChrome/152.0.7977.30, screenshot, gl=--use-gl=angle --use-angle=metal, headlessShell=true, platform=darwin)
  ██████░░░░░░░░░░░░░░░░░░░  25%  Capturing frame 0/487 (4 workers)
[initSession:screenshot] page.goto start (0ms)
  ██████░░░░░░░░░░░░░░░░░░░  25%  Capturing frame 0/487 (4 workers)
  ██████░░░░░░░░░░░░░░░░░░░  25%  Capturing frame 0/487 (4 workers)
[initSession:screenshot] page.goto start (0ms)
  ██████░░░░░░░░░░░░░░░░░░░  25%  Capturing frame 0/487 (4 workers)
  ██████░░░░░░░░░░░░░░░░░░░  25%  Capturing frame 0/487 (4 workers)
[initSession:screenshot] page.goto start (0ms)
  ██████░░░░░░░░░░░░░░░░░░░  25%  Capturing frame 0/487 (4 workers)
  ██████░░░░░░░░░░░░░░░░░░░  25%  Capturing frame 0/487 (4 workers)
[initSession:screenshot] page.goto start (0ms)
  ██████░░░░░░░░░░░░░░░░░░░  25%  Capturing frame 0/487 (4 workers)
[HyperFrames] render runtime fps [object Object]
[HyperFrames] render runtime fps [object Object]
[HyperFrames] render runtime fps [object Object]
[HyperFrames] render runtime fps [object Object]
[initSession:screenshot] page.goto complete (121ms)
[initSession:screenshot] page.goto complete (119ms)
[initSession:screenshot] page.goto complete (123ms)
[initSession:screenshot] page.goto complete (138ms)
[initSession:screenshot] GSAP proxy flush complete (157ms)
[initSession:screenshot] GSAP proxy flush complete (153ms)
[initSession:screenshot] GSAP proxy flush complete (154ms)
[initSession:screenshot] GSAP proxy flush complete (158ms)
[initSession:screenshot] pollHfReady complete (160ms)
[initSession:screenshot] pollHfReady complete (157ms)
[initSession:screenshot] pollHfReady complete (158ms)
[initSession:screenshot] pollHfReady complete (160ms)
[initSession:screenshot] pollSubCompositionTimelines complete (ready) (159ms)
[initSession:screenshot] applyVideoMetadataHints complete (159ms)
[initSession:screenshot] pollSubCompositionTimelines complete (ready) (163ms)
[initSession:screenshot] applyVideoMetadataHints complete (163ms)
[initSession:screenshot] pollSubCompositionTimelines complete (ready) (161ms)
[initSession:screenshot] applyVideoMetadataHints complete (161ms)
[initSession:screenshot] pollSubCompositionTimelines complete (ready) (163ms)
[initSession:screenshot] applyVideoMetadataHints complete (163ms)
[initSession:screenshot] media + fonts + tailwind ready (161ms)
[initSession:screenshot] media + fonts + tailwind ready (165ms)
[initSession:screenshot] media + fonts + tailwind ready (163ms)
[initSession:screenshot] media + fonts + tailwind ready (165ms)
[initSession:screenshot] static-frame dedup: 357/357 predicted frame(s) reusable (outcome=verified, runs=4/4, screenshots=28, seeks=29, elapsedMs=1124) (1477ms)
[initSession:screenshot] static-frame dedup: 357/357 predicted frame(s) reusable (outcome=verified, runs=4/4, screenshots=28, seeks=29, elapsedMs=1126) (1492ms)
[initSession:screenshot] static-frame dedup: 357/357 predicted frame(s) reusable (outcome=verified, runs=4/4, screenshots=28, seeks=29, elapsedMs=1127) (1491ms)
  ██████░░░░░░░░░░░░░░░░░░░  25%  Capturing frame 0/487 (4 workers)
  ██████░░░░░░░░░░░░░░░░░░░  25%  Capturing frame 0/487 (4 workers)
  ██████░░░░░░░░░░░░░░░░░░░  25%  Capturing frame 0/487 (4 workers)
[initSession:screenshot] static-frame dedup: 357/357 predicted frame(s) reusable (outcome=verified, runs=4/4, screenshots=28, seeks=29, elapsedMs=1169) (1526ms)
  ██████░░░░░░░░░░░░░░░░░░░  25%  Capturing frame 0/487 (4 workers)
  ███████░░░░░░░░░░░░░░░░░░  28%  Capturing frame 30/487 (4 workers)
  ███████░░░░░░░░░░░░░░░░░░  31%  Capturing frame 60/487 (4 workers)
  ████████░░░░░░░░░░░░░░░░░  33%  Capturing frame 90/487 (4 workers)
  █████████░░░░░░░░░░░░░░░░  36%  Capturing frame 120/487 (4 workers)
  █████████░░░░░░░░░░░░░░░░  39%  Capturing frame 150/487 (4 workers)
  ██████████░░░░░░░░░░░░░░░  42%  Capturing frame 180/487 (4 workers)
[static-dedup] reused 119/121 frame(s) (98%), est. ~5712ms saved (avg 48ms/frame)
  ███████████░░░░░░░░░░░░░░  44%  Capturing frame 210/487 (4 workers)
  ███████████░░░░░░░░░░░░░░  47%  Capturing frame 240/487 (4 workers)
  ████████████░░░░░░░░░░░░░  50%  Capturing frame 270/487 (4 workers)
  █████████████░░░░░░░░░░░░  53%  Capturing frame 300/487 (4 workers)
  █████████████░░░░░░░░░░░░  55%  Capturing frame 330/487 (4 workers)
  ██████████████░░░░░░░░░░░  58%  Capturing frame 360/487 (4 workers)
  ███████████████░░░░░░░░░░  61%  Capturing frame 390/487 (4 workers)
[static-dedup] reused 88/122 frame(s) (72%), est. ~3608ms saved (avg 41ms/frame)
[static-dedup] reused 84/122 frame(s) (69%), est. ~3528ms saved (avg 42ms/frame)
  ████████████████░░░░░░░░░  64%  Capturing frame 420/487 (4 workers)
  ████████████████░░░░░░░░░  67%  Capturing frame 450/487 (4 workers)
  █████████████████░░░░░░░░  69%  Capturing frame 480/487 (4 workers)
  █████████████████░░░░░░░░  70%  Capturing frame 487/487 (4 workers)
[static-dedup] reused 64/122 frame(s) (52%), est. ~2688ms saved (avg 42ms/frame)
[INFO] [Render:trace] {"renderJobId":"760657fb-2506-443d-b8d1-d461eb406397","phase":"capture_disk","status":"end","elapsedMs":7038,"durationMs":4204,"stagePhase":"capturing","needsAlpha":false,"workerCount":4,"forceScreenshot":false,"totalFrames":487,"framesCompleted":487,"captureMode":"beginframe","captureOperation":"encode"}
[INFO] [Render:trace] {"renderJobId":"760657fb-2506-443d-b8d1-d461eb406397","phase":"encode","status":"start","elapsedMs":7038,"stagePhase":"capturing","hasAudio":true,"isPngSequence":false,"isGif":false,"chunkedEncode":false,"workerCount":4,"forceScreenshot":false,"totalFrames":487,"framesCompleted":487,"captureMode":"beginframe","captureOperation":"encode"}
  ██████████████████░░░░░░░  75%  Encoding video
[INFO] [Render:trace] {"renderJobId":"760657fb-2506-443d-b8d1-d461eb406397","phase":"encode","status":"end","elapsedMs":7791,"durationMs":753,"stagePhase":"capturing","hasAudio":true,"isPngSequence":false,"isGif":false,"chunkedEncode":false,"workerCount":4,"forceScreenshot":false,"totalFrames":487,"framesCompleted":487,"captureMode":"beginframe","captureOperation":"encode"}
[INFO] [Render:trace] {"renderJobId":"760657fb-2506-443d-b8d1-d461eb406397","phase":"assemble","status":"start","elapsedMs":7791,"stagePhase":"capturing","hasAudio":true,"workerCount":4,"forceScreenshot":false,"totalFrames":487,"framesCompleted":487,"captureMode":"beginframe","captureOperation":"encode"}
  ██████████████████████░░░  90%  Assembling final video
[INFO] [Render:trace] {"renderJobId":"760657fb-2506-443d-b8d1-d461eb406397","phase":"assemble","status":"end","elapsedMs":8286,"durationMs":495,"stagePhase":"capturing","hasAudio":true,"workerCount":4,"forceScreenshot":false,"totalFrames":487,"framesCompleted":487,"captureMode":"beginframe","captureOperation":"encode"}
[INFO] [Render:trace] {"renderJobId":"760657fb-2506-443d-b8d1-d461eb406397","phase":"pipeline","status":"checkpoint","elapsedMs":8310,"message":"artifact validated","totalElapsedMs":8308}
  █████████████████████████  100%  Render complete

◇  /Users/brownmanbrain/GitHub/operator-economy/blueprint-cinema/experiments/EP007-NET-NEW-UNFINISHED-ANSWER-003/hyperframes/reviews/r44-checkbox-narrated/qa/r44-checkbox-narrated.mp4
   894.6 KB · 20.3s video · rendered in 8.3s
