
◆  Rendering study-composite-r10 → /Users/brownmanbrain/GitHub/operator-economy/blueprint-cinema/experiments/EP007-PRESENTER-001/media/repair-r10/study-hyperframes-render.mp4
   25fps · high · 2 workers
   GPU: browser GPU (auto-detect)

[?25l│
◇  Browser: cache
[?25h[INFO] [Render] Pipeline started {"renderJobId":"15fb9bc1-852f-4668-9db5-d47e7f60ba94","platform":"darwin","arch":"arm64","nodeVersion":"v25.6.1","fps":{"num":25,"den":1},"format":"mp4","quality":"high","browserGpuMode":"auto","forceScreenshot":false,"protocolTimeout":300000,"browserTimeout":120000,"pageNavigationTimeout":60000,"playerReadyTimeout":45000}
[INFO] [Render:trace] {"renderJobId":"15fb9bc1-852f-4668-9db5-d47e7f60ba94","phase":"pipeline","status":"checkpoint","elapsedMs":2,"message":"started","format":"mp4","quality":"high","browserGpuMode":"auto","forceScreenshot":false,"protocolTimeoutMs":300000,"pageNavigationTimeoutMs":60000,"playerReadyTimeoutMs":45000,"requestedWorkers":2}
[INFO] [Render:trace] {"renderJobId":"15fb9bc1-852f-4668-9db5-d47e7f60ba94","phase":"compile","status":"start","elapsedMs":3,"needsAlpha":false}
  █░░░░░░░░░░░░░░░░░░░░░░░░  5%  Compiling composition
[INFO] Compiled composition metadata {"renderJobId":"15fb9bc1-852f-4668-9db5-d47e7f60ba94","entryFile":"index.html","staticDuration":30.6,"width":1920,"height":1080,"videoCount":1,"audioCount":1,"renderModeHints":{"recommendScreenshot":false,"reasons":[]}}
[INFO] [Render:trace] {"renderJobId":"15fb9bc1-852f-4668-9db5-d47e7f60ba94","phase":"compile","status":"end","elapsedMs":178,"durationMs":175,"needsAlpha":false}
[INFO] [Render:trace] {"renderJobId":"15fb9bc1-852f-4668-9db5-d47e7f60ba94","phase":"compile","status":"checkpoint","elapsedMs":179,"message":"composition metadata resolved","width":1920,"height":1080,"videoCount":1,"audioCount":1,"imageCount":2,"deviceScaleFactor":1,"forceScreenshot":false,"compositionHash":"bd11975d60d3677b"}
[INFO] [Render:trace] {"renderJobId":"15fb9bc1-852f-4668-9db5-d47e7f60ba94","phase":"browser_probe","status":"start","elapsedMs":179,"forceScreenshot":false,"stagePhase":"calibrating"}
[INFO] [Render:trace] {"renderJobId":"15fb9bc1-852f-4668-9db5-d47e7f60ba94","phase":"browser_probe","status":"end","elapsedMs":183,"durationMs":4,"forceScreenshot":false,"stagePhase":"calibrating"}
[INFO] [Render:trace] {"renderJobId":"15fb9bc1-852f-4668-9db5-d47e7f60ba94","phase":"browser_probe","status":"checkpoint","elapsedMs":183,"message":"duration resolved","durationSeconds":30.6,"totalFrames":765,"compositionHash":"bd11975d60d3677b","beginFrameStalled":false}
[INFO] [Render:trace] {"renderJobId":"15fb9bc1-852f-4668-9db5-d47e7f60ba94","phase":"video_extract","status":"start","elapsedMs":183,"videoCount":1}
[INFO] Probing video color spaces... {"renderJobId":"15fb9bc1-852f-4668-9db5-d47e7f60ba94","videoCount":1}
  ██░░░░░░░░░░░░░░░░░░░░░░░  10%  Extracting video frames
[INFO] Extracting frames from video 1/1 {"renderJobId":"15fb9bc1-852f-4668-9db5-d47e7f60ba94","sourceType":"local"}
[INFO] [Render:trace] {"renderJobId":"15fb9bc1-852f-4668-9db5-d47e7f60ba94","phase":"video_extract","status":"end","elapsedMs":6155,"durationMs":5972,"videoCount":1}
[INFO] [Render:trace] {"renderJobId":"15fb9bc1-852f-4668-9db5-d47e7f60ba94","phase":"video_extract","status":"checkpoint","elapsedMs":6156,"message":"frames resolved","videoCount":1,"extractedVideoCount":1,"totalFramesExtracted":765,"maxFramesPerVideo":765,"avgFramesPerExtractedVideo":765,"vfrPreflightCount":0,"vfrPreflightMs":0,"cacheHits":0,"cacheMisses":0,"transientRetries":0,"minVideoFrameCoverageRatio":1,"authoredTimedClipCount":5}
[INFO] [Render] No HDR sources detected — rendering SDR {"renderJobId":"15fb9bc1-852f-4668-9db5-d47e7f60ba94"}
[INFO] [Render:trace] {"renderJobId":"15fb9bc1-852f-4668-9db5-d47e7f60ba94","phase":"hdr_detection","status":"checkpoint","elapsedMs":6156,"message":"resolved","requestedHdrMode":"auto","effectiveHdr":"sdr","nativeHdrVideoCount":0,"nativeHdrImageCount":0}
[INFO] [Render:trace] {"renderJobId":"15fb9bc1-852f-4668-9db5-d47e7f60ba94","phase":"audio_process","status":"start","elapsedMs":6156,"audioCount":1}
  █████░░░░░░░░░░░░░░░░░░░░  20%  Processing audio tracks
[INFO] [Render:trace] {"renderJobId":"15fb9bc1-852f-4668-9db5-d47e7f60ba94","phase":"audio_process","status":"end","elapsedMs":6856,"durationMs":700,"audioCount":1}
[INFO] [Render:trace] {"renderJobId":"15fb9bc1-852f-4668-9db5-d47e7f60ba94","phase":"file_server","status":"start","elapsedMs":6856,"reused":false}
  ██████░░░░░░░░░░░░░░░░░░░  25%  Starting frame capture
[INFO] [Render:trace] {"renderJobId":"15fb9bc1-852f-4668-9db5-d47e7f60ba94","phase":"file_server","status":"end","elapsedMs":6863,"durationMs":7}
[hyperframes] browserGpuMode probe → hardware (WebGL renderer vendor="Google Inc. (Apple)" renderer="ANGLE (Apple, ANGLE Metal Renderer: Apple M4, Unspecified Version)")
[INFO] [Render:trace] {"renderJobId":"15fb9bc1-852f-4668-9db5-d47e7f60ba94","phase":"capture_calibration","status":"checkpoint","elapsedMs":7096,"message":"skipped","requestedWorkers":2,"totalFrames":765,"htmlInCanvasDetected":false,"lowMemoryMode":false,"deInversionEligible":false,"deParallelRouterEligible":false}
[INFO] [Render:trace] {"renderJobId":"15fb9bc1-852f-4668-9db5-d47e7f60ba94","phase":"worker_resolution","status":"checkpoint","elapsedMs":7097,"message":"resolved","workerCount":2}
[INFO] streaming-encode gate {"renderJobId":"15fb9bc1-852f-4668-9db5-d47e7f60ba94","enabled":false,"configFlag":true,"outputFormat":"mp4","workerCount":2,"durationSeconds":30.6,"maxDurationSeconds":240}
[INFO] [Render] Fast capture: default-on drawElement disabled for this render — parallel capture has no runtime self-verification. Set PRODUCER_EXPERIMENTAL_FAST_CAPTURE=true to override. {"renderJobId":"15fb9bc1-852f-4668-9db5-d47e7f60ba94"}
[INFO] [Render:trace] {"renderJobId":"15fb9bc1-852f-4668-9db5-d47e7f60ba94","phase":"capture_strategy","status":"checkpoint","elapsedMs":7097,"message":"resolved","workerCount":2,"forceScreenshot":false,"captureBeyondViewport":true,"useStreamingEncode":false,"useLayeredComposite":false,"usePageSideCompositing":false,"hasHdrContent":false,"hasShaderTransitions":false,"isPngSequence":false}
[INFO] [Render:trace] {"renderJobId":"15fb9bc1-852f-4668-9db5-d47e7f60ba94","phase":"capture_disk","status":"start","elapsedMs":7097,"stagePhase":"capturing","needsAlpha":false,"workerCount":2,"forceScreenshot":false,"totalFrames":765,"framesCompleted":0,"captureMode":"beginframe","captureOperation":"beginFrame"}
[BrowserManager] Browser launched (HeadlessChrome/152.0.7977.30, screenshot, gl=--use-gl=angle --use-angle=metal, headlessShell=true, platform=darwin)
[initSession:screenshot] page.goto start (1ms)
[initSession:screenshot] page.goto start (0ms)
[HyperFrames] render runtime fps [object Object]
[HyperFrames] render runtime fps [object Object]
[initSession:screenshot] page.goto complete (444ms)
[initSession:screenshot] page.goto complete (444ms)
[initSession:screenshot] GSAP proxy flush complete (553ms)
[initSession:screenshot] GSAP proxy flush complete (552ms)
[initSession:screenshot] pollHfReady complete (572ms)
[initSession:screenshot] pollHfReady complete (570ms)
[initSession:screenshot] pollSubCompositionTimelines complete (ready) (577ms)
[initSession:screenshot] pollSubCompositionTimelines complete (ready) (575ms)
[initSession:screenshot] applyVideoMetadataHints complete (578ms)
[initSession:screenshot] applyVideoMetadataHints complete (577ms)
[initSession:screenshot] media + fonts + tailwind ready (859ms)
[initSession:screenshot] media + fonts + tailwind ready (860ms)
[initSession:screenshot] captureBeyondViewport downgraded: page content fits the capture viewport (901ms)
[initSession:screenshot] static-frame dedup: disabled (before-capture hook / video injection active) (903ms)
[initSession:screenshot] captureBeyondViewport downgraded: page content fits the capture viewport (907ms)
[initSession:screenshot] static-frame dedup: disabled (before-capture hook / video injection active) (907ms)
  ██████░░░░░░░░░░░░░░░░░░░  27%  Capturing frame 30/765 (2 workers)
  ███████░░░░░░░░░░░░░░░░░░  29%  Capturing frame 60/765 (2 workers)
  ███████░░░░░░░░░░░░░░░░░░  30%  Capturing frame 90/765 (2 workers)
  ████████░░░░░░░░░░░░░░░░░  32%  Capturing frame 120/765 (2 workers)
[INFO] [Render:trace] {"renderJobId":"15fb9bc1-852f-4668-9db5-d47e7f60ba94","phase":"capture_disk","status":"checkpoint","elapsedMs":37098,"message":"stage still running","stagePhase":"capturing","needsAlpha":false,"workerCount":2,"forceScreenshot":false,"totalFrames":765,"framesCompleted":128,"captureMode":"beginframe","captureOperation":"beginFrame","heartbeatIndex":1,"stageElapsedMs":30001}
  ████████░░░░░░░░░░░░░░░░░  34%  Capturing frame 150/765 (2 workers)
  █████████░░░░░░░░░░░░░░░░  36%  Capturing frame 180/765 (2 workers)
  █████████░░░░░░░░░░░░░░░░  37%  Capturing frame 210/765 (2 workers)
  █████████░░░░░░░░░░░░░░░░  39%  Capturing frame 240/765 (2 workers)
  ██████████░░░░░░░░░░░░░░░  41%  Capturing frame 270/765 (2 workers)
[INFO] [Render:trace] {"renderJobId":"15fb9bc1-852f-4668-9db5-d47e7f60ba94","phase":"capture_disk","status":"checkpoint","elapsedMs":67105,"message":"stage still running","stagePhase":"capturing","needsAlpha":false,"workerCount":2,"forceScreenshot":false,"totalFrames":765,"framesCompleted":274,"captureMode":"beginframe","captureOperation":"beginFrame","heartbeatIndex":2,"stageElapsedMs":60008}
  ██████████░░░░░░░░░░░░░░░  43%  Capturing frame 300/765 (2 workers)
  ███████████░░░░░░░░░░░░░░  44%  Capturing frame 330/765 (2 workers)
  ███████████░░░░░░░░░░░░░░  46%  Capturing frame 360/765 (2 workers)
  ████████████░░░░░░░░░░░░░  48%  Capturing frame 390/765 (2 workers)
  ████████████░░░░░░░░░░░░░  50%  Capturing frame 420/765 (2 workers)
  ████████████░░░░░░░░░░░░░  51%  Capturing frame 450/765 (2 workers)
  █████████████░░░░░░░░░░░░  53%  Capturing frame 480/765 (2 workers)
  █████████████░░░░░░░░░░░░  55%  Capturing frame 510/765 (2 workers)
  ██████████████░░░░░░░░░░░  57%  Capturing frame 540/765 (2 workers)
  ██████████████░░░░░░░░░░░  59%  Capturing frame 570/765 (2 workers)
  ███████████████░░░░░░░░░░  60%  Capturing frame 600/765 (2 workers)
  ███████████████░░░░░░░░░░  62%  Capturing frame 630/765 (2 workers)
  ████████████████░░░░░░░░░  64%  Capturing frame 660/765 (2 workers)
  ████████████████░░░░░░░░░  66%  Capturing frame 690/765 (2 workers)
  ████████████████░░░░░░░░░  67%  Capturing frame 720/765 (2 workers)
  █████████████████░░░░░░░░  69%  Capturing frame 750/765 (2 workers)
  █████████████████░░░░░░░░  70%  Capturing frame 765/765 (2 workers)
[INFO] [Render:trace] {"renderJobId":"15fb9bc1-852f-4668-9db5-d47e7f60ba94","phase":"capture_disk","status":"end","elapsedMs":127086,"durationMs":119989,"stagePhase":"capturing","needsAlpha":false,"workerCount":2,"forceScreenshot":false,"totalFrames":765,"framesCompleted":765,"captureMode":"beginframe","captureOperation":"encode"}
[INFO] [Render:trace] {"renderJobId":"15fb9bc1-852f-4668-9db5-d47e7f60ba94","phase":"encode","status":"start","elapsedMs":127088,"stagePhase":"capturing","hasAudio":true,"isPngSequence":false,"isGif":false,"chunkedEncode":false,"workerCount":2,"forceScreenshot":false,"totalFrames":765,"framesCompleted":765,"captureMode":"beginframe","captureOperation":"encode"}
  ██████████████████░░░░░░░  75%  Encoding video
[INFO] [Render:trace] {"renderJobId":"15fb9bc1-852f-4668-9db5-d47e7f60ba94","phase":"encode","status":"end","elapsedMs":137437,"durationMs":10349,"stagePhase":"capturing","hasAudio":true,"isPngSequence":false,"isGif":false,"chunkedEncode":false,"workerCount":2,"forceScreenshot":false,"totalFrames":765,"framesCompleted":765,"captureMode":"beginframe","captureOperation":"encode"}
[INFO] [Render:trace] {"renderJobId":"15fb9bc1-852f-4668-9db5-d47e7f60ba94","phase":"assemble","status":"start","elapsedMs":137512,"stagePhase":"capturing","hasAudio":true,"workerCount":2,"forceScreenshot":false,"totalFrames":765,"framesCompleted":765,"captureMode":"beginframe","captureOperation":"encode"}
  ██████████████████████░░░  90%  Assembling final video
[INFO] [Render:trace] {"renderJobId":"15fb9bc1-852f-4668-9db5-d47e7f60ba94","phase":"assemble","status":"end","elapsedMs":138291,"durationMs":778,"stagePhase":"capturing","hasAudio":true,"workerCount":2,"forceScreenshot":false,"totalFrames":765,"framesCompleted":765,"captureMode":"beginframe","captureOperation":"encode"}
[INFO] [Render:trace] {"renderJobId":"15fb9bc1-852f-4668-9db5-d47e7f60ba94","phase":"pipeline","status":"checkpoint","elapsedMs":138338,"message":"artifact validated","totalElapsedMs":138327}
  █████████████████████████  100%  Render complete

◇  /Users/brownmanbrain/GitHub/operator-economy/blueprint-cinema/experiments/EP007-PRESENTER-001/media/repair-r10/study-hyperframes-render.mp4
   16.2 MB · 30.6s video · rendered in 2m 18.4s
