
◆  Rendering 04-wrong-number → /Users/brownmanbrain/GitHub/operator-economy/blueprint-cinema/experiments/EP009-SHORTS-003/04-wrong-number/review-r3.mp4
   24fps · draft · 1 workers
   GPU: browser GPU (auto-detect)

[?25l│
◒  Checking browser[1G[J◐  Checking browser[1G[J◓  Checking browser[1G[J◑  Checking browser[1G[J◇  Browser: cache
[?25h
  Lint: 0 error(s), 3 warning(s) — run with --lint-verbose for full output.
  Continuing render despite lint issues. Use --strict to block errors.

[INFO] [Render] Pipeline started {"renderJobId":"fa1430d4-03e0-45cb-958e-59786351d53c","platform":"darwin","arch":"arm64","nodeVersion":"v25.6.1","fps":{"num":24,"den":1},"format":"mp4","quality":"draft","browserGpuMode":"auto","forceScreenshot":false,"protocolTimeout":300000,"browserTimeout":120000,"pageNavigationTimeout":60000,"playerReadyTimeout":45000}
[INFO] [Render:trace] {"renderJobId":"fa1430d4-03e0-45cb-958e-59786351d53c","phase":"pipeline","status":"checkpoint","elapsedMs":6,"message":"started","format":"mp4","quality":"draft","browserGpuMode":"auto","forceScreenshot":false,"protocolTimeoutMs":300000,"pageNavigationTimeoutMs":60000,"playerReadyTimeoutMs":45000,"requestedWorkers":1}
[INFO] [Render:trace] {"renderJobId":"fa1430d4-03e0-45cb-958e-59786351d53c","phase":"compile","status":"start","elapsedMs":6,"needsAlpha":false}
  █░░░░░░░░░░░░░░░░░░░░░░░░  5%  Compiling composition
[INFO] [Compiler] Embedded local font file: assets/fonts/supreme-400.woff2 (18 KB → data URI)
[INFO] [Compiler] Embedded local font file: assets/fonts/supreme-500.woff2 (18 KB → data URI)
[INFO] [Compiler] Embedded local font file: assets/fonts/zodiak-700.woff2 (21 KB → data URI)
[INFO] Compiled composition metadata {"renderJobId":"fa1430d4-03e0-45cb-958e-59786351d53c","entryFile":"index.html","staticDuration":16.541666667,"width":1080,"height":1920,"videoCount":2,"audioCount":1,"renderModeHints":{"recommendScreenshot":false,"reasons":[]}}
[INFO] [Render:trace] {"renderJobId":"fa1430d4-03e0-45cb-958e-59786351d53c","phase":"compile","status":"end","elapsedMs":175,"durationMs":168,"needsAlpha":false}
[INFO] [Render:trace] {"renderJobId":"fa1430d4-03e0-45cb-958e-59786351d53c","phase":"compile","status":"checkpoint","elapsedMs":176,"message":"composition metadata resolved","width":1080,"height":1920,"videoCount":2,"audioCount":1,"imageCount":0,"deviceScaleFactor":1,"forceScreenshot":false,"compositionHash":"3cbc1112ebcad2ab"}
[INFO] [Render:trace] {"renderJobId":"fa1430d4-03e0-45cb-958e-59786351d53c","phase":"browser_probe","status":"start","elapsedMs":176,"forceScreenshot":false,"stagePhase":"calibrating"}
[INFO] [Render:trace] {"renderJobId":"fa1430d4-03e0-45cb-958e-59786351d53c","phase":"browser_probe","status":"end","elapsedMs":460,"durationMs":284,"forceScreenshot":false,"stagePhase":"calibrating"}
[INFO] [Render:trace] {"renderJobId":"fa1430d4-03e0-45cb-958e-59786351d53c","phase":"browser_probe","status":"checkpoint","elapsedMs":461,"message":"duration resolved","durationSeconds":16.541666667,"totalFrames":397,"compositionHash":"3cbc1112ebcad2ab","beginFrameStalled":false}
[INFO] [Render:trace] {"renderJobId":"fa1430d4-03e0-45cb-958e-59786351d53c","phase":"video_extract","status":"start","elapsedMs":463,"videoCount":2}
[INFO] Probing video color spaces... {"renderJobId":"fa1430d4-03e0-45cb-958e-59786351d53c","videoCount":2}
  ██░░░░░░░░░░░░░░░░░░░░░░░  10%  Extracting video frames
[INFO] Extracting frames from video 1/2 {"renderJobId":"fa1430d4-03e0-45cb-958e-59786351d53c","sourceType":"local"}
[INFO] Extracting frames from video 2/2 {"renderJobId":"fa1430d4-03e0-45cb-958e-59786351d53c","sourceType":"local"}
[INFO] [Render:trace] {"renderJobId":"fa1430d4-03e0-45cb-958e-59786351d53c","phase":"video_extract","status":"end","elapsedMs":504,"durationMs":40,"videoCount":2}
[INFO] [Render:trace] {"renderJobId":"fa1430d4-03e0-45cb-958e-59786351d53c","phase":"video_extract","status":"checkpoint","elapsedMs":507,"message":"frames resolved","videoCount":2,"extractedVideoCount":2,"totalFramesExtracted":337,"maxFramesPerVideo":201,"avgFramesPerExtractedVideo":169,"vfrPreflightCount":0,"vfrPreflightMs":0,"cacheHits":2,"cacheMisses":0,"transientRetries":0,"minVideoFrameCoverageRatio":1,"authoredTimedClipCount":18}
[INFO] [Render] No HDR sources detected — rendering SDR {"renderJobId":"fa1430d4-03e0-45cb-958e-59786351d53c"}
[INFO] [Render:trace] {"renderJobId":"fa1430d4-03e0-45cb-958e-59786351d53c","phase":"hdr_detection","status":"checkpoint","elapsedMs":508,"message":"resolved","requestedHdrMode":"auto","effectiveHdr":"sdr","nativeHdrVideoCount":0,"nativeHdrImageCount":0}
[INFO] [Render:trace] {"renderJobId":"fa1430d4-03e0-45cb-958e-59786351d53c","phase":"audio_process","status":"start","elapsedMs":508,"audioCount":1}
  █████░░░░░░░░░░░░░░░░░░░░  20%  Processing audio tracks
[INFO] [Render:trace] {"renderJobId":"fa1430d4-03e0-45cb-958e-59786351d53c","phase":"audio_process","status":"end","elapsedMs":1278,"durationMs":769,"audioCount":1}
[INFO] [Render:trace] {"renderJobId":"fa1430d4-03e0-45cb-958e-59786351d53c","phase":"file_server","status":"start","elapsedMs":1278,"reused":false}
  ██████░░░░░░░░░░░░░░░░░░░  25%  Starting frame capture
[INFO] [Render:trace] {"renderJobId":"fa1430d4-03e0-45cb-958e-59786351d53c","phase":"file_server","status":"end","elapsedMs":1292,"durationMs":14}
[hyperframes] browserGpuMode probe → hardware (WebGL renderer vendor="Google Inc. (Apple)" renderer="ANGLE (Apple, ANGLE Metal Renderer: Apple M4, Unspecified Version)")
[INFO] [Render:trace] {"renderJobId":"fa1430d4-03e0-45cb-958e-59786351d53c","phase":"capture_calibration","status":"checkpoint","elapsedMs":1708,"message":"skipped","requestedWorkers":1,"totalFrames":397,"htmlInCanvasDetected":false,"lowMemoryMode":false,"deInversionEligible":false,"deParallelRouterEligible":false}
[INFO] [Render:trace] {"renderJobId":"fa1430d4-03e0-45cb-958e-59786351d53c","phase":"worker_resolution","status":"checkpoint","elapsedMs":1708,"message":"resolved","workerCount":1}
[INFO] streaming-encode gate {"renderJobId":"fa1430d4-03e0-45cb-958e-59786351d53c","enabled":true,"reason":"single_worker","configFlag":true,"durationCapEnabled":false,"outputFormat":"mp4","workerCount":1,"durationSeconds":16.541666667,"maxDurationSeconds":240}
[INFO] [Render:trace] {"renderJobId":"fa1430d4-03e0-45cb-958e-59786351d53c","phase":"capture_strategy","status":"checkpoint","elapsedMs":1709,"message":"resolved","workerCount":1,"forceScreenshot":false,"captureBeyondViewport":true,"useStreamingEncode":true,"useLayeredComposite":false,"usePageSideCompositing":false,"hasHdrContent":false,"hasShaderTransitions":false,"isPngSequence":false}
[INFO] [Render:trace] {"renderJobId":"fa1430d4-03e0-45cb-958e-59786351d53c","phase":"capture_streaming","status":"start","elapsedMs":1709,"stagePhase":"capturing","workerCount":1,"forceScreenshot":false,"totalFrames":397,"framesCompleted":0,"captureMode":"drawelement","captureOperation":"drawElement"}
[BrowserManager] Browser launched (HeadlessChrome/152.0.7977.30, screenshot, gl=--use-gl=angle --use-angle=metal, headlessShell=true, platform=darwin)
[initSession:screenshot] page.goto start (0ms)
[HyperFrames] render runtime fps [object Object]
[initSession:screenshot] page.goto complete (207ms)
[initSession:screenshot] GSAP proxy flush complete (316ms)
[initSession:screenshot] pollHfReady complete (351ms)
[initSession:screenshot] pollSubCompositionTimelines complete (ready) (436ms)
[initSession:screenshot] applyVideoMetadataHints complete (453ms)
[initSession:screenshot] media + fonts + tailwind ready (463ms)
[initSession:screenshot] captureBeyondViewport downgraded: page content fits the capture viewport (473ms)
[initSession:screenshot] timeline at-risk predictor: 0/398 frames (0%) (545ms)
[initSession:screenshot] static-frame dedup: disabled (before-capture hook / video injection active) (549ms)
[initSession:screenshot] drawElement self-verify armed: 4 ground-truth frame(s) @ [99, 199, 298, 377] of 397 (1055ms)
[initSession:drawelement] drawElement canvas injected (1057ms)
[initSession:drawelement] screenshot fallback: 51 clip-boundary frame(s) (1058ms)
[initSession:drawelement] drawElement worker encode initialized (1063ms)
  ██████░░░░░░░░░░░░░░░░░░░  25%  Streaming frame 1/397
  ██████░░░░░░░░░░░░░░░░░░░  25%  Streaming frame 2/397
  ██████░░░░░░░░░░░░░░░░░░░  25%  Streaming frame 3/397
  ██████░░░░░░░░░░░░░░░░░░░  26%  Streaming frame 4/397
  ██████░░░░░░░░░░░░░░░░░░░  26%  Streaming frame 5/397
  ██████░░░░░░░░░░░░░░░░░░░  26%  Streaming frame 6/397
  ██████░░░░░░░░░░░░░░░░░░░  26%  Streaming frame 7/397
  ██████░░░░░░░░░░░░░░░░░░░  26%  Streaming frame 8/397
  ██████░░░░░░░░░░░░░░░░░░░  26%  Streaming frame 9/397
  ██████░░░░░░░░░░░░░░░░░░░  26%  Streaming frame 10/397
  ██████░░░░░░░░░░░░░░░░░░░  27%  Streaming frame 11/397
  ██████░░░░░░░░░░░░░░░░░░░  27%  Streaming frame 12/397
  ██████░░░░░░░░░░░░░░░░░░░  27%  Streaming frame 13/397
  ██████░░░░░░░░░░░░░░░░░░░  27%  Streaming frame 14/397
  ██████░░░░░░░░░░░░░░░░░░░  27%  Streaming frame 15/397
  ██████░░░░░░░░░░░░░░░░░░░  27%  Streaming frame 16/397
  ██████░░░░░░░░░░░░░░░░░░░  27%  Streaming frame 17/397
  ██████░░░░░░░░░░░░░░░░░░░  27%  Streaming frame 18/397
  ███████░░░░░░░░░░░░░░░░░░  28%  Streaming frame 19/397
  ███████░░░░░░░░░░░░░░░░░░  28%  Streaming frame 20/397
  ███████░░░░░░░░░░░░░░░░░░  28%  Streaming frame 21/397
  ███████░░░░░░░░░░░░░░░░░░  28%  Streaming frame 22/397
  ███████░░░░░░░░░░░░░░░░░░  28%  Streaming frame 23/397
  ███████░░░░░░░░░░░░░░░░░░  28%  Streaming frame 24/397
  ███████░░░░░░░░░░░░░░░░░░  28%  Streaming frame 25/397
  ███████░░░░░░░░░░░░░░░░░░  29%  Streaming frame 26/397
  ███████░░░░░░░░░░░░░░░░░░  29%  Streaming frame 27/397
  ███████░░░░░░░░░░░░░░░░░░  29%  Streaming frame 28/397
  ███████░░░░░░░░░░░░░░░░░░  29%  Streaming frame 29/397
  ███████░░░░░░░░░░░░░░░░░░  29%  Streaming frame 30/397
  ███████░░░░░░░░░░░░░░░░░░  29%  Streaming frame 31/397
  ███████░░░░░░░░░░░░░░░░░░  29%  Streaming frame 32/397
  ███████░░░░░░░░░░░░░░░░░░  30%  Streaming frame 33/397
  ███████░░░░░░░░░░░░░░░░░░  30%  Streaming frame 34/397
  ███████░░░░░░░░░░░░░░░░░░  30%  Streaming frame 35/397
  ███████░░░░░░░░░░░░░░░░░░  30%  Streaming frame 36/397
  ███████░░░░░░░░░░░░░░░░░░  30%  Streaming frame 37/397
  ███████░░░░░░░░░░░░░░░░░░  30%  Streaming frame 38/397
  ███████░░░░░░░░░░░░░░░░░░  30%  Streaming frame 39/397
  ███████░░░░░░░░░░░░░░░░░░  31%  Streaming frame 40/397
  ███████░░░░░░░░░░░░░░░░░░  31%  Streaming frame 41/397
  ███████░░░░░░░░░░░░░░░░░░  31%  Streaming frame 42/397
  ███████░░░░░░░░░░░░░░░░░░  31%  Streaming frame 43/397
  ███████░░░░░░░░░░░░░░░░░░  31%  Streaming frame 44/397
  ███████░░░░░░░░░░░░░░░░░░  31%  Streaming frame 45/397
  ███████░░░░░░░░░░░░░░░░░░  31%  Streaming frame 46/397
  ████████░░░░░░░░░░░░░░░░░  32%  Streaming frame 47/397
  ████████░░░░░░░░░░░░░░░░░  32%  Streaming frame 48/397
  ████████░░░░░░░░░░░░░░░░░  32%  Streaming frame 49/397
  ████████░░░░░░░░░░░░░░░░░  32%  Streaming frame 50/397
  ████████░░░░░░░░░░░░░░░░░  32%  Streaming frame 51/397
  ████████░░░░░░░░░░░░░░░░░  32%  Streaming frame 52/397
  ████████░░░░░░░░░░░░░░░░░  32%  Streaming frame 53/397
  ████████░░░░░░░░░░░░░░░░░  32%  Streaming frame 54/397
  ████████░░░░░░░░░░░░░░░░░  33%  Streaming frame 55/397
  ████████░░░░░░░░░░░░░░░░░  33%  Streaming frame 56/397
  ████████░░░░░░░░░░░░░░░░░  33%  Streaming frame 57/397
  ████████░░░░░░░░░░░░░░░░░  33%  Streaming frame 58/397
  ████████░░░░░░░░░░░░░░░░░  33%  Streaming frame 59/397
  ████████░░░░░░░░░░░░░░░░░  33%  Streaming frame 60/397
  ████████░░░░░░░░░░░░░░░░░  33%  Streaming frame 61/397
  ████████░░░░░░░░░░░░░░░░░  34%  Streaming frame 62/397
  ████████░░░░░░░░░░░░░░░░░  34%  Streaming frame 63/397
  ████████░░░░░░░░░░░░░░░░░  34%  Streaming frame 64/397
  ████████░░░░░░░░░░░░░░░░░  34%  Streaming frame 65/397
  ████████░░░░░░░░░░░░░░░░░  34%  Streaming frame 66/397
  ████████░░░░░░░░░░░░░░░░░  34%  Streaming frame 67/397
  ████████░░░░░░░░░░░░░░░░░  34%  Streaming frame 68/397
  ████████░░░░░░░░░░░░░░░░░  35%  Streaming frame 69/397
  ████████░░░░░░░░░░░░░░░░░  35%  Streaming frame 70/397
  ████████░░░░░░░░░░░░░░░░░  35%  Streaming frame 71/397
  ████████░░░░░░░░░░░░░░░░░  35%  Streaming frame 72/397
  ████████░░░░░░░░░░░░░░░░░  35%  Streaming frame 73/397
  ████████░░░░░░░░░░░░░░░░░  35%  Streaming frame 74/397
  ████████░░░░░░░░░░░░░░░░░  35%  Streaming frame 75/397
  █████████░░░░░░░░░░░░░░░░  36%  Streaming frame 76/397
  █████████░░░░░░░░░░░░░░░░  36%  Streaming frame 77/397
  █████████░░░░░░░░░░░░░░░░  36%  Streaming frame 78/397
  █████████░░░░░░░░░░░░░░░░  36%  Streaming frame 79/397
  █████████░░░░░░░░░░░░░░░░  36%  Streaming frame 80/397
  █████████░░░░░░░░░░░░░░░░  36%  Streaming frame 81/397
  █████████░░░░░░░░░░░░░░░░  36%  Streaming frame 82/397
  █████████░░░░░░░░░░░░░░░░  36%  Streaming frame 83/397
  █████████░░░░░░░░░░░░░░░░  37%  Streaming frame 84/397
  █████████░░░░░░░░░░░░░░░░  37%  Streaming frame 85/397
  █████████░░░░░░░░░░░░░░░░  37%  Streaming frame 86/397
  █████████░░░░░░░░░░░░░░░░  37%  Streaming frame 87/397
  █████████░░░░░░░░░░░░░░░░  37%  Streaming frame 88/397
  █████████░░░░░░░░░░░░░░░░  37%  Streaming frame 89/397
  █████████░░░░░░░░░░░░░░░░  37%  Streaming frame 90/397
  █████████░░░░░░░░░░░░░░░░  38%  Streaming frame 91/397
  █████████░░░░░░░░░░░░░░░░  38%  Streaming frame 92/397
  █████████░░░░░░░░░░░░░░░░  38%  Streaming frame 93/397
  █████████░░░░░░░░░░░░░░░░  38%  Streaming frame 94/397
  █████████░░░░░░░░░░░░░░░░  38%  Streaming frame 95/397
  █████████░░░░░░░░░░░░░░░░  38%  Streaming frame 96/397
  █████████░░░░░░░░░░░░░░░░  38%  Streaming frame 97/397
  █████████░░░░░░░░░░░░░░░░  39%  Streaming frame 98/397
  █████████░░░░░░░░░░░░░░░░  39%  Streaming frame 99/397
[INFO] [Render] drawElement self-verify passed {"renderJobId":"fa1430d4-03e0-45cb-958e-59786351d53c","frame":99,"psnrDb":"inf"}
  █████████░░░░░░░░░░░░░░░░  39%  Streaming frame 100/397
  █████████░░░░░░░░░░░░░░░░  39%  Streaming frame 101/397
  █████████░░░░░░░░░░░░░░░░  39%  Streaming frame 102/397
  █████████░░░░░░░░░░░░░░░░  39%  Streaming frame 103/397
  █████████░░░░░░░░░░░░░░░░  39%  Streaming frame 104/397
  ██████████░░░░░░░░░░░░░░░  40%  Streaming frame 105/397
  ██████████░░░░░░░░░░░░░░░  40%  Streaming frame 106/397
  ██████████░░░░░░░░░░░░░░░  40%  Streaming frame 107/397
  ██████████░░░░░░░░░░░░░░░  40%  Streaming frame 108/397
  ██████████░░░░░░░░░░░░░░░  40%  Streaming frame 109/397
  ██████████░░░░░░░░░░░░░░░  40%  Streaming frame 110/397
  ██████████░░░░░░░░░░░░░░░  40%  Streaming frame 111/397
  ██████████░░░░░░░░░░░░░░░  41%  Streaming frame 112/397
  ██████████░░░░░░░░░░░░░░░  41%  Streaming frame 113/397
  ██████████░░░░░░░░░░░░░░░  41%  Streaming frame 114/397
  ██████████░░░░░░░░░░░░░░░  41%  Streaming frame 115/397
  ██████████░░░░░░░░░░░░░░░  41%  Streaming frame 116/397
  ██████████░░░░░░░░░░░░░░░  41%  Streaming frame 117/397
  ██████████░░░░░░░░░░░░░░░  41%  Streaming frame 118/397
  ██████████░░░░░░░░░░░░░░░  41%  Streaming frame 119/397
  ██████████░░░░░░░░░░░░░░░  42%  Streaming frame 120/397
  ██████████░░░░░░░░░░░░░░░  42%  Streaming frame 121/397
  ██████████░░░░░░░░░░░░░░░  42%  Streaming frame 122/397
  ██████████░░░░░░░░░░░░░░░  42%  Streaming frame 123/397
  ██████████░░░░░░░░░░░░░░░  42%  Streaming frame 124/397
  ██████████░░░░░░░░░░░░░░░  42%  Streaming frame 125/397
  ██████████░░░░░░░░░░░░░░░  42%  Streaming frame 126/397
  ██████████░░░░░░░░░░░░░░░  43%  Streaming frame 127/397
  ██████████░░░░░░░░░░░░░░░  43%  Streaming frame 128/397
  ██████████░░░░░░░░░░░░░░░  43%  Streaming frame 129/397
  ██████████░░░░░░░░░░░░░░░  43%  Streaming frame 130/397
  ██████████░░░░░░░░░░░░░░░  43%  Streaming frame 131/397
  ██████████░░░░░░░░░░░░░░░  43%  Streaming frame 132/397
  ██████████░░░░░░░░░░░░░░░  43%  Streaming frame 133/397
  ███████████░░░░░░░░░░░░░░  44%  Streaming frame 134/397
  ███████████░░░░░░░░░░░░░░  44%  Streaming frame 135/397
  ███████████░░░░░░░░░░░░░░  44%  Streaming frame 136/397
  ███████████░░░░░░░░░░░░░░  44%  Streaming frame 137/397
  ███████████░░░░░░░░░░░░░░  44%  Streaming frame 138/397
  ███████████░░░░░░░░░░░░░░  44%  Streaming frame 139/397
  ███████████░░░░░░░░░░░░░░  44%  Streaming frame 140/397
  ███████████░░░░░░░░░░░░░░  45%  Streaming frame 141/397
  ███████████░░░░░░░░░░░░░░  45%  Streaming frame 142/397
  ███████████░░░░░░░░░░░░░░  45%  Streaming frame 143/397
  ███████████░░░░░░░░░░░░░░  45%  Streaming frame 144/397
  ███████████░░░░░░░░░░░░░░  45%  Streaming frame 145/397
  ███████████░░░░░░░░░░░░░░  45%  Streaming frame 146/397
  ███████████░░░░░░░░░░░░░░  45%  Streaming frame 147/397
  ███████████░░░░░░░░░░░░░░  46%  Streaming frame 148/397
  ███████████░░░░░░░░░░░░░░  46%  Streaming frame 149/397
  ███████████░░░░░░░░░░░░░░  46%  Streaming frame 150/397
  ███████████░░░░░░░░░░░░░░  46%  Streaming frame 151/397
  ███████████░░░░░░░░░░░░░░  46%  Streaming frame 152/397
  ███████████░░░░░░░░░░░░░░  46%  Streaming frame 153/397
  ███████████░░░░░░░░░░░░░░  46%  Streaming frame 154/397
  ███████████░░░░░░░░░░░░░░  46%  Streaming frame 155/397
  ███████████░░░░░░░░░░░░░░  47%  Streaming frame 156/397
  ███████████░░░░░░░░░░░░░░  47%  Streaming frame 157/397
  ███████████░░░░░░░░░░░░░░  47%  Streaming frame 158/397
  ███████████░░░░░░░░░░░░░░  47%  Streaming frame 159/397
  ███████████░░░░░░░░░░░░░░  47%  Streaming frame 160/397
  ███████████░░░░░░░░░░░░░░  47%  Streaming frame 161/397
  ███████████░░░░░░░░░░░░░░  47%  Streaming frame 162/397
  ████████████░░░░░░░░░░░░░  48%  Streaming frame 163/397
  ████████████░░░░░░░░░░░░░  48%  Streaming frame 164/397
  ████████████░░░░░░░░░░░░░  48%  Streaming frame 165/397
  ████████████░░░░░░░░░░░░░  48%  Streaming frame 166/397
  ████████████░░░░░░░░░░░░░  48%  Streaming frame 167/397
  ████████████░░░░░░░░░░░░░  48%  Streaming frame 168/397
  ████████████░░░░░░░░░░░░░  48%  Streaming frame 169/397
  ████████████░░░░░░░░░░░░░  49%  Streaming frame 170/397
  ████████████░░░░░░░░░░░░░  49%  Streaming frame 171/397
  ████████████░░░░░░░░░░░░░  49%  Streaming frame 172/397
  ████████████░░░░░░░░░░░░░  49%  Streaming frame 173/397
  ████████████░░░░░░░░░░░░░  49%  Streaming frame 174/397
  ████████████░░░░░░░░░░░░░  49%  Streaming frame 175/397
  ████████████░░░░░░░░░░░░░  49%  Streaming frame 176/397
  ████████████░░░░░░░░░░░░░  50%  Streaming frame 177/397
  ████████████░░░░░░░░░░░░░  50%  Streaming frame 178/397
  ████████████░░░░░░░░░░░░░  50%  Streaming frame 179/397
  ████████████░░░░░░░░░░░░░  50%  Streaming frame 180/397
  ████████████░░░░░░░░░░░░░  50%  Streaming frame 181/397
  ████████████░░░░░░░░░░░░░  50%  Streaming frame 182/397
  ████████████░░░░░░░░░░░░░  50%  Streaming frame 183/397
  ████████████░░░░░░░░░░░░░  50%  Streaming frame 184/397
  ████████████░░░░░░░░░░░░░  51%  Streaming frame 185/397
  ████████████░░░░░░░░░░░░░  51%  Streaming frame 186/397
  ████████████░░░░░░░░░░░░░  51%  Streaming frame 187/397
  ████████████░░░░░░░░░░░░░  51%  Streaming frame 188/397
  ████████████░░░░░░░░░░░░░  51%  Streaming frame 189/397
  ████████████░░░░░░░░░░░░░  51%  Streaming frame 190/397
  ████████████░░░░░░░░░░░░░  51%  Streaming frame 191/397
  █████████████░░░░░░░░░░░░  52%  Streaming frame 192/397
  █████████████░░░░░░░░░░░░  52%  Streaming frame 193/397
  █████████████░░░░░░░░░░░░  52%  Streaming frame 194/397
  █████████████░░░░░░░░░░░░  52%  Streaming frame 195/397
  █████████████░░░░░░░░░░░░  52%  Streaming frame 196/397
  █████████████░░░░░░░░░░░░  52%  Streaming frame 197/397
  █████████████░░░░░░░░░░░░  52%  Streaming frame 198/397
  █████████████░░░░░░░░░░░░  53%  Streaming frame 199/397
[INFO] [Render] drawElement self-verify passed {"renderJobId":"fa1430d4-03e0-45cb-958e-59786351d53c","frame":199,"psnrDb":"inf"}
  █████████████░░░░░░░░░░░░  53%  Streaming frame 200/397
  █████████████░░░░░░░░░░░░  53%  Streaming frame 201/397
  █████████████░░░░░░░░░░░░  53%  Streaming frame 202/397
  █████████████░░░░░░░░░░░░  53%  Streaming frame 203/397
  █████████████░░░░░░░░░░░░  53%  Streaming frame 204/397
  █████████████░░░░░░░░░░░░  53%  Streaming frame 205/397
  █████████████░░░░░░░░░░░░  54%  Streaming frame 206/397
  █████████████░░░░░░░░░░░░  54%  Streaming frame 207/397
  █████████████░░░░░░░░░░░░  54%  Streaming frame 208/397
  █████████████░░░░░░░░░░░░  54%  Streaming frame 209/397
  █████████████░░░░░░░░░░░░  54%  Streaming frame 210/397
  █████████████░░░░░░░░░░░░  54%  Streaming frame 211/397
  █████████████░░░░░░░░░░░░  54%  Streaming frame 212/397
  █████████████░░░░░░░░░░░░  55%  Streaming frame 213/397
  █████████████░░░░░░░░░░░░  55%  Streaming frame 214/397
  █████████████░░░░░░░░░░░░  55%  Streaming frame 215/397
  █████████████░░░░░░░░░░░░  55%  Streaming frame 216/397
  █████████████░░░░░░░░░░░░  55%  Streaming frame 217/397
  █████████████░░░░░░░░░░░░  55%  Streaming frame 218/397
  █████████████░░░░░░░░░░░░  55%  Streaming frame 219/397
  █████████████░░░░░░░░░░░░  55%  Streaming frame 220/397
  ██████████████░░░░░░░░░░░  56%  Streaming frame 221/397
  ██████████████░░░░░░░░░░░  56%  Streaming frame 222/397
  ██████████████░░░░░░░░░░░  56%  Streaming frame 223/397
  ██████████████░░░░░░░░░░░  56%  Streaming frame 224/397
  ██████████████░░░░░░░░░░░  56%  Streaming frame 225/397
  ██████████████░░░░░░░░░░░  56%  Streaming frame 226/397
  ██████████████░░░░░░░░░░░  56%  Streaming frame 227/397
  ██████████████░░░░░░░░░░░  57%  Streaming frame 228/397
  ██████████████░░░░░░░░░░░  57%  Streaming frame 229/397
  ██████████████░░░░░░░░░░░  57%  Streaming frame 230/397
  ██████████████░░░░░░░░░░░  57%  Streaming frame 231/397
  ██████████████░░░░░░░░░░░  57%  Streaming frame 232/397
  ██████████████░░░░░░░░░░░  57%  Streaming frame 233/397
  ██████████████░░░░░░░░░░░  57%  Streaming frame 234/397
  ██████████████░░░░░░░░░░░  58%  Streaming frame 235/397
  ██████████████░░░░░░░░░░░  58%  Streaming frame 236/397
  ██████████████░░░░░░░░░░░  58%  Streaming frame 237/397
  ██████████████░░░░░░░░░░░  58%  Streaming frame 238/397
  ██████████████░░░░░░░░░░░  58%  Streaming frame 239/397
  ██████████████░░░░░░░░░░░  58%  Streaming frame 240/397
  ██████████████░░░░░░░░░░░  58%  Streaming frame 241/397
  ██████████████░░░░░░░░░░░  59%  Streaming frame 242/397
  ██████████████░░░░░░░░░░░  59%  Streaming frame 243/397
  ██████████████░░░░░░░░░░░  59%  Streaming frame 244/397
  ██████████████░░░░░░░░░░░  59%  Streaming frame 245/397
  ██████████████░░░░░░░░░░░  59%  Streaming frame 246/397
  ██████████████░░░░░░░░░░░  59%  Streaming frame 247/397
  ██████████████░░░░░░░░░░░  59%  Streaming frame 248/397
  ██████████████░░░░░░░░░░░  59%  Streaming frame 249/397
  ███████████████░░░░░░░░░░  60%  Streaming frame 250/397
  ███████████████░░░░░░░░░░  60%  Streaming frame 251/397
  ███████████████░░░░░░░░░░  60%  Streaming frame 252/397
  ███████████████░░░░░░░░░░  60%  Streaming frame 253/397
  ███████████████░░░░░░░░░░  60%  Streaming frame 254/397
  ███████████████░░░░░░░░░░  60%  Streaming frame 255/397
  ███████████████░░░░░░░░░░  60%  Streaming frame 256/397
  ███████████████░░░░░░░░░░  61%  Streaming frame 257/397
  ███████████████░░░░░░░░░░  61%  Streaming frame 258/397
  ███████████████░░░░░░░░░░  61%  Streaming frame 259/397
  ███████████████░░░░░░░░░░  61%  Streaming frame 260/397
  ███████████████░░░░░░░░░░  61%  Streaming frame 261/397
  ███████████████░░░░░░░░░░  61%  Streaming frame 262/397
  ███████████████░░░░░░░░░░  61%  Streaming frame 263/397
  ███████████████░░░░░░░░░░  62%  Streaming frame 264/397
  ███████████████░░░░░░░░░░  62%  Streaming frame 265/397
  ███████████████░░░░░░░░░░  62%  Streaming frame 266/397
  ███████████████░░░░░░░░░░  62%  Streaming frame 267/397
  ███████████████░░░░░░░░░░  62%  Streaming frame 268/397
  ███████████████░░░░░░░░░░  62%  Streaming frame 269/397
  ███████████████░░░░░░░░░░  62%  Streaming frame 270/397
  ███████████████░░░░░░░░░░  63%  Streaming frame 271/397
  ███████████████░░░░░░░░░░  63%  Streaming frame 272/397
  ███████████████░░░░░░░░░░  63%  Streaming frame 273/397
  ███████████████░░░░░░░░░░  63%  Streaming frame 274/397
  ███████████████░░░░░░░░░░  63%  Streaming frame 275/397
  ███████████████░░░░░░░░░░  63%  Streaming frame 276/397
  ███████████████░░░░░░░░░░  63%  Streaming frame 277/397
  ████████████████░░░░░░░░░  64%  Streaming frame 278/397
  ████████████████░░░░░░░░░  64%  Streaming frame 279/397
  ████████████████░░░░░░░░░  64%  Streaming frame 280/397
  ████████████████░░░░░░░░░  64%  Streaming frame 281/397
  ████████████████░░░░░░░░░  64%  Streaming frame 282/397
  ████████████████░░░░░░░░░  64%  Streaming frame 283/397
  ████████████████░░░░░░░░░  64%  Streaming frame 284/397
  ████████████████░░░░░░░░░  64%  Streaming frame 285/397
  ████████████████░░░░░░░░░  65%  Streaming frame 286/397
  ████████████████░░░░░░░░░  65%  Streaming frame 287/397
  ████████████████░░░░░░░░░  65%  Streaming frame 288/397
  ████████████████░░░░░░░░░  65%  Streaming frame 289/397
  ████████████████░░░░░░░░░  65%  Streaming frame 290/397
  ████████████████░░░░░░░░░  65%  Streaming frame 291/397
  ████████████████░░░░░░░░░  65%  Streaming frame 292/397
  ████████████████░░░░░░░░░  66%  Streaming frame 293/397
  ████████████████░░░░░░░░░  66%  Streaming frame 294/397
  ████████████████░░░░░░░░░  66%  Streaming frame 295/397
  ████████████████░░░░░░░░░  66%  Streaming frame 296/397
  ████████████████░░░░░░░░░  66%  Streaming frame 297/397
  ████████████████░░░░░░░░░  66%  Streaming frame 298/397
[INFO] [Render] drawElement self-verify passed {"renderJobId":"fa1430d4-03e0-45cb-958e-59786351d53c","frame":298,"psnrDb":"inf"}
  ████████████████░░░░░░░░░  66%  Streaming frame 299/397
  ████████████████░░░░░░░░░  67%  Streaming frame 300/397
  ████████████████░░░░░░░░░  67%  Streaming frame 301/397
  ████████████████░░░░░░░░░  67%  Streaming frame 302/397
  ████████████████░░░░░░░░░  67%  Streaming frame 303/397
  ████████████████░░░░░░░░░  67%  Streaming frame 304/397
  ████████████████░░░░░░░░░  67%  Streaming frame 305/397
  ████████████████░░░░░░░░░  67%  Streaming frame 306/397
  █████████████████░░░░░░░░  68%  Streaming frame 307/397
  █████████████████░░░░░░░░  68%  Streaming frame 308/397
  █████████████████░░░░░░░░  68%  Streaming frame 309/397
  █████████████████░░░░░░░░  68%  Streaming frame 310/397
  █████████████████░░░░░░░░  68%  Streaming frame 311/397
  █████████████████░░░░░░░░  68%  Streaming frame 312/397
  █████████████████░░░░░░░░  68%  Streaming frame 313/397
  █████████████████░░░░░░░░  69%  Streaming frame 314/397
  █████████████████░░░░░░░░  69%  Streaming frame 315/397
  █████████████████░░░░░░░░  69%  Streaming frame 316/397
  █████████████████░░░░░░░░  69%  Streaming frame 317/397
  █████████████████░░░░░░░░  69%  Streaming frame 318/397
  █████████████████░░░░░░░░  69%  Streaming frame 319/397
  █████████████████░░░░░░░░  69%  Streaming frame 320/397
  █████████████████░░░░░░░░  69%  Streaming frame 321/397
  █████████████████░░░░░░░░  70%  Streaming frame 322/397
  █████████████████░░░░░░░░  70%  Streaming frame 323/397
  █████████████████░░░░░░░░  70%  Streaming frame 324/397
  █████████████████░░░░░░░░  70%  Streaming frame 325/397
  █████████████████░░░░░░░░  70%  Streaming frame 326/397
  █████████████████░░░░░░░░  70%  Streaming frame 327/397
  █████████████████░░░░░░░░  70%  Streaming frame 328/397
  █████████████████░░░░░░░░  71%  Streaming frame 329/397
  █████████████████░░░░░░░░  71%  Streaming frame 330/397
  █████████████████░░░░░░░░  71%  Streaming frame 331/397
  █████████████████░░░░░░░░  71%  Streaming frame 332/397
  █████████████████░░░░░░░░  71%  Streaming frame 333/397
  █████████████████░░░░░░░░  71%  Streaming frame 334/397
  █████████████████░░░░░░░░  71%  Streaming frame 335/397
  ██████████████████░░░░░░░  72%  Streaming frame 336/397
  ██████████████████░░░░░░░  72%  Streaming frame 337/397
  ██████████████████░░░░░░░  72%  Streaming frame 338/397
  ██████████████████░░░░░░░  72%  Streaming frame 339/397
  ██████████████████░░░░░░░  72%  Streaming frame 340/397
  ██████████████████░░░░░░░  72%  Streaming frame 341/397
  ██████████████████░░░░░░░  72%  Streaming frame 342/397
  ██████████████████░░░░░░░  73%  Streaming frame 343/397
  ██████████████████░░░░░░░  73%  Streaming frame 344/397
  ██████████████████░░░░░░░  73%  Streaming frame 345/397
  ██████████████████░░░░░░░  73%  Streaming frame 346/397
  ██████████████████░░░░░░░  73%  Streaming frame 347/397
  ██████████████████░░░░░░░  73%  Streaming frame 348/397
  ██████████████████░░░░░░░  73%  Streaming frame 349/397
  ██████████████████░░░░░░░  73%  Streaming frame 350/397
  ██████████████████░░░░░░░  74%  Streaming frame 351/397
  ██████████████████░░░░░░░  74%  Streaming frame 352/397
  ██████████████████░░░░░░░  74%  Streaming frame 353/397
  ██████████████████░░░░░░░  74%  Streaming frame 354/397
  ██████████████████░░░░░░░  74%  Streaming frame 355/397
  ██████████████████░░░░░░░  74%  Streaming frame 356/397
  ██████████████████░░░░░░░  74%  Streaming frame 357/397
  ██████████████████░░░░░░░  75%  Streaming frame 358/397
  ██████████████████░░░░░░░  75%  Streaming frame 359/397
  ██████████████████░░░░░░░  75%  Streaming frame 360/397
  ██████████████████░░░░░░░  75%  Streaming frame 361/397
  ██████████████████░░░░░░░  75%  Streaming frame 362/397
  ██████████████████░░░░░░░  75%  Streaming frame 363/397
  ██████████████████░░░░░░░  75%  Streaming frame 364/397
  ███████████████████░░░░░░  76%  Streaming frame 365/397
  ███████████████████░░░░░░  76%  Streaming frame 366/397
  ███████████████████░░░░░░  76%  Streaming frame 367/397
  ███████████████████░░░░░░  76%  Streaming frame 368/397
  ███████████████████░░░░░░  76%  Streaming frame 369/397
  ███████████████████░░░░░░  76%  Streaming frame 370/397
  ███████████████████░░░░░░  76%  Streaming frame 371/397
  ███████████████████░░░░░░  77%  Streaming frame 372/397
  ███████████████████░░░░░░  77%  Streaming frame 373/397
  ███████████████████░░░░░░  77%  Streaming frame 374/397
  ███████████████████░░░░░░  77%  Streaming frame 375/397
  ███████████████████░░░░░░  77%  Streaming frame 376/397
  ███████████████████░░░░░░  77%  Streaming frame 377/397
[INFO] [Render] drawElement self-verify passed {"renderJobId":"fa1430d4-03e0-45cb-958e-59786351d53c","frame":377,"psnrDb":"inf"}
  ███████████████████░░░░░░  77%  Streaming frame 378/397
  ███████████████████░░░░░░  78%  Streaming frame 379/397
  ███████████████████░░░░░░  78%  Streaming frame 380/397
  ███████████████████░░░░░░  78%  Streaming frame 381/397
  ███████████████████░░░░░░  78%  Streaming frame 382/397
  ███████████████████░░░░░░  78%  Streaming frame 383/397
  ███████████████████░░░░░░  78%  Streaming frame 384/397
  ███████████████████░░░░░░  78%  Streaming frame 385/397
  ███████████████████░░░░░░  78%  Streaming frame 386/397
  ███████████████████░░░░░░  79%  Streaming frame 387/397
  ███████████████████░░░░░░  79%  Streaming frame 388/397
  ███████████████████░░░░░░  79%  Streaming frame 389/397
  ███████████████████░░░░░░  79%  Streaming frame 390/397
  ███████████████████░░░░░░  79%  Streaming frame 391/397
  ███████████████████░░░░░░  79%  Streaming frame 392/397
  ███████████████████░░░░░░  79%  Streaming frame 393/397
  ████████████████████░░░░░  80%  Streaming frame 394/397
  ████████████████████░░░░░  80%  Streaming frame 395/397
  ████████████████████░░░░░  80%  Streaming frame 396/397
  ████████████████████░░░░░  80%  Streaming frame 397/397
[INFO] [Render:trace] {"renderJobId":"fa1430d4-03e0-45cb-958e-59786351d53c","phase":"capture_streaming","status":"end","elapsedMs":18721,"durationMs":17012,"stagePhase":"capturing","workerCount":1,"forceScreenshot":false,"totalFrames":397,"framesCompleted":397,"captureMode":"drawelement","captureOperation":"encode"}
[INFO] [Render:trace] {"renderJobId":"fa1430d4-03e0-45cb-958e-59786351d53c","phase":"assemble","status":"start","elapsedMs":18722,"stagePhase":"capturing","hasAudio":true,"workerCount":1,"forceScreenshot":false,"totalFrames":397,"framesCompleted":397,"captureMode":"drawelement","captureOperation":"encode"}
  ██████████████████████░░░  90%  Assembling final video
[INFO] [Render:trace] {"renderJobId":"fa1430d4-03e0-45cb-958e-59786351d53c","phase":"assemble","status":"end","elapsedMs":19506,"durationMs":784,"stagePhase":"capturing","hasAudio":true,"workerCount":1,"forceScreenshot":false,"totalFrames":397,"framesCompleted":397,"captureMode":"drawelement","captureOperation":"encode"}
[INFO] [Render:trace] {"renderJobId":"fa1430d4-03e0-45cb-958e-59786351d53c","phase":"pipeline","status":"checkpoint","elapsedMs":19540,"message":"artifact validated","totalElapsedMs":19537}
  █████████████████████████  100%  Render complete

◇  /Users/brownmanbrain/GitHub/operator-economy/blueprint-cinema/experiments/EP009-SHORTS-003/04-wrong-number/review-r3.mp4
   5.5 MB · 16.5s video · rendered in 19.5s
   drawelement capture · hardware gpu · compile 0.5s · extract 0.0s · audio 0.8s · probe 0.3s · setup 0.4s · capture 17.0s · encode (during capture) 17.0s · assemble 0.8s
