
> render
> npx --yes hyperframes@0.8.38 render --fps 24 --workers 1 --quality high --crf 16 --output renders/week2-full04-hyperframes-audio.mp4


◆  Rendering assembly → /Users/brownmanbrain/GitHub/operator-economy/blueprint-cinema/experiments/SELFIE-AVATAR-002/full-04/assembly/renders/week2-full04-hyperframes-audio.mp4
   24fps · high · 1 workers
   GPU: browser GPU (auto-detect)

[?25l│
◇  Browser: cache
[?25h[INFO] [Render] Pipeline started {"renderJobId":"08f9f353-0a51-4ee0-854c-ea9214a43920","platform":"darwin","arch":"arm64","nodeVersion":"v25.6.1","fps":{"num":24,"den":1},"format":"mp4","quality":"high","browserGpuMode":"auto","forceScreenshot":false,"protocolTimeout":300000,"browserTimeout":120000,"pageNavigationTimeout":60000,"playerReadyTimeout":45000}
[INFO] [Render:trace] {"renderJobId":"08f9f353-0a51-4ee0-854c-ea9214a43920","phase":"pipeline","status":"checkpoint","elapsedMs":2,"message":"started","format":"mp4","quality":"high","browserGpuMode":"auto","forceScreenshot":false,"protocolTimeoutMs":300000,"pageNavigationTimeoutMs":60000,"playerReadyTimeoutMs":45000,"requestedWorkers":1}
[INFO] [Render:trace] {"renderJobId":"08f9f353-0a51-4ee0-854c-ea9214a43920","phase":"compile","status":"start","elapsedMs":2,"needsAlpha":false}
  █░░░░░░░░░░░░░░░░░░░░░░░░  5%  Compiling composition
[INFO] Compiled composition metadata {"renderJobId":"08f9f353-0a51-4ee0-854c-ea9214a43920","entryFile":"index.html","staticDuration":38.875,"width":720,"height":1280,"videoCount":3,"audioCount":1,"renderModeHints":{"recommendScreenshot":false,"reasons":[]}}
[INFO] [Render:trace] {"renderJobId":"08f9f353-0a51-4ee0-854c-ea9214a43920","phase":"compile","status":"end","elapsedMs":48,"durationMs":46,"needsAlpha":false}
[INFO] [Render:trace] {"renderJobId":"08f9f353-0a51-4ee0-854c-ea9214a43920","phase":"compile","status":"checkpoint","elapsedMs":48,"message":"composition metadata resolved","width":720,"height":1280,"videoCount":3,"audioCount":1,"imageCount":0,"deviceScaleFactor":1,"forceScreenshot":false,"compositionHash":"a227361f68414963"}
[INFO] [Render:trace] {"renderJobId":"08f9f353-0a51-4ee0-854c-ea9214a43920","phase":"browser_probe","status":"start","elapsedMs":48,"forceScreenshot":false,"stagePhase":"calibrating"}
[INFO] [Render:trace] {"renderJobId":"08f9f353-0a51-4ee0-854c-ea9214a43920","phase":"browser_probe","status":"end","elapsedMs":51,"durationMs":3,"forceScreenshot":false,"stagePhase":"calibrating"}
[INFO] [Render:trace] {"renderJobId":"08f9f353-0a51-4ee0-854c-ea9214a43920","phase":"browser_probe","status":"checkpoint","elapsedMs":51,"message":"duration resolved","durationSeconds":38.875,"totalFrames":933,"compositionHash":"a227361f68414963","beginFrameStalled":false}
[INFO] [Render:trace] {"renderJobId":"08f9f353-0a51-4ee0-854c-ea9214a43920","phase":"video_extract","status":"start","elapsedMs":51,"videoCount":3}
[INFO] Probing video color spaces... {"renderJobId":"08f9f353-0a51-4ee0-854c-ea9214a43920","videoCount":3}
  ██░░░░░░░░░░░░░░░░░░░░░░░  10%  Extracting video frames
[INFO] Extracting frames from video 1/3 {"renderJobId":"08f9f353-0a51-4ee0-854c-ea9214a43920","sourceType":"local"}
[INFO] Extracting frames from video 2/3 {"renderJobId":"08f9f353-0a51-4ee0-854c-ea9214a43920","sourceType":"local"}
[INFO] Extracting frames from video 3/3 {"renderJobId":"08f9f353-0a51-4ee0-854c-ea9214a43920","sourceType":"local"}
[WARN] [Compiler] WARNING: Video "selfie-base" has sparse keyframes (max interval: 10.42s). This causes seek failures and frame freezing. Re-encode with: ffmpeg -i "public/media/selfie-base.mp4" -c:v libx264 -r 30 -g 30 -keyint_min 30 -movflags +faststart -c:a copy output.mp4
[INFO] [Render:trace] {"renderJobId":"08f9f353-0a51-4ee0-854c-ea9214a43920","phase":"video_extract","status":"end","elapsedMs":462,"durationMs":411,"videoCount":3}
[INFO] [Render:trace] {"renderJobId":"08f9f353-0a51-4ee0-854c-ea9214a43920","phase":"video_extract","status":"checkpoint","elapsedMs":463,"message":"frames resolved","videoCount":3,"extractedVideoCount":3,"totalFramesExtracted":1225,"maxFramesPerVideo":933,"avgFramesPerExtractedVideo":408,"vfrPreflightCount":0,"vfrPreflightMs":0,"cacheHits":1,"cacheMisses":2,"transientRetries":0,"minVideoFrameCoverageRatio":1,"authoredTimedClipCount":5}
[INFO] [Render] No HDR sources detected — rendering SDR {"renderJobId":"08f9f353-0a51-4ee0-854c-ea9214a43920"}
[INFO] [Render:trace] {"renderJobId":"08f9f353-0a51-4ee0-854c-ea9214a43920","phase":"hdr_detection","status":"checkpoint","elapsedMs":463,"message":"resolved","requestedHdrMode":"auto","effectiveHdr":"sdr","nativeHdrVideoCount":0,"nativeHdrImageCount":0}
[INFO] [Render:trace] {"renderJobId":"08f9f353-0a51-4ee0-854c-ea9214a43920","phase":"audio_process","status":"start","elapsedMs":463,"audioCount":1}
  █████░░░░░░░░░░░░░░░░░░░░  20%  Processing audio tracks
[INFO] [Render:trace] {"renderJobId":"08f9f353-0a51-4ee0-854c-ea9214a43920","phase":"audio_process","status":"end","elapsedMs":1211,"durationMs":748,"audioCount":1}
[INFO] [Render:trace] {"renderJobId":"08f9f353-0a51-4ee0-854c-ea9214a43920","phase":"file_server","status":"start","elapsedMs":1211,"reused":false}
  ██████░░░░░░░░░░░░░░░░░░░  25%  Starting frame capture
[INFO] [Render:trace] {"renderJobId":"08f9f353-0a51-4ee0-854c-ea9214a43920","phase":"file_server","status":"end","elapsedMs":1217,"durationMs":6}
[hyperframes] browserGpuMode probe → hardware (WebGL renderer vendor="Google Inc. (Apple)" renderer="ANGLE (Apple, ANGLE Metal Renderer: Apple M4, Unspecified Version)")
[INFO] [Render:trace] {"renderJobId":"08f9f353-0a51-4ee0-854c-ea9214a43920","phase":"capture_calibration","status":"checkpoint","elapsedMs":1351,"message":"skipped","requestedWorkers":1,"totalFrames":933,"htmlInCanvasDetected":false,"lowMemoryMode":false,"deInversionEligible":false,"deParallelRouterEligible":false}
[INFO] [Render:trace] {"renderJobId":"08f9f353-0a51-4ee0-854c-ea9214a43920","phase":"worker_resolution","status":"checkpoint","elapsedMs":1352,"message":"resolved","workerCount":1}
[INFO] streaming-encode gate {"renderJobId":"08f9f353-0a51-4ee0-854c-ea9214a43920","enabled":true,"configFlag":true,"outputFormat":"mp4","workerCount":1,"durationSeconds":38.875,"maxDurationSeconds":240}
[INFO] [Render:trace] {"renderJobId":"08f9f353-0a51-4ee0-854c-ea9214a43920","phase":"capture_strategy","status":"checkpoint","elapsedMs":1352,"message":"resolved","workerCount":1,"forceScreenshot":false,"captureBeyondViewport":true,"useStreamingEncode":true,"useLayeredComposite":false,"usePageSideCompositing":false,"hasHdrContent":false,"hasShaderTransitions":false,"isPngSequence":false}
[INFO] [Render:trace] {"renderJobId":"08f9f353-0a51-4ee0-854c-ea9214a43920","phase":"capture_streaming","status":"start","elapsedMs":1352,"stagePhase":"capturing","workerCount":1,"forceScreenshot":false,"totalFrames":933,"framesCompleted":0,"captureMode":"drawelement","captureOperation":"drawElement"}
[BrowserManager] Browser launched (HeadlessChrome/152.0.7977.30, screenshot, gl=--use-gl=angle --use-angle=metal, headlessShell=true, platform=darwin)
[initSession:screenshot] page.goto start (0ms)
[HyperFrames] render runtime fps [object Object]
[initSession:screenshot] page.goto complete (96ms)
[initSession:screenshot] GSAP proxy flush complete (115ms)
[initSession:screenshot] pollHfReady complete (118ms)
[initSession:screenshot] pollSubCompositionTimelines complete (ready) (119ms)
[initSession:screenshot] applyVideoMetadataHints complete (120ms)
[initSession:screenshot] media + fonts + tailwind ready (152ms)
[initSession:screenshot] captureBeyondViewport downgraded: page content fits the capture viewport (154ms)
[initSession:screenshot] timeline at-risk predictor: 0/933 frames (0%) (178ms)
[initSession:screenshot] static-frame dedup: disabled (before-capture hook / video injection active) (179ms)
[initSession:screenshot] drawElement self-verify armed: 4 ground-truth frame(s) @ [233, 467, 700, 886] of 933 (573ms)
[initSession:drawelement] drawElement canvas injected (574ms)
[initSession:drawelement] screenshot fallback: 17 clip-boundary frame(s) (575ms)
[initSession:drawelement] drawElement worker encode initialized (576ms)
  ██████░░░░░░░░░░░░░░░░░░░  25%  Streaming frame 1/933
  ██████░░░░░░░░░░░░░░░░░░░  25%  Streaming frame 2/933
  ██████░░░░░░░░░░░░░░░░░░░  25%  Streaming frame 3/933
  ██████░░░░░░░░░░░░░░░░░░░  25%  Streaming frame 4/933
  ██████░░░░░░░░░░░░░░░░░░░  25%  Streaming frame 5/933
  ██████░░░░░░░░░░░░░░░░░░░  25%  Streaming frame 6/933
  ██████░░░░░░░░░░░░░░░░░░░  25%  Streaming frame 7/933
  ██████░░░░░░░░░░░░░░░░░░░  25%  Streaming frame 8/933
  ██████░░░░░░░░░░░░░░░░░░░  26%  Streaming frame 9/933
  ██████░░░░░░░░░░░░░░░░░░░  26%  Streaming frame 10/933
  ██████░░░░░░░░░░░░░░░░░░░  26%  Streaming frame 11/933
  ██████░░░░░░░░░░░░░░░░░░░  26%  Streaming frame 12/933
  ██████░░░░░░░░░░░░░░░░░░░  26%  Streaming frame 13/933
  ██████░░░░░░░░░░░░░░░░░░░  26%  Streaming frame 14/933
  ██████░░░░░░░░░░░░░░░░░░░  26%  Streaming frame 15/933
  ██████░░░░░░░░░░░░░░░░░░░  26%  Streaming frame 16/933
  ██████░░░░░░░░░░░░░░░░░░░  26%  Streaming frame 17/933
  ██████░░░░░░░░░░░░░░░░░░░  26%  Streaming frame 18/933
  ██████░░░░░░░░░░░░░░░░░░░  26%  Streaming frame 19/933
  ██████░░░░░░░░░░░░░░░░░░░  26%  Streaming frame 20/933
  ██████░░░░░░░░░░░░░░░░░░░  26%  Streaming frame 21/933
  ██████░░░░░░░░░░░░░░░░░░░  26%  Streaming frame 22/933
  ██████░░░░░░░░░░░░░░░░░░░  26%  Streaming frame 23/933
  ██████░░░░░░░░░░░░░░░░░░░  26%  Streaming frame 24/933
  ██████░░░░░░░░░░░░░░░░░░░  26%  Streaming frame 25/933
  ██████░░░░░░░░░░░░░░░░░░░  27%  Streaming frame 26/933
  ██████░░░░░░░░░░░░░░░░░░░  27%  Streaming frame 27/933
  ██████░░░░░░░░░░░░░░░░░░░  27%  Streaming frame 28/933
  ██████░░░░░░░░░░░░░░░░░░░  27%  Streaming frame 29/933
  ██████░░░░░░░░░░░░░░░░░░░  27%  Streaming frame 30/933
  ██████░░░░░░░░░░░░░░░░░░░  27%  Streaming frame 31/933
  ██████░░░░░░░░░░░░░░░░░░░  27%  Streaming frame 32/933
  ██████░░░░░░░░░░░░░░░░░░░  27%  Streaming frame 33/933
  ██████░░░░░░░░░░░░░░░░░░░  27%  Streaming frame 34/933
  ██████░░░░░░░░░░░░░░░░░░░  27%  Streaming frame 35/933
  ██████░░░░░░░░░░░░░░░░░░░  27%  Streaming frame 36/933
  ██████░░░░░░░░░░░░░░░░░░░  27%  Streaming frame 37/933
  ██████░░░░░░░░░░░░░░░░░░░  27%  Streaming frame 38/933
  ██████░░░░░░░░░░░░░░░░░░░  27%  Streaming frame 39/933
  ██████░░░░░░░░░░░░░░░░░░░  27%  Streaming frame 40/933
  ██████░░░░░░░░░░░░░░░░░░░  27%  Streaming frame 41/933
  ██████░░░░░░░░░░░░░░░░░░░  27%  Streaming frame 42/933
  ███████░░░░░░░░░░░░░░░░░░  28%  Streaming frame 43/933
  ███████░░░░░░░░░░░░░░░░░░  28%  Streaming frame 44/933
  ███████░░░░░░░░░░░░░░░░░░  28%  Streaming frame 45/933
  ███████░░░░░░░░░░░░░░░░░░  28%  Streaming frame 46/933
  ███████░░░░░░░░░░░░░░░░░░  28%  Streaming frame 47/933
  ███████░░░░░░░░░░░░░░░░░░  28%  Streaming frame 48/933
  ███████░░░░░░░░░░░░░░░░░░  28%  Streaming frame 49/933
  ███████░░░░░░░░░░░░░░░░░░  28%  Streaming frame 50/933
  ███████░░░░░░░░░░░░░░░░░░  28%  Streaming frame 51/933
  ███████░░░░░░░░░░░░░░░░░░  28%  Streaming frame 52/933
  ███████░░░░░░░░░░░░░░░░░░  28%  Streaming frame 53/933
  ███████░░░░░░░░░░░░░░░░░░  28%  Streaming frame 54/933
  ███████░░░░░░░░░░░░░░░░░░  28%  Streaming frame 55/933
  ███████░░░░░░░░░░░░░░░░░░  28%  Streaming frame 56/933
  ███████░░░░░░░░░░░░░░░░░░  28%  Streaming frame 57/933
  ███████░░░░░░░░░░░░░░░░░░  28%  Streaming frame 58/933
  ███████░░░░░░░░░░░░░░░░░░  28%  Streaming frame 59/933
  ███████░░░░░░░░░░░░░░░░░░  29%  Streaming frame 60/933
  ███████░░░░░░░░░░░░░░░░░░  29%  Streaming frame 61/933
  ███████░░░░░░░░░░░░░░░░░░  29%  Streaming frame 62/933
  ███████░░░░░░░░░░░░░░░░░░  29%  Streaming frame 63/933
  ███████░░░░░░░░░░░░░░░░░░  29%  Streaming frame 64/933
  ███████░░░░░░░░░░░░░░░░░░  29%  Streaming frame 65/933
  ███████░░░░░░░░░░░░░░░░░░  29%  Streaming frame 66/933
  ███████░░░░░░░░░░░░░░░░░░  29%  Streaming frame 67/933
  ███████░░░░░░░░░░░░░░░░░░  29%  Streaming frame 68/933
  ███████░░░░░░░░░░░░░░░░░░  29%  Streaming frame 69/933
  ███████░░░░░░░░░░░░░░░░░░  29%  Streaming frame 70/933
  ███████░░░░░░░░░░░░░░░░░░  29%  Streaming frame 71/933
  ███████░░░░░░░░░░░░░░░░░░  29%  Streaming frame 72/933
  ███████░░░░░░░░░░░░░░░░░░  29%  Streaming frame 73/933
  ███████░░░░░░░░░░░░░░░░░░  29%  Streaming frame 74/933
  ███████░░░░░░░░░░░░░░░░░░  29%  Streaming frame 75/933
  ███████░░░░░░░░░░░░░░░░░░  29%  Streaming frame 76/933
  ███████░░░░░░░░░░░░░░░░░░  30%  Streaming frame 77/933
  ███████░░░░░░░░░░░░░░░░░░  30%  Streaming frame 78/933
  ███████░░░░░░░░░░░░░░░░░░  30%  Streaming frame 79/933
  ███████░░░░░░░░░░░░░░░░░░  30%  Streaming frame 80/933
  ███████░░░░░░░░░░░░░░░░░░  30%  Streaming frame 81/933
  ███████░░░░░░░░░░░░░░░░░░  30%  Streaming frame 82/933
  ███████░░░░░░░░░░░░░░░░░░  30%  Streaming frame 83/933
  ███████░░░░░░░░░░░░░░░░░░  30%  Streaming frame 84/933
  ███████░░░░░░░░░░░░░░░░░░  30%  Streaming frame 85/933
  ███████░░░░░░░░░░░░░░░░░░  30%  Streaming frame 86/933
  ███████░░░░░░░░░░░░░░░░░░  30%  Streaming frame 87/933
  ███████░░░░░░░░░░░░░░░░░░  30%  Streaming frame 88/933
  ███████░░░░░░░░░░░░░░░░░░  30%  Streaming frame 89/933
  ███████░░░░░░░░░░░░░░░░░░  30%  Streaming frame 90/933
  ███████░░░░░░░░░░░░░░░░░░  30%  Streaming frame 91/933
  ███████░░░░░░░░░░░░░░░░░░  30%  Streaming frame 92/933
  ███████░░░░░░░░░░░░░░░░░░  30%  Streaming frame 93/933
  ███████░░░░░░░░░░░░░░░░░░  31%  Streaming frame 94/933
  ███████░░░░░░░░░░░░░░░░░░  31%  Streaming frame 95/933
  ███████░░░░░░░░░░░░░░░░░░  31%  Streaming frame 96/933
  ███████░░░░░░░░░░░░░░░░░░  31%  Streaming frame 97/933
  ███████░░░░░░░░░░░░░░░░░░  31%  Streaming frame 98/933
  ███████░░░░░░░░░░░░░░░░░░  31%  Streaming frame 99/933
  ███████░░░░░░░░░░░░░░░░░░  31%  Streaming frame 100/933
  ███████░░░░░░░░░░░░░░░░░░  31%  Streaming frame 101/933
  ███████░░░░░░░░░░░░░░░░░░  31%  Streaming frame 102/933
  ███████░░░░░░░░░░░░░░░░░░  31%  Streaming frame 103/933
  ███████░░░░░░░░░░░░░░░░░░  31%  Streaming frame 104/933
  ███████░░░░░░░░░░░░░░░░░░  31%  Streaming frame 105/933
  ███████░░░░░░░░░░░░░░░░░░  31%  Streaming frame 106/933
  ███████░░░░░░░░░░░░░░░░░░  31%  Streaming frame 107/933
  ███████░░░░░░░░░░░░░░░░░░  31%  Streaming frame 108/933
  ███████░░░░░░░░░░░░░░░░░░  31%  Streaming frame 109/933
  ███████░░░░░░░░░░░░░░░░░░  31%  Streaming frame 110/933
  ████████░░░░░░░░░░░░░░░░░  32%  Streaming frame 111/933
  ████████░░░░░░░░░░░░░░░░░  32%  Streaming frame 112/933
  ████████░░░░░░░░░░░░░░░░░  32%  Streaming frame 113/933
  ████████░░░░░░░░░░░░░░░░░  32%  Streaming frame 114/933
  ████████░░░░░░░░░░░░░░░░░  32%  Streaming frame 115/933
  ████████░░░░░░░░░░░░░░░░░  32%  Streaming frame 116/933
  ████████░░░░░░░░░░░░░░░░░  32%  Streaming frame 117/933
  ████████░░░░░░░░░░░░░░░░░  32%  Streaming frame 118/933
  ████████░░░░░░░░░░░░░░░░░  32%  Streaming frame 119/933
  ████████░░░░░░░░░░░░░░░░░  32%  Streaming frame 120/933
  ████████░░░░░░░░░░░░░░░░░  32%  Streaming frame 121/933
  ████████░░░░░░░░░░░░░░░░░  32%  Streaming frame 122/933
  ████████░░░░░░░░░░░░░░░░░  32%  Streaming frame 123/933
  ████████░░░░░░░░░░░░░░░░░  32%  Streaming frame 124/933
  ████████░░░░░░░░░░░░░░░░░  32%  Streaming frame 125/933
  ████████░░░░░░░░░░░░░░░░░  32%  Streaming frame 126/933
  ████████░░░░░░░░░░░░░░░░░  32%  Streaming frame 127/933
  ████████░░░░░░░░░░░░░░░░░  33%  Streaming frame 128/933
  ████████░░░░░░░░░░░░░░░░░  33%  Streaming frame 129/933
  ████████░░░░░░░░░░░░░░░░░  33%  Streaming frame 130/933
  ████████░░░░░░░░░░░░░░░░░  33%  Streaming frame 131/933
  ████████░░░░░░░░░░░░░░░░░  33%  Streaming frame 132/933
  ████████░░░░░░░░░░░░░░░░░  33%  Streaming frame 133/933
  ████████░░░░░░░░░░░░░░░░░  33%  Streaming frame 134/933
  ████████░░░░░░░░░░░░░░░░░  33%  Streaming frame 135/933
  ████████░░░░░░░░░░░░░░░░░  33%  Streaming frame 136/933
  ████████░░░░░░░░░░░░░░░░░  33%  Streaming frame 137/933
  ████████░░░░░░░░░░░░░░░░░  33%  Streaming frame 138/933
  ████████░░░░░░░░░░░░░░░░░  33%  Streaming frame 139/933
  ████████░░░░░░░░░░░░░░░░░  33%  Streaming frame 140/933
  ████████░░░░░░░░░░░░░░░░░  33%  Streaming frame 141/933
  ████████░░░░░░░░░░░░░░░░░  33%  Streaming frame 142/933
  ████████░░░░░░░░░░░░░░░░░  33%  Streaming frame 143/933
  ████████░░░░░░░░░░░░░░░░░  33%  Streaming frame 144/933
  ████████░░░░░░░░░░░░░░░░░  34%  Streaming frame 145/933
  ████████░░░░░░░░░░░░░░░░░  34%  Streaming frame 146/933
  ████████░░░░░░░░░░░░░░░░░  34%  Streaming frame 147/933
  ████████░░░░░░░░░░░░░░░░░  34%  Streaming frame 148/933
  ████████░░░░░░░░░░░░░░░░░  34%  Streaming frame 149/933
  ████████░░░░░░░░░░░░░░░░░  34%  Streaming frame 150/933
  ████████░░░░░░░░░░░░░░░░░  34%  Streaming frame 151/933
  ████████░░░░░░░░░░░░░░░░░  34%  Streaming frame 152/933
  ████████░░░░░░░░░░░░░░░░░  34%  Streaming frame 153/933
  ████████░░░░░░░░░░░░░░░░░  34%  Streaming frame 154/933
  ████████░░░░░░░░░░░░░░░░░  34%  Streaming frame 155/933
  ████████░░░░░░░░░░░░░░░░░  34%  Streaming frame 156/933
  ████████░░░░░░░░░░░░░░░░░  34%  Streaming frame 157/933
  ████████░░░░░░░░░░░░░░░░░  34%  Streaming frame 158/933
  ████████░░░░░░░░░░░░░░░░░  34%  Streaming frame 159/933
  ████████░░░░░░░░░░░░░░░░░  34%  Streaming frame 160/933
  ████████░░░░░░░░░░░░░░░░░  34%  Streaming frame 161/933
  ████████░░░░░░░░░░░░░░░░░  35%  Streaming frame 162/933
  ████████░░░░░░░░░░░░░░░░░  35%  Streaming frame 163/933
  ████████░░░░░░░░░░░░░░░░░  35%  Streaming frame 164/933
  ████████░░░░░░░░░░░░░░░░░  35%  Streaming frame 165/933
  ████████░░░░░░░░░░░░░░░░░  35%  Streaming frame 166/933
  ████████░░░░░░░░░░░░░░░░░  35%  Streaming frame 167/933
  ████████░░░░░░░░░░░░░░░░░  35%  Streaming frame 168/933
  ████████░░░░░░░░░░░░░░░░░  35%  Streaming frame 169/933
  ████████░░░░░░░░░░░░░░░░░  35%  Streaming frame 170/933
  ████████░░░░░░░░░░░░░░░░░  35%  Streaming frame 171/933
  ████████░░░░░░░░░░░░░░░░░  35%  Streaming frame 172/933
  ████████░░░░░░░░░░░░░░░░░  35%  Streaming frame 173/933
  ████████░░░░░░░░░░░░░░░░░  35%  Streaming frame 174/933
  ████████░░░░░░░░░░░░░░░░░  35%  Streaming frame 175/933
  ████████░░░░░░░░░░░░░░░░░  35%  Streaming frame 176/933
  ████████░░░░░░░░░░░░░░░░░  35%  Streaming frame 177/933
  ████████░░░░░░░░░░░░░░░░░  35%  Streaming frame 178/933
  █████████░░░░░░░░░░░░░░░░  36%  Streaming frame 179/933
  █████████░░░░░░░░░░░░░░░░  36%  Streaming frame 180/933
  █████████░░░░░░░░░░░░░░░░  36%  Streaming frame 181/933
  █████████░░░░░░░░░░░░░░░░  36%  Streaming frame 182/933
  █████████░░░░░░░░░░░░░░░░  36%  Streaming frame 183/933
  █████████░░░░░░░░░░░░░░░░  36%  Streaming frame 184/933
  █████████░░░░░░░░░░░░░░░░  36%  Streaming frame 185/933
  █████████░░░░░░░░░░░░░░░░  36%  Streaming frame 186/933
  █████████░░░░░░░░░░░░░░░░  36%  Streaming frame 187/933
  █████████░░░░░░░░░░░░░░░░  36%  Streaming frame 188/933
  █████████░░░░░░░░░░░░░░░░  36%  Streaming frame 189/933
  █████████░░░░░░░░░░░░░░░░  36%  Streaming frame 190/933
  █████████░░░░░░░░░░░░░░░░  36%  Streaming frame 191/933
  █████████░░░░░░░░░░░░░░░░  36%  Streaming frame 192/933
  █████████░░░░░░░░░░░░░░░░  36%  Streaming frame 193/933
  █████████░░░░░░░░░░░░░░░░  36%  Streaming frame 194/933
  █████████░░░░░░░░░░░░░░░░  36%  Streaming frame 195/933
  █████████░░░░░░░░░░░░░░░░  37%  Streaming frame 196/933
  █████████░░░░░░░░░░░░░░░░  37%  Streaming frame 197/933
  █████████░░░░░░░░░░░░░░░░  37%  Streaming frame 198/933
  █████████░░░░░░░░░░░░░░░░  37%  Streaming frame 199/933
  █████████░░░░░░░░░░░░░░░░  37%  Streaming frame 200/933
  █████████░░░░░░░░░░░░░░░░  37%  Streaming frame 201/933
  █████████░░░░░░░░░░░░░░░░  37%  Streaming frame 202/933
  █████████░░░░░░░░░░░░░░░░  37%  Streaming frame 203/933
  █████████░░░░░░░░░░░░░░░░  37%  Streaming frame 204/933
  █████████░░░░░░░░░░░░░░░░  37%  Streaming frame 205/933
  █████████░░░░░░░░░░░░░░░░  37%  Streaming frame 206/933
  █████████░░░░░░░░░░░░░░░░  37%  Streaming frame 207/933
  █████████░░░░░░░░░░░░░░░░  37%  Streaming frame 208/933
  █████████░░░░░░░░░░░░░░░░  37%  Streaming frame 209/933
  █████████░░░░░░░░░░░░░░░░  37%  Streaming frame 210/933
  █████████░░░░░░░░░░░░░░░░  37%  Streaming frame 211/933
  █████████░░░░░░░░░░░░░░░░  37%  Streaming frame 212/933
  █████████░░░░░░░░░░░░░░░░  38%  Streaming frame 213/933
  █████████░░░░░░░░░░░░░░░░  38%  Streaming frame 214/933
  █████████░░░░░░░░░░░░░░░░  38%  Streaming frame 215/933
  █████████░░░░░░░░░░░░░░░░  38%  Streaming frame 216/933
  █████████░░░░░░░░░░░░░░░░  38%  Streaming frame 217/933
  █████████░░░░░░░░░░░░░░░░  38%  Streaming frame 218/933
  █████████░░░░░░░░░░░░░░░░  38%  Streaming frame 219/933
  █████████░░░░░░░░░░░░░░░░  38%  Streaming frame 220/933
  █████████░░░░░░░░░░░░░░░░  38%  Streaming frame 221/933
  █████████░░░░░░░░░░░░░░░░  38%  Streaming frame 222/933
  █████████░░░░░░░░░░░░░░░░  38%  Streaming frame 223/933
  █████████░░░░░░░░░░░░░░░░  38%  Streaming frame 224/933
  █████████░░░░░░░░░░░░░░░░  38%  Streaming frame 225/933
  █████████░░░░░░░░░░░░░░░░  38%  Streaming frame 226/933
  █████████░░░░░░░░░░░░░░░░  38%  Streaming frame 227/933
  █████████░░░░░░░░░░░░░░░░  38%  Streaming frame 228/933
  █████████░░░░░░░░░░░░░░░░  38%  Streaming frame 229/933
  █████████░░░░░░░░░░░░░░░░  39%  Streaming frame 230/933
  █████████░░░░░░░░░░░░░░░░  39%  Streaming frame 231/933
  █████████░░░░░░░░░░░░░░░░  39%  Streaming frame 232/933
  █████████░░░░░░░░░░░░░░░░  39%  Streaming frame 233/933
[INFO] [Render] drawElement self-verify passed {"renderJobId":"08f9f353-0a51-4ee0-854c-ea9214a43920","frame":233,"psnrDb":"inf"}
  █████████░░░░░░░░░░░░░░░░  39%  Streaming frame 234/933
  █████████░░░░░░░░░░░░░░░░  39%  Streaming frame 235/933
  █████████░░░░░░░░░░░░░░░░  39%  Streaming frame 236/933
  █████████░░░░░░░░░░░░░░░░  39%  Streaming frame 237/933
  █████████░░░░░░░░░░░░░░░░  39%  Streaming frame 238/933
  █████████░░░░░░░░░░░░░░░░  39%  Streaming frame 239/933
  █████████░░░░░░░░░░░░░░░░  39%  Streaming frame 240/933
  █████████░░░░░░░░░░░░░░░░  39%  Streaming frame 241/933
  █████████░░░░░░░░░░░░░░░░  39%  Streaming frame 242/933
  █████████░░░░░░░░░░░░░░░░  39%  Streaming frame 243/933
  █████████░░░░░░░░░░░░░░░░  39%  Streaming frame 244/933
  █████████░░░░░░░░░░░░░░░░  39%  Streaming frame 245/933
  ██████████░░░░░░░░░░░░░░░  40%  Streaming frame 246/933
  ██████████░░░░░░░░░░░░░░░  40%  Streaming frame 247/933
  ██████████░░░░░░░░░░░░░░░  40%  Streaming frame 248/933
  ██████████░░░░░░░░░░░░░░░  40%  Streaming frame 249/933
  ██████████░░░░░░░░░░░░░░░  40%  Streaming frame 250/933
  ██████████░░░░░░░░░░░░░░░  40%  Streaming frame 251/933
  ██████████░░░░░░░░░░░░░░░  40%  Streaming frame 252/933
  ██████████░░░░░░░░░░░░░░░  40%  Streaming frame 253/933
  ██████████░░░░░░░░░░░░░░░  40%  Streaming frame 254/933
  ██████████░░░░░░░░░░░░░░░  40%  Streaming frame 255/933
  ██████████░░░░░░░░░░░░░░░  40%  Streaming frame 256/933
  ██████████░░░░░░░░░░░░░░░  40%  Streaming frame 257/933
  ██████████░░░░░░░░░░░░░░░  40%  Streaming frame 258/933
  ██████████░░░░░░░░░░░░░░░  40%  Streaming frame 259/933
  ██████████░░░░░░░░░░░░░░░  40%  Streaming frame 260/933
  ██████████░░░░░░░░░░░░░░░  40%  Streaming frame 261/933
  ██████████░░░░░░░░░░░░░░░  40%  Streaming frame 262/933
  ██████████░░░░░░░░░░░░░░░  41%  Streaming frame 263/933
  ██████████░░░░░░░░░░░░░░░  41%  Streaming frame 264/933
  ██████████░░░░░░░░░░░░░░░  41%  Streaming frame 265/933
  ██████████░░░░░░░░░░░░░░░  41%  Streaming frame 266/933
  ██████████░░░░░░░░░░░░░░░  41%  Streaming frame 267/933
  ██████████░░░░░░░░░░░░░░░  41%  Streaming frame 268/933
  ██████████░░░░░░░░░░░░░░░  41%  Streaming frame 269/933
  ██████████░░░░░░░░░░░░░░░  41%  Streaming frame 270/933
  ██████████░░░░░░░░░░░░░░░  41%  Streaming frame 271/933
  ██████████░░░░░░░░░░░░░░░  41%  Streaming frame 272/933
  ██████████░░░░░░░░░░░░░░░  41%  Streaming frame 273/933
  ██████████░░░░░░░░░░░░░░░  41%  Streaming frame 274/933
  ██████████░░░░░░░░░░░░░░░  41%  Streaming frame 275/933
  ██████████░░░░░░░░░░░░░░░  41%  Streaming frame 276/933
  ██████████░░░░░░░░░░░░░░░  41%  Streaming frame 277/933
  ██████████░░░░░░░░░░░░░░░  41%  Streaming frame 278/933
  ██████████░░░░░░░░░░░░░░░  41%  Streaming frame 279/933
  ██████████░░░░░░░░░░░░░░░  42%  Streaming frame 280/933
  ██████████░░░░░░░░░░░░░░░  42%  Streaming frame 281/933
  ██████████░░░░░░░░░░░░░░░  42%  Streaming frame 282/933
  ██████████░░░░░░░░░░░░░░░  42%  Streaming frame 283/933
  ██████████░░░░░░░░░░░░░░░  42%  Streaming frame 284/933
  ██████████░░░░░░░░░░░░░░░  42%  Streaming frame 285/933
  ██████████░░░░░░░░░░░░░░░  42%  Streaming frame 286/933
  ██████████░░░░░░░░░░░░░░░  42%  Streaming frame 287/933
  ██████████░░░░░░░░░░░░░░░  42%  Streaming frame 288/933
  ██████████░░░░░░░░░░░░░░░  42%  Streaming frame 289/933
  ██████████░░░░░░░░░░░░░░░  42%  Streaming frame 290/933
  ██████████░░░░░░░░░░░░░░░  42%  Streaming frame 291/933
  ██████████░░░░░░░░░░░░░░░  42%  Streaming frame 292/933
  ██████████░░░░░░░░░░░░░░░  42%  Streaming frame 293/933
  ██████████░░░░░░░░░░░░░░░  42%  Streaming frame 294/933
  ██████████░░░░░░░░░░░░░░░  42%  Streaming frame 295/933
  ██████████░░░░░░░░░░░░░░░  42%  Streaming frame 296/933
  ██████████░░░░░░░░░░░░░░░  43%  Streaming frame 297/933
  ██████████░░░░░░░░░░░░░░░  43%  Streaming frame 298/933
  ██████████░░░░░░░░░░░░░░░  43%  Streaming frame 299/933
  ██████████░░░░░░░░░░░░░░░  43%  Streaming frame 300/933
  ██████████░░░░░░░░░░░░░░░  43%  Streaming frame 301/933
  ██████████░░░░░░░░░░░░░░░  43%  Streaming frame 302/933
  ██████████░░░░░░░░░░░░░░░  43%  Streaming frame 303/933
  ██████████░░░░░░░░░░░░░░░  43%  Streaming frame 304/933
  ██████████░░░░░░░░░░░░░░░  43%  Streaming frame 305/933
  ██████████░░░░░░░░░░░░░░░  43%  Streaming frame 306/933
  ██████████░░░░░░░░░░░░░░░  43%  Streaming frame 307/933
  ██████████░░░░░░░░░░░░░░░  43%  Streaming frame 308/933
  ██████████░░░░░░░░░░░░░░░  43%  Streaming frame 309/933
  ██████████░░░░░░░░░░░░░░░  43%  Streaming frame 310/933
  ██████████░░░░░░░░░░░░░░░  43%  Streaming frame 311/933
  ██████████░░░░░░░░░░░░░░░  43%  Streaming frame 312/933
  ██████████░░░░░░░░░░░░░░░  43%  Streaming frame 313/933
  ███████████░░░░░░░░░░░░░░  44%  Streaming frame 314/933
  ███████████░░░░░░░░░░░░░░  44%  Streaming frame 315/933
  ███████████░░░░░░░░░░░░░░  44%  Streaming frame 316/933
  ███████████░░░░░░░░░░░░░░  44%  Streaming frame 317/933
  ███████████░░░░░░░░░░░░░░  44%  Streaming frame 318/933
  ███████████░░░░░░░░░░░░░░  44%  Streaming frame 319/933
  ███████████░░░░░░░░░░░░░░  44%  Streaming frame 320/933
  ███████████░░░░░░░░░░░░░░  44%  Streaming frame 321/933
  ███████████░░░░░░░░░░░░░░  44%  Streaming frame 322/933
  ███████████░░░░░░░░░░░░░░  44%  Streaming frame 323/933
  ███████████░░░░░░░░░░░░░░  44%  Streaming frame 324/933
  ███████████░░░░░░░░░░░░░░  44%  Streaming frame 325/933
  ███████████░░░░░░░░░░░░░░  44%  Streaming frame 326/933
  ███████████░░░░░░░░░░░░░░  44%  Streaming frame 327/933
  ███████████░░░░░░░░░░░░░░  44%  Streaming frame 328/933
  ███████████░░░░░░░░░░░░░░  44%  Streaming frame 329/933
  ███████████░░░░░░░░░░░░░░  44%  Streaming frame 330/933
  ███████████░░░░░░░░░░░░░░  45%  Streaming frame 331/933
  ███████████░░░░░░░░░░░░░░  45%  Streaming frame 332/933
  ███████████░░░░░░░░░░░░░░  45%  Streaming frame 333/933
  ███████████░░░░░░░░░░░░░░  45%  Streaming frame 334/933
  ███████████░░░░░░░░░░░░░░  45%  Streaming frame 335/933
  ███████████░░░░░░░░░░░░░░  45%  Streaming frame 336/933
  ███████████░░░░░░░░░░░░░░  45%  Streaming frame 337/933
  ███████████░░░░░░░░░░░░░░  45%  Streaming frame 338/933
  ███████████░░░░░░░░░░░░░░  45%  Streaming frame 339/933
  ███████████░░░░░░░░░░░░░░  45%  Streaming frame 340/933
  ███████████░░░░░░░░░░░░░░  45%  Streaming frame 341/933
  ███████████░░░░░░░░░░░░░░  45%  Streaming frame 342/933
  ███████████░░░░░░░░░░░░░░  45%  Streaming frame 343/933
  ███████████░░░░░░░░░░░░░░  45%  Streaming frame 344/933
  ███████████░░░░░░░░░░░░░░  45%  Streaming frame 345/933
  ███████████░░░░░░░░░░░░░░  45%  Streaming frame 346/933
  ███████████░░░░░░░░░░░░░░  45%  Streaming frame 347/933
  ███████████░░░░░░░░░░░░░░  46%  Streaming frame 348/933
  ███████████░░░░░░░░░░░░░░  46%  Streaming frame 349/933
  ███████████░░░░░░░░░░░░░░  46%  Streaming frame 350/933
  ███████████░░░░░░░░░░░░░░  46%  Streaming frame 351/933
  ███████████░░░░░░░░░░░░░░  46%  Streaming frame 352/933
  ███████████░░░░░░░░░░░░░░  46%  Streaming frame 353/933
  ███████████░░░░░░░░░░░░░░  46%  Streaming frame 354/933
  ███████████░░░░░░░░░░░░░░  46%  Streaming frame 355/933
  ███████████░░░░░░░░░░░░░░  46%  Streaming frame 356/933
  ███████████░░░░░░░░░░░░░░  46%  Streaming frame 357/933
  ███████████░░░░░░░░░░░░░░  46%  Streaming frame 358/933
  ███████████░░░░░░░░░░░░░░  46%  Streaming frame 359/933
  ███████████░░░░░░░░░░░░░░  46%  Streaming frame 360/933
  ███████████░░░░░░░░░░░░░░  46%  Streaming frame 361/933
  ███████████░░░░░░░░░░░░░░  46%  Streaming frame 362/933
  ███████████░░░░░░░░░░░░░░  46%  Streaming frame 363/933
  ███████████░░░░░░░░░░░░░░  46%  Streaming frame 364/933
  ███████████░░░░░░░░░░░░░░  47%  Streaming frame 365/933
  ███████████░░░░░░░░░░░░░░  47%  Streaming frame 366/933
  ███████████░░░░░░░░░░░░░░  47%  Streaming frame 367/933
  ███████████░░░░░░░░░░░░░░  47%  Streaming frame 368/933
  ███████████░░░░░░░░░░░░░░  47%  Streaming frame 369/933
  ███████████░░░░░░░░░░░░░░  47%  Streaming frame 370/933
  ███████████░░░░░░░░░░░░░░  47%  Streaming frame 371/933
  ███████████░░░░░░░░░░░░░░  47%  Streaming frame 372/933
  ███████████░░░░░░░░░░░░░░  47%  Streaming frame 373/933
  ███████████░░░░░░░░░░░░░░  47%  Streaming frame 374/933
  ███████████░░░░░░░░░░░░░░  47%  Streaming frame 375/933
  ███████████░░░░░░░░░░░░░░  47%  Streaming frame 376/933
  ███████████░░░░░░░░░░░░░░  47%  Streaming frame 377/933
  ███████████░░░░░░░░░░░░░░  47%  Streaming frame 378/933
  ███████████░░░░░░░░░░░░░░  47%  Streaming frame 379/933
  ███████████░░░░░░░░░░░░░░  47%  Streaming frame 380/933
  ███████████░░░░░░░░░░░░░░  47%  Streaming frame 381/933
  ████████████░░░░░░░░░░░░░  48%  Streaming frame 382/933
  ████████████░░░░░░░░░░░░░  48%  Streaming frame 383/933
  ████████████░░░░░░░░░░░░░  48%  Streaming frame 384/933
  ████████████░░░░░░░░░░░░░  48%  Streaming frame 385/933
  ████████████░░░░░░░░░░░░░  48%  Streaming frame 386/933
  ████████████░░░░░░░░░░░░░  48%  Streaming frame 387/933
  ████████████░░░░░░░░░░░░░  48%  Streaming frame 388/933
  ████████████░░░░░░░░░░░░░  48%  Streaming frame 389/933
  ████████████░░░░░░░░░░░░░  48%  Streaming frame 390/933
  ████████████░░░░░░░░░░░░░  48%  Streaming frame 391/933
  ████████████░░░░░░░░░░░░░  48%  Streaming frame 392/933
  ████████████░░░░░░░░░░░░░  48%  Streaming frame 393/933
  ████████████░░░░░░░░░░░░░  48%  Streaming frame 394/933
  ████████████░░░░░░░░░░░░░  48%  Streaming frame 395/933
  ████████████░░░░░░░░░░░░░  48%  Streaming frame 396/933
  ████████████░░░░░░░░░░░░░  48%  Streaming frame 397/933
  ████████████░░░░░░░░░░░░░  48%  Streaming frame 398/933
  ████████████░░░░░░░░░░░░░  49%  Streaming frame 399/933
  ████████████░░░░░░░░░░░░░  49%  Streaming frame 400/933
  ████████████░░░░░░░░░░░░░  49%  Streaming frame 401/933
  ████████████░░░░░░░░░░░░░  49%  Streaming frame 402/933
  ████████████░░░░░░░░░░░░░  49%  Streaming frame 403/933
  ████████████░░░░░░░░░░░░░  49%  Streaming frame 404/933
  ████████████░░░░░░░░░░░░░  49%  Streaming frame 405/933
  ████████████░░░░░░░░░░░░░  49%  Streaming frame 406/933
  ████████████░░░░░░░░░░░░░  49%  Streaming frame 407/933
  ████████████░░░░░░░░░░░░░  49%  Streaming frame 408/933
  ████████████░░░░░░░░░░░░░  49%  Streaming frame 409/933
  ████████████░░░░░░░░░░░░░  49%  Streaming frame 410/933
  ████████████░░░░░░░░░░░░░  49%  Streaming frame 411/933
  ████████████░░░░░░░░░░░░░  49%  Streaming frame 412/933
  ████████████░░░░░░░░░░░░░  49%  Streaming frame 413/933
  ████████████░░░░░░░░░░░░░  49%  Streaming frame 414/933
  ████████████░░░░░░░░░░░░░  49%  Streaming frame 415/933
  ████████████░░░░░░░░░░░░░  50%  Streaming frame 416/933
  ████████████░░░░░░░░░░░░░  50%  Streaming frame 417/933
  ████████████░░░░░░░░░░░░░  50%  Streaming frame 418/933
  ████████████░░░░░░░░░░░░░  50%  Streaming frame 419/933
  ████████████░░░░░░░░░░░░░  50%  Streaming frame 420/933
  ████████████░░░░░░░░░░░░░  50%  Streaming frame 421/933
  ████████████░░░░░░░░░░░░░  50%  Streaming frame 422/933
  ████████████░░░░░░░░░░░░░  50%  Streaming frame 423/933
  ████████████░░░░░░░░░░░░░  50%  Streaming frame 424/933
  ████████████░░░░░░░░░░░░░  50%  Streaming frame 425/933
  ████████████░░░░░░░░░░░░░  50%  Streaming frame 426/933
  ████████████░░░░░░░░░░░░░  50%  Streaming frame 427/933
  ████████████░░░░░░░░░░░░░  50%  Streaming frame 428/933
  ████████████░░░░░░░░░░░░░  50%  Streaming frame 429/933
  ████████████░░░░░░░░░░░░░  50%  Streaming frame 430/933
  ████████████░░░░░░░░░░░░░  50%  Streaming frame 431/933
  ████████████░░░░░░░░░░░░░  50%  Streaming frame 432/933
  ████████████░░░░░░░░░░░░░  51%  Streaming frame 433/933
  ████████████░░░░░░░░░░░░░  51%  Streaming frame 434/933
  ████████████░░░░░░░░░░░░░  51%  Streaming frame 435/933
  ████████████░░░░░░░░░░░░░  51%  Streaming frame 436/933
  ████████████░░░░░░░░░░░░░  51%  Streaming frame 437/933
  ████████████░░░░░░░░░░░░░  51%  Streaming frame 438/933
  ████████████░░░░░░░░░░░░░  51%  Streaming frame 439/933
  ████████████░░░░░░░░░░░░░  51%  Streaming frame 440/933
  ████████████░░░░░░░░░░░░░  51%  Streaming frame 441/933
  ████████████░░░░░░░░░░░░░  51%  Streaming frame 442/933
  ████████████░░░░░░░░░░░░░  51%  Streaming frame 443/933
  ████████████░░░░░░░░░░░░░  51%  Streaming frame 444/933
  ████████████░░░░░░░░░░░░░  51%  Streaming frame 445/933
  ████████████░░░░░░░░░░░░░  51%  Streaming frame 446/933
  ████████████░░░░░░░░░░░░░  51%  Streaming frame 447/933
  ████████████░░░░░░░░░░░░░  51%  Streaming frame 448/933
  ████████████░░░░░░░░░░░░░  51%  Streaming frame 449/933
  █████████████░░░░░░░░░░░░  52%  Streaming frame 450/933
  █████████████░░░░░░░░░░░░  52%  Streaming frame 451/933
  █████████████░░░░░░░░░░░░  52%  Streaming frame 452/933
  █████████████░░░░░░░░░░░░  52%  Streaming frame 453/933
  █████████████░░░░░░░░░░░░  52%  Streaming frame 454/933
  █████████████░░░░░░░░░░░░  52%  Streaming frame 455/933
  █████████████░░░░░░░░░░░░  52%  Streaming frame 456/933
  █████████████░░░░░░░░░░░░  52%  Streaming frame 457/933
  █████████████░░░░░░░░░░░░  52%  Streaming frame 458/933
  █████████████░░░░░░░░░░░░  52%  Streaming frame 459/933
  █████████████░░░░░░░░░░░░  52%  Streaming frame 460/933
  █████████████░░░░░░░░░░░░  52%  Streaming frame 461/933
  █████████████░░░░░░░░░░░░  52%  Streaming frame 462/933
  █████████████░░░░░░░░░░░░  52%  Streaming frame 463/933
  █████████████░░░░░░░░░░░░  52%  Streaming frame 464/933
  █████████████░░░░░░░░░░░░  52%  Streaming frame 465/933
  █████████████░░░░░░░░░░░░  52%  Streaming frame 466/933
  █████████████░░░░░░░░░░░░  53%  Streaming frame 467/933
[INFO] [Render] drawElement self-verify passed {"renderJobId":"08f9f353-0a51-4ee0-854c-ea9214a43920","frame":467,"psnrDb":"inf"}
  █████████████░░░░░░░░░░░░  53%  Streaming frame 468/933
  █████████████░░░░░░░░░░░░  53%  Streaming frame 469/933
  █████████████░░░░░░░░░░░░  53%  Streaming frame 470/933
  █████████████░░░░░░░░░░░░  53%  Streaming frame 471/933
  █████████████░░░░░░░░░░░░  53%  Streaming frame 472/933
  █████████████░░░░░░░░░░░░  53%  Streaming frame 473/933
  █████████████░░░░░░░░░░░░  53%  Streaming frame 474/933
  █████████████░░░░░░░░░░░░  53%  Streaming frame 475/933
  █████████████░░░░░░░░░░░░  53%  Streaming frame 476/933
  █████████████░░░░░░░░░░░░  53%  Streaming frame 477/933
  █████████████░░░░░░░░░░░░  53%  Streaming frame 478/933
  █████████████░░░░░░░░░░░░  53%  Streaming frame 479/933
  █████████████░░░░░░░░░░░░  53%  Streaming frame 480/933
  █████████████░░░░░░░░░░░░  53%  Streaming frame 481/933
  █████████████░░░░░░░░░░░░  53%  Streaming frame 482/933
  █████████████░░░░░░░░░░░░  53%  Streaming frame 483/933
  █████████████░░░░░░░░░░░░  54%  Streaming frame 484/933
  █████████████░░░░░░░░░░░░  54%  Streaming frame 485/933
  █████████████░░░░░░░░░░░░  54%  Streaming frame 486/933
  █████████████░░░░░░░░░░░░  54%  Streaming frame 487/933
  █████████████░░░░░░░░░░░░  54%  Streaming frame 488/933
  █████████████░░░░░░░░░░░░  54%  Streaming frame 489/933
  █████████████░░░░░░░░░░░░  54%  Streaming frame 490/933
  █████████████░░░░░░░░░░░░  54%  Streaming frame 491/933
  █████████████░░░░░░░░░░░░  54%  Streaming frame 492/933
  █████████████░░░░░░░░░░░░  54%  Streaming frame 493/933
  █████████████░░░░░░░░░░░░  54%  Streaming frame 494/933
  █████████████░░░░░░░░░░░░  54%  Streaming frame 495/933
  █████████████░░░░░░░░░░░░  54%  Streaming frame 496/933
  █████████████░░░░░░░░░░░░  54%  Streaming frame 497/933
  █████████████░░░░░░░░░░░░  54%  Streaming frame 498/933
  █████████████░░░░░░░░░░░░  54%  Streaming frame 499/933
  █████████████░░░░░░░░░░░░  54%  Streaming frame 500/933
  █████████████░░░░░░░░░░░░  55%  Streaming frame 501/933
  █████████████░░░░░░░░░░░░  55%  Streaming frame 502/933
  █████████████░░░░░░░░░░░░  55%  Streaming frame 503/933
  █████████████░░░░░░░░░░░░  55%  Streaming frame 504/933
  █████████████░░░░░░░░░░░░  55%  Streaming frame 505/933
  █████████████░░░░░░░░░░░░  55%  Streaming frame 506/933
  █████████████░░░░░░░░░░░░  55%  Streaming frame 507/933
  █████████████░░░░░░░░░░░░  55%  Streaming frame 508/933
  █████████████░░░░░░░░░░░░  55%  Streaming frame 509/933
  █████████████░░░░░░░░░░░░  55%  Streaming frame 510/933
  █████████████░░░░░░░░░░░░  55%  Streaming frame 511/933
  █████████████░░░░░░░░░░░░  55%  Streaming frame 512/933
  █████████████░░░░░░░░░░░░  55%  Streaming frame 513/933
  █████████████░░░░░░░░░░░░  55%  Streaming frame 514/933
  █████████████░░░░░░░░░░░░  55%  Streaming frame 515/933
  █████████████░░░░░░░░░░░░  55%  Streaming frame 516/933
  █████████████░░░░░░░░░░░░  55%  Streaming frame 517/933
  ██████████████░░░░░░░░░░░  56%  Streaming frame 518/933
  ██████████████░░░░░░░░░░░  56%  Streaming frame 519/933
  ██████████████░░░░░░░░░░░  56%  Streaming frame 520/933
  ██████████████░░░░░░░░░░░  56%  Streaming frame 521/933
  ██████████████░░░░░░░░░░░  56%  Streaming frame 522/933
  ██████████████░░░░░░░░░░░  56%  Streaming frame 523/933
  ██████████████░░░░░░░░░░░  56%  Streaming frame 524/933
  ██████████████░░░░░░░░░░░  56%  Streaming frame 525/933
  ██████████████░░░░░░░░░░░  56%  Streaming frame 526/933
  ██████████████░░░░░░░░░░░  56%  Streaming frame 527/933
  ██████████████░░░░░░░░░░░  56%  Streaming frame 528/933
  ██████████████░░░░░░░░░░░  56%  Streaming frame 529/933
  ██████████████░░░░░░░░░░░  56%  Streaming frame 530/933
  ██████████████░░░░░░░░░░░  56%  Streaming frame 531/933
  ██████████████░░░░░░░░░░░  56%  Streaming frame 532/933
  ██████████████░░░░░░░░░░░  56%  Streaming frame 533/933
  ██████████████░░░░░░░░░░░  56%  Streaming frame 534/933
  ██████████████░░░░░░░░░░░  57%  Streaming frame 535/933
  ██████████████░░░░░░░░░░░  57%  Streaming frame 536/933
  ██████████████░░░░░░░░░░░  57%  Streaming frame 537/933
  ██████████████░░░░░░░░░░░  57%  Streaming frame 538/933
  ██████████████░░░░░░░░░░░  57%  Streaming frame 539/933
  ██████████████░░░░░░░░░░░  57%  Streaming frame 540/933
  ██████████████░░░░░░░░░░░  57%  Streaming frame 541/933
  ██████████████░░░░░░░░░░░  57%  Streaming frame 542/933
  ██████████████░░░░░░░░░░░  57%  Streaming frame 543/933
  ██████████████░░░░░░░░░░░  57%  Streaming frame 544/933
  ██████████████░░░░░░░░░░░  57%  Streaming frame 545/933
  ██████████████░░░░░░░░░░░  57%  Streaming frame 546/933
  ██████████████░░░░░░░░░░░  57%  Streaming frame 547/933
  ██████████████░░░░░░░░░░░  57%  Streaming frame 548/933
  ██████████████░░░░░░░░░░░  57%  Streaming frame 549/933
  ██████████████░░░░░░░░░░░  57%  Streaming frame 550/933
  ██████████████░░░░░░░░░░░  57%  Streaming frame 551/933
  ██████████████░░░░░░░░░░░  58%  Streaming frame 552/933
  ██████████████░░░░░░░░░░░  58%  Streaming frame 553/933
  ██████████████░░░░░░░░░░░  58%  Streaming frame 554/933
  ██████████████░░░░░░░░░░░  58%  Streaming frame 555/933
  ██████████████░░░░░░░░░░░  58%  Streaming frame 556/933
  ██████████████░░░░░░░░░░░  58%  Streaming frame 557/933
  ██████████████░░░░░░░░░░░  58%  Streaming frame 558/933
  ██████████████░░░░░░░░░░░  58%  Streaming frame 559/933
  ██████████████░░░░░░░░░░░  58%  Streaming frame 560/933
  ██████████████░░░░░░░░░░░  58%  Streaming frame 561/933
  ██████████████░░░░░░░░░░░  58%  Streaming frame 562/933
  ██████████████░░░░░░░░░░░  58%  Streaming frame 563/933
  ██████████████░░░░░░░░░░░  58%  Streaming frame 564/933
  ██████████████░░░░░░░░░░░  58%  Streaming frame 565/933
  ██████████████░░░░░░░░░░░  58%  Streaming frame 566/933
  ██████████████░░░░░░░░░░░  58%  Streaming frame 567/933
  ██████████████░░░░░░░░░░░  58%  Streaming frame 568/933
  ██████████████░░░░░░░░░░░  59%  Streaming frame 569/933
  ██████████████░░░░░░░░░░░  59%  Streaming frame 570/933
  ██████████████░░░░░░░░░░░  59%  Streaming frame 571/933
  ██████████████░░░░░░░░░░░  59%  Streaming frame 572/933
  ██████████████░░░░░░░░░░░  59%  Streaming frame 573/933
  ██████████████░░░░░░░░░░░  59%  Streaming frame 574/933
  ██████████████░░░░░░░░░░░  59%  Streaming frame 575/933
  ██████████████░░░░░░░░░░░  59%  Streaming frame 576/933
  ██████████████░░░░░░░░░░░  59%  Streaming frame 577/933
  ██████████████░░░░░░░░░░░  59%  Streaming frame 578/933
  ██████████████░░░░░░░░░░░  59%  Streaming frame 579/933
  ██████████████░░░░░░░░░░░  59%  Streaming frame 580/933
  ██████████████░░░░░░░░░░░  59%  Streaming frame 581/933
  ██████████████░░░░░░░░░░░  59%  Streaming frame 582/933
  ██████████████░░░░░░░░░░░  59%  Streaming frame 583/933
  ██████████████░░░░░░░░░░░  59%  Streaming frame 584/933
  ██████████████░░░░░░░░░░░  59%  Streaming frame 585/933
  ███████████████░░░░░░░░░░  60%  Streaming frame 586/933
  ███████████████░░░░░░░░░░  60%  Streaming frame 587/933
  ███████████████░░░░░░░░░░  60%  Streaming frame 588/933
  ███████████████░░░░░░░░░░  60%  Streaming frame 589/933
  ███████████████░░░░░░░░░░  60%  Streaming frame 590/933
  ███████████████░░░░░░░░░░  60%  Streaming frame 591/933
  ███████████████░░░░░░░░░░  60%  Streaming frame 592/933
  ███████████████░░░░░░░░░░  60%  Streaming frame 593/933
  ███████████████░░░░░░░░░░  60%  Streaming frame 594/933
  ███████████████░░░░░░░░░░  60%  Streaming frame 595/933
  ███████████████░░░░░░░░░░  60%  Streaming frame 596/933
  ███████████████░░░░░░░░░░  60%  Streaming frame 597/933
  ███████████████░░░░░░░░░░  60%  Streaming frame 598/933
  ███████████████░░░░░░░░░░  60%  Streaming frame 599/933
  ███████████████░░░░░░░░░░  60%  Streaming frame 600/933
  ███████████████░░░░░░░░░░  60%  Streaming frame 601/933
  ███████████████░░░░░░░░░░  60%  Streaming frame 602/933
  ███████████████░░░░░░░░░░  61%  Streaming frame 603/933
  ███████████████░░░░░░░░░░  61%  Streaming frame 604/933
  ███████████████░░░░░░░░░░  61%  Streaming frame 605/933
  ███████████████░░░░░░░░░░  61%  Streaming frame 606/933
  ███████████████░░░░░░░░░░  61%  Streaming frame 607/933
  ███████████████░░░░░░░░░░  61%  Streaming frame 608/933
  ███████████████░░░░░░░░░░  61%  Streaming frame 609/933
  ███████████████░░░░░░░░░░  61%  Streaming frame 610/933
  ███████████████░░░░░░░░░░  61%  Streaming frame 611/933
  ███████████████░░░░░░░░░░  61%  Streaming frame 612/933
  ███████████████░░░░░░░░░░  61%  Streaming frame 613/933
  ███████████████░░░░░░░░░░  61%  Streaming frame 614/933
  ███████████████░░░░░░░░░░  61%  Streaming frame 615/933
  ███████████████░░░░░░░░░░  61%  Streaming frame 616/933
  ███████████████░░░░░░░░░░  61%  Streaming frame 617/933
  ███████████████░░░░░░░░░░  61%  Streaming frame 618/933
  ███████████████░░░░░░░░░░  61%  Streaming frame 619/933
  ███████████████░░░░░░░░░░  62%  Streaming frame 620/933
  ███████████████░░░░░░░░░░  62%  Streaming frame 621/933
  ███████████████░░░░░░░░░░  62%  Streaming frame 622/933
  ███████████████░░░░░░░░░░  62%  Streaming frame 623/933
  ███████████████░░░░░░░░░░  62%  Streaming frame 624/933
  ███████████████░░░░░░░░░░  62%  Streaming frame 625/933
  ███████████████░░░░░░░░░░  62%  Streaming frame 626/933
  ███████████████░░░░░░░░░░  62%  Streaming frame 627/933
  ███████████████░░░░░░░░░░  62%  Streaming frame 628/933
  ███████████████░░░░░░░░░░  62%  Streaming frame 629/933
  ███████████████░░░░░░░░░░  62%  Streaming frame 630/933
  ███████████████░░░░░░░░░░  62%  Streaming frame 631/933
  ███████████████░░░░░░░░░░  62%  Streaming frame 632/933
  ███████████████░░░░░░░░░░  62%  Streaming frame 633/933
  ███████████████░░░░░░░░░░  62%  Streaming frame 634/933
  ███████████████░░░░░░░░░░  62%  Streaming frame 635/933
  ███████████████░░░░░░░░░░  62%  Streaming frame 636/933
  ███████████████░░░░░░░░░░  63%  Streaming frame 637/933
  ███████████████░░░░░░░░░░  63%  Streaming frame 638/933
  ███████████████░░░░░░░░░░  63%  Streaming frame 639/933
  ███████████████░░░░░░░░░░  63%  Streaming frame 640/933
  ███████████████░░░░░░░░░░  63%  Streaming frame 641/933
  ███████████████░░░░░░░░░░  63%  Streaming frame 642/933
  ███████████████░░░░░░░░░░  63%  Streaming frame 643/933
  ███████████████░░░░░░░░░░  63%  Streaming frame 644/933
  ███████████████░░░░░░░░░░  63%  Streaming frame 645/933
  ███████████████░░░░░░░░░░  63%  Streaming frame 646/933
  ███████████████░░░░░░░░░░  63%  Streaming frame 647/933
  ███████████████░░░░░░░░░░  63%  Streaming frame 648/933
  ███████████████░░░░░░░░░░  63%  Streaming frame 649/933
  ███████████████░░░░░░░░░░  63%  Streaming frame 650/933
  ███████████████░░░░░░░░░░  63%  Streaming frame 651/933
  ███████████████░░░░░░░░░░  63%  Streaming frame 652/933
  ███████████████░░░░░░░░░░  63%  Streaming frame 653/933
  ████████████████░░░░░░░░░  64%  Streaming frame 654/933
  ████████████████░░░░░░░░░  64%  Streaming frame 655/933
  ████████████████░░░░░░░░░  64%  Streaming frame 656/933
  ████████████████░░░░░░░░░  64%  Streaming frame 657/933
  ████████████████░░░░░░░░░  64%  Streaming frame 658/933
  ████████████████░░░░░░░░░  64%  Streaming frame 659/933
  ████████████████░░░░░░░░░  64%  Streaming frame 660/933
  ████████████████░░░░░░░░░  64%  Streaming frame 661/933
  ████████████████░░░░░░░░░  64%  Streaming frame 662/933
  ████████████████░░░░░░░░░  64%  Streaming frame 663/933
  ████████████████░░░░░░░░░  64%  Streaming frame 664/933
  ████████████████░░░░░░░░░  64%  Streaming frame 665/933
  ████████████████░░░░░░░░░  64%  Streaming frame 666/933
  ████████████████░░░░░░░░░  64%  Streaming frame 667/933
  ████████████████░░░░░░░░░  64%  Streaming frame 668/933
  ████████████████░░░░░░░░░  64%  Streaming frame 669/933
  ████████████████░░░░░░░░░  64%  Streaming frame 670/933
  ████████████████░░░░░░░░░  65%  Streaming frame 671/933
  ████████████████░░░░░░░░░  65%  Streaming frame 672/933
  ████████████████░░░░░░░░░  65%  Streaming frame 673/933
  ████████████████░░░░░░░░░  65%  Streaming frame 674/933
  ████████████████░░░░░░░░░  65%  Streaming frame 675/933
  ████████████████░░░░░░░░░  65%  Streaming frame 676/933
  ████████████████░░░░░░░░░  65%  Streaming frame 677/933
  ████████████████░░░░░░░░░  65%  Streaming frame 678/933
  ████████████████░░░░░░░░░  65%  Streaming frame 679/933
  ████████████████░░░░░░░░░  65%  Streaming frame 680/933
  ████████████████░░░░░░░░░  65%  Streaming frame 681/933
  ████████████████░░░░░░░░░  65%  Streaming frame 682/933
  ████████████████░░░░░░░░░  65%  Streaming frame 683/933
  ████████████████░░░░░░░░░  65%  Streaming frame 684/933
  ████████████████░░░░░░░░░  65%  Streaming frame 685/933
  ████████████████░░░░░░░░░  65%  Streaming frame 686/933
  ████████████████░░░░░░░░░  65%  Streaming frame 687/933
  ████████████████░░░░░░░░░  66%  Streaming frame 688/933
  ████████████████░░░░░░░░░  66%  Streaming frame 689/933
  ████████████████░░░░░░░░░  66%  Streaming frame 690/933
  ████████████████░░░░░░░░░  66%  Streaming frame 691/933
  ████████████████░░░░░░░░░  66%  Streaming frame 692/933
  ████████████████░░░░░░░░░  66%  Streaming frame 693/933
  ████████████████░░░░░░░░░  66%  Streaming frame 694/933
  ████████████████░░░░░░░░░  66%  Streaming frame 695/933
  ████████████████░░░░░░░░░  66%  Streaming frame 696/933
  ████████████████░░░░░░░░░  66%  Streaming frame 697/933
  ████████████████░░░░░░░░░  66%  Streaming frame 698/933
  ████████████████░░░░░░░░░  66%  Streaming frame 699/933
  ████████████████░░░░░░░░░  66%  Streaming frame 700/933
[INFO] [Render] drawElement self-verify passed {"renderJobId":"08f9f353-0a51-4ee0-854c-ea9214a43920","frame":700,"psnrDb":"inf"}
  ████████████████░░░░░░░░░  66%  Streaming frame 701/933
  ████████████████░░░░░░░░░  66%  Streaming frame 702/933
  ████████████████░░░░░░░░░  66%  Streaming frame 703/933
  ████████████████░░░░░░░░░  67%  Streaming frame 704/933
  ████████████████░░░░░░░░░  67%  Streaming frame 705/933
  ████████████████░░░░░░░░░  67%  Streaming frame 706/933
  ████████████████░░░░░░░░░  67%  Streaming frame 707/933
  ████████████████░░░░░░░░░  67%  Streaming frame 708/933
  ████████████████░░░░░░░░░  67%  Streaming frame 709/933
  ████████████████░░░░░░░░░  67%  Streaming frame 710/933
  ████████████████░░░░░░░░░  67%  Streaming frame 711/933
  ████████████████░░░░░░░░░  67%  Streaming frame 712/933
  ████████████████░░░░░░░░░  67%  Streaming frame 713/933
  ████████████████░░░░░░░░░  67%  Streaming frame 714/933
  ████████████████░░░░░░░░░  67%  Streaming frame 715/933
  ████████████████░░░░░░░░░  67%  Streaming frame 716/933
  ████████████████░░░░░░░░░  67%  Streaming frame 717/933
  ████████████████░░░░░░░░░  67%  Streaming frame 718/933
  ████████████████░░░░░░░░░  67%  Streaming frame 719/933
  ████████████████░░░░░░░░░  67%  Streaming frame 720/933
  █████████████████░░░░░░░░  68%  Streaming frame 721/933
  █████████████████░░░░░░░░  68%  Streaming frame 722/933
  █████████████████░░░░░░░░  68%  Streaming frame 723/933
  █████████████████░░░░░░░░  68%  Streaming frame 724/933
  █████████████████░░░░░░░░  68%  Streaming frame 725/933
  █████████████████░░░░░░░░  68%  Streaming frame 726/933
  █████████████████░░░░░░░░  68%  Streaming frame 727/933
  █████████████████░░░░░░░░  68%  Streaming frame 728/933
  █████████████████░░░░░░░░  68%  Streaming frame 729/933
  █████████████████░░░░░░░░  68%  Streaming frame 730/933
  █████████████████░░░░░░░░  68%  Streaming frame 731/933
  █████████████████░░░░░░░░  68%  Streaming frame 732/933
  █████████████████░░░░░░░░  68%  Streaming frame 733/933
  █████████████████░░░░░░░░  68%  Streaming frame 734/933
  █████████████████░░░░░░░░  68%  Streaming frame 735/933
  █████████████████░░░░░░░░  68%  Streaming frame 736/933
  █████████████████░░░░░░░░  68%  Streaming frame 737/933
  █████████████████░░░░░░░░  69%  Streaming frame 738/933
  █████████████████░░░░░░░░  69%  Streaming frame 739/933
  █████████████████░░░░░░░░  69%  Streaming frame 740/933
  █████████████████░░░░░░░░  69%  Streaming frame 741/933
  █████████████████░░░░░░░░  69%  Streaming frame 742/933
  █████████████████░░░░░░░░  69%  Streaming frame 743/933
  █████████████████░░░░░░░░  69%  Streaming frame 744/933
  █████████████████░░░░░░░░  69%  Streaming frame 745/933
  █████████████████░░░░░░░░  69%  Streaming frame 746/933
  █████████████████░░░░░░░░  69%  Streaming frame 747/933
  █████████████████░░░░░░░░  69%  Streaming frame 748/933
  █████████████████░░░░░░░░  69%  Streaming frame 749/933
  █████████████████░░░░░░░░  69%  Streaming frame 750/933
  █████████████████░░░░░░░░  69%  Streaming frame 751/933
  █████████████████░░░░░░░░  69%  Streaming frame 752/933
  █████████████████░░░░░░░░  69%  Streaming frame 753/933
  █████████████████░░░░░░░░  69%  Streaming frame 754/933
  █████████████████░░░░░░░░  70%  Streaming frame 755/933
  █████████████████░░░░░░░░  70%  Streaming frame 756/933
  █████████████████░░░░░░░░  70%  Streaming frame 757/933
  █████████████████░░░░░░░░  70%  Streaming frame 758/933
  █████████████████░░░░░░░░  70%  Streaming frame 759/933
  █████████████████░░░░░░░░  70%  Streaming frame 760/933
  █████████████████░░░░░░░░  70%  Streaming frame 761/933
  █████████████████░░░░░░░░  70%  Streaming frame 762/933
  █████████████████░░░░░░░░  70%  Streaming frame 763/933
  █████████████████░░░░░░░░  70%  Streaming frame 764/933
  █████████████████░░░░░░░░  70%  Streaming frame 765/933
  █████████████████░░░░░░░░  70%  Streaming frame 766/933
  █████████████████░░░░░░░░  70%  Streaming frame 767/933
  █████████████████░░░░░░░░  70%  Streaming frame 768/933
  █████████████████░░░░░░░░  70%  Streaming frame 769/933
  █████████████████░░░░░░░░  70%  Streaming frame 770/933
  █████████████████░░░░░░░░  70%  Streaming frame 771/933
  █████████████████░░░░░░░░  71%  Streaming frame 772/933
  █████████████████░░░░░░░░  71%  Streaming frame 773/933
  █████████████████░░░░░░░░  71%  Streaming frame 774/933
  █████████████████░░░░░░░░  71%  Streaming frame 775/933
  █████████████████░░░░░░░░  71%  Streaming frame 776/933
  █████████████████░░░░░░░░  71%  Streaming frame 777/933
  █████████████████░░░░░░░░  71%  Streaming frame 778/933
  █████████████████░░░░░░░░  71%  Streaming frame 779/933
  █████████████████░░░░░░░░  71%  Streaming frame 780/933
  █████████████████░░░░░░░░  71%  Streaming frame 781/933
  █████████████████░░░░░░░░  71%  Streaming frame 782/933
  █████████████████░░░░░░░░  71%  Streaming frame 783/933
  █████████████████░░░░░░░░  71%  Streaming frame 784/933
  █████████████████░░░░░░░░  71%  Streaming frame 785/933
  █████████████████░░░░░░░░  71%  Streaming frame 786/933
  █████████████████░░░░░░░░  71%  Streaming frame 787/933
  █████████████████░░░░░░░░  71%  Streaming frame 788/933
  ██████████████████░░░░░░░  72%  Streaming frame 789/933
  ██████████████████░░░░░░░  72%  Streaming frame 790/933
  ██████████████████░░░░░░░  72%  Streaming frame 791/933
  ██████████████████░░░░░░░  72%  Streaming frame 792/933
  ██████████████████░░░░░░░  72%  Streaming frame 793/933
  ██████████████████░░░░░░░  72%  Streaming frame 794/933
  ██████████████████░░░░░░░  72%  Streaming frame 795/933
  ██████████████████░░░░░░░  72%  Streaming frame 796/933
  ██████████████████░░░░░░░  72%  Streaming frame 797/933
  ██████████████████░░░░░░░  72%  Streaming frame 798/933
  ██████████████████░░░░░░░  72%  Streaming frame 799/933
  ██████████████████░░░░░░░  72%  Streaming frame 800/933
  ██████████████████░░░░░░░  72%  Streaming frame 801/933
  ██████████████████░░░░░░░  72%  Streaming frame 802/933
  ██████████████████░░░░░░░  72%  Streaming frame 803/933
  ██████████████████░░░░░░░  72%  Streaming frame 804/933
  ██████████████████░░░░░░░  72%  Streaming frame 805/933
  ██████████████████░░░░░░░  73%  Streaming frame 806/933
  ██████████████████░░░░░░░  73%  Streaming frame 807/933
  ██████████████████░░░░░░░  73%  Streaming frame 808/933
  ██████████████████░░░░░░░  73%  Streaming frame 809/933
  ██████████████████░░░░░░░  73%  Streaming frame 810/933
  ██████████████████░░░░░░░  73%  Streaming frame 811/933
  ██████████████████░░░░░░░  73%  Streaming frame 812/933
  ██████████████████░░░░░░░  73%  Streaming frame 813/933
  ██████████████████░░░░░░░  73%  Streaming frame 814/933
  ██████████████████░░░░░░░  73%  Streaming frame 815/933
  ██████████████████░░░░░░░  73%  Streaming frame 816/933
  ██████████████████░░░░░░░  73%  Streaming frame 817/933
  ██████████████████░░░░░░░  73%  Streaming frame 818/933
  ██████████████████░░░░░░░  73%  Streaming frame 819/933
  ██████████████████░░░░░░░  73%  Streaming frame 820/933
  ██████████████████░░░░░░░  73%  Streaming frame 821/933
  ██████████████████░░░░░░░  73%  Streaming frame 822/933
  ██████████████████░░░░░░░  74%  Streaming frame 823/933
  ██████████████████░░░░░░░  74%  Streaming frame 824/933
  ██████████████████░░░░░░░  74%  Streaming frame 825/933
  ██████████████████░░░░░░░  74%  Streaming frame 826/933
  ██████████████████░░░░░░░  74%  Streaming frame 827/933
  ██████████████████░░░░░░░  74%  Streaming frame 828/933
  ██████████████████░░░░░░░  74%  Streaming frame 829/933
  ██████████████████░░░░░░░  74%  Streaming frame 830/933
  ██████████████████░░░░░░░  74%  Streaming frame 831/933
  ██████████████████░░░░░░░  74%  Streaming frame 832/933
  ██████████████████░░░░░░░  74%  Streaming frame 833/933
  ██████████████████░░░░░░░  74%  Streaming frame 834/933
  ██████████████████░░░░░░░  74%  Streaming frame 835/933
  ██████████████████░░░░░░░  74%  Streaming frame 836/933
  ██████████████████░░░░░░░  74%  Streaming frame 837/933
  ██████████████████░░░░░░░  74%  Streaming frame 838/933
  ██████████████████░░░░░░░  74%  Streaming frame 839/933
  ██████████████████░░░░░░░  75%  Streaming frame 840/933
  ██████████████████░░░░░░░  75%  Streaming frame 841/933
  ██████████████████░░░░░░░  75%  Streaming frame 842/933
  ██████████████████░░░░░░░  75%  Streaming frame 843/933
  ██████████████████░░░░░░░  75%  Streaming frame 844/933
  ██████████████████░░░░░░░  75%  Streaming frame 845/933
  ██████████████████░░░░░░░  75%  Streaming frame 846/933
  ██████████████████░░░░░░░  75%  Streaming frame 847/933
  ██████████████████░░░░░░░  75%  Streaming frame 848/933
  ██████████████████░░░░░░░  75%  Streaming frame 849/933
  ██████████████████░░░░░░░  75%  Streaming frame 850/933
  ██████████████████░░░░░░░  75%  Streaming frame 851/933
  ██████████████████░░░░░░░  75%  Streaming frame 852/933
  ██████████████████░░░░░░░  75%  Streaming frame 853/933
  ██████████████████░░░░░░░  75%  Streaming frame 854/933
  ██████████████████░░░░░░░  75%  Streaming frame 855/933
  ██████████████████░░░░░░░  75%  Streaming frame 856/933
  ███████████████████░░░░░░  76%  Streaming frame 857/933
  ███████████████████░░░░░░  76%  Streaming frame 858/933
  ███████████████████░░░░░░  76%  Streaming frame 859/933
  ███████████████████░░░░░░  76%  Streaming frame 860/933
  ███████████████████░░░░░░  76%  Streaming frame 861/933
  ███████████████████░░░░░░  76%  Streaming frame 862/933
  ███████████████████░░░░░░  76%  Streaming frame 863/933
  ███████████████████░░░░░░  76%  Streaming frame 864/933
  ███████████████████░░░░░░  76%  Streaming frame 865/933
  ███████████████████░░░░░░  76%  Streaming frame 866/933
  ███████████████████░░░░░░  76%  Streaming frame 867/933
  ███████████████████░░░░░░  76%  Streaming frame 868/933
  ███████████████████░░░░░░  76%  Streaming frame 869/933
  ███████████████████░░░░░░  76%  Streaming frame 870/933
  ███████████████████░░░░░░  76%  Streaming frame 871/933
  ███████████████████░░░░░░  76%  Streaming frame 872/933
  ███████████████████░░░░░░  76%  Streaming frame 873/933
  ███████████████████░░░░░░  77%  Streaming frame 874/933
  ███████████████████░░░░░░  77%  Streaming frame 875/933
  ███████████████████░░░░░░  77%  Streaming frame 876/933
  ███████████████████░░░░░░  77%  Streaming frame 877/933
  ███████████████████░░░░░░  77%  Streaming frame 878/933
  ███████████████████░░░░░░  77%  Streaming frame 879/933
  ███████████████████░░░░░░  77%  Streaming frame 880/933
  ███████████████████░░░░░░  77%  Streaming frame 881/933
  ███████████████████░░░░░░  77%  Streaming frame 882/933
  ███████████████████░░░░░░  77%  Streaming frame 883/933
  ███████████████████░░░░░░  77%  Streaming frame 884/933
  ███████████████████░░░░░░  77%  Streaming frame 885/933
  ███████████████████░░░░░░  77%  Streaming frame 886/933
[INFO] [Render] drawElement self-verify passed {"renderJobId":"08f9f353-0a51-4ee0-854c-ea9214a43920","frame":886,"psnrDb":"inf"}
  ███████████████████░░░░░░  77%  Streaming frame 887/933
  ███████████████████░░░░░░  77%  Streaming frame 888/933
  ███████████████████░░░░░░  77%  Streaming frame 889/933
  ███████████████████░░░░░░  77%  Streaming frame 890/933
  ███████████████████░░░░░░  78%  Streaming frame 891/933
  ███████████████████░░░░░░  78%  Streaming frame 892/933
  ███████████████████░░░░░░  78%  Streaming frame 893/933
  ███████████████████░░░░░░  78%  Streaming frame 894/933
  ███████████████████░░░░░░  78%  Streaming frame 895/933
  ███████████████████░░░░░░  78%  Streaming frame 896/933
  ███████████████████░░░░░░  78%  Streaming frame 897/933
  ███████████████████░░░░░░  78%  Streaming frame 898/933
  ███████████████████░░░░░░  78%  Streaming frame 899/933
  ███████████████████░░░░░░  78%  Streaming frame 900/933
  ███████████████████░░░░░░  78%  Streaming frame 901/933
  ███████████████████░░░░░░  78%  Streaming frame 902/933
  ███████████████████░░░░░░  78%  Streaming frame 903/933
  ███████████████████░░░░░░  78%  Streaming frame 904/933
  ███████████████████░░░░░░  78%  Streaming frame 905/933
  ███████████████████░░░░░░  78%  Streaming frame 906/933
  ███████████████████░░░░░░  78%  Streaming frame 907/933
  ███████████████████░░░░░░  79%  Streaming frame 908/933
  ███████████████████░░░░░░  79%  Streaming frame 909/933
  ███████████████████░░░░░░  79%  Streaming frame 910/933
  ███████████████████░░░░░░  79%  Streaming frame 911/933
  ███████████████████░░░░░░  79%  Streaming frame 912/933
  ███████████████████░░░░░░  79%  Streaming frame 913/933
  ███████████████████░░░░░░  79%  Streaming frame 914/933
  ███████████████████░░░░░░  79%  Streaming frame 915/933
  ███████████████████░░░░░░  79%  Streaming frame 916/933
  ███████████████████░░░░░░  79%  Streaming frame 917/933
  ███████████████████░░░░░░  79%  Streaming frame 918/933
  ███████████████████░░░░░░  79%  Streaming frame 919/933
  ███████████████████░░░░░░  79%  Streaming frame 920/933
  ███████████████████░░░░░░  79%  Streaming frame 921/933
  ███████████████████░░░░░░  79%  Streaming frame 922/933
  ███████████████████░░░░░░  79%  Streaming frame 923/933
  ███████████████████░░░░░░  79%  Streaming frame 924/933
  ████████████████████░░░░░  80%  Streaming frame 925/933
  ████████████████████░░░░░  80%  Streaming frame 926/933
  ████████████████████░░░░░  80%  Streaming frame 927/933
  ████████████████████░░░░░  80%  Streaming frame 928/933
  ████████████████████░░░░░  80%  Streaming frame 929/933
  ████████████████████░░░░░  80%  Streaming frame 930/933
  ████████████████████░░░░░  80%  Streaming frame 931/933
  ████████████████████░░░░░  80%  Streaming frame 932/933
  ████████████████████░░░░░  80%  Streaming frame 933/933
[INFO] [Render:trace] {"renderJobId":"08f9f353-0a51-4ee0-854c-ea9214a43920","phase":"capture_streaming","status":"end","elapsedMs":20217,"durationMs":18865,"stagePhase":"capturing","workerCount":1,"forceScreenshot":false,"totalFrames":933,"framesCompleted":933,"captureMode":"drawelement","captureOperation":"encode"}
[INFO] [Render:trace] {"renderJobId":"08f9f353-0a51-4ee0-854c-ea9214a43920","phase":"assemble","status":"start","elapsedMs":20217,"stagePhase":"capturing","hasAudio":true,"workerCount":1,"forceScreenshot":false,"totalFrames":933,"framesCompleted":933,"captureMode":"drawelement","captureOperation":"encode"}
  ██████████████████████░░░  90%  Assembling final video
[INFO] [Render:trace] {"renderJobId":"08f9f353-0a51-4ee0-854c-ea9214a43920","phase":"assemble","status":"end","elapsedMs":21884,"durationMs":1667,"stagePhase":"capturing","hasAudio":true,"workerCount":1,"forceScreenshot":false,"totalFrames":933,"framesCompleted":933,"captureMode":"drawelement","captureOperation":"encode"}
[INFO] [Render:trace] {"renderJobId":"08f9f353-0a51-4ee0-854c-ea9214a43920","phase":"pipeline","status":"checkpoint","elapsedMs":21913,"message":"artifact validated","totalElapsedMs":21907}
  █████████████████████████  100%  Render complete

◇  /Users/brownmanbrain/GitHub/operator-economy/blueprint-cinema/experiments/SELFIE-AVATAR-002/full-04/assembly/renders/week2-full04-hyperframes-audio.mp4
   28.4 MB · 38.9s video · rendered in 21.9s
   drawelement capture · hardware gpu · compile 0.0s · extract 0.4s · audio 0.7s · probe 0.0s · setup 0.1s · capture 18.9s · encode (during capture) 18.9s · assemble 1.7s
